# Benchmark: [POSTGRES DISK] pgbench TPC-B - PostgreSQL OLTP

**Date:** 2026-01-03 15:41:35
**Scenario:** PostgreSQL OLTP - 100 clients, TPC-B like workload with full monitoring

---

## Target Disk

| Property | Value |
|----------|-------|
| **Name** | **POSTGRES** |
| **Mount Point** | `/data,/wal` |
| **Device** | `/dev/md0,/dev/md1` |
| **Volumes** | `nvme1n1, nvme2n1, nvme3n1, nvme4n1, nvme5n1, nvme6n1, nvme7n1, nvme8n1, nvme9n1, nvme10n1, nvme11n1, nvme12n1, nvme13n1, nvme14n1, nvme15n1, nvme16n1, md0, md1` |

---

## System Configuration

```
=== INSTANCE ===

Linux ip-10-0-1-227 6.14.0-1018-aws #18~24.04.1-Ubuntu SMP Mon Nov 24 19:32:52 UTC 2025 aarch64 aarch64 aarch64 GNU/Linux
Architecture:                            aarch64
CPU(s):                                  8
Model name:                              Neoverse-V2
total        used        free      shared  buff/cache   available
Mem:            15Gi       5.0Gi       435Mi       4.2Gi        14Gi        10Gi
Swap:             0B          0B          0B

=== OS TUNING ===
vm.swappiness = 1
vm.dirty_ratio = 4
vm.dirty_background_ratio = 1
vm.dirty_expire_centisecs = 200
vm.dirty_writeback_centisecs = 100
always madvise [never]

=== NETWORK ===
net.core.somaxconn = 4096
net.core.rmem_max = 16777216
net.core.wmem_max = 16777216
net.ipv4.tcp_tw_reuse = 1
net.ipv4.tcp_fin_timeout = 15

=== DISK - RAID ===
Personalities : [raid10] 
md1 : active raid10 nvme16n1[7] nvme14n1[6] nvme13n1[5] nvme10n1[4] nvme7n1[3] nvme6n1[2] nvme4n1[1] nvme1n1[0]
      125759488 blocks super 1.2 256K chunks 2 near-copies [8/8] [UUUUUUUU]
      
md0 : active raid10 nvme15n1[7] nvme12n1[6] nvme11n1[5] nvme9n1[4] nvme8n1[3] nvme5n1[2] nvme3n1[1] nvme2n1[0]
      209580032 blocks super 1.2 64K chunks 2 near-copies [8/8] [UUUUUUUU]
      
unused devices: <none>
/dev/md0:
           Version : 1.2
     Creation Time : Sat Jan  3 08:26:08 2026
        Raid Level : raid10
        Array Size : 209580032 (199.87 GiB 214.61 GB)
     Used Dev Size : 52395008 (49.97 GiB 53.65 GB)
      Raid Devices : 8
     Total Devices : 8
       Persistence : Superblock is persistent

       Update Time : Sat Jan  3 15:39:24 2026
             State : active 
    Active Devices : 8
   Working Devices : 8
    Failed Devices : 0
     Spare Devices : 0

            Layout : near=2
        Chunk Size : 64K

Consistency Policy : resync

              Name : ip-10-0-1-227:0  (local to host ip-10-0-1-227)
              UUID : ec94b08e:1ec1acd2:a24076ab:c0b61faa
            Events : 20

    Number   Major   Minor   RaidDevice State
       0     259        5        0      active sync set-A   /dev/nvme2n1
       1     259        6        1      active sync set-B   /dev/nvme3n1
       2     259        8        2      active sync set-A   /dev/nvme5n1
       3     259       11        3      active sync set-B   /dev/nvme8n1
       4     259       12        4      active sync set-A   /dev/nvme9n1
       5     259       14        5      active sync set-B   /dev/nvme11n1
       6     259       15        6      active sync set-A   /dev/nvme12n1
       7     259       18        7      active sync set-B   /dev/nvme15n1
/dev/md1:
           Version : 1.2
     Creation Time : Sat Jan  3 08:26:08 2026
        Raid Level : raid10
        Array Size : 125759488 (119.93 GiB 128.78 GB)
     Used Dev Size : 31439872 (29.98 GiB 32.19 GB)
      Raid Devices : 8
     Total Devices : 8
       Persistence : Superblock is persistent

       Update Time : Sat Jan  3 15:40:24 2026
             State : clean 
    Active Devices : 8
   Working Devices : 8
    Failed Devices : 0
     Spare Devices : 0

            Layout : near=2
        Chunk Size : 256K

Consistency Policy : resync

              Name : ip-10-0-1-227:1  (local to host ip-10-0-1-227)
              UUID : 4920b43f:4424608d:2e163255:f781c5ec
            Events : 19

    Number   Major   Minor   RaidDevice State
       0     259        4        0      active sync set-A   /dev/nvme1n1
       1     259        7        1      active sync set-B   /dev/nvme4n1
       2     259        9        2      active sync set-A   /dev/nvme6n1
       3     259       10        3      active sync set-B   /dev/nvme7n1
       4     259       13        4      active sync set-A   /dev/nvme10n1
       5     259       16        5      active sync set-B   /dev/nvme13n1
       6     259       17        6      active sync set-A   /dev/nvme14n1
       7     259       19        7      active sync set-B   /dev/nvme16n1

=== DISK - BLOCK TUNING ===
--- md0 ---
scheduler: 
read_ahead_kb: 64
nr_requests: 
--- md1 ---
scheduler: 
read_ahead_kb: 4096
nr_requests: 

=== DISK - MOUNT ===
/dev/md0 on /data type xfs (rw,noatime,nodiratime,attr2,inode64,allocsize=65536k,logbufs=8,logbsize=256k,sunit=128,swidth=512,noquota)
/dev/md1 on /wal type xfs (rw,noatime,nodiratime,attr2,inode64,logbufs=8,logbsize=256k,sunit=512,swidth=2048,noquota)
Filesystem      Size  Used Avail Use% Mounted on
/dev/md0        200G   40G  161G  20% /data
/dev/md1        120G   29G   92G  24% /wal

=== DISK - XFS ===
meta-data=/dev/md0               isize=512    agcount=16, agsize=3274688 blks
         =                       sectsz=4096  attr=2, projid32bit=1
         =                       crc=1        finobt=1, sparse=1, rmapbt=1
         =                       reflink=1    bigtime=1 inobtcount=1 nrext64=0
data     =                       bsize=4096   blocks=52395008, imaxpct=25
         =                       sunit=16     swidth=64 blks
naming   =version 2              bsize=4096   ascii-ci=0, ftype=1
log      =internal log           bsize=4096   blocks=25583, version=2
         =                       sectsz=4096  sunit=1 blks, lazy-count=1
realtime =none                   extsz=4096   blocks=0, rtextents=0
meta-data=/dev/md1               isize=512    agcount=8, agsize=3929984 blks
         =                       sectsz=4096  attr=2, projid32bit=1
         =                       crc=1        finobt=1, sparse=1, rmapbt=1
         =                       reflink=1    bigtime=1 inobtcount=1 nrext64=0
data     =                       bsize=4096   blocks=31439872, imaxpct=25
         =                       sunit=64     swidth=256 blks
naming   =version 2              bsize=4096   ascii-ci=0, ftype=1
log      =internal log           bsize=4096   blocks=16384, version=2
         =                       sectsz=4096  sunit=1 blks, lazy-count=1
realtime =none                   extsz=4096   blocks=0, rtextents=0
```

---

## Command 1: Begin:sysctl_swappiness

### Command
```bash
sysctl -w vm.swappiness=1
```

### Output
```
vm.swappiness = 1

```

---

## Command 2: Begin:sysctl_dirty_background

### Command
```bash
sysctl -w vm.dirty_background_ratio=1
```

### Output
```
vm.dirty_background_ratio = 1

```

---

## Command 3: Begin:sysctl_dirty_ratio

### Command
```bash
sysctl -w vm.dirty_ratio=4
```

### Output
```
vm.dirty_ratio = 4

```

---

## Command 4: Begin:sysctl_dirty_expire

### Command
```bash
sysctl -w vm.dirty_expire_centisecs=200
```

### Output
```
vm.dirty_expire_centisecs = 200

```

---

## Command 5: Begin:sysctl_dirty_writeback

### Command
```bash
sysctl -w vm.dirty_writeback_centisecs=100
```

### Output
```
vm.dirty_writeback_centisecs = 100

```

---

## Command 6: Begin:pg_stat_reset

### Command
```bash
sudo -u postgres psql -c 'SELECT pg_stat_reset(); SELECT pg_stat_reset_shared('"'"'bgwriter'"'"');'
```

### Output
```
 pg_stat_reset 
---------------
 
(1 row)

 pg_stat_reset_shared 
----------------------
 
(1 row)


```

---

## Command 7: pgbench

### Command
```bash
sudo -u postgres pgbench -c 100 -j 6 -T 60 -P 5 -b tpcb-like pgbench
```

### Output
```
pgbench (16.11 (Ubuntu 16.11-1.pgdg24.04+1))
transaction type: <builtin: TPC-B (sort of)>
scaling factor: 1250
query mode: simple
number of clients: 100
number of threads: 6
maximum number of tries: 1
duration: 60 s
number of transactions actually processed: 691013
number of failed transactions: 0 (0.000%)
latency average = 8.700 ms
latency stddev = 31.173 ms
initial connection time = 36.454 ms
tps = 11469.085347 (without initial connection time)
starting vacuum...end.
progress: 5.0 s, 15553.4 tps, lat 6.374 ms stddev 1.676, 0 failed
progress: 10.0 s, 14414.0 tps, lat 6.932 ms stddev 8.569, 0 failed
progress: 15.0 s, 13712.1 tps, lat 7.287 ms stddev 11.912, 0 failed
progress: 20.0 s, 13446.6 tps, lat 7.430 ms stddev 14.748, 0 failed
progress: 25.0 s, 13946.8 tps, lat 7.160 ms stddev 8.835, 0 failed
progress: 30.0 s, 10613.2 tps, lat 9.094 ms stddev 15.282, 0 failed
progress: 35.0 s, 7839.8 tps, lat 13.194 ms stddev 109.431, 0 failed
progress: 40.0 s, 11346.6 tps, lat 8.485 ms stddev 11.139, 0 failed
progress: 45.0 s, 6285.3 tps, lat 16.139 ms stddev 41.552, 0 failed
progress: 50.0 s, 10163.2 tps, lat 10.057 ms stddev 28.528, 0 failed
progress: 55.0 s, 8682.9 tps, lat 11.508 ms stddev 27.099, 0 failed
progress: 60.0 s, 12179.0 tps, lat 8.201 ms stddev 13.691, 0 failed

```

---

## Command 8: meminfo

### Command
```bash
bash -c 'for i in $(seq 1 70); do date '"'"'+%H:%M:%S'"'"'; grep -E '"'"'Dirty|Writeback'"'"' /proc/meminfo; echo '"'"'---'"'"'; sleep 1; done'
```

### Output
```
15:40:31
Dirty:               780 kB
Writeback:           256 kB
WritebackTmp:          0 kB
---
15:40:32
Dirty:               764 kB
Writeback:             0 kB
WritebackTmp:          0 kB
---
15:40:33
Dirty:               848 kB
Writeback:           144 kB
WritebackTmp:          0 kB
---
15:40:34
Dirty:               464 kB
Writeback:            32 kB
WritebackTmp:          0 kB
---
15:40:35
Dirty:               340 kB
Writeback:           160 kB
WritebackTmp:          0 kB
---
15:40:36
Dirty:               684 kB
Writeback:           296 kB
WritebackTmp:          0 kB
---
15:40:37
Dirty:               328 kB
Writeback:            32 kB
WritebackTmp:          0 kB
---
15:40:38
Dirty:             16104 kB
Writeback:          1128 kB
WritebackTmp:          0 kB
---
15:40:39
Dirty:            148324 kB
Writeback:           400 kB
WritebackTmp:          0 kB
---
15:40:40
Dirty:            296700 kB
Writeback:           136 kB
WritebackTmp:          0 kB
---
15:40:41
Dirty:            421564 kB
Writeback:           688 kB
WritebackTmp:          0 kB
---
15:40:42
Dirty:            289964 kB
Writeback:           640 kB
WritebackTmp:          0 kB
---
15:40:43
Dirty:            397928 kB
Writeback:           304 kB
WritebackTmp:          0 kB
---
15:40:44
Dirty:            319764 kB
Writeback:           316 kB
WritebackTmp:          0 kB
---
15:40:45
Dirty:            368996 kB
Writeback:          1232 kB
WritebackTmp:          0 kB
---
15:40:46
Dirty:            206092 kB
Writeback:          1224 kB
WritebackTmp:          0 kB
---
15:40:47
Dirty:            306596 kB
Writeback:           400 kB
WritebackTmp:          0 kB
---
15:40:48
Dirty:            393948 kB
Writeback:           624 kB
WritebackTmp:          0 kB
---
15:40:49
Dirty:            263488 kB
Writeback:           296 kB
WritebackTmp:          0 kB
---
15:40:50
Dirty:            338528 kB
Writeback:           504 kB
WritebackTmp:          0 kB
---
15:40:51
Dirty:            420136 kB
Writeback:           416 kB
WritebackTmp:          0 kB
---
15:40:52
Dirty:             26308 kB
Writeback:           320 kB
WritebackTmp:          0 kB
---
15:40:53
Dirty:             95520 kB
Writeback:           504 kB
WritebackTmp:          0 kB
---
15:40:54
Dirty:            163004 kB
Writeback:          1088 kB
WritebackTmp:          0 kB
---
15:40:55
Dirty:            196244 kB
Writeback:           304 kB
WritebackTmp:          0 kB
---
15:40:56
Dirty:            192084 kB
Writeback:          1264 kB
WritebackTmp:          0 kB
---
15:40:57
Dirty:            415748 kB
Writeback:           232 kB
WritebackTmp:          0 kB
---
15:40:58
Dirty:            392836 kB
Writeback:           212 kB
WritebackTmp:          0 kB
---
15:40:59
Dirty:            357152 kB
Writeback:           136 kB
WritebackTmp:          0 kB
---
15:41:00
Dirty:            352252 kB
Writeback:            64 kB
WritebackTmp:          0 kB
---
15:41:01
Dirty:            402504 kB
Writeback:           196 kB
WritebackTmp:          0 kB
---
15:41:02
Dirty:            403416 kB
Writeback:           252 kB
WritebackTmp:          0 kB
---
15:41:03
Dirty:            388636 kB
Writeback:           124 kB
WritebackTmp:          0 kB
---
15:41:04
Dirty:            278240 kB
Writeback:           420 kB
WritebackTmp:          0 kB
---
15:41:05
Dirty:            108552 kB
Writeback:           288 kB
WritebackTmp:          0 kB
---
15:41:06
Dirty:            111888 kB
Writeback:           164 kB
WritebackTmp:          0 kB
---
15:41:07
Dirty:            164748 kB
Writeback:           140 kB
WritebackTmp:          0 kB
---
15:41:08
Dirty:            228504 kB
Writeback:           244 kB
WritebackTmp:          0 kB
---
15:41:09
Dirty:            279048 kB
Writeback:           108 kB
WritebackTmp:          0 kB
---
15:41:10
Dirty:            321468 kB
Writeback:           232 kB
WritebackTmp:          0 kB
---
15:41:11
Dirty:            376792 kB
Writeback:            56 kB
WritebackTmp:          0 kB
---
15:41:12
Dirty:            389196 kB
Writeback:           312 kB
WritebackTmp:          0 kB
---
15:41:13
Dirty:            381228 kB
Writeback:           200 kB
WritebackTmp:          0 kB
---
15:41:14
Dirty:            374092 kB
Writeback:           172 kB
WritebackTmp:          0 kB
---
15:41:15
Dirty:            375364 kB
Writeback:           124 kB
WritebackTmp:          0 kB
---
15:41:16
Dirty:            389660 kB
Writeback:           376 kB
WritebackTmp:          0 kB
---
15:41:17
Dirty:            402456 kB
Writeback:           156 kB
WritebackTmp:          0 kB
---
15:41:18
Dirty:            325032 kB
Writeback:           304 kB
WritebackTmp:          0 kB
---
15:41:19
Dirty:            380112 kB
Writeback:           100 kB
WritebackTmp:          0 kB
---
15:41:20
Dirty:            378484 kB
Writeback:           264 kB
WritebackTmp:          0 kB
---
15:41:21
Dirty:            369532 kB
Writeback:           272 kB
WritebackTmp:          0 kB
---
15:41:22
Dirty:            393660 kB
Writeback:           600 kB
WritebackTmp:          0 kB
---
15:41:23
Dirty:            396816 kB
Writeback:           224 kB
WritebackTmp:          0 kB
---
15:41:24
Dirty:            390312 kB
Writeback:           324 kB
WritebackTmp:          0 kB
---
15:41:25
Dirty:            377120 kB
Writeback:           336 kB
WritebackTmp:          0 kB
---
15:41:26
Dirty:            384080 kB
Writeback:           220 kB
WritebackTmp:          0 kB
---
15:41:27
Dirty:            281704 kB
Writeback:           508 kB
WritebackTmp:          0 kB
---
15:41:28
Dirty:            293688 kB
Writeback:           164 kB
WritebackTmp:          0 kB
---
15:41:29
Dirty:            325296 kB
Writeback:           132 kB
WritebackTmp:          0 kB
---
15:41:30
Dirty:            364660 kB
Writeback:           160 kB
WritebackTmp:          0 kB
---
15:41:31
Dirty:            383496 kB
Writeback:           364 kB
WritebackTmp:          0 kB
---
15:41:32
Dirty:            388100 kB
Writeback:           712 kB
WritebackTmp:          0 kB
---
15:41:33
Dirty:            378292 kB
Writeback:           720 kB
WritebackTmp:          0 kB
---
15:41:34
Dirty:            285176 kB
Writeback:           212 kB
WritebackTmp:          0 kB
---
15:41:35
Dirty:            191724 kB
Writeback:           224 kB
WritebackTmp:          0 kB
---

```

---

## Command 9: dstat

### Command
```bash
dstat -tcmdr --disk-util 1 70
```

### Output
```
----system---- ----total-usage---- ------memory-usage----- -dsk/total- --io/total- nvme nvme nvme nvme nvme nvme nvme nvme nvme nvme nvme nvme nvme nvme nvme nvme nvme
     time     |usr sys idl wai stl| used  free  buf   cach| read  writ| read  writ|util:util:util:util:util:util:util:util:util:util:util:util:util:util:util:util:util
03-01 15:40:31|                   |4722M  428M   25M   14G|           |           |    :    :    :    :    :    :    :    :    :    :    :    :    :    :    :    :    
03-01 15:40:32|  0   0  99   0   0|4723M  427M   25M   14G|   0    67M|   0  3999 |1.70:   0:7.60:7.40:   0:7.80:   0:   0:7.80:8.10:   0:7.90:8.40:   0:   0:8.40:   0
03-01 15:40:33|  1   2  97   0   0|4827M  323M   25M   14G| 712k   66M|26.0  3820 |0.50:0.20:8.20:7.90:0.20:8.99:0.20:0.20:8.59:8.59:0.20:8.39:8.59:0.20:0.30:8.30:0.30
03-01 15:40:34| 51  40   4   5   0|4872M  230M   24M   14G| 185M  101M|23.1k 4773 |0.30:17.1:79.8:71.4:16.6:77.5:16.3:16.4:68.6:78.6:16.5:71.3:78.4:16.3:16.3:71.4:16.2
03-01 15:40:35| 51  39   4   5   0|4930M  280M   24M   14G| 181M  100M|22.2k 4786 |   0:16.6:77.7:72.4:16.6:77.7:16.9:16.8:68.2:79.6:16.3:73.6:79.3:16.1:17.7:72.2:18.0
03-01 15:40:36| 52  38   4   5   0|4984M  328M   24M   14G| 186M  101M|22.3k 4932 |0.10:17.5:80.4:70.7:17.4:79.0:16.8:16.9:69.1:81.1:16.8:72.8:81.8:17.2:15.7:70.5:15.9
03-01 15:40:37| 52  39   3   5   0|5037M  223M   24M   14G| 189M  103M|22.2k 4919 |0.60:16.5:81.0:70.7:16.8:80.3:17.4:17.5:70.2:80.5:18.0:72.7:80.5:17.9:16.9:71.3:16.9
03-01 15:40:38| 53  40   2   4   0|5153M  369M   24M   14G| 188M  394M|21.9k 22.7k|   0:18.1:93.6:90.0:18.2:93.2:15.8:15.8:88.8:94.3:17.3:90.1:93.1:17.2:17.6:88.5:17.8
03-01 15:40:39| 49  38   0  11   0|5129M  497M   24M   14G| 178M  124M|20.5k 6206 |0.50:20.2:89.9:83.4:20.0: 100:19.9:19.7:99.9:90.1:18.7:83.2:87.5:18.9:19.9:80.4:19.7
03-01 15:40:40| 47  37   0  13   0|5173M  262M   24M   14G| 177M  146M|20.1k 6790 |0.40:19.0:95.4:91.3:18.8: 100:20.2:20.6: 100:89.0:20.9:81.2:86.8:21.0:19.9:77.1:19.8
03-01 15:40:41| 45  34   7  12   0|5211M  349M   24M   14G| 161M  193M|18.3k 7616 |0.30:17.3:85.0:78.1:17.4: 100:17.8:18.3: 100:88.0:17.2:81.0:87.4:17.5:17.8:81.7:18.2
03-01 15:40:42| 41  34   9  12   0|5242M  392M   24M   14G| 155M  518M|17.5k 19.6k|   0:17.1:91.8:88.1:17.5:99.9:16.2:16.1:99.8:92.3:15.6:86.6:93.3:15.3:16.8:88.6:17.0
03-01 15:40:43| 48  38   0  11   0|5288M  450M   24M   14G| 177M  177M|19.8k 7513 |0.40:19.3:90.9:84.2:19.2: 100:19.0:19.2: 100:90.8:20.7:84.3:89.6:20.8:18.2:82.0:18.4
03-01 15:40:44| 38  32  15  13   0|5333M  545M   24M   14G| 141M  441M|15.7k 18.0k|   0:15.6:91.7:87.3:15.5: 100:14.4:14.5: 100:92.6:14.3:88.8:89.2:14.1:14.6:85.6:14.9
03-01 15:40:45| 44  33  10  12   0|5368M  489M   24M   14G| 153M  341M|17.1k 13.9k|0.50:17.8:90.6:86.1:17.4: 100:16.1:16.2:99.7:91.3:16.7:85.7:90.5:16.3:15.9:85.3:15.8
03-01 15:40:46| 42  33  10  13   0|5364M  483M   24M   14G| 144M  567M|16.1k 23.8k|0.20:17.4:92.4:87.4:17.4:99.9:15.3:15.7:99.7:91.5:16.5:87.7:93.1:16.6:16.0:87.1:16.2
03-01 15:40:47| 50  36   0  11   0|5398M  266M   24M   14G| 168M  210M|18.9k 8936 |0.30:20.2:91.4:84.4:20.0: 100:19.1:19.3: 100:90.5:19.1:83.6:91.0:19.3:17.5:83.4:17.6
03-01 15:40:48| 49  38   0  11   0|5427M  497M   24M   14G| 165M  226M|18.5k 10.1k|0.20:17.6:91.8:85.2:17.5: 100:19.5:19.4: 100:88.2:18.0:82.1:88.1:18.3:19.0:81.2:19.0
03-01 15:40:49| 40  31  15  13   0|5450M  477M   24M   14G| 130M  511M|14.6k 21.7k|0.10:15.1:91.7:87.8:15.2: 100:14.3:14.1: 100:92.4:14.8:88.1:92.2:14.8:15.3:86.7:15.5
03-01 15:40:50| 49  37   1  11   0|5482M  274M   24M   14G| 157M  235M|17.8k 10.6k|0.50:18.6:90.0:82.5:18.9:99.9:19.4:19.5:99.9:89.3:19.1:83.5:88.4:18.9:18.9:81.5:18.8
03-01 15:40:51| 49  37   1  11   0|5509M  510M   24M   13G| 157M  234M|17.7k 10.5k|0.30:20.2:92.1:85.5:20.2: 100:19.2:19.5: 100:89.8:17.9:85.1:89.7:18.0:18.0:84.5:18.2
03-01 15:40:52| 30  24  30  14   0|5532M  388M   24M   14G|  91M  844M|10.3k 38.3k|   0:11.6:94.7:90.8:11.8:98.9:12.7:12.6:98.4:94.9:10.7:90.6:94.6:10.4:9.89:89.9:9.79
03-01 15:40:53| 50  37   1  10   0|5550M  486M   24M   13G| 154M  244M|17.4k 11.6k|0.40:17.9:92.1:85.7:18.0:99.7:18.0:18.0:99.7:91.6:19.6:83.2:89.1:19.5:19.8:84.2:19.3
03-01 15:40:54| 49  38   1  10   0|5573M  299M   24M   14G| 150M  244M|17.1k 11.8k|1.20:18.1:91.1:85.7:17.8: 100:19.7:19.5: 100:90.4:17.9:84.3:89.4:18.0:18.4:83.4:18.3
03-01 15:40:55| 49  38   1  11   0|5606M  411M   24M   13G| 144M  274M|16.4k 13.2k|0.10:16.7:90.2:86.3:17.1: 100:18.0:17.8: 100:90.6:17.6:85.0:90.7:18.1:19.8:83.2:19.9
03-01 15:40:56| 48  36   2  11   0|5614M  516M   24M   13G| 134M  320M|15.5k 16.6k|0.10:20.6:93.1:87.4:20.3:99.8:18.9:19.1:99.8:91.6:18.2:86.5:92.5:17.6:18.0:85.3:18.4
03-01 15:40:57| 45  34   2  16   0|5614M  358M   24M   13G| 127M  112M|14.7k 10.9k|1.20:17.7:92.4:87.6:18.0:99.7:18.7:18.7:99.8:87.7:19.5:80.0:85.0:19.2:19.8:77.7:19.3
03-01 15:40:58| 28  23   7  38   0|5623M  244M   24M   14G|  84M  145M|9538  15.9k|0.40:16.3:90.3:84.8:16.3: 100:16.7:16.4:99.9:88.3:15.9:82.3:87.8:16.0:17.8:80.0:17.9
03-01 15:40:59| 37  30   3  25   0|5624M  249M   24M   14G| 106M  207M|12.1k 16.3k|0.60:19.5: 100: 100:19.4:90.3:21.5:21.0:84.4:89.9:22.3:83.6:90.2:22.0:19.3:83.5:19.2
03-01 15:41:00| 37  30   2  25   0|5625M  251M   24M   14G| 106M  136M|12.2k 13.9k|0.40:21.8: 100: 100:21.5:89.9:20.3:20.3:81.2:87.4:20.0:81.3:88.4:19.4:21.7:79.9:22.1
03-01 15:41:01| 39  30   3  24   0|5617M  263M   24M   14G| 107M  128M|12.3k 13.4k|0.10:21.5:99.9:99.8:21.7:90.4:20.8:20.7:85.2:88.4:22.2:81.1:87.8:21.3:19.1:81.0:18.8
03-01 15:41:02| 24  20  11  41   0|5618M  317M   24M   13G|  66M  155M|7613  17.8k|0.50:16.5:97.0:97.0:16.4:91.3:15.8:15.8:88.6:87.1:11.8:82.5:91.5:11.9:16.7:86.0:16.8
03-01 15:41:03| 22  17   7  51   0|5620M  240M   24M   14G|  58M  157M|6465  18.2k|0.40:12.0:89.7:85.8:11.8:97.3:14.1:14.3:94.9:89.1:13.4:84.3:86.1:13.9:11.8:81.9:11.6
03-01 15:41:04|  0   1   0  98   0|5631M  229M   24M   14G|8193B  193M|2.00  24.1k|0.20:0.10:84.3:84.1:   0: 100:   0:   0:99.8:84.8:   0:85.6:84.7:   0:   0:84.9:   0
03-01 15:41:05|  2   3   2  92   0|5627M  227M   24M   14G|5155k  272M| 580  27.0k|0.30:0.20:86.0:85.3:0.20:99.1:1.60:1.60:99.1:89.7:1.90:89.1:86.4:1.80:0.10:86.2:0.10
03-01 15:41:06| 38  31   3  23   0|5621M  241M   24M   14G| 102M  206M|11.7k 17.9k|0.10:19.9:89.6:82.6:19.9:99.8:19.1:19.2:99.5:90.9:19.5:85.0:90.7:19.3:23.2:84.9:23.0
03-01 15:41:07| 39  30   3  22   0|5620M  250M   24M   14G| 100M  134M|11.6k 14.3k|0.20:19.6:87.6:80.5:19.5: 100:20.2:20.7: 100:88.8:19.9:80.5:89.7:20.5:21.4:83.1:21.5
03-01 15:41:08| 40  32   3  20   0|5621M  255M   24M   14G| 103M  135M|11.9k 14.0k|0.10:20.7:90.0:81.4:20.6: 100:21.5:22.1: 100:88.9:20.7:81.5:89.5:20.3:19.6:83.2:19.3
03-01 15:41:09| 37  28   3  27   0|5621M  277M   24M   14G|  90M  139M|10.5k 15.0k|0.10:19.4:94.8:89.8:19.9:98.1:20.0:19.9:96.3:88.6:22.1:81.4:88.1:21.9:20.4:83.0:20.7
03-01 15:41:10| 39  30   3  22   0|5622M  289M   24M   14G| 100M  153M|11.4k 15.6k|0.10:18.9:93.0:85.2:19.0: 100:20.5:20.6: 100:91.5:21.2:86.8:91.2:21.2:20.3:84.0:19.9
03-01 15:41:11| 37  30   3  25   0|5621M  311M   24M   14G|  94M  142M|10.7k 15.5k|0.70:21.4:99.2:99.0:21.6:91.6:19.1:18.9:85.0:90.0:20.1:82.3:90.5:19.9:21.9:82.9:21.6
03-01 15:41:12| 29  24   6  38   0|5623M  212M   24M   14G|  72M  155M|8241  17.5k|0.20:15.5:99.6:99.6:15.8:89.4:15.2:15.3:81.2:88.9:16.1:83.1:87.3:16.0:17.2:81.8:17.0
03-01 15:41:13| 29  23   7  36   0|5628M  256M   24M   14G|  71M  152M|8069  17.1k|   0:15.7:92.6:88.7:15.7:99.6:15.1:15.1:98.8:88.6:18.8:83.2:84.2:18.3:17.5:80.6:17.9
03-01 15:41:14| 22  19  13  43   0|5622M  333M   24M   13G|  54M  163M|6188  18.7k|   0:16.3:84.5:80.5:16.3:99.3:13.2:13.3:99.5:87.3:12.8:85.0:89.2:12.9:12.4:83.9:12.3
03-01 15:41:15| 23  18  24  33   0|5628M  254M   24M   14G|  54M  160M|6078  18.4k|0.30:16.1:87.0:80.8:16.1:99.1:10.9:10.9:99.0:88.9:13.0:83.2:90.1:13.1:10.4:85.2:10.5
03-01 15:41:16| 26  21  24  27   0|5624M  323M   24M   13G|  60M  167M|6855  18.3k|0.60:12.0:89.9:84.7:12.2:99.8:13.0:12.8:99.8:86.3:14.2:83.3:88.4:14.0:15.2:82.8:15.3
03-01 15:41:17| 12   9  36  41   0|5631M  285M   24M   14G|  26M  179M|3015  21.4k|0.10:4.40:85.2:84.2:4.10:98.0:5.70:5.70:97.8:83.5:5.40:82.8:82.9:5.80:5.80:81.1:5.60
03-01 15:41:18| 14  11  31  42   0|5630M  247M   24M   14G|  33M  178M|3730  20.8k|   0:8.90:86.9:85.1:8.90: 100:7.70:7.10: 100:85.2:6.00:83.3:86.8:6.10:6.60:84.2:6.70
03-01 15:41:19| 43  33   6  16   0|5627M  275M   24M   14G| 101M  133M|11.4k 13.9k|   0:17.3:88.8:78.4:17.4: 100:17.8:18.3: 100:85.4:19.4:79.7:87.4:18.5:18.2:81.6:17.9
03-01 15:41:20| 25  20  12  40   0|5631M  194M   24M   14G|  59M  161M|6719  18.6k|0.70:11.5:88.5:84.8:11.6:98.5:11.4:11.5:98.5:84.9:13.7:81.2:89.0:14.0:13.0:82.6:12.7
03-01 15:41:21| 26  20  15  36   0|5630M  253M   24M   14G|  60M  157M|6829  17.7k|0.10:12.3:86.0:81.7:12.0: 100:16.8:16.5: 100:85.7:13.6:82.6:86.5:13.9:11.8:81.5:12.3
03-01 15:41:22| 41  33   3  21   0|5630M  273M   24M   14G|  94M  148M|10.8k 15.4k|   0:20.3:88.9:82.8:20.0: 100:18.7:18.7: 100:90.5:21.7:83.1:90.8:21.4:20.7:84.2:21.0
03-01 15:41:23| 23  19  18  37   0|5631M  202M   24M   14G|  54M  165M|6010  19.3k|0.20:13.8:90.0:85.2:13.9:99.0:18.8:18.3:99.1:87.3:15.7:80.9:88.2:15.4:11.4:84.1:11.1
03-01 15:41:24| 26  20   8  41   0|5628M  251M   24M   14G|  60M  159M|6733  18.3k|0.10:15.5:85.3:81.8:15.5: 100:18.8:18.5: 100:84.1:13.4:80.0:84.7:13.6:14.8:79.5:14.7
03-01 15:41:25| 19  16  20  43   0|5632M  321M   24M   13G|  46M  168M|5133  19.9k|0.20:13.7:89.3:85.0:13.5:97.5:14.3:14.7:97.3:87.3:12.8:84.1:92.2:13.1:11.7:86.9:11.4
03-01 15:41:26| 25  21  18  31   0|5632M  241M   24M   14G|  63M  168M|7084  19.1k|0.50:17.2:90.7:83.2:17.1:98.5:17.8:17.9:97.9:88.7:20.9:84.4:89.2:21.2:19.3:81.5:19.1
03-01 15:41:27| 21  17  25  33   0|5632M  314M   24M   13G|  52M  171M|5837  19.3k|   0:10.5:88.6:82.3:10.9:99.9:14.8:14.7:99.9:87.4:22.5:82.9:87.8:22.3:21.0:84.4:21.1
03-01 15:41:28| 37  29   9  21   0|5632M  203M   24M   14G|  87M  148M|9782  16.3k|0.10:17.6:90.4:84.7:17.9: 100:21.0:21.3: 100:90.3:18.1:82.9:92.5:18.0:19.1:85.6:18.7
03-01 15:41:29| 42  33   3  19   0|5635M  214M   24M   14G|  97M  138M|10.8k 14.8k|0.20:20.7:88.2:80.8:21.0: 100:18.3:18.4: 100:89.1:21.2:81.6:88.9:21.1:21.7:81.5:21.0
03-01 15:41:30| 43  34   3  17   0|5634M  231M   24M   14G|  99M  134M|11.1k 14.3k|0.20:19.1:86.5:79.6:18.9: 100:20.0:20.0: 100:88.5:20.4:81.8:86.5:20.4:20.8:80.5:20.1
03-01 15:41:31| 43  33   2  18   0|5627M  253M   24M   14G|  99M  145M|11.1k 15.1k|   0:20.6:88.1:79.3:19.9: 100:20.3:20.0: 100:88.8:20.2:82.8:89.7:19.9:18.3:81.6:18.2
03-01 15:41:32| 28  24  11  33   0|5624M  311M   24M   13G|  67M  165M|7486  18.4k|0.40:13.3:89.6:83.7:13.6:98.1:15.3:15.8:97.8:89.4:13.9:86.5:92.8:13.5:22.3:85.9:22.5
03-01 15:41:33| 27  26  13  30   0|5629M  222M   24M   14G|  63M  160M|7103  18.2k|0.30:15.6:87.1:82.5:16.0:96.4:16.2:16.2:96.1:89.0:13.5:84.5:89.8:13.3:12.8:84.7:12.7
03-01 15:41:34|  1  26  46  25   0|4704M 1146M   24M   14G| 795k  191M|80.7  23.9k|0.61:   0:90.2:79.4:   0:81.5:   0:   0:80.7:90.4:   0:78.0:81.8:   0:1.11:79.2:1.11
03-01 15:41:35|  1   1  74  24   0|4704M 1145M   24M   14G|   0   190M|   0  24.0k|0.30:   0:83.5:82.8:   0:82.2:   0:   0:82.1:85.7:   0:84.5:99.9:   0:   0:97.8:   0

```

---

## Command 10: mpstat

### Command
```bash
mpstat -P ALL 1 70
```

### Output
```
Linux 6.14.0-1018-aws (ip-10-0-1-227) 	01/03/26 	_aarch64_	(8 CPU)

15:40:31     CPU    %usr   %nice    %sys %iowait    %irq   %soft  %steal  %guest  %gnice   %idle
15:40:32     all    0.88    0.00    0.62    0.75    0.00    0.00    0.00    0.00    0.00   97.75
15:40:32       0    1.00    0.00    0.00    0.00    0.00    0.00    0.00    0.00    0.00   99.00
15:40:32       1    1.01    0.00    0.00    0.00    0.00    0.00    0.00    0.00    0.00   98.99
15:40:32       2    0.00    0.00    0.00    0.00    0.00    0.00    0.00    0.00    0.00  100.00
15:40:32       3    0.00    0.00    2.02    0.00    0.00    0.00    0.00    0.00    0.00   97.98
15:40:32       4    0.99    0.00    0.99    1.98    0.00    0.00    0.00    0.00    0.00   96.04
15:40:32       5    0.00    0.00    1.00    0.00    0.00    0.00    0.00    0.00    0.00   99.00
15:40:32       6    4.00    0.00    0.00    4.00    0.00    0.00    0.00    0.00    0.00   92.00
15:40:32       7    0.00    0.00    0.99    0.00    0.00    0.00    0.00    0.00    0.00   99.01

15:40:32     CPU    %usr   %nice    %sys %iowait    %irq   %soft  %steal  %guest  %gnice   %idle
15:40:33     all    0.25    0.00    0.37    0.12    0.00    0.00    0.00    0.00    0.00   99.25
15:40:33       0    0.00    0.00    0.00    0.00    0.00    0.00    0.00    0.00    0.00  100.00
15:40:33       1    0.00    0.00    0.99    0.00    0.00    0.00    0.00    0.00    0.00   99.01
15:40:33       2    0.00    0.00    0.00    0.00    0.00    0.00    0.00    0.00    0.00  100.00
15:40:33       3    0.99    0.00    0.00    0.99    0.00    0.00    0.00    0.00    0.00   98.02
15:40:33       4    0.00    0.00    0.00    0.00    0.00    0.00    0.00    0.00    0.00  100.00
15:40:33       5    0.00    0.00    0.00    0.00    0.00    0.00    0.00    0.00    0.00  100.00
15:40:33       6    1.00    0.00    2.00    0.00    0.00    0.00    0.00    0.00    0.00   97.00
15:40:33       7    0.00    0.00    0.00    0.00    0.00    0.00    0.00    0.00    0.00  100.00

15:40:33     CPU    %usr   %nice    %sys %iowait    %irq   %soft  %steal  %guest  %gnice   %idle
15:40:34     all   46.47    0.00   38.41    5.16    0.00    0.76    0.00    0.00    0.00    9.19
15:40:34       0   45.00    0.00   40.00    5.00    0.00    1.00    0.00    0.00    0.00    9.00
15:40:34       1   48.98    0.00   36.73    7.14    0.00    1.02    0.00    0.00    0.00    6.12
15:40:34       2   49.49    0.00   37.37    4.04    0.00    1.01    0.00    0.00    0.00    8.08
15:40:34       3   45.92    0.00   39.80    4.08    0.00    0.00    0.00    0.00    0.00   10.20
15:40:34       4   46.46    0.00   39.39    5.05    0.00    0.00    0.00    0.00    0.00    9.09
15:40:34       5   45.54    0.00   37.62    5.94    0.00    0.99    0.00    0.00    0.00    9.90
15:40:34       6   44.00    0.00   40.00    5.00    0.00    1.00    0.00    0.00    0.00   10.00
15:40:34       7   46.46    0.00   36.36    5.05    0.00    1.01    0.00    0.00    0.00   11.11

15:40:34     CPU    %usr   %nice    %sys %iowait    %irq   %soft  %steal  %guest  %gnice   %idle
15:40:35     all   50.51    0.00   39.09    5.08    0.00    1.14    0.00    0.00    0.00    4.19
15:40:35       0   50.52    0.00   40.21    5.15    0.00    0.00    0.00    0.00    0.00    4.12
15:40:35       1   51.49    0.00   37.62    4.95    0.00    0.99    0.00    0.00    0.00    4.95
15:40:35       2   49.49    0.00   40.40    5.05    0.00    1.01    0.00    0.00    0.00    4.04
15:40:35       3   48.98    0.00   39.80    5.10    0.00    2.04    0.00    0.00    0.00    4.08
15:40:35       4   48.98    0.00   39.80    5.10    0.00    2.04    0.00    0.00    0.00    4.08
15:40:35       5   53.06    0.00   36.73    5.10    0.00    1.02    0.00    0.00    0.00    4.08
15:40:35       6   52.04    0.00   37.76    5.10    0.00    1.02    0.00    0.00    0.00    4.08
15:40:35       7   49.49    0.00   40.40    5.05    0.00    1.01    0.00    0.00    0.00    4.04

15:40:35     CPU    %usr   %nice    %sys %iowait    %irq   %soft  %steal  %guest  %gnice   %idle
15:40:36     all   52.02    0.00   38.41    4.79    0.00    0.63    0.00    0.00    0.00    4.16
15:40:36       0   52.53    0.00   37.37    4.04    0.00    2.02    0.00    0.00    0.00    4.04
15:40:36       1   51.52    0.00   40.40    4.04    0.00    0.00    0.00    0.00    0.00    4.04
15:40:36       2   49.49    0.00   40.40    5.05    0.00    1.01    0.00    0.00    0.00    4.04
15:40:36       3   51.49    0.00   38.61    4.95    0.00    0.00    0.00    0.00    0.00    4.95
15:40:36       4   54.55    0.00   36.36    5.05    0.00    0.00    0.00    0.00    0.00    4.04
15:40:36       5   51.52    0.00   39.39    5.05    0.00    0.00    0.00    0.00    0.00    4.04
15:40:36       6   52.53    0.00   37.37    5.05    0.00    1.01    0.00    0.00    0.00    4.04
15:40:36       7   52.53    0.00   37.37    5.05    0.00    1.01    0.00    0.00    0.00    4.04

15:40:36     CPU    %usr   %nice    %sys %iowait    %irq   %soft  %steal  %guest  %gnice   %idle
15:40:37     all   51.84    0.00   39.42    4.44    0.00    1.39    0.00    0.00    0.00    2.92
15:40:37       0   50.51    0.00   41.41    4.04    0.00    1.01    0.00    0.00    0.00    3.03
15:40:37       1   53.06    0.00   38.78    4.08    0.00    1.02    0.00    0.00    0.00    3.06
15:40:37       2   50.51    0.00   40.40    4.04    0.00    2.02    0.00    0.00    0.00    3.03
15:40:37       3   50.00    0.00   40.82    5.10    0.00    1.02    0.00    0.00    0.00    3.06
15:40:37       4   54.08    0.00   37.76    5.10    0.00    1.02    0.00    0.00    0.00    2.04
15:40:37       5   52.00    0.00   38.00    5.00    0.00    2.00    0.00    0.00    0.00    3.00
15:40:37       6   53.54    0.00   37.37    4.04    0.00    2.02    0.00    0.00    0.00    3.03
15:40:37       7   51.02    0.00   40.82    4.08    0.00    1.02    0.00    0.00    0.00    3.06

15:40:37     CPU    %usr   %nice    %sys %iowait    %irq   %soft  %steal  %guest  %gnice   %idle
15:40:38     all   51.95    0.00   39.97    4.04    0.00    1.51    0.00    0.00    0.00    2.52
15:40:38       0   52.04    0.00   39.80    4.08    0.00    1.02    0.00    0.00    0.00    3.06
15:40:38       1   49.02    0.00   42.16    3.92    0.00    1.96    0.00    0.00    0.00    2.94
15:40:38       2   52.04    0.00   38.78    5.10    0.00    2.04    0.00    0.00    0.00    2.04
15:40:38       3   56.00    0.00   37.00    3.00    0.00    1.00    0.00    0.00    0.00    3.00
15:40:38       4   50.51    0.00   41.41    3.03    0.00    2.02    0.00    0.00    0.00    3.03
15:40:38       5   53.06    0.00   38.78    4.08    0.00    1.02    0.00    0.00    0.00    3.06
15:40:38       6   52.53    0.00   39.39    5.05    0.00    1.01    0.00    0.00    0.00    2.02
15:40:38       7   50.51    0.00   42.42    4.04    0.00    2.02    0.00    0.00    0.00    1.01

15:40:38     CPU    %usr   %nice    %sys %iowait    %irq   %soft  %steal  %guest  %gnice   %idle
15:40:39     all   48.86    0.00   39.47   10.41    0.00    1.02    0.00    0.00    0.00    0.25
15:40:39       0   49.49    0.00   39.39   10.10    0.00    1.01    0.00    0.00    0.00    0.00
15:40:39       1   49.48    0.00   40.21    9.28    0.00    1.03    0.00    0.00    0.00    0.00
15:40:39       2   47.00    0.00   41.00   10.00    0.00    1.00    0.00    0.00    0.00    1.00
15:40:39       3   47.42    0.00   40.21   11.34    0.00    1.03    0.00    0.00    0.00    0.00
15:40:39       4   48.45    0.00   40.21   10.31    0.00    1.03    0.00    0.00    0.00    0.00
15:40:39       5   51.00    0.00   38.00   10.00    0.00    1.00    0.00    0.00    0.00    0.00
15:40:39       6   50.00    0.00   37.76   11.22    0.00    1.02    0.00    0.00    0.00    0.00
15:40:39       7   48.00    0.00   39.00   11.00    0.00    1.00    0.00    0.00    0.00    1.00

15:40:39     CPU    %usr   %nice    %sys %iowait    %irq   %soft  %steal  %guest  %gnice   %idle
15:40:40     all   47.11    0.00   37.74   14.12    0.00    0.77    0.00    0.00    0.00    0.26
15:40:40       0   48.98    0.00   36.73   13.27    0.00    1.02    0.00    0.00    0.00    0.00
15:40:40       1   46.88    0.00   36.46   15.62    0.00    1.04    0.00    0.00    0.00    0.00
15:40:40       2   47.37    0.00   38.95   13.68    0.00    0.00    0.00    0.00    0.00    0.00
15:40:40       3   47.47    0.00   36.36   15.15    0.00    1.01    0.00    0.00    0.00    0.00
15:40:40       4   47.96    0.00   36.73   14.29    0.00    0.00    0.00    0.00    0.00    1.02
15:40:40       5   46.94    0.00   37.76   14.29    0.00    1.02    0.00    0.00    0.00    0.00
15:40:40       6   44.90    0.00   39.80   13.27    0.00    1.02    0.00    0.00    0.00    1.02
15:40:40       7   46.39    0.00   39.18   13.40    0.00    1.03    0.00    0.00    0.00    0.00

15:40:40     CPU    %usr   %nice    %sys %iowait    %irq   %soft  %steal  %guest  %gnice   %idle
15:40:41     all   49.49    0.00   38.11   11.13    0.00    1.15    0.00    0.00    0.00    0.13
15:40:41       0   47.42    0.00   35.05   15.46    0.00    1.03    0.00    0.00    0.00    1.03
15:40:41       1   48.45    0.00   36.08   14.43    0.00    1.03    0.00    0.00    0.00    0.00
15:40:41       2   45.92    0.00   37.76   14.29    0.00    2.04    0.00    0.00    0.00    0.00
15:40:41       3   47.42    0.00   37.11   15.46    0.00    0.00    0.00    0.00    0.00    0.00
15:40:41       4   50.52    0.00   40.21    7.22    0.00    2.06    0.00    0.00    0.00    0.00
15:40:41       5   51.52    0.00   39.39    8.08    0.00    1.01    0.00    0.00    0.00    0.00
15:40:41       6   53.06    0.00   39.80    6.12    0.00    1.02    0.00    0.00    0.00    0.00
15:40:41       7   51.52    0.00   39.39    8.08    0.00    1.01    0.00    0.00    0.00    0.00

15:40:41     CPU    %usr   %nice    %sys %iowait    %irq   %soft  %steal  %guest  %gnice   %idle
15:40:42     all   37.19    0.00   32.43   13.38    0.00    0.90    0.00    0.00    0.00   16.09
15:40:42       0   37.11    0.00   29.90   31.96    0.00    1.03    0.00    0.00    0.00    0.00
15:40:42       1   35.42    0.00   30.21   11.46    0.00    1.04    0.00    0.00    0.00   21.88
15:40:42       2   34.69    0.00   30.61   12.24    0.00    1.02    0.00    0.00    0.00   21.43
15:40:42       3   35.42    0.00   31.25   18.75    0.00    1.04    0.00    0.00    0.00   13.54
15:40:42       4   37.76    0.00   35.71   16.33    0.00    1.02    0.00    0.00    0.00    9.18
15:40:42       5   39.18    0.00   32.99    5.15    0.00    1.03    0.00    0.00    0.00   21.65
15:40:42       6   39.80    0.00   33.67    6.12    0.00    0.00    0.00    0.00    0.00   20.41
15:40:42       7   38.14    0.00   35.05    5.15    0.00    1.03    0.00    0.00    0.00   20.62

15:40:42     CPU    %usr   %nice    %sys %iowait    %irq   %soft  %steal  %guest  %gnice   %idle
15:40:43     all   47.63    0.00   39.15   12.20    0.00    0.90    0.00    0.00    0.00    0.13
15:40:43       0   45.36    0.00   35.05   17.53    0.00    1.03    0.00    0.00    0.00    1.03
15:40:43       1   46.32    0.00   37.89   14.74    0.00    1.05    0.00    0.00    0.00    0.00
15:40:43       2   45.36    0.00   38.14   16.49    0.00    0.00    0.00    0.00    0.00    0.00
15:40:43       3   43.75    0.00   35.42   19.79    0.00    1.04    0.00    0.00    0.00    0.00
15:40:43       4   48.48    0.00   42.42    7.07    0.00    2.02    0.00    0.00    0.00    0.00
15:40:43       5   52.53    0.00   39.39    8.08    0.00    0.00    0.00    0.00    0.00    0.00
15:40:43       6   48.45    0.00   42.27    8.25    0.00    1.03    0.00    0.00    0.00    0.00
15:40:43       7   50.51    0.00   42.42    6.06    0.00    1.01    0.00    0.00    0.00    0.00

15:40:43     CPU    %usr   %nice    %sys %iowait    %irq   %soft  %steal  %guest  %gnice   %idle
15:40:44     all   38.54    0.00   32.27   12.80    0.00    1.28    0.00    0.00    0.00   15.11
15:40:44       0   38.30    0.00   31.91    8.51    0.00    1.06    0.00    0.00    0.00   20.21
15:40:44       1   41.41    0.00   30.30    9.09    0.00    1.01    0.00    0.00    0.00   18.18
15:40:44       2   40.40    0.00   29.29    8.08    0.00    2.02    0.00    0.00    0.00   20.20
15:40:44       3   37.11    0.00   29.90   11.34    0.00    1.03    0.00    0.00    0.00   20.62
15:40:44       4   39.18    0.00   32.99   25.77    0.00    1.03    0.00    0.00    0.00    1.03
15:40:44       5   38.54    0.00   33.33    7.29    0.00    1.04    0.00    0.00    0.00   19.79
15:40:44       6   37.00    0.00   35.00    6.00    0.00    2.00    0.00    0.00    0.00   20.00
15:40:44       7   36.36    0.00   35.35   26.26    0.00    1.01    0.00    0.00    0.00    1.01

15:40:44     CPU    %usr   %nice    %sys %iowait    %irq   %soft  %steal  %guest  %gnice   %idle
15:40:45     all   47.72    0.00   36.55   11.17    0.00    1.27    0.00    0.00    0.00    3.30
15:40:45       0   46.94    0.00   33.67   13.27    0.00    1.02    0.00    0.00    0.00    5.10
15:40:45       1   48.48    0.00   35.35   11.11    0.00    1.01    0.00    0.00    0.00    4.04
15:40:45       2   47.47    0.00   37.37    9.09    0.00    2.02    0.00    0.00    0.00    4.04
15:40:45       3   42.42    0.00   37.37   18.18    0.00    1.01    0.00    0.00    0.00    1.01
15:40:45       4   51.00    0.00   34.00    9.00    0.00    2.00    0.00    0.00    0.00    4.00
15:40:45       5   48.98    0.00   36.73    9.18    0.00    1.02    0.00    0.00    0.00    4.08
15:40:45       6   45.92    0.00   40.82    8.16    0.00    1.02    0.00    0.00    0.00    4.08
15:40:45       7   50.52    0.00   37.11   11.34    0.00    1.03    0.00    0.00    0.00    0.00

15:40:45     CPU    %usr   %nice    %sys %iowait    %irq   %soft  %steal  %guest  %gnice   %idle
15:40:46     all   38.03    0.00   30.22   13.57    0.00    0.77    0.00    0.00    0.00   17.41
15:40:46       0   35.79    0.00   31.58    9.47    0.00    1.05    0.00    0.00    0.00   22.11
15:40:46       1   39.39    0.00   27.27   10.10    0.00    1.01    0.00    0.00    0.00   22.22
15:40:46       2   39.39    0.00   28.28    8.08    0.00    1.01    0.00    0.00    0.00   23.23
15:40:46       3   33.68    0.00   37.89   23.16    0.00    1.05    0.00    0.00    0.00    4.21
15:40:46       4   39.80    0.00   30.61    9.18    0.00    0.00    0.00    0.00    0.00   20.41
15:40:46       5   38.78    0.00   29.59    9.18    0.00    0.00    0.00    0.00    0.00   22.45
15:40:46       6   39.18    0.00   27.84    8.25    0.00    1.03    0.00    0.00    0.00   23.71
15:40:46       7   38.00    0.00   29.00   31.00    0.00    1.00    0.00    0.00    0.00    1.00

15:40:46     CPU    %usr   %nice    %sys %iowait    %irq   %soft  %steal  %guest  %gnice   %idle
15:40:47     all   49.87    0.00   36.80   12.06    0.00    1.02    0.00    0.00    0.00    0.25
15:40:47       0   52.00    0.00   40.00    6.00    0.00    1.00    0.00    0.00    0.00    1.00
15:40:47       1   51.52    0.00   42.42    6.06    0.00    0.00    0.00    0.00    0.00    0.00
15:40:47       2   46.53    0.00   43.56    7.92    0.00    1.98    0.00    0.00    0.00    0.00
15:40:47       3   55.56    0.00   37.37    6.06    0.00    1.01    0.00    0.00    0.00    0.00
15:40:47       4   48.96    0.00   32.29   17.71    0.00    1.04    0.00    0.00    0.00    0.00
15:40:47       5   47.42    0.00   31.96   18.56    0.00    1.03    0.00    0.00    0.00    1.03
15:40:47       6   47.96    0.00   33.67   17.35    0.00    1.02    0.00    0.00    0.00    0.00
15:40:47       7   48.98    0.00   32.65   17.35    0.00    1.02    0.00    0.00    0.00    0.00

15:40:47     CPU    %usr   %nice    %sys %iowait    %irq   %soft  %steal  %guest  %gnice   %idle
15:40:48     all   48.28    0.00   38.75   11.44    0.00    1.02    0.00    0.00    0.00    0.51
15:40:48       0   47.92    0.00   39.58   11.46    0.00    1.04    0.00    0.00    0.00    0.00
15:40:48       1   52.48    0.00   34.65   10.89    0.00    0.99    0.00    0.00    0.00    0.99
15:40:48       2   48.48    0.00   36.36   13.13    0.00    1.01    0.00    0.00    0.00    1.01
15:40:48       3   43.88    0.00   43.88   11.22    0.00    1.02    0.00    0.00    0.00    0.00
15:40:48       4   46.94    0.00   39.80   11.22    0.00    1.02    0.00    0.00    0.00    1.02
15:40:48       5   49.49    0.00   39.39   10.10    0.00    1.01    0.00    0.00    0.00    0.00
15:40:48       6   47.47    0.00   38.38   12.12    0.00    1.01    0.00    0.00    0.00    1.01
15:40:48       7   49.48    0.00   38.14   11.34    0.00    1.03    0.00    0.00    0.00    0.00

15:40:48     CPU    %usr   %nice    %sys %iowait    %irq   %soft  %steal  %guest  %gnice   %idle
15:40:49     all   39.59    0.00   31.29   12.64    0.00    0.77    0.00    0.00    0.00   15.71
15:40:49       0   41.00    0.00   33.00    4.00    0.00    2.00    0.00    0.00    0.00   20.00
15:40:49       1   39.80    0.00   31.63    8.16    0.00    0.00    0.00    0.00    0.00   20.41
15:40:49       2   37.76    0.00   33.67    6.12    0.00    0.00    0.00    0.00    0.00   22.45
15:40:49       3   45.92    0.00   26.53   26.53    0.00    1.02    0.00    0.00    0.00    0.00
15:40:49       4   38.38    0.00   28.28   12.12    0.00    1.01    0.00    0.00    0.00   20.20
15:40:49       5   37.11    0.00   31.96   10.31    0.00    0.00    0.00    0.00    0.00   20.62
15:40:49       6   36.46    0.00   35.42   26.04    0.00    1.04    0.00    0.00    0.00    1.04
15:40:49       7   40.21    0.00   29.90    8.25    0.00    1.03    0.00    0.00    0.00   20.62

15:40:49     CPU    %usr   %nice    %sys %iowait    %irq   %soft  %steal  %guest  %gnice   %idle
15:40:50     all   50.06    0.00   37.93   10.60    0.00    0.64    0.00    0.00    0.00    0.77
15:40:50       0   51.02    0.00   37.76   11.22    0.00    0.00    0.00    0.00    0.00    0.00
15:40:50       1   47.96    0.00   38.78   11.22    0.00    1.02    0.00    0.00    0.00    1.02
15:40:50       2   48.51    0.00   39.60    9.90    0.00    0.99    0.00    0.00    0.00    0.99
15:40:50       3   49.48    0.00   39.18    8.25    0.00    1.03    0.00    0.00    0.00    2.06
15:40:50       4   52.08    0.00   36.46   11.46    0.00    0.00    0.00    0.00    0.00    0.00
15:40:50       5   51.02    0.00   35.71   11.22    0.00    1.02    0.00    0.00    0.00    1.02
15:40:50       6   48.98    0.00   38.78   10.20    0.00    1.02    0.00    0.00    0.00    1.02
15:40:50       7   51.55    0.00   37.11   11.34    0.00    0.00    0.00    0.00    0.00    0.00

15:40:50     CPU    %usr   %nice    %sys %iowait    %irq   %soft  %steal  %guest  %gnice   %idle
15:40:51     all   48.91    0.00   37.68   11.88    0.00    0.89    0.00    0.00    0.00    0.64
15:40:51       0   47.96    0.00   40.82    9.18    0.00    1.02    0.00    0.00    0.00    1.02
15:40:51       1   55.10    0.00   35.71    8.16    0.00    1.02    0.00    0.00    0.00    0.00
15:40:51       2   48.96    0.00   39.58    9.38    0.00    1.04    0.00    0.00    0.00    1.04
15:40:51       3   55.00    0.00   35.00    9.00    0.00    1.00    0.00    0.00    0.00    0.00
15:40:51       4   47.42    0.00   36.08   16.49    0.00    0.00    0.00    0.00    0.00    0.00
15:40:51       5   44.90    0.00   37.76   15.31    0.00    1.02    0.00    0.00    0.00    1.02
15:40:51       6   48.98    0.00   34.69   15.31    0.00    1.02    0.00    0.00    0.00    0.00
15:40:51       7   42.86    0.00   41.84   12.24    0.00    1.02    0.00    0.00    0.00    2.04

15:40:51     CPU    %usr   %nice    %sys %iowait    %irq   %soft  %steal  %guest  %gnice   %idle
15:40:52     all   29.83    0.00   23.82   14.72    0.00    0.90    0.00    0.00    0.00   30.73
15:40:52       0   27.55    0.00   20.41   48.98    0.00    2.04    0.00    0.00    0.00    1.02
15:40:52       1   30.61    0.00   21.43   17.35    0.00    1.02    0.00    0.00    0.00   29.59
15:40:52       2   28.57    0.00   22.45   17.35    0.00    0.00    0.00    0.00    0.00   31.63
15:40:52       3   28.42    0.00   21.05    8.42    0.00    0.00    0.00    0.00    0.00   42.11
15:40:52       4   29.59    0.00   25.51    3.06    0.00    1.02    0.00    0.00    0.00   40.82
15:40:52       5   32.32    0.00   25.25    2.02    0.00    1.01    0.00    0.00    0.00   39.39
15:40:52       6   29.29    0.00   27.27    3.03    0.00    1.01    0.00    0.00    0.00   39.39
15:40:52       7   32.29    0.00   27.08   17.71    0.00    1.04    0.00    0.00    0.00   21.88

15:40:52     CPU    %usr   %nice    %sys %iowait    %irq   %soft  %steal  %guest  %gnice   %idle
15:40:53     all   49.55    0.00   39.05    9.35    0.00    1.02    0.00    0.00    0.00    1.02
15:40:53       0   52.04    0.00   39.80    7.14    0.00    1.02    0.00    0.00    0.00    0.00
15:40:53       1   47.96    0.00   44.90    6.12    0.00    1.02    0.00    0.00    0.00    0.00
15:40:53       2   49.49    0.00   40.40    6.06    0.00    2.02    0.00    0.00    0.00    2.02
15:40:53       3   53.54    0.00   38.38    6.06    0.00    1.01    0.00    0.00    0.00    1.01
15:40:53       4   50.00    0.00   35.42   12.50    0.00    1.04    0.00    0.00    0.00    1.04
15:40:53       5   44.79    0.00   39.58   12.50    0.00    1.04    0.00    0.00    0.00    2.08
15:40:53       6   51.02    0.00   35.71   11.22    0.00    1.02    0.00    0.00    0.00    1.02
15:40:53       7   47.42    0.00   38.14   13.40    0.00    0.00    0.00    0.00    0.00    1.03

15:40:53     CPU    %usr   %nice    %sys %iowait    %irq   %soft  %steal  %guest  %gnice   %idle
15:40:54     all   49.62    0.00   38.55   10.31    0.00    0.76    0.00    0.00    0.00    0.76
15:40:54       0   52.04    0.00   36.73    9.18    0.00    1.02    0.00    0.00    0.00    1.02
15:40:54       1   48.48    0.00   38.38   10.10    0.00    2.02    0.00    0.00    0.00    1.01
15:40:54       2   51.00    0.00   39.00    9.00    0.00    1.00    0.00    0.00    0.00    0.00
15:40:54       3   47.96    0.00   41.84    9.18    0.00    0.00    0.00    0.00    0.00    1.02
15:40:54       4   48.98    0.00   37.76   12.24    0.00    0.00    0.00    0.00    0.00    1.02
15:40:54       5   51.55    0.00   37.11   11.34    0.00    0.00    0.00    0.00    0.00    0.00
15:40:54       6   48.98    0.00   38.78   10.20    0.00    1.02    0.00    0.00    0.00    1.02
15:40:54       7   47.96    0.00   38.78   11.22    0.00    1.02    0.00    0.00    0.00    1.02

15:40:54     CPU    %usr   %nice    %sys %iowait    %irq   %soft  %steal  %guest  %gnice   %idle
15:40:55     all   48.54    0.00   38.53   11.03    0.00    0.89    0.00    0.00    0.00    1.01
15:40:55       0   43.43    0.00   38.38   16.16    0.00    1.01    0.00    0.00    0.00    1.01
15:40:55       1   47.42    0.00   34.02   16.49    0.00    0.00    0.00    0.00    0.00    2.06
15:40:55       2   47.47    0.00   34.34   15.15    0.00    1.01    0.00    0.00    0.00    2.02
15:40:55       3   45.36    0.00   39.18   13.40    0.00    1.03    0.00    0.00    0.00    1.03
15:40:55       4   52.53    0.00   40.40    6.06    0.00    1.01    0.00    0.00    0.00    0.00
15:40:55       5   50.00    0.00   41.00    7.00    0.00    1.00    0.00    0.00    0.00    1.00
15:40:55       6   51.02    0.00   40.82    7.14    0.00    1.02    0.00    0.00    0.00    0.00
15:40:55       7   51.00    0.00   40.00    7.00    0.00    1.00    0.00    0.00    0.00    1.00

15:40:55     CPU    %usr   %nice    %sys %iowait    %irq   %soft  %steal  %guest  %gnice   %idle
15:40:56     all   48.85    0.00   37.60   10.74    0.00    1.28    0.00    0.00    0.00    1.53
15:40:56       0   52.58    0.00   36.08    9.28    0.00    1.03    0.00    0.00    0.00    1.03
15:40:56       1   47.96    0.00   37.76   11.22    0.00    2.04    0.00    0.00    0.00    1.02
15:40:56       2   46.94    0.00   39.80   11.22    0.00    1.02    0.00    0.00    0.00    1.02
15:40:56       3   50.00    0.00   37.76    9.18    0.00    1.02    0.00    0.00    0.00    2.04
15:40:56       4   43.88    0.00   40.82   12.24    0.00    1.02    0.00    0.00    0.00    2.04
15:40:56       5   49.00    0.00   38.00   10.00    0.00    1.00    0.00    0.00    0.00    2.00
15:40:56       6   50.52    0.00   34.02   11.34    0.00    2.06    0.00    0.00    0.00    2.06
15:40:56       7   50.00    0.00   36.46   11.46    0.00    1.04    0.00    0.00    0.00    1.04

15:40:56     CPU    %usr   %nice    %sys %iowait    %irq   %soft  %steal  %guest  %gnice   %idle
15:40:57     all   43.97    0.00   35.38   16.54    0.00    0.90    0.00    0.00    0.00    3.21
15:40:57       0   43.30    0.00   35.05   16.49    0.00    1.03    0.00    0.00    0.00    4.12
15:40:57       1   44.90    0.00   33.67   16.33    0.00    1.02    0.00    0.00    0.00    4.08
15:40:57       2   45.36    0.00   31.96   18.56    0.00    1.03    0.00    0.00    0.00    3.09
15:40:57       3   44.33    0.00   34.02   16.49    0.00    1.03    0.00    0.00    0.00    4.12
15:40:57       4   43.43    0.00   37.37   15.15    0.00    1.01    0.00    0.00    0.00    3.03
15:40:57       5   42.27    0.00   38.14   16.49    0.00    1.03    0.00    0.00    0.00    2.06
15:40:57       6   47.92    0.00   33.33   16.67    0.00    0.00    0.00    0.00    0.00    2.08
15:40:57       7   40.40    0.00   39.39   16.16    0.00    1.01    0.00    0.00    0.00    3.03

15:40:57     CPU    %usr   %nice    %sys %iowait    %irq   %soft  %steal  %guest  %gnice   %idle
15:40:58     all   30.50    0.00   24.61   37.30    0.00    0.39    0.00    0.00    0.00    7.20
15:40:58       0   30.11    0.00   23.66   45.16    0.00    0.00    0.00    0.00    0.00    1.08
15:40:58       1   30.53    0.00   24.21   43.16    0.00    0.00    0.00    0.00    0.00    2.11
15:40:58       2   28.72    0.00   25.53   43.62    0.00    0.00    0.00    0.00    0.00    2.13
15:40:58       3   29.79    0.00   22.34   23.40    0.00    1.06    0.00    0.00    0.00   23.40
15:40:58       4   33.68    0.00   23.16   21.05    0.00    0.00    0.00    0.00    0.00   22.11
15:40:58       5   27.84    0.00   27.84   41.24    0.00    1.03    0.00    0.00    0.00    2.06
15:40:58       6   32.32    0.00   24.24   40.40    0.00    1.01    0.00    0.00    0.00    2.02
15:40:58       7   30.93    0.00   25.77   40.21    0.00    0.00    0.00    0.00    0.00    3.09

15:40:58     CPU    %usr   %nice    %sys %iowait    %irq   %soft  %steal  %guest  %gnice   %idle
15:40:59     all   37.43    0.00   30.89   28.01    0.00    1.05    0.00    0.00    0.00    2.62
15:40:59       0   37.11    0.00   32.99   26.80    0.00    1.03    0.00    0.00    0.00    2.06
15:40:59       1   38.54    0.00   33.33   25.00    0.00    2.08    0.00    0.00    0.00    1.04
15:40:59       2   40.00    0.00   30.53   26.32    0.00    1.05    0.00    0.00    0.00    2.11
15:40:59       3   41.05    0.00   29.47   27.37    0.00    1.05    0.00    0.00    0.00    1.05
15:40:59       4   38.38    0.00   28.28   28.28    0.00    1.01    0.00    0.00    0.00    4.04
15:40:59       5   35.48    0.00   30.11   31.18    0.00    0.00    0.00    0.00    0.00    3.23
15:40:59       6   35.79    0.00   29.47   29.47    0.00    1.05    0.00    0.00    0.00    4.21
15:40:59       7   32.98    0.00   32.98   29.79    0.00    1.06    0.00    0.00    0.00    3.19

15:40:59     CPU    %usr   %nice    %sys %iowait    %irq   %soft  %steal  %guest  %gnice   %idle
15:41:00     all   38.51    0.00   31.47   26.96    0.00    0.40    0.00    0.00    0.00    2.66
15:41:00       0   39.78    0.00   33.33   24.73    0.00    0.00    0.00    0.00    0.00    2.15
15:41:00       1   41.94    0.00   29.03   26.88    0.00    0.00    0.00    0.00    0.00    2.15
15:41:00       2   38.54    0.00   32.29   26.04    0.00    1.04    0.00    0.00    0.00    2.08
15:41:00       3   38.71    0.00   32.26   26.88    0.00    0.00    0.00    0.00    0.00    2.15
15:41:00       4   36.56    0.00   33.33   26.88    0.00    0.00    0.00    0.00    0.00    3.23
15:41:00       5   38.14    0.00   30.93   25.77    0.00    1.03    0.00    0.00    0.00    4.12
15:41:00       6   38.95    0.00   28.42   29.47    0.00    1.05    0.00    0.00    0.00    2.11
15:41:00       7   35.48    0.00   32.26   29.03    0.00    0.00    0.00    0.00    0.00    3.23

15:41:00     CPU    %usr   %nice    %sys %iowait    %irq   %soft  %steal  %guest  %gnice   %idle
15:41:01     all   39.97    0.00   31.13   24.80    0.00    1.06    0.00    0.00    0.00    3.03
15:41:01       0   38.95    0.00   32.63   22.11    0.00    1.05    0.00    0.00    0.00    5.26
15:41:01       1   41.49    0.00   32.98   23.40    0.00    1.06    0.00    0.00    0.00    1.06
15:41:01       2   42.86    0.00   31.63   21.43    0.00    2.04    0.00    0.00    0.00    2.04
15:41:01       3   40.82    0.00   30.61   24.49    0.00    1.02    0.00    0.00    0.00    3.06
15:41:01       4   42.55    0.00   26.60   26.60    0.00    1.06    0.00    0.00    0.00    3.19
15:41:01       5   39.78    0.00   31.18   26.88    0.00    0.00    0.00    0.00    0.00    2.15
15:41:01       6   37.63    0.00   30.11   26.88    0.00    1.08    0.00    0.00    0.00    4.30
15:41:01       7   35.48    0.00   33.33   26.88    0.00    1.08    0.00    0.00    0.00    3.23

15:41:01     CPU    %usr   %nice    %sys %iowait    %irq   %soft  %steal  %guest  %gnice   %idle
15:41:02     all   25.65    0.00   21.76   41.32    0.00    0.39    0.00    0.00    0.00   10.88
15:41:02       0   25.51    0.00   22.45   50.00    0.00    0.00    0.00    0.00    0.00    2.04
15:41:02       1   26.80    0.00   20.62   43.30    0.00    0.00    0.00    0.00    0.00    9.28
15:41:02       2   25.00    0.00   20.83   42.71    0.00    0.00    0.00    0.00    0.00   11.46
15:41:02       3   26.80    0.00   21.65   42.27    0.00    0.00    0.00    0.00    0.00    9.28
15:41:02       4   26.60    0.00   21.28   42.55    0.00    0.00    0.00    0.00    0.00    9.57
15:41:02       5   25.00    0.00   20.83   21.88    0.00    1.04    0.00    0.00    0.00   31.25
15:41:02       6   26.04    0.00   21.88   40.62    0.00    1.04    0.00    0.00    0.00   10.42
15:41:02       7   23.47    0.00   24.49   46.94    0.00    1.02    0.00    0.00    0.00    4.08

15:41:02     CPU    %usr   %nice    %sys %iowait    %irq   %soft  %steal  %guest  %gnice   %idle
15:41:03     all   24.90    0.00   19.64   47.24    0.00    0.39    0.00    0.00    0.00    7.83
15:41:03       0   23.71    0.00   19.59   52.58    0.00    0.00    0.00    0.00    0.00    4.12
15:41:03       1   23.71    0.00   18.56   53.61    0.00    1.03    0.00    0.00    0.00    3.09
15:41:03       2   26.26    0.00   17.17   52.53    0.00    1.01    0.00    0.00    0.00    3.03
15:41:03       3   23.96    0.00   20.83   32.29    0.00    0.00    0.00    0.00    0.00   22.92
15:41:03       4   24.00    0.00   21.00   52.00    0.00    1.00    0.00    0.00    0.00    2.00
15:41:03       5   25.77    0.00   19.59   31.96    0.00    0.00    0.00    0.00    0.00   22.68
15:41:03       6   25.77    0.00   20.62   51.55    0.00    0.00    0.00    0.00    0.00    2.06
15:41:03       7   26.04    0.00   19.79   51.04    0.00    0.00    0.00    0.00    0.00    3.12

15:41:03     CPU    %usr   %nice    %sys %iowait    %irq   %soft  %steal  %guest  %gnice   %idle
15:41:04     all    0.25    0.00    1.14   98.61    0.00    0.00    0.00    0.00    0.00    0.00
15:41:04       0    0.00    0.00    0.00  100.00    0.00    0.00    0.00    0.00    0.00    0.00
15:41:04       1    1.01    0.00    1.01   97.98    0.00    0.00    0.00    0.00    0.00    0.00
15:41:04       2    0.00    0.00    1.01   98.99    0.00    0.00    0.00    0.00    0.00    0.00
15:41:04       3    0.00    0.00    0.00  100.00    0.00    0.00    0.00    0.00    0.00    0.00
15:41:04       4    0.00    0.00    2.04   97.96    0.00    0.00    0.00    0.00    0.00    0.00
15:41:04       5    0.00    0.00    1.01   98.99    0.00    0.00    0.00    0.00    0.00    0.00
15:41:04       6    0.00    0.00    0.00  100.00    0.00    0.00    0.00    0.00    0.00    0.00
15:41:04       7    1.01    0.00    4.04   94.95    0.00    0.00    0.00    0.00    0.00    0.00

15:41:04     CPU    %usr   %nice    %sys %iowait    %irq   %soft  %steal  %guest  %gnice   %idle
15:41:05     all    0.25    0.00    1.01   96.48    0.00    0.13    0.00    0.00    0.00    2.14
15:41:05       0    0.00    0.00    0.00  100.00    0.00    0.00    0.00    0.00    0.00    0.00
15:41:05       1    1.00    0.00    1.00   81.00    0.00    0.00    0.00    0.00    0.00   17.00
15:41:05       2    0.00    0.00    0.00  100.00    0.00    0.00    0.00    0.00    0.00    0.00
15:41:05       3    0.99    0.00    0.99   98.02    0.00    0.00    0.00    0.00    0.00    0.00
15:41:05       4    0.00    0.00    1.02   98.98    0.00    0.00    0.00    0.00    0.00    0.00
15:41:05       5    0.00    0.00    4.08   94.90    0.00    1.02    0.00    0.00    0.00    0.00
15:41:05       6    0.00    0.00    1.00   99.00    0.00    0.00    0.00    0.00    0.00    0.00
15:41:05       7    0.00    0.00    0.00  100.00    0.00    0.00    0.00    0.00    0.00    0.00

15:41:05     CPU    %usr   %nice    %sys %iowait    %irq   %soft  %steal  %guest  %gnice   %idle
15:41:06     all   37.91    0.00   32.55   25.62    0.00    0.78    0.00    0.00    0.00    3.14
15:41:06       0   35.42    0.00   39.58   22.92    0.00    1.04    0.00    0.00    0.00    1.04
15:41:06       1   40.62    0.00   35.42   21.88    0.00    0.00    0.00    0.00    0.00    2.08
15:41:06       2   42.71    0.00   32.29   23.96    0.00    0.00    0.00    0.00    0.00    1.04
15:41:06       3   42.86    0.00   30.61   22.45    0.00    1.02    0.00    0.00    0.00    3.06
15:41:06       4   38.54    0.00   28.12   29.17    0.00    1.04    0.00    0.00    0.00    3.12
15:41:06       5   34.78    0.00   30.43   29.35    0.00    1.09    0.00    0.00    0.00    4.35
15:41:06       6   36.46    0.00   29.17   28.12    0.00    1.04    0.00    0.00    0.00    5.21
15:41:06       7   31.58    0.00   34.74   27.37    0.00    1.05    0.00    0.00    0.00    5.26

15:41:06     CPU    %usr   %nice    %sys %iowait    %irq   %soft  %steal  %guest  %gnice   %idle
15:41:07     all   41.00    0.00   31.27   24.05    0.00    0.39    0.00    0.00    0.00    3.29
15:41:07       0   38.71    0.00   32.26   25.81    0.00    0.00    0.00    0.00    0.00    3.23
15:41:07       1   40.62    0.00   31.25   23.96    0.00    1.04    0.00    0.00    0.00    3.12
15:41:07       2   41.05    0.00   29.47   24.21    0.00    1.05    0.00    0.00    0.00    4.21
15:41:07       3   40.00    0.00   30.53   26.32    0.00    0.00    0.00    0.00    0.00    3.16
15:41:07       4   42.55    0.00   31.91   22.34    0.00    0.00    0.00    0.00    0.00    3.19
15:41:07       5   43.16    0.00   31.58   22.11    0.00    0.00    0.00    0.00    0.00    3.16
15:41:07       6   38.54    0.00   32.29   25.00    0.00    1.04    0.00    0.00    0.00    3.12
15:41:07       7   43.30    0.00   30.93   22.68    0.00    0.00    0.00    0.00    0.00    3.09

15:41:07     CPU    %usr   %nice    %sys %iowait    %irq   %soft  %steal  %guest  %gnice   %idle
15:41:08     all   41.18    0.00   33.59   20.92    0.00    0.78    0.00    0.00    0.00    3.53
15:41:08       0   39.80    0.00   35.71   20.41    0.00    1.02    0.00    0.00    0.00    3.06
15:41:08       1   43.30    0.00   31.96   21.65    0.00    0.00    0.00    0.00    0.00    3.09
15:41:08       2   41.67    0.00   31.25   21.88    0.00    1.04    0.00    0.00    0.00    4.17
15:41:08       3   37.50    0.00   35.42   21.88    0.00    1.04    0.00    0.00    0.00    4.17
15:41:08       4   40.43    0.00   34.04   21.28    0.00    1.06    0.00    0.00    0.00    3.19
15:41:08       5   41.05    0.00   33.68   21.05    0.00    1.05    0.00    0.00    0.00    3.16
15:41:08       6   44.68    0.00   31.91   20.21    0.00    0.00    0.00    0.00    0.00    3.19
15:41:08       7   41.05    0.00   34.74   18.95    0.00    1.05    0.00    0.00    0.00    4.21

15:41:08     CPU    %usr   %nice    %sys %iowait    %irq   %soft  %steal  %guest  %gnice   %idle
15:41:09     all   36.82    0.00   29.40   30.20    0.00    0.66    0.00    0.00    0.00    2.91
15:41:09       0   36.84    0.00   30.53   29.47    0.00    0.00    0.00    0.00    0.00    3.16
15:41:09       1   39.36    0.00   27.66   30.85    0.00    0.00    0.00    0.00    0.00    2.13
15:41:09       2   35.79    0.00   29.47   29.47    0.00    1.05    0.00    0.00    0.00    4.21
15:41:09       3   35.48    0.00   31.18   31.18    0.00    0.00    0.00    0.00    0.00    2.15
15:41:09       4   37.50    0.00   28.12   30.21    0.00    1.04    0.00    0.00    0.00    3.12
15:41:09       5   37.23    0.00   29.79   28.72    0.00    1.06    0.00    0.00    0.00    3.19
15:41:09       6   34.04    0.00   30.85   31.91    0.00    1.06    0.00    0.00    0.00    2.13
15:41:09       7   38.30    0.00   27.66   29.79    0.00    1.06    0.00    0.00    0.00    3.19

15:41:09     CPU    %usr   %nice    %sys %iowait    %irq   %soft  %steal  %guest  %gnice   %idle
15:41:10     all   42.18    0.00   32.98   20.76    0.00    0.92    0.00    0.00    0.00    3.15
15:41:10       0   42.55    0.00   31.91   20.21    0.00    1.06    0.00    0.00    0.00    4.26
15:41:10       1   40.00    0.00   32.63   22.11    0.00    1.05    0.00    0.00    0.00    4.21
15:41:10       2   43.30    0.00   29.90   22.68    0.00    1.03    0.00    0.00    0.00    3.09
15:41:10       3   36.96    0.00   34.78   22.83    0.00    1.09    0.00    0.00    0.00    4.35
15:41:10       4   43.16    0.00   34.74   18.95    0.00    1.05    0.00    0.00    0.00    2.11
15:41:10       5   43.62    0.00   32.98   20.21    0.00    1.06    0.00    0.00    0.00    2.13
15:41:10       6   42.86    0.00   33.67   20.41    0.00    1.02    0.00    0.00    0.00    2.04
15:41:10       7   44.79    0.00   33.33   18.75    0.00    0.00    0.00    0.00    0.00    3.12

15:41:10     CPU    %usr   %nice    %sys %iowait    %irq   %soft  %steal  %guest  %gnice   %idle
15:41:11     all   38.19    0.00   31.23   26.90    0.00    0.66    0.00    0.00    0.00    3.02
15:41:11       0   39.36    0.00   29.79   27.66    0.00    1.06    0.00    0.00    0.00    2.13
15:41:11       1   35.48    0.00   32.26   27.96    0.00    0.00    0.00    0.00    0.00    4.30
15:41:11       2   36.17    0.00   30.85   28.72    0.00    0.00    0.00    0.00    0.00    4.26
15:41:11       3   38.14    0.00   28.87   27.84    0.00    1.03    0.00    0.00    0.00    4.12
15:41:11       4   40.00    0.00   30.53   27.37    0.00    0.00    0.00    0.00    0.00    2.11
15:41:11       5   40.62    0.00   32.29   23.96    0.00    1.04    0.00    0.00    0.00    2.08
15:41:11       6   36.84    0.00   32.63   26.32    0.00    1.05    0.00    0.00    0.00    3.16
15:41:11       7   38.78    0.00   32.65   25.51    0.00    1.02    0.00    0.00    0.00    2.04

15:41:11     CPU    %usr   %nice    %sys %iowait    %irq   %soft  %steal  %guest  %gnice   %idle
15:41:12     all   28.55    0.00   23.34   41.46    0.00    0.52    0.00    0.00    0.00    6.13
15:41:12       0   29.17    0.00   21.88   41.67    0.00    0.00    0.00    0.00    0.00    7.29
15:41:12       1   27.37    0.00   22.11   40.00    0.00    1.05    0.00    0.00    0.00    9.47
15:41:12       2   27.84    0.00   24.74   44.33    0.00    1.03    0.00    0.00    0.00    2.06
15:41:12       3   29.47    0.00   23.16   40.00    0.00    0.00    0.00    0.00    0.00    7.37
15:41:12       4   28.12    0.00   23.96   38.54    0.00    1.04    0.00    0.00    0.00    8.33
15:41:12       5   31.96    0.00   22.68   36.08    0.00    0.00    0.00    0.00    0.00    9.28
15:41:12       6   28.12    0.00   22.92   45.83    0.00    1.04    0.00    0.00    0.00    2.08
15:41:12       7   26.32    0.00   25.26   45.26    0.00    0.00    0.00    0.00    0.00    3.16

15:41:12     CPU    %usr   %nice    %sys %iowait    %irq   %soft  %steal  %guest  %gnice   %idle
15:41:13     all   31.67    0.00   26.81   34.69    0.00    0.92    0.00    0.00    0.00    5.91
15:41:13       0   29.79    0.00   29.79   37.23    0.00    2.13    0.00    0.00    0.00    1.06
15:41:13       1   32.98    0.00   25.53   37.23    0.00    0.00    0.00    0.00    0.00    4.26
15:41:13       2   33.68    0.00   25.26   38.95    0.00    1.05    0.00    0.00    0.00    1.05
15:41:13       3   32.99    0.00   26.80   36.08    0.00    1.03    0.00    0.00    0.00    3.09
15:41:13       4   33.33    0.00   25.00   37.50    0.00    1.04    0.00    0.00    0.00    3.12
15:41:13       5   30.53    0.00   26.32   40.00    0.00    1.05    0.00    0.00    0.00    2.11
15:41:13       6   30.53    0.00   27.37   25.26    0.00    0.00    0.00    0.00    0.00   16.84
15:41:13       7   29.47    0.00   28.42   25.26    0.00    1.05    0.00    0.00    0.00   15.79

15:41:13     CPU    %usr   %nice    %sys %iowait    %irq   %soft  %steal  %guest  %gnice   %idle
15:41:14     all   22.80    0.00   19.17   44.82    0.00    0.39    0.00    0.00    0.00   12.82
15:41:14       0   23.16    0.00   20.00   34.74    0.00    0.00    0.00    0.00    0.00   22.11
15:41:14       1   22.68    0.00   19.59   54.64    0.00    1.03    0.00    0.00    0.00    2.06
15:41:14       2   23.47    0.00   19.39   53.06    0.00    0.00    0.00    0.00    0.00    4.08
15:41:14       3   24.24    0.00   19.19   41.41    0.00    0.00    0.00    0.00    0.00   15.15
15:41:14       4   22.11    0.00   17.89   57.89    0.00    0.00    0.00    0.00    0.00    2.11
15:41:14       5   22.92    0.00   19.79   22.92    0.00    0.00    0.00    0.00    0.00   34.38
15:41:14       6   23.16    0.00   16.84   45.26    0.00    1.05    0.00    0.00    0.00   13.68
15:41:14       7   20.62    0.00   20.62   48.45    0.00    1.03    0.00    0.00    0.00    9.28

15:41:14     CPU    %usr   %nice    %sys %iowait    %irq   %soft  %steal  %guest  %gnice   %idle
15:41:15     all   22.44    0.00   18.46   35.77    0.00    0.51    0.00    0.00    0.00   22.82
15:41:15       0   22.22    0.00   18.18   17.17    0.00    1.01    0.00    0.00    0.00   41.41
15:41:15       1   20.83    0.00   18.75   22.92    0.00    0.00    0.00    0.00    0.00   37.50
15:41:15       2   22.45    0.00   17.35   34.69    0.00    0.00    0.00    0.00    0.00   25.51
15:41:15       3   22.45    0.00   16.33   52.04    0.00    1.02    0.00    0.00    0.00    8.16
15:41:15       4   22.68    0.00   18.56   44.33    0.00    0.00    0.00    0.00    0.00   14.43
15:41:15       5   21.65    0.00   20.62    9.28    0.00    0.00    0.00    0.00    0.00   48.45
15:41:15       6   23.23    0.00   19.19   55.56    0.00    1.01    0.00    0.00    0.00    1.01
15:41:15       7   23.96    0.00   18.75   50.00    0.00    1.04    0.00    0.00    0.00    6.25

15:41:15     CPU    %usr   %nice    %sys %iowait    %irq   %soft  %steal  %guest  %gnice   %idle
15:41:16     all   26.48    0.00   21.34   25.71    0.00    0.39    0.00    0.00    0.00   26.09
15:41:16       0   26.04    0.00   21.88   21.88    0.00    0.00    0.00    0.00    0.00   30.21
15:41:16       1   25.51    0.00   21.43   29.59    0.00    0.00    0.00    0.00    0.00   23.47
15:41:16       2   25.77    0.00   20.62   37.11    0.00    1.03    0.00    0.00    0.00   15.46
15:41:16       3   24.74    0.00   21.65   15.46    0.00    0.00    0.00    0.00    0.00   38.14
15:41:16       4   26.80    0.00   22.68   34.02    0.00    1.03    0.00    0.00    0.00   15.46
15:41:16       5   25.25    0.00   22.22   14.14    0.00    1.01    0.00    0.00    0.00   37.37
15:41:16       6   27.84    0.00   20.62   18.56    0.00    0.00    0.00    0.00    0.00   32.99
15:41:16       7   29.90    0.00   19.59   35.05    0.00    0.00    0.00    0.00    0.00   15.46

15:41:16     CPU    %usr   %nice    %sys %iowait    %irq   %soft  %steal  %guest  %gnice   %idle
15:41:17     all   10.24    0.00    8.45   44.43    0.00    0.13    0.00    0.00    0.00   36.75
15:41:17       0    9.38    0.00    7.29   63.54    0.00    0.00    0.00    0.00    0.00   19.79
15:41:17       1    9.18    0.00    9.18   41.84    0.00    0.00    0.00    0.00    0.00   39.80
15:41:17       2   11.34    0.00    8.25   41.24    0.00    0.00    0.00    0.00    0.00   39.18
15:41:17       3   10.10    0.00   10.10   59.60    0.00    1.01    0.00    0.00    0.00   19.19
15:41:17       4    9.09    0.00   10.10   25.25    0.00    0.00    0.00    0.00    0.00   55.56
15:41:17       5   10.42    0.00    8.33   60.42    0.00    0.00    0.00    0.00    0.00   20.83
15:41:17       6   12.24    0.00    6.12   61.22    0.00    0.00    0.00    0.00    0.00   20.41
15:41:17       7   10.20    0.00    8.16    3.06    0.00    0.00    0.00    0.00    0.00   78.57

15:41:17     CPU    %usr   %nice    %sys %iowait    %irq   %soft  %steal  %guest  %gnice   %idle
15:41:18     all   15.84    0.00   12.29   42.08    0.00    0.25    0.00    0.00    0.00   29.53
15:41:18       0   15.15    0.00   12.12   65.66    0.00    0.00    0.00    0.00    0.00    7.07
15:41:18       1   16.16    0.00   12.12   24.24    0.00    1.01    0.00    0.00    0.00   46.46
15:41:18       2   14.43    0.00   12.37   11.34    0.00    0.00    0.00    0.00    0.00   61.86
15:41:18       3   14.29    0.00   13.27   51.02    0.00    0.00    0.00    0.00    0.00   21.43
15:41:18       4   15.46    0.00   13.40   43.30    0.00    0.00    0.00    0.00    0.00   27.84
15:41:18       5   16.16    0.00   12.12   49.49    0.00    0.00    0.00    0.00    0.00   22.22
15:41:18       6   17.00    0.00   12.00   30.00    0.00    1.00    0.00    0.00    0.00   40.00
15:41:18       7   18.00    0.00   11.00   61.00    0.00    0.00    0.00    0.00    0.00   10.00

15:41:18     CPU    %usr   %nice    %sys %iowait    %irq   %soft  %steal  %guest  %gnice   %idle
15:41:19     all   39.62    0.00   31.34   17.32    0.00    0.51    0.00    0.00    0.00   11.21
15:41:19       0   38.54    0.00   32.29   19.79    0.00    1.04    0.00    0.00    0.00    8.33
15:41:19       1   39.58    0.00   32.29   18.75    0.00    0.00    0.00    0.00    0.00    9.38
15:41:19       2   39.39    0.00   30.30   12.12    0.00    1.01    0.00    0.00    0.00   17.17
15:41:19       3   38.38    0.00   32.32   26.26    0.00    1.01    0.00    0.00    0.00    2.02
15:41:19       4   42.00    0.00   30.00   11.00    0.00    1.00    0.00    0.00    0.00   16.00
15:41:19       5   39.80    0.00   31.63   26.53    0.00    0.00    0.00    0.00    0.00    2.04
15:41:19       6   38.14    0.00   30.93   13.40    0.00    0.00    0.00    0.00    0.00   17.53
15:41:19       7   41.00    0.00   31.00   11.00    0.00    0.00    0.00    0.00    0.00   17.00

15:41:19     CPU    %usr   %nice    %sys %iowait    %irq   %soft  %steal  %guest  %gnice   %idle
15:41:20     all   24.49    0.00   20.00   42.18    0.00    0.64    0.00    0.00    0.00   12.69
15:41:20       0   24.74    0.00   17.53   35.05    0.00    1.03    0.00    0.00    0.00   21.65
15:41:20       1   25.00    0.00   19.00   27.00    0.00    1.00    0.00    0.00    0.00   28.00
15:41:20       2   21.88    0.00   19.79   56.25    0.00    0.00    0.00    0.00    0.00    2.08
15:41:20       3   23.16    0.00   20.00   54.74    0.00    0.00    0.00    0.00    0.00    2.11
15:41:20       4   25.00    0.00   19.79   52.08    0.00    0.00    0.00    0.00    0.00    3.12
15:41:20       5   26.53    0.00   19.39   12.24    0.00    1.02    0.00    0.00    0.00   40.82
15:41:20       6   22.22    0.00   23.23   51.52    0.00    1.01    0.00    0.00    0.00    2.02
15:41:20       7   27.27    0.00   21.21   49.49    0.00    1.01    0.00    0.00    0.00    1.01

15:41:20     CPU    %usr   %nice    %sys %iowait    %irq   %soft  %steal  %guest  %gnice   %idle
15:41:21     all   26.55    0.00   21.39   36.47    0.00    0.52    0.00    0.00    0.00   15.08
15:41:21       0   25.00    0.00   22.92   32.29    0.00    0.00    0.00    0.00    0.00   19.79
15:41:21       1   25.00    0.00   22.92   50.00    0.00    0.00    0.00    0.00    0.00    2.08
15:41:21       2   27.55    0.00   21.43   14.29    0.00    1.02    0.00    0.00    0.00   35.71
15:41:21       3   26.53    0.00   20.41   13.27    0.00    1.02    0.00    0.00    0.00   38.78
15:41:21       4   25.51    0.00   21.43   50.00    0.00    1.02    0.00    0.00    0.00    2.04
15:41:21       5   27.08    0.00   20.83   32.29    0.00    0.00    0.00    0.00    0.00   19.79
15:41:21       6   26.53    0.00   21.43   50.00    0.00    1.02    0.00    0.00    0.00    1.02
15:41:21       7   29.17    0.00   19.79   50.00    0.00    0.00    0.00    0.00    0.00    1.04

15:41:21     CPU    %usr   %nice    %sys %iowait    %irq   %soft  %steal  %guest  %gnice   %idle
15:41:22     all   41.15    0.00   33.46   21.88    0.00    0.65    0.00    0.00    0.00    2.86
15:41:22       0   41.05    0.00   33.68   22.11    0.00    1.05    0.00    0.00    0.00    2.11
15:41:22       1   42.27    0.00   32.99   20.62    0.00    1.03    0.00    0.00    0.00    3.09
15:41:22       2   40.86    0.00   35.48   21.51    0.00    0.00    0.00    0.00    0.00    2.15
15:41:22       3   43.30    0.00   30.93   21.65    0.00    0.00    0.00    0.00    0.00    4.12
15:41:22       4   41.94    0.00   33.33   22.58    0.00    0.00    0.00    0.00    0.00    2.15
15:41:22       5   40.40    0.00   34.34   21.21    0.00    1.01    0.00    0.00    0.00    3.03
15:41:22       6   37.11    0.00   34.02   23.71    0.00    1.03    0.00    0.00    0.00    4.12
15:41:22       7   42.27    0.00   32.99   21.65    0.00    1.03    0.00    0.00    0.00    2.06

15:41:22     CPU    %usr   %nice    %sys %iowait    %irq   %soft  %steal  %guest  %gnice   %idle
15:41:23     all   23.36    0.00   19.90   37.87    0.00    0.39    0.00    0.00    0.00   18.49
15:41:23       0   25.00    0.00   19.79   31.25    0.00    0.00    0.00    0.00    0.00   23.96
15:41:23       1   24.49    0.00   20.41   17.35    0.00    0.00    0.00    0.00    0.00   37.76
15:41:23       2   23.96    0.00   19.79   53.12    0.00    1.04    0.00    0.00    0.00    2.08
15:41:23       3   25.00    0.00   20.00   52.00    0.00    1.00    0.00    0.00    0.00    2.00
15:41:23       4   22.00    0.00   21.00   47.00    0.00    1.00    0.00    0.00    0.00    9.00
15:41:23       5   22.92    0.00   17.71   43.75    0.00    0.00    0.00    0.00    0.00   15.62
15:41:23       6   22.68    0.00   19.59   19.59    0.00    0.00    0.00    0.00    0.00   38.14
15:41:23       7   20.83    0.00   20.83   38.54    0.00    0.00    0.00    0.00    0.00   19.79

15:41:23     CPU    %usr   %nice    %sys %iowait    %irq   %soft  %steal  %guest  %gnice   %idle
15:41:24     all   27.73    0.00   21.42   41.79    0.00    0.53    0.00    0.00    0.00    8.54
15:41:24       0   27.08    0.00   22.92   37.50    0.00    1.04    0.00    0.00    0.00   11.46
15:41:24       1   27.84    0.00   21.65   44.33    0.00    1.03    0.00    0.00    0.00    5.15
15:41:24       2   28.12    0.00   22.92   45.83    0.00    0.00    0.00    0.00    0.00    3.12
15:41:24       3   28.42    0.00   20.00   38.95    0.00    0.00    0.00    0.00    0.00   12.63
15:41:24       4   27.96    0.00   21.51   36.56    0.00    0.00    0.00    0.00    0.00   13.98
15:41:24       5   29.03    0.00   19.35   48.39    0.00    0.00    0.00    0.00    0.00    3.23
15:41:24       6   27.08    0.00   19.79   44.79    0.00    1.04    0.00    0.00    0.00    7.29
15:41:24       7   26.32    0.00   23.16   37.89    0.00    1.05    0.00    0.00    0.00   11.58

15:41:24     CPU    %usr   %nice    %sys %iowait    %irq   %soft  %steal  %guest  %gnice   %idle
15:41:25     all   20.72    0.00   16.88   42.97    0.00    0.38    0.00    0.00    0.00   19.05
15:41:25       0   19.59    0.00   17.53   50.52    0.00    0.00    0.00    0.00    0.00   12.37
15:41:25       1   20.62    0.00   16.49   46.39    0.00    0.00    0.00    0.00    0.00   16.49
15:41:25       2   21.21    0.00   14.14   36.36    0.00    1.01    0.00    0.00    0.00   27.27
15:41:25       3   20.41    0.00   18.37   52.04    0.00    1.02    0.00    0.00    0.00    8.16
15:41:25       4   20.62    0.00   17.53   37.11    0.00    0.00    0.00    0.00    0.00   24.74
15:41:25       5   19.59    0.00   18.56   46.39    0.00    0.00    0.00    0.00    0.00   15.46
15:41:25       6   22.45    0.00   16.33   20.41    0.00    0.00    0.00    0.00    0.00   40.82
15:41:25       7   21.21    0.00   16.16   54.55    0.00    1.01    0.00    0.00    0.00    7.07

15:41:25     CPU    %usr   %nice    %sys %iowait    %irq   %soft  %steal  %guest  %gnice   %idle
15:41:26     all   24.48    0.00   20.55   34.03    0.00    0.52    0.00    0.00    0.00   20.42
15:41:26       0   23.71    0.00   22.68   25.77    0.00    1.03    0.00    0.00    0.00   26.80
15:41:26       1   25.00    0.00   21.88   33.33    0.00    0.00    0.00    0.00    0.00   19.79
15:41:26       2   23.40    0.00   21.28   42.55    0.00    1.06    0.00    0.00    0.00   11.70
15:41:26       3   25.53    0.00   20.21   36.17    0.00    0.00    0.00    0.00    0.00   18.09
15:41:26       4   22.92    0.00   19.79   28.12    0.00    1.04    0.00    0.00    0.00   28.12
15:41:26       5   25.00    0.00   18.75   45.83    0.00    1.04    0.00    0.00    0.00    9.38
15:41:26       6   25.77    0.00   20.62   25.77    0.00    0.00    0.00    0.00    0.00   27.84
15:41:26       7   24.47    0.00   19.15   35.11    0.00    0.00    0.00    0.00    0.00   21.28

15:41:26     CPU    %usr   %nice    %sys %iowait    %irq   %soft  %steal  %guest  %gnice   %idle
15:41:27     all   24.31    0.00   19.74   34.12    0.00    0.26    0.00    0.00    0.00   21.57
15:41:27       0   24.21    0.00   18.95   37.89    0.00    0.00    0.00    0.00    0.00   18.95
15:41:27       1   23.16    0.00   20.00   32.63    0.00    1.05    0.00    0.00    0.00   23.16
15:41:27       2   25.00    0.00   18.75   36.46    0.00    0.00    0.00    0.00    0.00   19.79
15:41:27       3   23.16    0.00   18.95   41.05    0.00    1.05    0.00    0.00    0.00   15.79
15:41:27       4   25.51    0.00   20.41   28.57    0.00    0.00    0.00    0.00    0.00   25.51
15:41:27       5   24.21    0.00   20.00   31.58    0.00    0.00    0.00    0.00    0.00   24.21
15:41:27       6   23.16    0.00   21.05   37.89    0.00    0.00    0.00    0.00    0.00   17.89
15:41:27       7   26.04    0.00   19.79   27.08    0.00    0.00    0.00    0.00    0.00   27.08

15:41:27     CPU    %usr   %nice    %sys %iowait    %irq   %soft  %steal  %guest  %gnice   %idle
15:41:28     all   34.33    0.00   27.55   22.98    0.00    0.91    0.00    0.00    0.00   14.23
15:41:28       0   34.38    0.00   27.08   32.29    0.00    1.04    0.00    0.00    0.00    5.21
15:41:28       1   32.99    0.00   27.84   18.56    0.00    1.03    0.00    0.00    0.00   19.59
15:41:28       2   31.91    0.00   27.66   21.28    0.00    1.06    0.00    0.00    0.00   18.09
15:41:28       3   32.29    0.00   28.12   22.92    0.00    0.00    0.00    0.00    0.00   16.67
15:41:28       4   37.23    0.00   25.53   21.28    0.00    1.06    0.00    0.00    0.00   14.89
15:41:28       5   34.38    0.00   28.12   19.79    0.00    1.04    0.00    0.00    0.00   16.67
15:41:28       6   34.69    0.00   28.57   19.39    0.00    1.02    0.00    0.00    0.00   16.33
15:41:28       7   36.84    0.00   27.37   28.42    0.00    1.05    0.00    0.00    0.00    6.32

15:41:28     CPU    %usr   %nice    %sys %iowait    %irq   %soft  %steal  %guest  %gnice   %idle
15:41:29     all   42.32    0.00   33.16   20.65    0.00    0.65    0.00    0.00    0.00    3.23
15:41:29       0   41.67    0.00   30.21   22.92    0.00    0.00    0.00    0.00    0.00    5.21
15:41:29       1   43.16    0.00   30.53   22.11    0.00    0.00    0.00    0.00    0.00    4.21
15:41:29       2   41.24    0.00   30.93   23.71    0.00    1.03    0.00    0.00    0.00    3.09
15:41:29       3   37.11    0.00   36.08   21.65    0.00    1.03    0.00    0.00    0.00    4.12
15:41:29       4   44.44    0.00   33.33   19.19    0.00    1.01    0.00    0.00    0.00    2.02
15:41:29       5   43.30    0.00   35.05   18.56    0.00    1.03    0.00    0.00    0.00    2.06
15:41:29       6   43.30    0.00   34.02   18.56    0.00    1.03    0.00    0.00    0.00    3.09
15:41:29       7   44.33    0.00   35.05   18.56    0.00    0.00    0.00    0.00    0.00    2.06

15:41:29     CPU    %usr   %nice    %sys %iowait    %irq   %soft  %steal  %guest  %gnice   %idle
15:41:30     all   43.70    0.00   35.86   17.10    0.00    0.51    0.00    0.00    0.00    2.83
15:41:30       0   46.88    0.00   37.50   13.54    0.00    1.04    0.00    0.00    0.00    1.04
15:41:30       1   46.39    0.00   36.08   15.46    0.00    1.03    0.00    0.00    0.00    1.03
15:41:30       2   44.44    0.00   38.38   15.15    0.00    0.00    0.00    0.00    0.00    2.02
15:41:30       3   48.45    0.00   35.05   14.43    0.00    0.00    0.00    0.00    0.00    2.06
15:41:30       4   41.84    0.00   35.71   19.39    0.00    0.00    0.00    0.00    0.00    3.06
15:41:30       5   42.27    0.00   32.99   20.62    0.00    0.00    0.00    0.00    0.00    4.12
15:41:30       6   40.21    0.00   32.99   20.62    0.00    1.03    0.00    0.00    0.00    5.15
15:41:30       7   39.18    0.00   38.14   17.53    0.00    1.03    0.00    0.00    0.00    4.12

15:41:30     CPU    %usr   %nice    %sys %iowait    %irq   %soft  %steal  %guest  %gnice   %idle
15:41:31     all   43.55    0.00   33.38   19.30    0.00    0.91    0.00    0.00    0.00    2.87
15:41:31       0   45.92    0.00   35.71   15.31    0.00    1.02    0.00    0.00    0.00    2.04
15:41:31       1   45.36    0.00   35.05   16.49    0.00    1.03    0.00    0.00    0.00    2.06
15:41:31       2   44.21    0.00   36.84   15.79    0.00    1.05    0.00    0.00    0.00    2.11
15:41:31       3   46.94    0.00   34.69   15.31    0.00    1.02    0.00    0.00    0.00    2.04
15:41:31       4   40.43    0.00   30.85   24.47    0.00    1.06    0.00    0.00    0.00    3.19
15:41:31       5   43.75    0.00   28.12   23.96    0.00    1.04    0.00    0.00    0.00    3.12
15:41:31       6   40.22    0.00   32.61   22.83    0.00    0.00    0.00    0.00    0.00    4.35
15:41:31       7   41.24    0.00   32.99   20.62    0.00    1.03    0.00    0.00    0.00    4.12

15:41:31     CPU    %usr   %nice    %sys %iowait    %irq   %soft  %steal  %guest  %gnice   %idle
15:41:32     all   28.90    0.00   25.03   34.06    0.00    0.39    0.00    0.00    0.00   11.61
15:41:32       0   32.65    0.00   25.51   15.31    0.00    1.02    0.00    0.00    0.00   25.51
15:41:32       1   30.85    0.00   24.47   28.72    0.00    0.00    0.00    0.00    0.00   15.96
15:41:32       2   29.90    0.00   25.77   32.99    0.00    0.00    0.00    0.00    0.00   11.34
15:41:32       3   28.87    0.00   26.80   34.02    0.00    0.00    0.00    0.00    0.00   10.31
15:41:32       4   25.77    0.00   24.74   37.11    0.00    0.00    0.00    0.00    0.00   12.37
15:41:32       5   26.04    0.00   26.04   40.62    0.00    0.00    0.00    0.00    0.00    7.29
15:41:32       6   29.00    0.00   22.00   45.00    0.00    1.00    0.00    0.00    0.00    3.00
15:41:32       7   28.12    0.00   25.00   38.54    0.00    1.04    0.00    0.00    0.00    7.29

15:41:32     CPU    %usr   %nice    %sys %iowait    %irq   %soft  %steal  %guest  %gnice   %idle
15:41:33     all   29.12    0.00   24.23   32.35    0.00    0.64    0.00    0.00    0.00   13.66
15:41:33       0   30.93    0.00   23.71   35.05    0.00    0.00    0.00    0.00    0.00   10.31
15:41:33       1   29.29    0.00   24.24   28.28    0.00    1.01    0.00    0.00    0.00   17.17
15:41:33       2   28.12    0.00   25.00   16.67    0.00    1.04    0.00    0.00    0.00   29.17
15:41:33       3   26.04    0.00   25.00   44.79    0.00    1.04    0.00    0.00    0.00    3.12
15:41:33       4   30.61    0.00   22.45   33.67    0.00    1.02    0.00    0.00    0.00   12.24
15:41:33       5   29.59    0.00   23.47   14.29    0.00    0.00    0.00    0.00    0.00   32.65
15:41:33       6   30.21    0.00   23.96   43.75    0.00    1.04    0.00    0.00    0.00    1.04
15:41:33       7   28.12    0.00   26.04   42.71    0.00    0.00    0.00    0.00    0.00    3.12

15:41:33     CPU    %usr   %nice    %sys %iowait    %irq   %soft  %steal  %guest  %gnice   %idle
15:41:34     all    2.79    0.00   31.94   24.33    0.00    0.76    0.00    0.00    0.00   40.18
15:41:34       0    3.06    0.00   30.61   15.31    0.00    1.02    0.00    0.00    0.00   50.00
15:41:34       1    2.04    0.00   34.69    4.08    0.00    0.00    0.00    0.00    0.00   59.18
15:41:34       2    3.00    0.00   31.00   16.00    0.00    0.00    0.00    0.00    0.00   50.00
15:41:34       3    3.09    0.00   30.93   62.89    0.00    2.06    0.00    0.00    0.00    1.03
15:41:34       4    2.04    0.00   30.61   19.39    0.00    1.02    0.00    0.00    0.00   46.94
15:41:34       5    2.04    0.00   33.67   59.18    0.00    1.02    0.00    0.00    0.00    4.08
15:41:34       6    4.00    0.00   32.00   13.00    0.00    0.00    0.00    0.00    0.00   51.00
15:41:34       7    3.00    0.00   32.00    6.00    0.00    1.00    0.00    0.00    0.00   58.00

15:41:34     CPU    %usr   %nice    %sys %iowait    %irq   %soft  %steal  %guest  %gnice   %idle
15:41:35     all    0.50    0.00    0.76   23.80    0.00    0.00    0.00    0.00    0.00   74.94
15:41:35       0    0.00    0.00    0.00   23.23    0.00    0.00    0.00    0.00    0.00   76.77
15:41:35       1    0.00    0.00    0.00   24.24    0.00    0.00    0.00    0.00    0.00   75.76
15:41:35       2    0.00    0.00    0.00    0.00    0.00    0.00    0.00    0.00    0.00  100.00
15:41:35       3    0.00    0.00    4.12   85.57    0.00    0.00    0.00    0.00    0.00   10.31
15:41:35       4    0.99    0.00    0.99    0.00    0.00    0.00    0.00    0.00    0.00   98.02
15:41:35       5    1.00    0.00    0.00   50.00    0.00    0.00    0.00    0.00    0.00   49.00
15:41:35       6    0.00    0.00    0.00    0.00    0.00    0.00    0.00    0.00    0.00  100.00
15:41:35       7    2.00    0.00    1.00    9.00    0.00    0.00    0.00    0.00    0.00   88.00

```

---

## Command 11: pg_wait_events

### Command
```bash
bash -c 'for i in $(seq 1 70); do echo "=== $(date '"'"'+%H:%M:%S'"'"') ==="; sudo -u postgres psql -t -c "SELECT coalesce(wait_event_type,'"'"'CPU'"'"') as type, coalesce(wait_event,'"'"'Running'"'"') as event, count(*) as cnt FROM pg_stat_activity WHERE state='"'"'active'"'"' AND pid<>pg_backend_pid() GROUP BY 1,2 ORDER BY 3 DESC LIMIT 10"; sleep 1; done'
```

### Output
```
=== 15:40:31 ===

=== 15:40:32 ===

=== 15:40:33 ===
 IO     | DataFileRead  |  40
 IPC    | BufferIO      |  14
 CPU    | Running       |  12
 Client | ClientRead    |   3
 LWLock | LockManager   |   3
 LWLock | BufferContent |   2
 LWLock | BufferMapping |   1

=== 15:40:34 ===
 LWLock | WALWrite      |  45
 IO     | DataFileRead  |  16
 Client | ClientRead    |   5
 CPU    | Running       |   4
 Lock   | transactionid |   3
 IO     | WALSync       |   1

=== 15:40:35 ===
 IO     | DataFileRead  |  32
 LWLock | WALWrite      |  14
 CPU    | Running       |   7
 Client | ClientRead    |   3
 IO     | WALSync       |   1
 Lock   | transactionid |   1

=== 15:40:36 ===
 IO     | DataFileRead  |  21
 LWLock | WALWrite      |  17
 LWLock | WALInsert     |  11
 CPU    | Running       |   7
 Client | ClientRead    |   6
 Lock   | transactionid |   3
 LWLock | BufferContent |   1

=== 15:40:37 ===
 LWLock | WALWrite      |  64
 IO     | DataFileRead  |   8
 LWLock | WALInsert     |   7
 CPU    | Running       |   4
 Lock   | transactionid |   3
 Client | ClientRead    |   2
 LWLock | BufferContent |   1
 IO     | WALSync       |   1

=== 15:40:38 ===
 LWLock | WALWrite      |  49
 LWLock | WALInsert     |  16
 IO     | DataFileRead  |  10
 Client | ClientRead    |   2
 CPU    | Running       |   2
 IO     | WALSync       |   1
 Lock   | transactionid |   1

=== 15:40:39 ===
 LWLock | WALWrite     |  39
 IO     | DataFileRead |  15
 LWLock | WALInsert    |   9
 Client | ClientRead   |   6
 CPU    | Running      |   2
 IO     | WALSync      |   1

=== 15:40:40 ===
 LWLock | WALWrite      |  33
 IO     | DataFileRead  |  31
 IO     | DataFileWrite |   9
 CPU    | Running       |   3
 LWLock | WALInsert     |   2
 Lock   | transactionid |   1
 Client | ClientRead    |   1
 IO     | WALSync       |   1

=== 15:40:41 ===
 IO     | DataFileRead |  53
 LWLock | WALWrite     |  13
 CPU    | Running      |   5
 Client | ClientRead   |   1
 IO     | WALSync      |   1

=== 15:40:42 ===
 LWLock | WALWrite      |  37
 IO     | DataFileRead  |  20
 Client | ClientRead    |   3
 CPU    | Running       |   2
 IO     | DataFileWrite |   2
 IO     | WALSync       |   1

=== 15:40:43 ===
 IO   | DataFileWrite | 100

=== 15:40:44 ===
 LWLock | WALWrite      |  40
 IO     | DataFileRead  |  35
 CPU    | Running       |  10
 Client | ClientRead    |   4
 IO     | DataFileWrite |   4
 Lock   | transactionid |   1

=== 15:40:45 ===
 LWLock | WALWrite      |  64
 IO     | DataFileRead  |  21
 CPU    | Running       |   3
 Client | ClientRead    |   3
 Lock   | transactionid |   2
 IO     | WALSync       |   1

=== 15:40:46 ===
 LWLock | WALWrite      |  47
 IO     | DataFileRead  |  25
 IO     | DataFileWrite |   7
 CPU    | Running       |   5
 Lock   | transactionid |   4
 Client | ClientRead    |   1

=== 15:40:47 ===
 LWLock | WALWrite      |  37
 IO     | DataFileRead  |  14
 IO     | DataFileWrite |   7
 CPU    | Running       |   5
 Lock   | transactionid |   2
 Client | ClientRead    |   2
 LWLock | BufferContent |   1
 IO     | WALSync       |   1

=== 15:40:48 ===
 IO     | DataFileRead     |  35
 LWLock | WALWrite         |  35
 Lock   | transactionid    |   4
 CPU    | Running          |   3
 LWLock | CheckpointerComm |   2
 Client | ClientRead       |   1

=== 15:40:49 ===
 IO     | DataFileRead  |  41
 LWLock | WALWrite      |  36
 CPU    | Running       |   3
 IO     | DataFileWrite |   1
 IO     | WALSync       |   1

=== 15:40:50 ===
 IO     | DataFileRead  |  33
 LWLock | WALWrite      |  21
 CPU    | Running       |   9
 Client | ClientRead    |   5
 Lock   | transactionid |   1

=== 15:40:51 ===
 LWLock | WALWrite         |  25
 IO     | DataFileRead     |  17
 IO     | DataFileWrite    |  12
 CPU    | Running          |   7
 Client | ClientRead       |   4
 Lock   | transactionid    |   2
 LWLock | BufferContent    |   2
 LWLock | WALInsert        |   2
 LWLock | CheckpointerComm |   1
 IO     | WALSync          |   1

=== 15:40:52 ===
 LWLock | WALWrite             |  25
 IO     | DataFileRead         |  15
 IO     | DataFileWrite        |   8
 Client | ClientRead           |   8
 CPU    | Running              |   5
 IPC    | ProcArrayGroupUpdate |   1
 Lock   | transactionid        |   1

=== 15:40:53 ===
 LWLock | WALWrite     |  24
 IO     | DataFileRead |  22
 CPU    | Running      |  10
 Client | ClientRead   |   3
 IO     | WALSync      |   1

=== 15:40:55 ===
 LWLock | WALWrite      |  32
 IO     | DataFileRead  |  23
 CPU    | Running       |   4
 Client | ClientRead    |   2
 Lock   | transactionid |   2
 IO     | WALSync       |   1

=== 15:40:56 ===
 IO     | DataFileWrite |  59
 LWLock | WALWrite      |  26
 CPU    | Running       |   5
 IO     | DataFileRead  |   4
 Client | ClientRead    |   3
 Lock   | transactionid |   1

=== 15:40:57 ===
 IO     | DataFileRead         |  27
 LWLock | WALWrite             |  27
 Client | ClientRead           |   4
 CPU    | Running              |   4
 Lock   | transactionid        |   1
 IO     | WALSync              |   1
 IPC    | ProcArrayGroupUpdate |   1
 LWLock | ProcArray            |   1

=== 15:40:58 ===
 IO     | DataFileWrite |  41
 IO     | DataFileRead  |  29
 LWLock | WALWrite      |  18
 CPU    | Running       |   1
 Client | ClientRead    |   1
 IO     | WALSync       |   1

=== 15:40:59 ===
 IO     | DataFileRead  |  28
 IO     | DataFileWrite |  25
 LWLock | WALWrite      |  18
 Client | ClientRead    |   2
 CPU    | Running       |   1
 IO     | WALSync       |   1

=== 15:41:00 ===
 IO     | DataFileWrite |  32
 LWLock | WALWrite      |  22
 IO     | DataFileRead  |  21
 Client | ClientRead    |   2
 CPU    | Running       |   1
 IO     | WALSync       |   1

=== 15:41:01 ===
 IO     | DataFileWrite |  45
 IO     | DataFileRead  |  35
 LWLock | WALWrite      |  13
 Client | ClientRead    |   3
 IO     | WALSync       |   1

=== 15:41:02 ===
 LWLock | WALWrite      |  32
 IO     | DataFileWrite |  27
 IO     | DataFileRead  |  25
 CPU    | Running       |   3
 Client | ClientRead    |   1
 IO     | WALSync       |   1

=== 15:41:03 ===
 IO   | DataFileWrite |  72
 IO   | DataFileRead  |  28

=== 15:41:04 ===
 IO   | DataFileWrite |  72
 IO   | DataFileRead  |  28

=== 15:41:05 ===
 LWLock  | WALWrite      |  33
 IO      | DataFileRead  |  24
 IO      | DataFileWrite |  19
 Timeout | SpinDelay     |  15
 IO      | WALSync       |   1
 Client  | ClientRead    |   1
 CPU     | Running       |   1
 Lock    | transactionid |   1

=== 15:41:06 ===
 IO     | DataFileWrite |  45
 IO     | DataFileRead  |  31
 LWLock | WALWrite      |  21
 IO     | WALSync       |   1

=== 15:41:07 ===
 IO     | DataFileWrite |  38
 IO     | DataFileRead  |  37
 LWLock | WALWrite      |  13
 CPU    | Running       |   1
 IO     | WALSync       |   1

=== 15:41:08 ===
 IO     | DataFileWrite |  48
 IO     | DataFileRead  |  31
 LWLock | WALWrite      |  11
 IO     | WALSync       |   1

=== 15:41:09 ===
 IO     | DataFileWrite |  49
 IO     | DataFileRead  |  35
 LWLock | WALWrite      |  14
 CPU    | Running       |   1
 IO     | WALSync       |   1

=== 15:41:10 ===
 IO     | DataFileWrite |  56
 IO     | DataFileRead  |  29
 LWLock | WALWrite      |  13
 Client | ClientRead    |   1
 IO     | WALSync       |   1

=== 15:41:11 ===
 IO     | DataFileRead  |  28
 LWLock | WALWrite      |  28
 IO     | DataFileWrite |  27
 Client | ClientRead    |   6
 CPU    | Running       |   1
 IO     | WALSync       |   1

=== 15:41:12 ===
 IO     | DataFileWrite |  44
 IO     | DataFileRead  |  36
 LWLock | WALWrite      |  11
 Client | ClientRead    |   3
 CPU    | Running       |   1
 IO     | WALSync       |   1

=== 15:41:13 ===
 LWLock | WALWrite        |  30
 IO     | DataFileRead    |  21
 IO     | DataFileWrite   |  18
 IPC    | XactGroupUpdate |  11
 CPU    | Running         |   4
 Client | ClientRead      |   2
 Lock   | transactionid   |   1
 IO     | WALSync         |   1
 LWLock | XactSLRU        |   1

=== 15:41:14 ===
 IO     | DataFileWrite |  35
 IO     | DataFileRead  |  24
 LWLock | WALWrite      |  23
 CPU    | Running       |   5
 Client | ClientRead    |   1

=== 15:41:15 ===
 IO     | DataFileRead  |  28
 LWLock | WALWrite      |  26
 IO     | DataFileWrite |  22
 CPU    | Running       |   6
 Client | ClientRead    |   4
 Lock   | transactionid |   1

=== 15:41:16 ===
 IO   | DataFileWrite |  93
 IO   | DataFileRead  |   7

=== 15:41:17 ===
 IO     | DataFileRead  |  38
 LWLock | WALWrite      |  17
 IO     | DataFileWrite |   7
 CPU    | Running       |   5
 Client | ClientRead    |   4
 IO     | WALSync       |   1
 LWLock | ProcArray     |   1

=== 15:41:18 ===
 LWLock | WALWrite      |  26
 IO     | DataFileRead  |  21
 IO     | DataFileWrite |  15
 CPU    | Running       |   4
 Client | ClientRead    |   2
 IO     | WALSync       |   1
 Lock   | transactionid |   1

=== 15:41:19 ===
 IO   | DataFileWrite |  68
 IO   | DataFileRead  |  32

=== 15:41:20 ===
 IO   | DataFileWrite |  53
 IO   | DataFileRead  |  47

=== 15:41:21 ===
 IO     | DataFileRead  |  25
 LWLock | WALWrite      |  22
 IO     | DataFileWrite |  16
 CPU    | Running       |   9
 Client | ClientRead    |   4
 Lock   | transactionid |   1
 IO     | WALSync       |   1
 LWLock | BufferContent |   1

=== 15:41:22 ===
 LWLock | WALWrite      |  51
 IO     | DataFileWrite |  13
 IO     | DataFileRead  |  12
 Client | ClientRead    |   6
 CPU    | Running       |   5
 IO     | WALSync       |   1
 Lock   | transactionid |   1

=== 15:41:23 ===
 IO      | DataFileRead  |  19
 LWLock  | WALWrite      |  17
 IO      | DataFileWrite |  16
 CPU     | Running       |   8
 Timeout | SpinDelay     |   3
 IO      | WALSync       |   1

=== 15:41:25 ===
 IO   | DataFileWrite |  52
 IO   | DataFileRead  |  48

=== 15:41:26 ===
 IO     | DataFileWrite |  48
 IO     | DataFileRead  |  36
 CPU    | Running       |   5
 Client | ClientRead    |   5
 LWLock | WALWrite      |   5
 Lock   | transactionid |   1

=== 15:41:27 ===
 IO     | DataFileRead  |  56
 LWLock | WALWrite      |  21
 IO     | DataFileWrite |  11
 CPU    | Running       |   2
 Lock   | transactionid |   2
 IO     | WALSync       |   1
 Client | ClientRead    |   1

=== 15:41:28 ===
 IO      | DataFileRead  |  29
 IO      | DataFileWrite |  22
 LWLock  | WALWrite      |  22
 CPU     | Running       |   6
