# Benchmark: [POSTGRES DISK] pgbench TPC-B - PostgreSQL OLTP

**Date:** 2026-01-03 15:31:42
**Scenario:** PostgreSQL OLTP - 100 clients, TPC-B like workload with full monitoring

---

## Target Disk

| Property | Value |
|----------|-------|
| **Name** | **POSTGRES** |
| **Mount Point** | `/data,/wal` |
| **Device** | `/dev/md0,/dev/md1` |
| **Volumes** | `nvme1n1, nvme2n1, nvme3n1, nvme4n1, nvme5n1, nvme6n1, nvme7n1, nvme8n1, nvme9n1, nvme10n1, nvme11n1, nvme12n1, nvme13n1, nvme14n1, nvme15n1, nvme16n1, md0, md1` |

---

## System Configuration

```
=== INSTANCE ===

Linux ip-10-0-1-227 6.14.0-1018-aws #18~24.04.1-Ubuntu SMP Mon Nov 24 19:32:52 UTC 2025 aarch64 aarch64 aarch64 GNU/Linux
Architecture:                            aarch64
CPU(s):                                  8
Model name:                              Neoverse-V2
total        used        free      shared  buff/cache   available
Mem:            15Gi       5.0Gi       772Mi       4.2Gi        14Gi        10Gi
Swap:             0B          0B          0B

=== OS TUNING ===
vm.swappiness = 1
vm.dirty_ratio = 4
vm.dirty_background_ratio = 1
vm.dirty_expire_centisecs = 200
vm.dirty_writeback_centisecs = 100
always madvise [never]

=== NETWORK ===
net.core.somaxconn = 4096
net.core.rmem_max = 16777216
net.core.wmem_max = 16777216
net.ipv4.tcp_tw_reuse = 1
net.ipv4.tcp_fin_timeout = 15

=== DISK - RAID ===
Personalities : [raid10] 
md1 : active raid10 nvme16n1[7] nvme14n1[6] nvme13n1[5] nvme10n1[4] nvme7n1[3] nvme6n1[2] nvme4n1[1] nvme1n1[0]
      125759488 blocks super 1.2 256K chunks 2 near-copies [8/8] [UUUUUUUU]
      
md0 : active raid10 nvme15n1[7] nvme12n1[6] nvme11n1[5] nvme9n1[4] nvme8n1[3] nvme5n1[2] nvme3n1[1] nvme2n1[0]
      209580032 blocks super 1.2 64K chunks 2 near-copies [8/8] [UUUUUUUU]
      
unused devices: <none>
/dev/md0:
           Version : 1.2
     Creation Time : Sat Jan  3 08:26:08 2026
        Raid Level : raid10
        Array Size : 209580032 (199.87 GiB 214.61 GB)
     Used Dev Size : 52395008 (49.97 GiB 53.65 GB)
      Raid Devices : 8
     Total Devices : 8
       Persistence : Superblock is persistent

       Update Time : Sat Jan  3 15:30:08 2026
             State : clean 
    Active Devices : 8
   Working Devices : 8
    Failed Devices : 0
     Spare Devices : 0

            Layout : near=2
        Chunk Size : 64K

Consistency Policy : resync

              Name : ip-10-0-1-227:0  (local to host ip-10-0-1-227)
              UUID : ec94b08e:1ec1acd2:a24076ab:c0b61faa
            Events : 19

    Number   Major   Minor   RaidDevice State
       0     259        5        0      active sync set-A   /dev/nvme2n1
       1     259        6        1      active sync set-B   /dev/nvme3n1
       2     259        8        2      active sync set-A   /dev/nvme5n1
       3     259       11        3      active sync set-B   /dev/nvme8n1
       4     259       12        4      active sync set-A   /dev/nvme9n1
       5     259       14        5      active sync set-B   /dev/nvme11n1
       6     259       15        6      active sync set-A   /dev/nvme12n1
       7     259       18        7      active sync set-B   /dev/nvme15n1
/dev/md1:
           Version : 1.2
     Creation Time : Sat Jan  3 08:26:08 2026
        Raid Level : raid10
        Array Size : 125759488 (119.93 GiB 128.78 GB)
     Used Dev Size : 31439872 (29.98 GiB 32.19 GB)
      Raid Devices : 8
     Total Devices : 8
       Persistence : Superblock is persistent

       Update Time : Sat Jan  3 15:30:07 2026
             State : clean 
    Active Devices : 8
   Working Devices : 8
    Failed Devices : 0
     Spare Devices : 0

            Layout : near=2
        Chunk Size : 256K

Consistency Policy : resync

              Name : ip-10-0-1-227:1  (local to host ip-10-0-1-227)
              UUID : 4920b43f:4424608d:2e163255:f781c5ec
            Events : 19

    Number   Major   Minor   RaidDevice State
       0     259        4        0      active sync set-A   /dev/nvme1n1
       1     259        7        1      active sync set-B   /dev/nvme4n1
       2     259        9        2      active sync set-A   /dev/nvme6n1
       3     259       10        3      active sync set-B   /dev/nvme7n1
       4     259       13        4      active sync set-A   /dev/nvme10n1
       5     259       16        5      active sync set-B   /dev/nvme13n1
       6     259       17        6      active sync set-A   /dev/nvme14n1
       7     259       19        7      active sync set-B   /dev/nvme16n1

=== DISK - BLOCK TUNING ===
--- md0 ---
scheduler: 
read_ahead_kb: 64
nr_requests: 
--- md1 ---
scheduler: 
read_ahead_kb: 4096
nr_requests: 

=== DISK - MOUNT ===
/dev/md0 on /data type xfs (rw,noatime,nodiratime,attr2,inode64,allocsize=65536k,logbufs=8,logbsize=256k,sunit=128,swidth=512,noquota)
/dev/md1 on /wal type xfs (rw,noatime,nodiratime,attr2,inode64,logbufs=8,logbsize=256k,sunit=512,swidth=2048,noquota)
Filesystem      Size  Used Avail Use% Mounted on
/dev/md0        200G   40G  161G  20% /data
/dev/md1        120G   29G   92G  24% /wal

=== DISK - XFS ===
meta-data=/dev/md0               isize=512    agcount=16, agsize=3274688 blks
         =                       sectsz=4096  attr=2, projid32bit=1
         =                       crc=1        finobt=1, sparse=1, rmapbt=1
         =                       reflink=1    bigtime=1 inobtcount=1 nrext64=0
data     =                       bsize=4096   blocks=52395008, imaxpct=25
         =                       sunit=16     swidth=64 blks
naming   =version 2              bsize=4096   ascii-ci=0, ftype=1
log      =internal log           bsize=4096   blocks=25583, version=2
         =                       sectsz=4096  sunit=1 blks, lazy-count=1
realtime =none                   extsz=4096   blocks=0, rtextents=0
meta-data=/dev/md1               isize=512    agcount=8, agsize=3929984 blks
         =                       sectsz=4096  attr=2, projid32bit=1
         =                       crc=1        finobt=1, sparse=1, rmapbt=1
         =                       reflink=1    bigtime=1 inobtcount=1 nrext64=0
data     =                       bsize=4096   blocks=31439872, imaxpct=25
         =                       sunit=64     swidth=256 blks
naming   =version 2              bsize=4096   ascii-ci=0, ftype=1
log      =internal log           bsize=4096   blocks=16384, version=2
         =                       sectsz=4096  sunit=1 blks, lazy-count=1
realtime =none                   extsz=4096   blocks=0, rtextents=0
```

---

## Command 1: Begin:sysctl_swappiness

### Command
```bash
sysctl -w vm.swappiness=1
```

### Output
```
vm.swappiness = 1

```

---

## Command 2: Begin:sysctl_dirty_background

### Command
```bash
sysctl -w vm.dirty_background_ratio=1
```

### Output
```
vm.dirty_background_ratio = 1

```

---

## Command 3: Begin:sysctl_dirty_ratio

### Command
```bash
sysctl -w vm.dirty_ratio=4
```

### Output
```
vm.dirty_ratio = 4

```

---

## Command 4: Begin:sysctl_dirty_expire

### Command
```bash
sysctl -w vm.dirty_expire_centisecs=200
```

### Output
```
vm.dirty_expire_centisecs = 200

```

---

## Command 5: Begin:sysctl_dirty_writeback

### Command
```bash
sysctl -w vm.dirty_writeback_centisecs=100
```

### Output
```
vm.dirty_writeback_centisecs = 100

```

---

## Command 6: Begin:pg_stat_reset

### Command
```bash
sudo -u postgres psql -c 'SELECT pg_stat_reset(); SELECT pg_stat_reset_shared('"'"'bgwriter'"'"');'
```

### Output
```
 pg_stat_reset 
---------------
 
(1 row)

 pg_stat_reset_shared 
----------------------
 
(1 row)


```

---

## Command 7: pgbench

### Command
```bash
sudo -u postgres pgbench -c 100 -j 6 -T 60 -P 5 -b tpcb-like pgbench
```

### Output
```
pgbench (16.11 (Ubuntu 16.11-1.pgdg24.04+1))
transaction type: <builtin: TPC-B (sort of)>
scaling factor: 1250
query mode: simple
number of clients: 100
number of threads: 6
maximum number of tries: 1
duration: 60 s
number of transactions actually processed: 596674
number of failed transactions: 0 (0.000%)
latency average = 10.051 ms
latency stddev = 17.932 ms
initial connection time = 38.419 ms
tps = 9911.713466 (without initial connection time)
starting vacuum...end.
progress: 5.0 s, 15263.1 tps, lat 6.494 ms stddev 1.873, 0 failed
progress: 10.0 s, 15361.3 tps, lat 6.485 ms stddev 2.317, 0 failed
progress: 15.0 s, 11321.9 tps, lat 8.830 ms stddev 8.307, 0 failed
progress: 20.0 s, 9457.7 tps, lat 10.523 ms stddev 16.988, 0 failed
progress: 25.0 s, 8771.8 tps, lat 11.403 ms stddev 21.095, 0 failed
progress: 30.0 s, 8500.2 tps, lat 11.671 ms stddev 21.928, 0 failed
progress: 35.0 s, 8415.0 tps, lat 11.959 ms stddev 23.236, 0 failed
progress: 40.0 s, 8569.6 tps, lat 11.709 ms stddev 20.400, 0 failed
progress: 45.0 s, 8455.2 tps, lat 11.830 ms stddev 22.741, 0 failed
progress: 50.0 s, 8362.2 tps, lat 11.940 ms stddev 23.135, 0 failed
progress: 55.0 s, 8288.0 tps, lat 12.071 ms stddev 23.787, 0 failed
progress: 60.0 s, 8548.6 tps, lat 11.687 ms stddev 22.633, 0 failed

```

---

## Command 8: meminfo

### Command
```bash
bash -c 'for i in $(seq 1 70); do date '"'"'+%H:%M:%S'"'"'; grep -E '"'"'Dirty|Writeback'"'"' /proc/meminfo; echo '"'"'---'"'"'; sleep 1; done'
```

### Output
```
15:30:38
Dirty:               652 kB
Writeback:             0 kB
WritebackTmp:          0 kB
---
15:30:39
Dirty:               768 kB
Writeback:             0 kB
WritebackTmp:          0 kB
---
15:30:40
Dirty:               284 kB
Writeback:             0 kB
WritebackTmp:          0 kB
---
15:30:41
Dirty:               932 kB
Writeback:            72 kB
WritebackTmp:          0 kB
---
15:30:42
Dirty:               456 kB
Writeback:           192 kB
WritebackTmp:          0 kB
---
15:30:43
Dirty:               860 kB
Writeback:           628 kB
WritebackTmp:          0 kB
---
15:30:44
Dirty:               876 kB
Writeback:           192 kB
WritebackTmp:          0 kB
---
15:30:45
Dirty:               732 kB
Writeback:           104 kB
WritebackTmp:          0 kB
---
15:30:46
Dirty:               704 kB
Writeback:           112 kB
WritebackTmp:          0 kB
---
15:30:47
Dirty:              1216 kB
Writeback:            48 kB
WritebackTmp:          0 kB
---
15:30:48
Dirty:             28108 kB
Writeback:            72 kB
WritebackTmp:          0 kB
---
15:30:49
Dirty:             53080 kB
Writeback:            56 kB
WritebackTmp:          0 kB
---
15:30:50
Dirty:            111348 kB
Writeback:           212 kB
WritebackTmp:          0 kB
---
15:30:51
Dirty:            149644 kB
Writeback:           184 kB
WritebackTmp:          0 kB
---
15:30:52
Dirty:            192716 kB
Writeback:           188 kB
WritebackTmp:          0 kB
---
15:30:53
Dirty:            230740 kB
Writeback:           148 kB
WritebackTmp:          0 kB
---
15:30:54
Dirty:            267848 kB
Writeback:           288 kB
WritebackTmp:          0 kB
---
15:30:55
Dirty:            293636 kB
Writeback:           176 kB
WritebackTmp:          0 kB
---
15:30:56
Dirty:            313964 kB
Writeback:            76 kB
WritebackTmp:          0 kB
---
15:30:57
Dirty:            315680 kB
Writeback:           340 kB
WritebackTmp:          0 kB
---
15:30:58
Dirty:            312668 kB
Writeback:           232 kB
WritebackTmp:          0 kB
---
15:30:59
Dirty:            313988 kB
Writeback:           276 kB
WritebackTmp:          0 kB
---
15:31:00
Dirty:            325516 kB
Writeback:           308 kB
WritebackTmp:          0 kB
---
15:31:01
Dirty:            332916 kB
Writeback:           228 kB
WritebackTmp:          0 kB
---
15:31:02
Dirty:            316228 kB
Writeback:           252 kB
WritebackTmp:          0 kB
---
15:31:03
Dirty:            330648 kB
Writeback:           196 kB
WritebackTmp:          0 kB
---
15:31:04
Dirty:            313884 kB
Writeback:           112 kB
WritebackTmp:          0 kB
---
15:31:05
Dirty:            323136 kB
Writeback:           264 kB
WritebackTmp:          0 kB
---
15:31:06
Dirty:            314904 kB
Writeback:           216 kB
WritebackTmp:          0 kB
---
15:31:07
Dirty:            309684 kB
Writeback:           136 kB
WritebackTmp:          0 kB
---
15:31:08
Dirty:            315604 kB
Writeback:           804 kB
WritebackTmp:          0 kB
---
15:31:09
Dirty:            321936 kB
Writeback:           168 kB
WritebackTmp:          0 kB
---
15:31:10
Dirty:            318188 kB
Writeback:           324 kB
WritebackTmp:          0 kB
---
15:31:11
Dirty:            294948 kB
Writeback:           164 kB
WritebackTmp:          0 kB
---
15:31:12
Dirty:            302176 kB
Writeback:           312 kB
WritebackTmp:          0 kB
---
15:31:13
Dirty:            308268 kB
Writeback:            84 kB
WritebackTmp:          0 kB
---
15:31:14
Dirty:            297032 kB
Writeback:           248 kB
WritebackTmp:          0 kB
---
15:31:15
Dirty:            307376 kB
Writeback:           148 kB
WritebackTmp:          0 kB
---
15:31:16
Dirty:            312496 kB
Writeback:           116 kB
WritebackTmp:          0 kB
---
15:31:17
Dirty:            324864 kB
Writeback:           172 kB
WritebackTmp:          0 kB
---
15:31:18
Dirty:            316052 kB
Writeback:           148 kB
WritebackTmp:          0 kB
---
15:31:19
Dirty:            316820 kB
Writeback:           356 kB
WritebackTmp:          0 kB
---
15:31:20
Dirty:            314532 kB
Writeback:           308 kB
WritebackTmp:          0 kB
---
15:31:21
Dirty:            313660 kB
Writeback:            84 kB
WritebackTmp:          0 kB
---
15:31:22
Dirty:            319376 kB
Writeback:           200 kB
WritebackTmp:          0 kB
---
15:31:23
Dirty:            317832 kB
Writeback:           180 kB
WritebackTmp:          0 kB
---
15:31:24
Dirty:            328436 kB
Writeback:           144 kB
WritebackTmp:          0 kB
---
15:31:25
Dirty:            317148 kB
Writeback:           312 kB
WritebackTmp:          0 kB
---
15:31:26
Dirty:            306024 kB
Writeback:            84 kB
WritebackTmp:          0 kB
---
15:31:27
Dirty:            308916 kB
Writeback:           148 kB
WritebackTmp:          0 kB
---
15:31:28
Dirty:            308908 kB
Writeback:            40 kB
WritebackTmp:          0 kB
---
15:31:29
Dirty:            316720 kB
Writeback:           300 kB
WritebackTmp:          0 kB
---
15:31:30
Dirty:            295888 kB
Writeback:           404 kB
WritebackTmp:          0 kB
---
15:31:31
Dirty:            287520 kB
Writeback:            96 kB
WritebackTmp:          0 kB
---
15:31:32
Dirty:            299048 kB
Writeback:           168 kB
WritebackTmp:          0 kB
---
15:31:33
Dirty:            303744 kB
Writeback:           268 kB
WritebackTmp:          0 kB
---
15:31:34
Dirty:            298860 kB
Writeback:           368 kB
WritebackTmp:          0 kB
---
15:31:35
Dirty:            297528 kB
Writeback:            88 kB
WritebackTmp:          0 kB
---
15:31:36
Dirty:            297880 kB
Writeback:           304 kB
WritebackTmp:          0 kB
---
15:31:37
Dirty:            298784 kB
Writeback:           100 kB
WritebackTmp:          0 kB
---
15:31:38
Dirty:            296036 kB
Writeback:           172 kB
WritebackTmp:          0 kB
---
15:31:39
Dirty:            303660 kB
Writeback:           348 kB
WritebackTmp:          0 kB
---
15:31:40
Dirty:            282828 kB
Writeback:           500 kB
WritebackTmp:          0 kB
---
15:31:41
Dirty:            183008 kB
Writeback:           232 kB
WritebackTmp:          0 kB
---
15:31:42
Dirty:             89248 kB
Writeback:           288 kB
WritebackTmp:          0 kB
---

```

---

## Command 9: dstat

### Command
```bash
dstat -tcmdr --disk-util 1 70
```

### Output
```
----system---- ----total-usage---- ------memory-usage----- -dsk/total- --io/total- nvme nvme nvme nvme nvme nvme nvme nvme nvme nvme nvme nvme nvme nvme nvme nvme nvme
     time     |usr sys idl wai stl| used  free  buf   cach| read  writ| read  writ|util:util:util:util:util:util:util:util:util:util:util:util:util:util:util:util:util
03-01 15:30:38|                   |4716M  763M   25M   14G|           |           |    :    :    :    :    :    :    :    :    :    :    :    :    :    :    :    :    
03-01 15:30:39|  0   0 100   0   0|4714M  765M   25M   14G|   0    56k|   0  12.0 |   0:   0:   0:   0:   0:   0:   0:   0:   0:0.10:   0:0.10:0.10:   0:   0:0.10:   0
03-01 15:30:40|  1   2  97   0   0|4868M  630M   25M   14G| 196k  571k|9.49  68.4 |1.30:0.10:0.20:   0:0.10:0.20:0.10:0.10:   0:0.30:0.10:   0:0.50:0.10:0.20:0.20:0.20
03-01 15:30:41| 50  39   6   3   0|4970M  374M   25M   14G| 128M   85M|14.3k 4802 |0.20:18.2:69.5:57.3:18.3:67.3:18.6:18.3:53.5:63.9:17.7:53.7:68.6:18.0:17.4:57.4:17.1
03-01 15:30:42| 50  37   7   4   0|5061M  285M   24M   14G| 128M   89M|14.4k 5282 |   0:16.8:68.0:56.0:16.6:67.7:19.2:19.6:57.3:65.2:18.2:51.7:68.3:18.0:17.7:55.6:17.9
03-01 15:30:43| 51  37   7   3   0|5140M  202M   24M   14G| 131M   97M|14.7k 6486 |0.40:18.6:70.5:59.7:18.4:69.6:18.7:18.4:58.8:67.3:18.6:54.4:70.7:18.7:18.5:61.0:18.6
03-01 15:30:44| 51  37   7   4   0|5214M  270M   24M   14G| 132M   89M|14.7k 5299 |0.20:18.6:65.5:56.5:18.5:67.9:16.6:17.2:56.7:63.8:19.2:54.5:66.8:19.5:17.0:56.4:17.0
03-01 15:30:45| 51  37   7   4   0|5270M  373M   24M   14G| 132M   95M|14.8k 6226 |0.20:18.6:70.3:57.5:18.6:69.6:18.0:17.9:58.0:65.3:17.9:52.4:67.1:17.7:18.7:59.2:18.7
03-01 15:30:46| 52  37   6   3   0|5336M  436M   24M   14G| 136M   90M|15.1k 5400 |   0:18.7:68.6:58.4:18.7:70.8:19.1:18.9:61.4:68.8:19.9:54.9:71.8:19.6:18.2:59.5:17.6
03-01 15:30:47| 52  38   6   4   0|5384M  518M   24M   14G| 136M  106M|15.1k 7535 |   0:18.9:72.5:60.9:18.8:70.8:17.9:17.9:59.4:66.9:18.8:55.7:72.5:19.1:18.4:61.1:18.6
03-01 15:30:48| 52  38   5   3   0|5420M  455M   24M   14G| 138M   94M|15.4k 6219 |0.30:18.9:73.6:61.6:18.9:72.4:19.1:18.9:61.8:72.8:18.4:56.2:73.8:18.5:18.5:62.4:18.6
03-01 15:30:49| 51  39   3   5   0|5471M  384M   24M   14G| 134M  270M|14.9k 28.3k|   0:20.4:85.9:76.4:20.3:87.8:19.8:19.6:78.0:87.2:20.0:77.5:85.8:19.6:19.8:78.1:20.2
03-01 15:30:50| 45  35   3  14   0|5519M  459M   24M   13G| 122M  171M|13.4k 16.8k|0.20:21.1:88.7:82.0:20.8:88.6:20.2:20.2:83.0:88.6:20.1:80.5:94.0:19.7:19.3:89.4:19.4
03-01 15:30:51| 35  31   2  27   0|5493M  495M   24M   13G|  99M  150M|11.0k 15.0k|   0:21.0:93.9:91.3:20.8:93.5:21.1:21.1:88.4:90.3:20.5:85.6:98.9:20.5:22.0:98.6:21.5
03-01 15:30:52| 37  30   2  26   0|5512M  337M   24M   14G| 104M  145M|11.6k 14.2k|0.10:21.3:96.8:94.9:21.7:91.3:21.5:21.2:86.0:89.2:22.3:82.6:94.6:21.9:20.6:92.1:21.1
03-01 15:30:53| 35  27   2  30   0|5529M  190M   24M   14G|  95M  150M|10.7k 14.9k|0.20:20.9:89.6:81.7:20.7:92.0:21.4:21.4:87.6:87.8:22.5:79.7: 100:22.6:20.8: 100:21.2
03-01 15:30:54| 36  30   4  25   0|5546M  325M   24M   14G| 102M  156M|11.3k 14.4k|0.10:21.7:86.4:79.2:21.3:93.9:23.2:23.3:90.8:89.2:20.3:79.9:93.2:20.3:20.7:89.6:20.4
03-01 15:30:55| 32  26   8  29   0|5553M  340M   24M   14G|  90M  155M|10.0k 15.8k|0.40:19.5:89.1:81.4:19.5:99.9:22.5:22.4:99.5:89.2:26.2:81.3:87.5:25.7:18.4:81.5:18.3
03-01 15:30:56| 31  26   8  31   0|5560M  418M   24M   13G|  87M  157M|9633  16.2k|0.20:20.2:87.9:80.5:20.2:89.1:22.8:22.6:84.7:90.2:23.0:83.1:98.0:23.4:22.1:96.8:22.1
03-01 15:30:57| 27  23  13  33   0|5570M  309M   24M   14G|  76M  163M|8511  17.2k|   0:23.0:86.8:79.9:22.8:90.8:21.4:21.3:81.0:87.8:20.5:80.1: 100:19.7:16.1:99.9:15.9
03-01 15:30:58| 27  22  13  35   0|5575M  346M   24M   14G|  75M  157M|8331  16.7k|0.30:20.0:86.9:81.1:20.0:86.7:19.1:19.1:79.3:86.9:17.1:80.8: 100:16.6:21.8: 100:21.4
03-01 15:30:59| 30  26  10  31   0|5580M  230M   24M   14G|  86M  164M|9535  17.0k|0.40:20.7:87.7:81.0:20.6:90.7:25.4:25.4:84.0:91.0:20.3:84.8: 100:20.2:19.6: 100:19.3
03-01 15:31:00| 28  24   7  35   0|5587M  258M   24M   14G|  79M  159M|8870  16.8k|0.30:22.9:89.6:80.4:22.7:94.5:23.5:22.8:93.1:90.3:20.5:83.9:98.7:20.0:19.4:96.6:20.2
03-01 15:31:01| 28  22  11  34   0|5592M  294M   24M   14G|  77M  160M|8651  16.9k|0.40:21.7:86.7:80.9:21.8:90.5:21.5:21.6:83.9:89.3:21.1:83.9: 100:21.8:20.3: 100:20.5
03-01 15:31:02| 23  19  20  34   0|5599M  200M   24M   14G|  65M  178M|7282  18.5k|   0:18.8:91.1:84.9:18.7:89.2:22.1:22.3:82.6:91.5:18.5:86.0:99.2:18.3:17.4:99.3:17.7
03-01 15:31:03| 33  27   8  29   0|5602M  221M   24M   14G|  89M  159M|9875  16.3k|0.10:20.5:89.6:84.0:20.7:90.3:23.2:22.8:83.1:89.4:20.8:83.1:99.9:20.7:19.9:99.9:19.9
03-01 15:31:04| 21  18  17  39   0|5613M  271M   24M   14G|  61M  170M|6862  19.0k|0.70:18.4:90.1:82.9:18.4:92.1:19.4:19.5:88.3:86.3:21.8:80.8:97.7:21.3:24.0:97.4:24.0
03-01 15:31:05| 28  23  14  30   0|5622M  296M   24M   14G|  81M  159M|8931  16.7k|0.20:20.1:89.4:83.0:20.1:88.7:18.5:17.9:82.4:90.4:21.5:84.4:99.4:21.7:22.3:99.3:22.2
03-01 15:31:06| 24  20  19  33   0|5605M  481M   24M   13G|  67M  168M|7483  18.2k|0.10:18.9:89.6:83.8:18.5:87.2:21.9:21.8:81.2:90.9:19.2:84.8:99.7:19.2:15.5:99.4:15.3
03-01 15:31:07| 24  19  16  36   0|5620M  375M   24M   13G|  68M  165M|7531  18.0k|0.30:15.7:91.2:86.0:16.1:87.0:21.1:21.2:82.6:89.0:20.2:82.9:99.9:20.6:21.2:99.6:21.0
03-01 15:31:08| 29  21  13  31   0|5622M  268M   24M   14G|  80M  157M|8929  16.6k|0.50:20.1:88.7:82.2:20.1:87.0:20.8:21.3:78.1:88.1:17.5:79.9: 100:17.7:24.0: 100:23.8
03-01 15:31:09| 27  22  12  34   0|5621M  307M   24M   14G|  77M  165M|8500  17.6k|   0:19.1:90.8:84.7:19.2:89.8:20.7:21.1:82.8:88.7:27.2:82.1: 100:27.4:18.4: 100:18.7
03-01 15:31:10| 24  18  19  33   0|5623M  213M   24M   14G|  68M  164M|7597  17.8k|   0:16.6:89.1:83.0:16.6:86.3:23.3:23.2:81.7:88.5:18.2:83.4:99.4:18.6:19.0:99.4:18.9
03-01 15:31:11| 20  17  21  36   0|5620M  278M   24M   14G|  59M  181M|6592  19.8k|0.20:17.0:91.1:85.8:17.0:91.1:22.5:22.1:85.7:89.7:25.5:84.3:99.0:25.8:15.5:99.0:15.6
03-01 15:31:12| 28  22  13  32   0|5621M  317M   24M   14G|  77M  165M|8667  17.3k|0.50:21.2:91.6:88.5:20.8:89.6:18.5:18.3:82.9:91.0:20.5:83.9:99.7:20.4:22.3:99.7:22.5
03-01 15:31:13| 27  23  13  33   0|5622M  211M   24M   14G|  78M  160M|8698  17.0k|0.10:20.0:99.1:99.3:20.3:88.2:19.7:19.9:82.8:87.9:19.7:81.1:86.0:20.0:20.2:80.8:20.3
03-01 15:31:14| 23  19  17  37   0|5621M  266M   24M   14G|  66M  166M|7290  18.3k|0.10:15.5:96.5:93.4:15.5:88.1:20.5:19.9:83.7:89.3:26.3:83.1:93.9:25.8:24.1:90.8:24.2
03-01 15:31:15| 29  24  11  33   0|5623M  302M   24M   14G|  81M  156M|8978  16.5k|0.10:24.1:94.8:91.4:24.2:89.4:19.7:20.1:82.1:87.6:19.1:78.6:89.3:18.9:19.4:85.7:19.5
03-01 15:31:16| 27  22  15  32   0|5626M  340M   24M   13G|  76M  162M|8407  17.5k|0.10:21.1:99.2:99.1:20.7:86.6:18.3:18.2:79.2:91.9:23.8:85.3:88.2:24.0:17.5:81.7:17.6
03-01 15:31:17| 28  23  12  33   0|5627M  234M   24M   14G|  78M  165M|8636  17.4k|0.40:23.9: 100:99.9:24.5:89.1:19.2:18.8:82.7:91.6:19.1:84.2:88.8:19.1:22.7:82.6:22.7
03-01 15:31:18| 24  21  14  36   0|5629M  281M   24M   14G|  70M  168M|7829  18.2k|0.20:20.8:99.4:98.7:20.8:90.9:19.9:19.7:85.5:91.0:21.3:85.3:87.0:21.5:20.1:81.4:19.6
03-01 15:31:19| 25  21  13  37   0|5630M  326M   24M   13G|  73M  168M|8043  17.9k|0.20:20.3:99.2:99.0:20.5:90.8:19.8:19.6:83.9:85.5:23.8:79.3:91.3:24.0:21.2:85.1:21.7
03-01 15:31:20| 24  20  10  39   0|5629M  229M   24M   14G|  73M  159M|8156  17.2k|0.40:21.7:97.4:96.0:21.8:90.1:19.6:20.1:82.8:87.7:19.3:81.4:97.3:20.0:21.3:95.8:21.5
03-01 15:31:21| 23  18  17  36   0|5630M  280M   24M   14G|  67M  163M|7462  18.0k|0.20:18.4:98.8:97.6:17.6:88.3:20.7:20.5:83.2:87.6:21.8:82.9:89.7:21.4:16.3:86.0:16.6
03-01 15:31:22| 27  22  12  34   0|5635M  315M   24M   13G|  78M  160M|8588  17.2k|0.60:20.2:99.9: 100:20.1:89.1:20.5:20.3:82.0:87.9:22.2:81.6:88.9:22.3:20.7:82.6:21.3
03-01 15:31:23| 25  19  19  33   0|5633M  226M   24M   14G|  70M  158M|7730  17.3k|0.40:22.4:99.9:99.8:22.2:84.8:17.7:18.0:81.0:87.2:17.3:80.5:86.5:17.8:17.0:82.8:16.7
03-01 15:31:24| 28  22  12  32   0|5635M  259M   24M   14G|  81M  162M|8893  17.0k|0.60:20.4:99.9:99.7:20.3:87.5:18.9:18.8:81.4:89.8:20.0:82.4:92.4:19.9:26.0:83.9:26.6
03-01 15:31:25| 24  20  19  33   0|5634M  310M   24M   14G|  69M  173M|7624  18.4k|0.70:25.7:99.1:99.0:25.9:90.3:19.4:19.5:84.9:91.1:19.8:85.5:88.3:19.8:17.3:83.0:17.3
03-01 15:31:26| 22  17  19  36   0|5635M  226M   24M   14G|  63M  171M|6946  18.9k|0.20:19.6:99.4:99.4:19.8:89.0:22.6:22.9:81.5:89.5:19.9:82.4:91.6:20.2:16.6:83.2:16.3
03-01 15:31:27| 26  23  11  35   0|5634M  269M   24M   14G|  75M  166M|8328  18.0k|0.10:16.8:99.9:99.7:16.8:90.9:22.2:22.2:82.4:93.1:24.4:85.2:89.5:23.8:23.5:81.5:23.8
03-01 15:31:28| 26  20  15  34   0|5636M  312M   24M   13G|  73M  158M|8066  17.2k|0.20:18.9: 100: 100:18.8:86.9:24.2:24.5:81.3:87.9:17.4:81.3:90.0:18.0:21.5:83.1:21.7
03-01 15:31:29| 28  21  14  32   0|5638M  206M   24M   14G|  80M  157M|8858  16.9k|1.00:26.8:99.6:99.7:27.1:86.6:16.6:16.8:81.9:88.7:17.6:83.2:88.8:17.6:23.8:80.9:23.3
03-01 15:31:30| 21  19  19  36   0|5639M  262M   24M   14G|  65M  176M|7167  19.4k|   0:19.7:95.0:94.5:19.7:94.3:17.8:17.7:88.0:90.0:20.6:84.2:93.3:20.6:19.6:89.0:19.4
03-01 15:31:31| 24  20  19  33   0|5653M  305M   24M   13G|  64M  172M|7108  18.5k|0.20:18.7:80.5:74.2:18.8:85.2:19.5:19.3:79.3:86.8:16.0:81.7:93.4:16.0:19.6:98.2:19.1
03-01 15:31:32| 28  22  13  31   0|5647M  206M   24M   14G|  80M  159M|8868  16.9k|1.00:23.7:89.3:81.4:24.1:89.6:20.2:20.1:85.2:88.8:20.2:82.6: 100:20.6:17.6:99.8:18.0
03-01 15:31:33| 24  20  15  36   0|5642M  261M   24M   14G|  69M  165M|7584  17.8k|0.10:17.8:85.0:81.3:17.4:87.7:25.9:25.9:81.8:87.3:20.5:82.4: 100:20.7:17.7: 100:17.9
03-01 15:31:34| 24  19  19  33   0|5638M  319M   24M   13G|  65M  168M|7362  18.7k|   0:19.9:86.6:80.9:20.3:84.7:17.6:17.2:79.1:88.4:14.7:83.8:98.9:15.3:24.4:99.0:24.0
03-01 15:31:35| 26  21  16  31   0|5641M  218M   24M   14G|  74M  162M|8152  17.7k|0.30:16.3:89.1:81.4:16.1:91.1:20.9:21.0:84.3:89.5:20.5:83.2:98.9:20.5:18.4:98.2:18.1
03-01 15:31:36| 29  22  13  32   0|5641M  255M   24M   14G|  81M  156M|8912  16.8k|0.20:20.9:86.1:79.3:20.9:88.3:25.2:24.7:80.5:87.4:19.2:82.5: 100:19.2:20.9: 100:21.3
03-01 15:31:37| 24  18  19  35   0|5645M  306M   24M   13G|  66M  173M|7311  18.9k|0.40:15.9:88.7:83.3:15.5:90.2:23.6:23.6:83.5:89.2:26.1:83.5:99.8:26.2:17.9:99.8:18.5
03-01 15:31:38| 26  21  15  33   0|5649M  206M   24M   14G|  73M  168M|8062  18.2k|0.20:22.0:91.8:84.3:22.0:88.9:19.9:20.3:83.1:92.9:21.9:84.0:99.4:21.6:19.0:98.8:19.1
03-01 15:31:39| 28  22  13  34   0|5646M  249M   24M   14G|  77M  158M|8602  16.9k|0.10:17.5: 100: 100:17.3:86.4:20.5:20.4:81.2:89.1:22.9:82.7:86.5:23.0:18.4:78.1:18.4
03-01 15:31:40| 21  28  14  33   0|5473M  478M   24M   13G|  61M  165M|6807  18.6k|0.46:23.6:99.0:99.0:24.0:86.1:13.9:14.2:77.9:86.2:17.1:78.4:83.0:17.1:22.7:75.3:22.9
03-01 15:31:41|  1  15  64  20   0|4691M 1259M   24M   13G| 130k  190M|13.0  23.9k|0.11:   0:89.4:88.9:   0:85.8:   0:   0:82.1:83.4:1.09:82.0:90.6:0.98:   0:86.9:   0
03-01 15:31:42|  0   1  77  22   0|4690M 1259M   24M   13G|   0   195M|   0  24.1k|0.40:   0:88.0:87.8:   0:93.0:   0:   0:90.3:83.2:   0:83.4:93.8:   0:   0:90.3:   0

```

---

## Command 10: mpstat

### Command
```bash
mpstat -P ALL 1 70
```

### Output
```
Linux 6.14.0-1018-aws (ip-10-0-1-227) 	01/03/26 	_aarch64_	(8 CPU)

15:30:38     CPU    %usr   %nice    %sys %iowait    %irq   %soft  %steal  %guest  %gnice   %idle
15:30:39     all    0.75    0.00    0.50    0.50    0.00    0.00    0.00    0.00    0.00   98.25
15:30:39       0    0.00    0.00    1.00    0.00    0.00    0.00    0.00    0.00    0.00   99.00
15:30:39       1    0.00    0.00    0.00    0.00    0.00    0.00    0.00    0.00    0.00  100.00
15:30:39       2    1.98    0.00    0.99    0.00    0.00    0.00    0.00    0.00    0.00   97.03
15:30:39       3    0.00    0.00    0.00    0.00    0.00    0.00    0.00    0.00    0.00  100.00
15:30:39       4    0.00    0.00    0.99    0.00    0.00    0.00    0.00    0.00    0.00   99.01
15:30:39       5    3.96    0.00    0.99    3.96    0.00    0.00    0.00    0.00    0.00   91.09
15:30:39       6    0.00    0.00    0.00    0.00    0.00    0.00    0.00    0.00    0.00  100.00
15:30:39       7    0.00    0.00    0.00    0.00    0.00    0.00    0.00    0.00    0.00  100.00

15:30:39     CPU    %usr   %nice    %sys %iowait    %irq   %soft  %steal  %guest  %gnice   %idle
15:30:40     all    0.25    0.00    0.37    0.12    0.00    0.00    0.00    0.00    0.00   99.25
15:30:40       0    1.98    0.00    0.99    0.00    0.00    0.00    0.00    0.00    0.00   97.03
15:30:40       1    0.00    0.00    1.00    0.00    0.00    0.00    0.00    0.00    0.00   99.00
15:30:40       2    0.00    0.00    0.00    1.00    0.00    0.00    0.00    0.00    0.00   99.00
15:30:40       3    0.00    0.00    0.00    0.00    0.00    0.00    0.00    0.00    0.00  100.00
15:30:40       4    0.00    0.00    0.00    0.00    0.00    0.00    0.00    0.00    0.00  100.00
15:30:40       5    0.00    0.00    0.00    0.00    0.00    0.00    0.00    0.00    0.00  100.00
15:30:40       6    0.00    0.00    0.00    0.00    0.00    0.00    0.00    0.00    0.00  100.00
15:30:40       7    0.00    0.00    0.99    0.00    0.00    0.00    0.00    0.00    0.00   99.01

15:30:40     CPU    %usr   %nice    %sys %iowait    %irq   %soft  %steal  %guest  %gnice   %idle
15:30:41     all   46.83    0.00   38.07    3.05    0.00    0.76    0.00    0.00    0.00   11.29
15:30:41       0   47.47    0.00   36.36    3.03    0.00    1.01    0.00    0.00    0.00   12.12
15:30:41       1   42.86    0.00   42.86    3.06    0.00    0.00    0.00    0.00    0.00   11.22
15:30:41       2   47.47    0.00   37.37    4.04    0.00    1.01    0.00    0.00    0.00   10.10
15:30:41       3   47.96    0.00   36.73    2.04    0.00    1.02    0.00    0.00    0.00   12.24
15:30:41       4   47.47    0.00   38.38    3.03    0.00    1.01    0.00    0.00    0.00   10.10
15:30:41       5   48.98    0.00   37.76    2.04    0.00    1.02    0.00    0.00    0.00   10.20
15:30:41       6   47.00    0.00   37.00    4.00    0.00    0.00    0.00    0.00    0.00   12.00
15:30:41       7   45.36    0.00   38.14    3.09    0.00    1.03    0.00    0.00    0.00   12.37

15:30:41     CPU    %usr   %nice    %sys %iowait    %irq   %soft  %steal  %guest  %gnice   %idle
15:30:42     all   50.51    0.00   38.07    3.55    0.00    0.63    0.00    0.00    0.00    7.23
15:30:42       0   51.52    0.00   35.35    3.03    0.00    2.02    0.00    0.00    0.00    8.08
15:30:42       1   49.00    0.00   38.00    4.00    0.00    1.00    0.00    0.00    0.00    8.00
15:30:42       2   51.04    0.00   38.54    3.12    0.00    1.04    0.00    0.00    0.00    6.25
15:30:42       3   49.49    0.00   39.39    4.04    0.00    0.00    0.00    0.00    0.00    7.07
15:30:42       4   50.51    0.00   39.39    3.03    0.00    0.00    0.00    0.00    0.00    7.07
15:30:42       5   51.02    0.00   37.76    4.08    0.00    0.00    0.00    0.00    0.00    7.14
15:30:42       6   50.51    0.00   38.38    3.03    0.00    1.01    0.00    0.00    0.00    7.07
15:30:42       7   51.02    0.00   37.76    4.08    0.00    0.00    0.00    0.00    0.00    7.14

15:30:42     CPU    %usr   %nice    %sys %iowait    %irq   %soft  %steal  %guest  %gnice   %idle
15:30:43     all   51.27    0.00   37.47    3.42    0.00    0.63    0.00    0.00    0.00    7.22
15:30:43       0   51.52    0.00   37.37    4.04    0.00    0.00    0.00    0.00    0.00    7.07
15:30:43       1   51.02    0.00   38.78    3.06    0.00    0.00    0.00    0.00    0.00    7.14
15:30:43       2   50.51    0.00   38.38    4.04    0.00    0.00    0.00    0.00    0.00    7.07
15:30:43       3   48.51    0.00   37.62    3.96    0.00    1.98    0.00    0.00    0.00    7.92
15:30:43       4   51.52    0.00   37.37    3.03    0.00    1.01    0.00    0.00    0.00    7.07
15:30:43       5   52.58    0.00   37.11    3.09    0.00    0.00    0.00    0.00    0.00    7.22
15:30:43       6   53.06    0.00   35.71    3.06    0.00    1.02    0.00    0.00    0.00    7.14
15:30:43       7   51.52    0.00   37.37    3.03    0.00    1.01    0.00    0.00    0.00    7.07

15:30:43     CPU    %usr   %nice    %sys %iowait    %irq   %soft  %steal  %guest  %gnice   %idle
15:30:44     all   50.95    0.00   37.29    3.67    0.00    0.76    0.00    0.00    0.00    7.33
15:30:44       0   50.00    0.00   37.76    4.08    0.00    1.02    0.00    0.00    0.00    7.14
15:30:44       1   48.48    0.00   39.39    4.04    0.00    1.01    0.00    0.00    0.00    7.07
15:30:44       2   51.00    0.00   37.00    3.00    0.00    1.00    0.00    0.00    0.00    8.00
15:30:44       3   52.04    0.00   37.76    4.08    0.00    0.00    0.00    0.00    0.00    6.12
15:30:44       4   51.00    0.00   37.00    3.00    0.00    1.00    0.00    0.00    0.00    8.00
15:30:44       5   51.00    0.00   36.00    4.00    0.00    1.00    0.00    0.00    0.00    8.00
15:30:44       6   53.06    0.00   35.71    4.08    0.00    0.00    0.00    0.00    0.00    7.14
15:30:44       7   51.02    0.00   37.76    3.06    0.00    1.02    0.00    0.00    0.00    7.14

15:30:44     CPU    %usr   %nice    %sys %iowait    %irq   %soft  %steal  %guest  %gnice   %idle
15:30:45     all   51.07    0.00   37.20    3.78    0.00    0.88    0.00    0.00    0.00    7.06
15:30:45       0   54.08    0.00   34.69    3.06    0.00    1.02    0.00    0.00    0.00    7.14
15:30:45       1   49.49    0.00   39.39    4.04    0.00    1.01    0.00    0.00    0.00    6.06
15:30:45       2   51.52    0.00   37.37    3.03    0.00    1.01    0.00    0.00    0.00    7.07
15:30:45       3   51.02    0.00   37.76    3.06    0.00    1.02    0.00    0.00    0.00    7.14
15:30:45       4   49.00    0.00   38.00    5.00    0.00    1.00    0.00    0.00    0.00    7.00
15:30:45       5   51.00    0.00   37.00    4.00    0.00    1.00    0.00    0.00    0.00    7.00
15:30:45       6   51.00    0.00   37.00    4.00    0.00    1.00    0.00    0.00    0.00    7.00
15:30:45       7   51.52    0.00   36.36    4.04    0.00    0.00    0.00    0.00    0.00    8.08

15:30:45     CPU    %usr   %nice    %sys %iowait    %irq   %soft  %steal  %guest  %gnice   %idle
15:30:46     all   51.52    0.00   38.23    3.54    0.00    1.01    0.00    0.00    0.00    5.70
15:30:46       0   49.00    0.00   39.00    5.00    0.00    2.00    0.00    0.00    0.00    5.00
15:30:46       1   54.08    0.00   35.71    4.08    0.00    1.02    0.00    0.00    0.00    5.10
15:30:46       2   50.52    0.00   41.24    3.09    0.00    0.00    0.00    0.00    0.00    5.15
15:30:46       3   50.98    0.00   37.25    3.92    0.00    0.98    0.00    0.00    0.00    6.86
15:30:46       4   46.94    0.00   42.86    3.06    0.00    1.02    0.00    0.00    0.00    6.12
15:30:46       5   53.06    0.00   37.76    3.06    0.00    1.02    0.00    0.00    0.00    5.10
15:30:46       6   56.12    0.00   33.67    3.06    0.00    1.02    0.00    0.00    0.00    6.12
15:30:46       7   51.52    0.00   38.38    3.03    0.00    1.01    0.00    0.00    0.00    6.06

15:30:46     CPU    %usr   %nice    %sys %iowait    %irq   %soft  %steal  %guest  %gnice   %idle
15:30:47     all   51.65    0.00   37.97    3.54    0.00    0.89    0.00    0.00    0.00    5.95
15:30:47       0   50.51    0.00   39.39    3.03    0.00    1.01    0.00    0.00    0.00    6.06
15:30:47       1   52.53    0.00   37.37    3.03    0.00    1.01    0.00    0.00    0.00    6.06
15:30:47       2   51.00    0.00   38.00    4.00    0.00    1.00    0.00    0.00    0.00    6.00
15:30:47       3   53.06    0.00   37.76    3.06    0.00    1.02    0.00    0.00    0.00    5.10
15:30:47       4   50.52    0.00   39.18    4.12    0.00    0.00    0.00    0.00    0.00    6.19
15:30:47       5   52.53    0.00   37.37    3.03    0.00    1.01    0.00    0.00    0.00    6.06
15:30:47       6   52.53    0.00   36.36    4.04    0.00    1.01    0.00    0.00    0.00    6.06
15:30:47       7   50.51    0.00   38.38    4.04    0.00    1.01    0.00    0.00    0.00    6.06

15:30:47     CPU    %usr   %nice    %sys %iowait    %irq   %soft  %steal  %guest  %gnice   %idle
15:30:48     all   51.71    0.00   38.02    3.55    0.00    0.63    0.00    0.00    0.00    6.08
15:30:48       0   51.02    0.00   38.78    3.06    0.00    1.02    0.00    0.00    0.00    6.12
15:30:48       1   51.52    0.00   37.37    4.04    0.00    1.01    0.00    0.00    0.00    6.06
15:30:48       2   52.00    0.00   39.00    3.00    0.00    0.00    0.00    0.00    0.00    6.00
15:30:48       3   52.04    0.00   38.78    3.06    0.00    0.00    0.00    0.00    0.00    6.12
15:30:48       4   50.51    0.00   38.38    4.04    0.00    1.01    0.00    0.00    0.00    6.06
15:30:48       5   52.04    0.00   37.76    4.08    0.00    0.00    0.00    0.00    0.00    6.12
15:30:48       6   52.53    0.00   36.36    4.04    0.00    1.01    0.00    0.00    0.00    6.06
15:30:48       7   52.04    0.00   37.76    3.06    0.00    1.02    0.00    0.00    0.00    6.12

15:30:48     CPU    %usr   %nice    %sys %iowait    %irq   %soft  %steal  %guest  %gnice   %idle
15:30:49     all   51.02    0.00   39.19    5.22    0.00    1.02    0.00    0.00    0.00    3.56
15:30:49       0   45.83    0.00   39.58    8.33    0.00    1.04    0.00    0.00    0.00    5.21
15:30:49       1   49.48    0.00   34.02    8.25    0.00    1.03    0.00    0.00    0.00    7.22
15:30:49       2   48.45    0.00   36.08    8.25    0.00    1.03    0.00    0.00    0.00    6.19
15:30:49       3   47.52    0.00   37.62    8.91    0.00    1.98    0.00    0.00    0.00    3.96
15:30:49       4   55.00    0.00   40.00    2.00    0.00    1.00    0.00    0.00    0.00    2.00
15:30:49       5   55.10    0.00   40.82    2.04    0.00    1.02    0.00    0.00    0.00    1.02
15:30:49       6   54.08    0.00   42.86    1.02    0.00    0.00    0.00    0.00    0.00    2.04
15:30:49       7   52.53    0.00   42.42    3.03    0.00    1.01    0.00    0.00    0.00    1.01

15:30:49     CPU    %usr   %nice    %sys %iowait    %irq   %soft  %steal  %guest  %gnice   %idle
15:30:50     all   47.63    0.00   37.48   11.17    0.00    0.77    0.00    0.00    0.00    2.95
15:30:50       0   44.33    0.00   39.18   11.34    0.00    1.03    0.00    0.00    0.00    4.12
15:30:50       1   47.42    0.00   35.05   12.37    0.00    1.03    0.00    0.00    0.00    4.12
15:30:50       2   45.92    0.00   35.71   13.27    0.00    1.02    0.00    0.00    0.00    4.08
15:30:50       3   47.37    0.00   37.89   11.58    0.00    0.00    0.00    0.00    0.00    3.16
15:30:50       4   51.04    0.00   37.50   10.42    0.00    0.00    0.00    0.00    0.00    1.04
15:30:50       5   49.00    0.00   37.00   10.00    0.00    1.00    0.00    0.00    0.00    3.00
15:30:50       6   48.00    0.00   37.00   11.00    0.00    2.00    0.00    0.00    0.00    2.00
15:30:50       7   47.92    0.00   40.62    9.38    0.00    0.00    0.00    0.00    0.00    2.08

15:30:50     CPU    %usr   %nice    %sys %iowait    %irq   %soft  %steal  %guest  %gnice   %idle
15:30:51     all   35.78    0.00   32.50   28.18    0.00    0.79    0.00    0.00    0.00    2.75
15:30:51       0   35.11    0.00   30.85   30.85    0.00    1.06    0.00    0.00    0.00    2.13
15:30:51       1   31.25    0.00   35.42   29.17    0.00    1.04    0.00    0.00    0.00    3.12
15:30:51       2   30.53    0.00   34.74   30.53    0.00    1.05    0.00    0.00    0.00    3.16
15:30:51       3   35.42    0.00   28.12   31.25    0.00    1.04    0.00    0.00    0.00    4.17
15:30:51       4   38.78    0.00   33.67   24.49    0.00    1.02    0.00    0.00    0.00    2.04
15:30:51       5   38.71    0.00   31.18   26.88    0.00    0.00    0.00    0.00    0.00    3.23
15:30:51       6   38.95    0.00   32.63   26.32    0.00    0.00    0.00    0.00    0.00    2.11
15:30:51       7   37.50    0.00   33.33   26.04    0.00    1.04    0.00    0.00    0.00    2.08

15:30:51     CPU    %usr   %nice    %sys %iowait    %irq   %soft  %steal  %guest  %gnice   %idle
15:30:52     all   36.97    0.00   30.59   29.52    0.00    0.66    0.00    0.00    0.00    2.26
15:30:52       0   37.50    0.00   31.25   29.17    0.00    0.00    0.00    0.00    0.00    2.08
15:30:52       1   36.56    0.00   31.18   29.03    0.00    0.00    0.00    0.00    0.00    3.23
15:30:52       2   37.89    0.00   30.53   28.42    0.00    0.00    0.00    0.00    0.00    3.16
15:30:52       3   38.71    0.00   30.11   29.03    0.00    1.08    0.00    0.00    0.00    1.08
15:30:52       4   36.84    0.00   30.53   29.47    0.00    1.05    0.00    0.00    0.00    2.11
15:30:52       5   35.79    0.00   30.53   30.53    0.00    1.05    0.00    0.00    0.00    2.11
15:30:52       6   34.78    0.00   31.52   30.43    0.00    1.09    0.00    0.00    0.00    2.17
15:30:52       7   37.63    0.00   29.03   30.11    0.00    1.08    0.00    0.00    0.00    2.15

15:30:52     CPU    %usr   %nice    %sys %iowait    %irq   %soft  %steal  %guest  %gnice   %idle
15:30:53     all   37.53    0.00   29.13   29.79    0.00    1.05    0.00    0.00    0.00    2.49
15:30:53       0   39.58    0.00   31.25   27.08    0.00    1.04    0.00    0.00    0.00    1.04
15:30:53       1   37.50    0.00   32.29   27.08    0.00    1.04    0.00    0.00    0.00    2.08
15:30:53       2   37.50    0.00   31.25   28.12    0.00    1.04    0.00    0.00    0.00    2.08
15:30:53       3   38.95    0.00   28.42   29.47    0.00    1.05    0.00    0.00    0.00    2.11
15:30:53       4   38.14    0.00   26.80   31.96    0.00    1.03    0.00    0.00    0.00    2.06
15:30:53       5   35.11    0.00   27.66   31.91    0.00    1.06    0.00    0.00    0.00    4.26
15:30:53       6   38.71    0.00   24.73   32.26    0.00    1.08    0.00    0.00    0.00    3.23
15:30:53       7   34.74    0.00   30.53   30.53    0.00    1.05    0.00    0.00    0.00    3.16

15:30:53     CPU    %usr   %nice    %sys %iowait    %irq   %soft  %steal  %guest  %gnice   %idle
15:30:54     all   37.04    0.00   31.28   26.57    0.00    0.92    0.00    0.00    0.00    4.19
15:30:54       0   39.58    0.00   28.12   26.04    0.00    0.00    0.00    0.00    0.00    6.25
15:30:54       1   35.87    0.00   30.43   29.35    0.00    0.00    0.00    0.00    0.00    4.35
15:30:54       2   32.65    0.00   33.67   28.57    0.00    1.02    0.00    0.00    0.00    4.08
15:30:54       3   33.33    0.00   34.38   26.04    0.00    1.04    0.00    0.00    0.00    5.21
15:30:54       4   40.43    0.00   29.79   25.53    0.00    1.06    0.00    0.00    0.00    3.19
15:30:54       5   37.89    0.00   31.58   26.32    0.00    1.05    0.00    0.00    0.00    3.16
15:30:54       6   38.54    0.00   30.21   25.00    0.00    2.08    0.00    0.00    0.00    4.17
15:30:54       7   38.14    0.00   31.96   25.77    0.00    1.03    0.00    0.00    0.00    3.09

15:30:54     CPU    %usr   %nice    %sys %iowait    %irq   %soft  %steal  %guest  %gnice   %idle
15:30:55     all   33.11    0.00   27.44   30.61    0.00    0.26    0.00    0.00    0.00    8.58
15:30:55       0   33.67    0.00   28.57   29.59    0.00    0.00    0.00    0.00    0.00    8.16
15:30:55       1   32.98    0.00   27.66   31.91    0.00    1.06    0.00    0.00    0.00    6.38
15:30:55       2   32.99    0.00   27.84   27.84    0.00    0.00    0.00    0.00    0.00   11.34
15:30:55       3   32.29    0.00   28.12   30.21    0.00    0.00    0.00    0.00    0.00    9.38
15:30:55       4   34.04    0.00   27.66   31.91    0.00    0.00    0.00    0.00    0.00    6.38
15:30:55       5   33.33    0.00   25.81   31.18    0.00    0.00    0.00    0.00    0.00    9.68
15:30:55       6   33.33    0.00   24.73   33.33    0.00    1.08    0.00    0.00    0.00    7.53
15:30:55       7   32.26    0.00   29.03   29.03    0.00    0.00    0.00    0.00    0.00    9.68

15:30:55     CPU    %usr   %nice    %sys %iowait    %irq   %soft  %steal  %guest  %gnice   %idle
15:30:56     all   31.11    0.00   26.54   32.94    0.00    0.78    0.00    0.00    0.00    8.63
15:30:56       0   32.63    0.00   26.32   35.79    0.00    1.05    0.00    0.00    0.00    4.21
15:30:56       1   28.87    0.00   29.90   31.96    0.00    1.03    0.00    0.00    0.00    8.25
15:30:56       2   30.93    0.00   27.84   32.99    0.00    1.03    0.00    0.00    0.00    7.22
15:30:56       3   32.29    0.00   26.04   31.25    0.00    1.04    0.00    0.00    0.00    9.38
15:30:56       4   30.93    0.00   25.77   31.96    0.00    1.03    0.00    0.00    0.00   10.31
15:30:56       5   30.53    0.00   25.26   31.58    0.00    1.05    0.00    0.00    0.00   11.58
15:30:56       6   32.26    0.00   23.66   33.33    0.00    0.00    0.00    0.00    0.00   10.75
15:30:56       7   30.53    0.00   27.37   34.74    0.00    0.00    0.00    0.00    0.00    7.37

15:30:56     CPU    %usr   %nice    %sys %iowait    %irq   %soft  %steal  %guest  %gnice   %idle
15:30:57     all   27.79    0.00   24.29   33.25    0.00    0.78    0.00    0.00    0.00   13.90
15:30:57       0   26.04    0.00   27.08   37.50    0.00    0.00    0.00    0.00    0.00    9.38
15:30:57       1   32.65    0.00   22.45   31.63    0.00    0.00    0.00    0.00    0.00   13.27
15:30:57       2   26.32    0.00   25.26   31.58    0.00    1.05    0.00    0.00    0.00   15.79
15:30:57       3   28.42    0.00   24.21   31.58    0.00    0.00    0.00    0.00    0.00   15.79
15:30:57       4   27.08    0.00   23.96   32.29    0.00    1.04    0.00    0.00    0.00   15.62
15:30:57       5   27.08    0.00   22.92   37.50    0.00    1.04    0.00    0.00    0.00   11.46
15:30:57       6   28.12    0.00   21.88   32.29    0.00    2.08    0.00    0.00    0.00   15.62
15:30:57       7   26.53    0.00   26.53   31.63    0.00    1.02    0.00    0.00    0.00   14.29

15:30:57     CPU    %usr   %nice    %sys %iowait    %irq   %soft  %steal  %guest  %gnice   %idle
15:30:58     all   28.20    0.00   22.51   35.71    0.00    0.39    0.00    0.00    0.00   13.20
15:30:58       0   26.32    0.00   23.16   33.68    0.00    1.05    0.00    0.00    0.00   15.79
15:30:58       1   26.32    0.00   22.11   42.11    0.00    1.05    0.00    0.00    0.00    8.42
15:30:58       2   27.84    0.00   22.68   30.93    0.00    0.00    0.00    0.00    0.00   18.56
15:30:58       3   25.51    0.00   24.49   38.78    0.00    1.02    0.00    0.00    0.00   10.20
15:30:58       4   29.17    0.00   22.92   43.75    0.00    0.00    0.00    0.00    0.00    4.17
15:30:58       5   29.59    0.00   22.45   35.71    0.00    0.00    0.00    0.00    0.00   12.24
15:30:58       6   28.12    0.00   22.92   33.33    0.00    0.00    0.00    0.00    0.00   15.62
15:30:58       7   32.65    0.00   19.39   27.55    0.00    0.00    0.00    0.00    0.00   20.41

15:30:58     CPU    %usr   %nice    %sys %iowait    %irq   %soft  %steal  %guest  %gnice   %idle
15:30:59     all   29.74    0.00   25.84   33.51    0.00    0.65    0.00    0.00    0.00   10.26
15:30:59       0   29.17    0.00   26.04   31.25    0.00    0.00    0.00    0.00    0.00   13.54
15:30:59       1   29.47    0.00   25.26   36.84    0.00    1.05    0.00    0.00    0.00    7.37
15:30:59       2   29.90    0.00   24.74   30.93    0.00    1.03    0.00    0.00    0.00   13.40
15:30:59       3   30.61    0.00   24.49   30.61    0.00    0.00    0.00    0.00    0.00   14.29
15:30:59       4   29.90    0.00   24.74   38.14    0.00    1.03    0.00    0.00    0.00    6.19
15:30:59       5   28.12    0.00   28.12   32.29    0.00    1.04    0.00    0.00    0.00   10.42
15:30:59       6   30.53    0.00   26.32   30.53    0.00    1.05    0.00    0.00    0.00   11.58
15:30:59       7   30.21    0.00   27.08   37.50    0.00    0.00    0.00    0.00    0.00    5.21

15:30:59     CPU    %usr   %nice    %sys %iowait    %irq   %soft  %steal  %guest  %gnice   %idle
15:31:00     all   30.77    0.00   26.60   35.33    0.00    0.39    0.00    0.00    0.00    6.91
15:31:00       0   30.21    0.00   28.12   38.54    0.00    0.00    0.00    0.00    0.00    3.12
15:31:00       1   30.53    0.00   27.37   33.68    0.00    0.00    0.00    0.00    0.00    8.42
15:31:00       2   31.96    0.00   24.74   35.05    0.00    1.03    0.00    0.00    0.00    7.22
15:31:00       3   31.58    0.00   25.26   34.74    0.00    0.00    0.00    0.00    0.00    8.42
15:31:00       4   32.99    0.00   25.77   30.93    0.00    0.00    0.00    0.00    0.00   10.31
15:31:00       5   30.85    0.00   24.47   39.36    0.00    0.00    0.00    0.00    0.00    5.32
15:31:00       6   29.59    0.00   28.57   32.65    0.00    1.02    0.00    0.00    0.00    8.16
15:31:00       7   28.42    0.00   28.42   37.89    0.00    1.05    0.00    0.00    0.00    4.21

15:31:00     CPU    %usr   %nice    %sys %iowait    %irq   %soft  %steal  %guest  %gnice   %idle
15:31:01     all   28.85    0.00   23.85   36.10    0.00    0.40    0.00    0.00    0.00   10.80
15:31:01       0   29.17    0.00   25.00   38.54    0.00    0.00    0.00    0.00    0.00    7.29
15:31:01       1   26.80    0.00   24.74   37.11    0.00    1.03    0.00    0.00    0.00   10.31
15:31:01       2   27.37    0.00   24.21   33.68    0.00    1.05    0.00    0.00    0.00   13.68
15:31:01       3   29.79    0.00   22.34   32.98    0.00    0.00    0.00    0.00    0.00   14.89
15:31:01       4   31.58    0.00   23.16   35.79    0.00    0.00    0.00    0.00    0.00    9.47
15:31:01       5   30.11    0.00   21.51   38.71    0.00    1.08    0.00    0.00    0.00    8.60
15:31:01       6   27.08    0.00   26.04   33.33    0.00    0.00    0.00    0.00    0.00   13.54
15:31:01       7   29.03    0.00   23.66   38.71    0.00    0.00    0.00    0.00    0.00    8.60

15:31:01     CPU    %usr   %nice    %sys %iowait    %irq   %soft  %steal  %guest  %gnice   %idle
15:31:02     all   22.29    0.00   18.77   36.11    0.00    0.52    0.00    0.00    0.00   22.29
15:31:02       0   22.68    0.00   18.56   30.93    0.00    1.03    0.00    0.00    0.00   26.80
15:31:02       1   23.40    0.00   17.02   48.94    0.00    0.00    0.00    0.00    0.00   10.64
15:31:02       2   23.16    0.00   16.84   27.37    0.00    0.00    0.00    0.00    0.00   32.63
15:31:02       3   21.28    0.00   20.21   32.98    0.00    1.06    0.00    0.00    0.00   24.47
15:31:02       4   21.65    0.00   20.62   36.08    0.00    0.00    0.00    0.00    0.00   21.65
15:31:02       5   24.21    0.00   16.84   42.11    0.00    0.00    0.00    0.00    0.00   16.84
15:31:02       6   21.43    0.00   19.39   32.65    0.00    1.02    0.00    0.00    0.00   25.51
15:31:02       7   20.62    0.00   20.62   38.14    0.00    1.03    0.00    0.00    0.00   19.59

15:31:02     CPU    %usr   %nice    %sys %iowait    %irq   %soft  %steal  %guest  %gnice   %idle
15:31:03     all   34.03    0.00   28.44   29.74    0.00    0.65    0.00    0.00    0.00    7.14
15:31:03       0   35.05    0.00   27.84   30.93    0.00    1.03    0.00    0.00    0.00    5.15
15:31:03       1   34.69    0.00   27.55   31.63    0.00    1.02    0.00    0.00    0.00    5.10
15:31:03       2   33.67    0.00   27.55   29.59    0.00    1.02    0.00    0.00    0.00    8.16
15:31:03       3   31.25    0.00   29.17   31.25    0.00    1.04    0.00    0.00    0.00    7.29
15:31:03       4   34.38    0.00   30.21   25.00    0.00    1.04    0.00    0.00    0.00    9.38
15:31:03       5   35.48    0.00   27.96   27.96    0.00    0.00    0.00    0.00    0.00    8.60
15:31:03       6   33.33    0.00   28.12   32.29    0.00    0.00    0.00    0.00    0.00    6.25
15:31:03       7   34.38    0.00   29.17   29.17    0.00    0.00    0.00    0.00    0.00    7.29

15:31:03     CPU    %usr   %nice    %sys %iowait    %irq   %soft  %steal  %guest  %gnice   %idle
15:31:04     all   22.32    0.00   19.45   41.78    0.00    0.26    0.00    0.00    0.00   16.19
15:31:04       0   23.16    0.00   18.95   42.11    0.00    0.00    0.00    0.00    0.00   15.79
15:31:04       1   23.47    0.00   19.39   46.94    0.00    0.00    0.00    0.00    0.00   10.20
15:31:04       2   21.28    0.00   19.15   42.55    0.00    0.00    0.00    0.00    0.00   17.02
15:31:04       3   22.11    0.00   20.00   37.89    0.00    0.00    0.00    0.00    0.00   20.00
15:31:04       4   22.34    0.00   21.28   47.87    0.00    0.00    0.00    0.00    0.00    8.51
15:31:04       5   21.43    0.00   20.41   36.73    0.00    0.00    0.00    0.00    0.00   21.43
15:31:04       6   22.11    0.00   16.84   44.21    0.00    1.05    0.00    0.00    0.00   15.79
15:31:04       7   22.68    0.00   19.59   36.08    0.00    1.03    0.00    0.00    0.00   20.62

15:31:04     CPU    %usr   %nice    %sys %iowait    %irq   %soft  %steal  %guest  %gnice   %idle
15:31:05     all   28.48    0.00   23.23   30.97    0.00    0.52    0.00    0.00    0.00   16.80
15:31:05       0   30.93    0.00   20.62   32.99    0.00    1.03    0.00    0.00    0.00   14.43
15:31:05       1   27.66    0.00   24.47   26.60    0.00    0.00    0.00    0.00    0.00   21.28
15:31:05       2   26.88    0.00   22.58   26.88    0.00    1.08    0.00    0.00    0.00   22.58
15:31:05       3   27.66    0.00   24.47   31.91    0.00    0.00    0.00    0.00    0.00   15.96
15:31:05       4   28.87    0.00   22.68   32.99    0.00    1.03    0.00    0.00    0.00   14.43
15:31:05       5   29.17    0.00   22.92   27.08    0.00    1.04    0.00    0.00    0.00   19.79
15:31:05       6   26.32    0.00   25.26   38.95    0.00    0.00    0.00    0.00    0.00    9.47
15:31:05       7   30.21    0.00   22.92   30.21    0.00    0.00    0.00    0.00    0.00   16.67

15:31:05     CPU    %usr   %nice    %sys %iowait    %irq   %soft  %steal  %guest  %gnice   %idle
15:31:06     all   26.70    0.00   21.99   34.42    0.00    0.26    0.00    0.00    0.00   16.62
15:31:06       0   27.66    0.00   22.34   27.66    0.00    0.00    0.00    0.00    0.00   22.34
15:31:06       1   29.17    0.00   20.83   32.29    0.00    0.00    0.00    0.00    0.00   17.71
15:31:06       2   27.08    0.00   21.88   38.54    0.00    0.00    0.00    0.00    0.00   12.50
15:31:06       3   27.84    0.00   20.62   29.90    0.00    1.03    0.00    0.00    0.00   20.62
15:31:06       4   27.17    0.00   21.74   41.30    0.00    0.00    0.00    0.00    0.00    9.78
15:31:06       5   26.80    0.00   21.65   29.90    0.00    0.00    0.00    0.00    0.00   21.65
15:31:06       6   23.71    0.00   23.71   39.18    0.00    1.03    0.00    0.00    0.00   12.37
15:31:06       7   24.21    0.00   23.16   36.84    0.00    0.00    0.00    0.00    0.00   15.79

15:31:06     CPU    %usr   %nice    %sys %iowait    %irq   %soft  %steal  %guest  %gnice   %idle
15:31:07     all   23.17    0.00   19.50   38.22    0.00    0.65    0.00    0.00    0.00   18.46
15:31:07       0   22.92    0.00   19.79   33.33    0.00    1.04    0.00    0.00    0.00   22.92
15:31:07       1   23.16    0.00   17.89   31.58    0.00    1.05    0.00    0.00    0.00   26.32
15:31:07       2   23.96    0.00   19.79   32.29    0.00    1.04    0.00    0.00    0.00   22.92
15:31:07       3   25.53    0.00   17.02   48.94    0.00    0.00    0.00    0.00    0.00    8.51
15:31:07       4   21.88    0.00   19.79   48.96    0.00    1.04    0.00    0.00    0.00    8.33
15:31:07       5   22.68    0.00   21.65   44.33    0.00    0.00    0.00    0.00    0.00   11.34
15:31:07       6   24.21    0.00   18.95   30.53    0.00    0.00    0.00    0.00    0.00   26.32
15:31:07       7   21.05    0.00   21.05   35.79    0.00    1.05    0.00    0.00    0.00   21.05

15:31:07     CPU    %usr   %nice    %sys %iowait    %irq   %soft  %steal  %guest  %gnice   %idle
15:31:08     all   28.89    0.00   21.84   32.89    0.00    0.40    0.00    0.00    0.00   15.98
15:31:08       0   28.42    0.00   23.16   30.53    0.00    0.00    0.00    0.00    0.00   17.89
15:31:08       1   30.85    0.00   21.28   40.43    0.00    0.00    0.00    0.00    0.00    7.45
15:31:08       2   27.96    0.00   21.51   35.48    0.00    0.00    0.00    0.00    0.00   15.05
15:31:08       3   27.66    0.00   23.40   27.66    0.00    1.06    0.00    0.00    0.00   20.21
15:31:08       4   28.26    0.00   22.83   35.87    0.00    0.00    0.00    0.00    0.00   13.04
15:31:08       5   31.18    0.00   19.35   35.48    0.00    1.08    0.00    0.00    0.00   12.90
15:31:08       6   29.17    0.00   20.83   26.04    0.00    1.04    0.00    0.00    0.00   22.92
15:31:08       7   27.66    0.00   22.34   31.91    0.00    0.00    0.00    0.00    0.00   18.09

15:31:08     CPU    %usr   %nice    %sys %iowait    %irq   %soft  %steal  %guest  %gnice   %idle
15:31:09     all   27.02    0.00   21.72   37.75    0.00    0.53    0.00    0.00    0.00   12.98
15:31:09       0   26.60    0.00   22.34   34.04    0.00    0.00    0.00    0.00    0.00   17.02
15:31:09       1   26.32    0.00   23.16   40.00    0.00    1.05    0.00    0.00    0.00    9.47
15:31:09       2   29.17    0.00   19.79   39.58    0.00    1.04    0.00    0.00    0.00   10.42
15:31:09       3   28.12    0.00   21.88   40.62    0.00    1.04    0.00    0.00    0.00    8.33
15:31:09       4   25.53    0.00   23.40   39.36    0.00    0.00    0.00    0.00    0.00   11.70
15:31:09       5   27.96    0.00   20.43   34.41    0.00    0.00    0.00    0.00    0.00   17.20
15:31:09       6   25.81    0.00   20.43   38.71    0.00    0.00    0.00    0.00    0.00   15.05
15:31:09       7   26.60    0.00   22.34   35.11    0.00    1.06    0.00    0.00    0.00   14.89

15:31:09     CPU    %usr   %nice    %sys %iowait    %irq   %soft  %steal  %guest  %gnice   %idle
15:31:10     all   27.74    0.00   22.19   32.63    0.00    0.66    0.00    0.00    0.00   16.78
15:31:10       0   29.17    0.00   22.92   34.38    0.00    1.04    0.00    0.00    0.00   12.50
15:31:10       1   26.60    0.00   23.40   34.04    0.00    1.06    0.00    0.00    0.00   14.89
15:31:10       2   27.17    0.00   22.83   27.17    0.00    0.00    0.00    0.00    0.00   22.83
15:31:10       3   28.26    0.00   21.74   40.22    0.00    0.00    0.00    0.00    0.00    9.78
15:31:10       4   26.60    0.00   20.21   36.17    0.00    1.06    0.00    0.00    0.00   15.96
15:31:10       5   28.87    0.00   21.65   30.93    0.00    1.03    0.00    0.00    0.00   17.53
15:31:10       6   26.80    0.00   23.71   26.80    0.00    1.03    0.00    0.00    0.00   21.65
15:31:10       7   28.42    0.00   21.05   31.58    0.00    0.00    0.00    0.00    0.00   18.95

15:31:10     CPU    %usr   %nice    %sys %iowait    %irq   %soft  %steal  %guest  %gnice   %idle
15:31:11     all   20.93    0.00   17.88   38.68    0.00    0.00    0.00    0.00    0.00   22.52
15:31:11       0   20.83    0.00   18.75   33.33    0.00    0.00    0.00    0.00    0.00   27.08
15:31:11       1   20.21    0.00   20.21   31.91    0.00    0.00    0.00    0.00    0.00   27.66
15:31:11       2   22.11    0.00   16.84   34.74    0.00    0.00    0.00    0.00    0.00   26.32
15:31:11       3   20.83    0.00   17.71   37.50    0.00    0.00    0.00    0.00    0.00   23.96
15:31:11       4   19.35    0.00   18.28   37.63    0.00    0.00    0.00    0.00    0.00   24.73
15:31:11       5   20.65    0.00   18.48   43.48    0.00    0.00    0.00    0.00    0.00   17.39
15:31:11       6   21.28    0.00   15.96   32.98    0.00    0.00    0.00    0.00    0.00   29.79
15:31:11       7   22.11    0.00   16.84   57.89    0.00    0.00    0.00    0.00    0.00    3.16

15:31:11     CPU    %usr   %nice    %sys %iowait    %irq   %soft  %steal  %guest  %gnice   %idle
15:31:12     all   28.01    0.00   22.12   32.72    0.00    0.52    0.00    0.00    0.00   16.62
15:31:12       0   27.84    0.00   24.74   29.90    0.00    1.03    0.00    0.00    0.00   16.49
15:31:12       1   28.72    0.00   22.34   31.91    0.00    0.00    0.00    0.00    0.00   17.02
15:31:12       2   29.47    0.00   20.00   40.00    0.00    1.05    0.00    0.00    0.00    9.47
15:31:12       3   30.53    0.00   20.00   27.37    0.00    1.05    0.00    0.00    0.00   21.05
15:31:12       4   26.04    0.00   22.92   35.42    0.00    0.00    0.00    0.00    0.00   15.62
15:31:12       5   27.55    0.00   22.45   29.59    0.00    1.02    0.00    0.00    0.00   19.39
15:31:12       6   27.08    0.00   21.88   34.38    0.00    0.00    0.00    0.00    0.00   16.67
15:31:12       7   26.88    0.00   22.58   33.33    0.00    0.00    0.00    0.00    0.00   17.20

15:31:12     CPU    %usr   %nice    %sys %iowait    %irq   %soft  %steal  %guest  %gnice   %idle
15:31:13     all   28.52    0.00   25.13   35.55    0.00    0.65    0.00    0.00    0.00   10.16
15:31:13       0   28.72    0.00   25.53   34.04    0.00    0.00    0.00    0.00    0.00   11.70
15:31:13       1   27.08    0.00   26.04   38.54    0.00    1.04    0.00    0.00    0.00    7.29
15:31:13       2   27.84    0.00   25.77   34.02    0.00    1.03    0.00    0.00    0.00   11.34
15:31:13       3   28.42    0.00   25.26   33.68    0.00    0.00    0.00    0.00    0.00   12.63
15:31:13       4   29.90    0.00   23.71   34.02    0.00    1.03    0.00    0.00    0.00   11.34
15:31:13       5   30.93    0.00   23.71   35.05    0.00    0.00    0.00    0.00    0.00   10.31
15:31:13       6   26.32    0.00   26.32   35.79    0.00    1.05    0.00    0.00    0.00   10.53
15:31:13       7   28.87    0.00   24.74   39.18    0.00    1.03    0.00    0.00    0.00    6.19

15:31:13     CPU    %usr   %nice    %sys %iowait    %irq   %soft  %steal  %guest  %gnice   %idle
15:31:14     all   23.68    0.00   19.44   37.43    0.00    0.40    0.00    0.00    0.00   19.05
15:31:14       0   24.21    0.00   20.00   34.74    0.00    0.00    0.00    0.00    0.00   21.05
15:31:14       1   25.00    0.00   18.75   37.50    0.00    1.04    0.00    0.00    0.00   17.71
15:31:14       2   24.47    0.00   19.15   30.85    0.00    0.00    0.00    0.00    0.00   25.53
15:31:14       3   26.32    0.00   16.84   42.11    0.00    1.05    0.00    0.00    0.00   13.68
15:31:14       4   23.16    0.00   20.00   36.84    0.00    0.00    0.00    0.00    0.00   20.00
15:31:14       5   21.28    0.00   22.34   46.81    0.00    1.06    0.00    0.00    0.00    8.51
15:31:14       6   23.40    0.00   18.09   36.17    0.00    0.00    0.00    0.00    0.00   22.34
15:31:14       7   21.51    0.00   20.43   34.41    0.00    0.00    0.00    0.00    0.00   23.66

15:31:14     CPU    %usr   %nice    %sys %iowait    %irq   %soft  %steal  %guest  %gnice   %idle
15:31:15     all   28.09    0.00   23.58   35.05    0.00    0.77    0.00    0.00    0.00   12.50
15:31:15       0   27.08    0.00   25.00   42.71    0.00    1.04    0.00    0.00    0.00    4.17
15:31:15       1   27.55    0.00   25.51   31.63    0.00    0.00    0.00    0.00    0.00   15.31
15:31:15       2   28.87    0.00   22.68   30.93    0.00    1.03    0.00    0.00    0.00   16.49
15:31:15       3   27.37    0.00   24.21   42.11    0.00    1.05    0.00    0.00    0.00    5.26
15:31:15       4   27.27    0.00   24.24   35.35    0.00    1.01    0.00    0.00    0.00   12.12
15:31:15       5   29.59    0.00   22.45   36.73    0.00    0.00    0.00    0.00    0.00   11.22
15:31:15       6   26.80    0.00   23.71   30.93    0.00    1.03    0.00    0.00    0.00   17.53
15:31:15       7   30.21    0.00   20.83   30.21    0.00    1.04    0.00    0.00    0.00   17.71

15:31:15     CPU    %usr   %nice    %sys %iowait    %irq   %soft  %steal  %guest  %gnice   %idle
15:31:16     all   27.51    0.00   22.43   33.51    0.00    0.26    0.00    0.00    0.00   16.30
15:31:16       0   29.17    0.00   21.88   30.21    0.00    0.00    0.00    0.00    0.00   18.75
15:31:16       1   28.87    0.00   20.62   27.84    0.00    1.03    0.00    0.00    0.00   21.65
15:31:16       2   30.21    0.00   19.79   43.75    0.00    1.04    0.00    0.00    0.00    5.21
15:31:16       3   28.12    0.00   22.92   37.50    0.00    0.00    0.00    0.00    0.00   11.46
15:31:16       4   26.32    0.00   24.21   34.74    0.00    0.00    0.00    0.00    0.00   14.74
15:31:16       5   26.32    0.00   23.16   31.58    0.00    0.00    0.00    0.00    0.00   18.95
15:31:16       6   25.53    0.00   22.34   31.91    0.00    0.00    0.00    0.00    0.00   20.21
15:31:16       7   25.51    0.00   24.49   30.61    0.00    0.00    0.00    0.00    0.00   19.39

15:31:16     CPU    %usr   %nice    %sys %iowait    %irq   %soft  %steal  %guest  %gnice   %idle
15:31:17     all   27.33    0.00   23.32   34.97    0.00    0.78    0.00    0.00    0.00   13.60
15:31:17       0   28.12    0.00   22.92   35.42    0.00    0.00    0.00    0.00    0.00   13.54
15:31:17       1   27.08    0.00   25.00   36.46    0.00    0.00    0.00    0.00    0.00   11.46
15:31:17       2   28.87    0.00   22.68   36.08    0.00    1.03    0.00    0.00    0.00   11.34
15:31:17       3   29.29    0.00   22.22   32.32    0.00    1.01    0.00    0.00    0.00   15.15
15:31:17       4   27.84    0.00   23.71   37.11    0.00    0.00    0.00    0.00    0.00   11.34
15:31:17       5   25.53    0.00   23.40   36.17    0.00    1.06    0.00    0.00    0.00   13.83
15:31:17       6   24.47    0.00   23.40   30.85    0.00    1.06    0.00    0.00    0.00   20.21
15:31:17       7   27.27    0.00   23.23   35.35    0.00    2.02    0.00    0.00    0.00   12.12

15:31:17     CPU    %usr   %nice    %sys %iowait    %irq   %soft  %steal  %guest  %gnice   %idle
15:31:18     all   25.75    0.00   22.88   37.12    0.00    0.13    0.00    0.00    0.00   14.12
15:31:18       0   24.21    0.00   25.26   42.11    0.00    0.00    0.00    0.00    0.00    8.42
15:31:18       1   26.04    0.00   21.88   42.71    0.00    1.04    0.00    0.00    0.00    8.33
15:31:18       2   24.74    0.00   22.68   32.99    0.00    0.00    0.00    0.00    0.00   19.59
15:31:18       3   25.53    0.00   23.40   39.36    0.00    0.00    0.00    0.00    0.00   11.70
15:31:18       4   25.26    0.00   22.11   32.63    0.00    0.00    0.00    0.00    0.00   20.00
15:31:18       5   27.84    0.00   22.68   29.90    0.00    0.00    0.00    0.00    0.00   19.59
15:31:18       6   27.08    0.00   21.88   31.25    0.00    0.00    0.00    0.00    0.00   19.79
15:31:18       7   25.26    0.00   23.16   46.32    0.00    0.00    0.00    0.00    0.00    5.26

15:31:18     CPU    %usr   %nice    %sys %iowait    %irq   %soft  %steal  %guest  %gnice   %idle
15:31:19     all   24.87    0.00   21.58   39.47    0.00    0.53    0.00    0.00    0.00   13.55
15:31:19       0   25.53    0.00   21.28   41.49    0.00    1.06    0.00    0.00    0.00   10.64
15:31:19       1   27.37    0.00   20.00   43.16    0.00    0.00    0.00    0.00    0.00    9.47
15:31:19       2   25.53    0.00   21.28   39.36    0.00    0.00    0.00    0.00    0.00   13.83
15:31:19       3   22.68    0.00   24.74   35.05    0.00    1.03    0.00    0.00    0.00   16.49
15:31:19       4   26.60    0.00   20.21   44.68    0.00    0.00    0.00    0.00    0.00    8.51
15:31:19       5   23.40    0.00   21.28   36.17    0.00    1.06    0.00    0.00    0.00   18.09
15:31:19       6   25.00    0.00   20.83   37.50    0.00    0.00    0.00    0.00    0.00   16.67
15:31:19       7   22.92    0.00   22.92   38.54    0.00    1.04    0.00    0.00    0.00   14.58

15:31:19     CPU    %usr   %nice    %sys %iowait    %irq   %soft  %steal  %guest  %gnice   %idle
15:31:20     all   26.24    0.00   21.29   41.50    0.00    0.27    0.00    0.00    0.00   10.71
15:31:20       0   26.32    0.00   22.11   44.21    0.00    0.00    0.00    0.00    0.00    7.37
15:31:20       1   26.60    0.00   21.28   37.23    0.00    0.00    0.00    0.00    0.00   14.89
15:31:20       2   24.21    0.00   23.16   44.21    0.00    1.05    0.00    0.00    0.00    7.37
15:31:20       3   28.26    0.00   20.65   44.57    0.00    0.00    0.00    0.00    0.00    6.52
15:31:20       4   27.66    0.00   19.15   39.36    0.00    1.06    0.00    0.00    0.00   12.77
15:31:20       5   26.37    0.00   19.78   41.76    0.00    0.00    0.00    0.00    0.00   12.09
15:31:20       6   25.81    0.00   21.51   39.78    0.00    0.00    0.00    0.00    0.00   12.90
15:31:20       7   24.73    0.00   22.58   40.86    0.00    0.00    0.00    0.00    0.00   11.83

15:31:20     CPU    %usr   %nice    %sys %iowait    %irq   %soft  %steal  %guest  %gnice   %idle
15:31:21     all   23.80    0.00   18.72   39.17    0.00    0.40    0.00    0.00    0.00   17.91
15:31:21       0   22.58    0.00   20.43   35.48    0.00    0.00    0.00    0.00    0.00   21.51
15:31:21       1   21.51    0.00   19.35   45.16    0.00    1.08    0.00    0.00    0.00   12.90
15:31:21       2   26.60    0.00   17.02   32.98    0.00    0.00    0.00    0.00    0.00   23.40
15:31:21       3   25.53    0.00   18.09   43.62    0.00    1.06    0.00    0.00    0.00   11.70
15:31:21       4   22.83    0.00   18.48   41.30    0.00    0.00    0.00    0.00    0.00   17.39
15:31:21       5   23.66    0.00   18.28   38.71    0.00    0.00    0.00    0.00    0.00   19.35
15:31:21       6   23.66    0.00   17.20   32.26    0.00    1.08    0.00    0.00    0.00   25.81
15:31:21       7   23.96    0.00   20.83   43.75    0.00    0.00    0.00    0.00    0.00   11.46

15:31:21     CPU    %usr   %nice    %sys %iowait    %irq   %soft  %steal  %guest  %gnice   %idle
15:31:22     all   30.00    0.00   24.61   34.34    0.00    0.53    0.00    0.00    0.00   10.53
15:31:22       0   31.91    0.00   24.47   32.98    0.00    1.06    0.00    0.00    0.00    9.57
15:31:22       1   31.58    0.00   23.16   31.58    0.00    0.00    0.00    0.00    0.00   13.68
15:31:22       2   31.25    0.00   23.96   32.29    0.00    1.04    0.00    0.00    0.00   11.46
15:31:22       3   30.21    0.00   27.08   38.54    0.00    0.00    0.00    0.00    0.00    4.17
15:31:22       4   30.21    0.00   22.92   32.29    0.00    1.04    0.00    0.00    0.00   13.54
15:31:22       5   28.72    0.00   26.60   32.98    0.00    0.00    0.00    0.00    0.00   11.70
15:31:22       6   29.17    0.00   23.96   36.46    0.00    0.00    0.00    0.00    0.00   10.42
15:31:22       7   26.88    0.00   24.73   37.63    0.00    1.08    0.00    0.00    0.00    9.68

15:31:22     CPU    %usr   %nice    %sys %iowait    %irq   %soft  %steal  %guest  %gnice   %idle
15:31:23     all   26.05    0.00   20.68   34.55    0.00    0.26    0.00    0.00    0.00   18.46
15:31:23       0   25.26    0.00   22.11   37.89    0.00    0.00    0.00    0.00    0.00   14.74
15:31:23       1   25.77    0.00   21.65   37.11    0.00    1.03    0.00    0.00    0.00   14.43
15:31:23       2   29.17    0.00   19.79   43.75    0.00    0.00    0.00    0.00    0.00    7.29
15:31:23       3   27.08    0.00   20.83   25.00    0.00    0.00    0.00    0.00    0.00   27.08
15:31:23       4   25.26    0.00   20.00   28.42    0.00    0.00    0.00    0.00    0.00   26.32
15:31:23       5   23.96    0.00   21.88   43.75    0.00    1.04    0.00    0.00    0.00    9.38
15:31:23       6   26.60    0.00   19.15   27.66    0.00    0.00    0.00    0.00    0.00   26.60
15:31:23       7   25.26    0.00   20.00   32.63    0.00    0.00    0.00    0.00    0.00   22.11

15:31:23     CPU    %usr   %nice    %sys %iowait    %irq   %soft  %steal  %guest  %gnice   %idle
15:31:24     all   27.43    0.00   22.83   33.20    0.00    0.66    0.00    0.00    0.00   15.88
15:31:24       0   28.12    0.00   22.92   32.29    0.00    1.04    0.00    0.00    0.00   15.62
15:31:24       1   27.66    0.00   24.47   36.17    0.00    0.00    0.00    0.00    0.00   11.70
15:31:24       2   28.12    0.00   22.92   27.08    0.00    1.04    0.00    0.00    0.00   20.83
15:31:24       3   29.90    0.00   22.68   34.02    0.00    1.03    0.00    0.00    0.00   12.37
15:31:24       4   26.32    0.00   22.11   36.84    0.00    0.00    0.00    0.00    0.00   14.74
15:31:24       5   26.04    0.00   23.96   31.25    0.00    1.04    0.00    0.00    0.00   17.71
15:31:24       6   26.60    0.00   21.28   30.85    0.00    0.00    0.00    0.00    0.00   21.28
15:31:24       7   26.60    0.00   22.34   37.23    0.00    1.06    0.00    0.00    0.00   12.77

15:31:24     CPU    %usr   %nice    %sys %iowait    %irq   %soft  %steal  %guest  %gnice   %idle
15:31:25     all   24.21    0.00   19.34   36.97    0.00    0.26    0.00    0.00    0.00   19.21
15:31:25       0   26.04    0.00   18.75   31.25    0.00    0.00    0.00    0.00    0.00   23.96
15:31:25       1   25.53    0.00   17.02   38.30    0.00    0.00    0.00    0.00    0.00   19.15
15:31:25       2   23.16    0.00   21.05   33.68    0.00    0.00    0.00    0.00    0.00   22.11
15:31:25       3   26.04    0.00   19.79   36.46    0.00    0.00    0.00    0.00    0.00   17.71
15:31:25       4   22.11    0.00   21.05   38.95    0.00    1.05    0.00    0.00    0.00   16.84
15:31:25       5   24.47    0.00   19.15   28.72    0.00    0.00    0.00    0.00    0.00   27.66
15:31:25       6   22.92    0.00   19.79   44.79    0.00    1.04    0.00    0.00    0.00   11.46
15:31:25       7   23.40    0.00   18.09   43.62    0.00    0.00    0.00    0.00    0.00   14.89

15:31:25     CPU    %usr   %nice    %sys %iowait    %irq   %soft  %steal  %guest  %gnice   %idle
15:31:26     all   24.47    0.00   20.00   36.18    0.00    0.26    0.00    0.00    0.00   19.08
15:31:26       0   23.66    0.00   20.43   31.18    0.00    0.00    0.00    0.00    0.00   24.73
15:31:26       1   23.66    0.00   20.43   45.16    0.00    0.00    0.00    0.00    0.00   10.75
15:31:26       2   24.47    0.00   21.28   27.66    0.00    0.00    0.00    0.00    0.00   26.60
15:31:26       3   25.77    0.00   19.59   30.93    0.00    0.00    0.00    0.00    0.00   23.71
15:31:26       4   23.71    0.00   19.59   48.45    0.00    1.03    0.00    0.00    0.00    7.22
15:31:26       5   25.26    0.00   18.95   35.79    0.00    0.00    0.00    0.00    0.00   20.00
15:31:26       6   24.21    0.00   20.00   32.63    0.00    0.00    0.00    0.00    0.00   23.16
15:31:26       7   25.00    0.00   19.79   37.50    0.00    1.04    0.00    0.00    0.00   16.67

15:31:26     CPU    %usr   %nice    %sys %iowait    %irq   %soft  %steal  %guest  %gnice   %idle
15:31:27     all   26.66    0.00   22.89   36.67    0.00    0.78    0.00    0.00    0.00   13.00
15:31:27       0   28.12    0.00   22.92   34.38    0.00    1.04    0.00    0.00    0.00   13.54
15:31:27       1   26.04    0.00   22.92   42.71    0.00    1.04    0.00    0.00    0.00    7.29
15:31:27       2   26.04    0.00   22.92   36.46    0.00    1.04    0.00    0.00    0.00   13.54
15:31:27       3   29.17    0.00   22.92   37.50    0.00    1.04    0.00    0.00    0.00    9.38
15:31:27       4   26.60    0.00   21.28   37.23    0.00    0.00    0.00    0.00    0.00   14.89
15:31:27       5   25.77    0.00   23.71   36.08    0.00    1.03    0.00    0.00    0.00   13.40
15:31:27       6   26.26    0.00   22.22   33.33    0.00    1.01    0.00    0.00    0.00   17.17
15:31:27       7   25.26    0.00   24.21   35.79    0.00    0.00    0.00    0.00    0.00   14.74

15:31:27     CPU    %usr   %nice    %sys %iowait    %irq   %soft  %steal  %guest  %gnice   %idle
15:31:28     all   25.72    0.00   20.21   37.27    0.00    0.26    0.00    0.00    0.00   16.54
15:31:28       0   27.08    0.00   19.79   30.21    0.00    0.00    0.00    0.00    0.00   22.92
15:31:28       1   26.60    0.00   20.21   38.30    0.00    0.00    0.00    0.00    0.00   14.89
15:31:28       2   26.04    0.00   21.88   32.29    0.00    0.00    0.00    0.00    0.00   19.79
15:31:28       3   26.32    0.00   21.05   42.11    0.00    0.00    0.00    0.00    0.00   10.53
15:31:28       4   25.26    0.00   20.00   43.16    0.00    1.05    0.00    0.00    0.00   10.53
15:31:28       5   25.81    0.00   18.28   36.56    0.00    0.00    0.00    0.00    0.00   19.35
15:31:28       6   23.96    0.00   20.83   37.50    0.00    0.00    0.00    0.00    0.00   17.71
15:31:28       7   24.74    0.00   19.59   38.14    0.00    1.03    0.00    0.00    0.00   16.49

15:31:28     CPU    %usr   %nice    %sys %iowait    %irq   %soft  %steal  %guest  %gnice   %idle
15:31:29     all   28.74    0.00   22.97   33.33    0.00    0.52    0.00    0.00    0.00   14.44
15:31:29       0   27.08    0.00   25.00   30.21    0.00    1.04    0.00    0.00    0.00   16.67
15:31:29       1   28.57    0.00   23.47   41.84    0.00    1.02    0.00    0.00    0.00    5.10
15:31:29       2   27.84    0.00   24.74   31.96    0.00    0.00    0.00    0.00    0.00   15.46
15:31:29       3   29.79    0.00   21.28   31.91    0.00    1.06    0.00    0.00    0.00   15.96
15:31:29       4   27.96    0.00   23.66   30.11    0.00    0.00    0.00    0.00    0.00   18.28
15:31:29       5   30.85    0.00   20.21   29.79    0.00    1.06    0.00    0.00    0.00   18.09
15:31:29       6   28.42    0.00   23.16   32.63    0.00    0.00    0.00    0.00    0.00   15.79
15:31:29       7   29.47    0.00   22.11   37.89    0.00    0.00    0.00    0.00    0.00   10.53

15:31:29     CPU    %usr   %nice    %sys %iowait    %irq   %soft  %steal  %guest  %gnice   %idle
15:31:30     all   23.45    0.00   20.82   36.76    0.00    0.66    0.00    0.00    0.00   18.31
15:31:30       0   23.66    0.00   20.43   31.18    0.00    0.00    0.00    0.00    0.00   24.73
15:31:30       1   24.73    0.00   21.51   45.16    0.00    0.00    0.00    0.00    0.00    8.60
15:31:30       2   22.11    0.00   21.05   31.58    0.00    1.05    0.00    0.00    0.00   24.21
15:31:30       3   23.00    0.00   23.00   28.00    0.00    1.00    0.00    0.00    0.00   25.00
15:31:30       4   24.74    0.00   19.59   31.96    0.00    1.03    0.00    0.00    0.00   22.68
15:31:30       5   22.34    0.00   20.21   50.00    0.00    1.06    0.00    0.00    0.00    6.38
15:31:30       6   24.47    0.00   19.15   31.91    0.00    1.06    0.00    0.00    0.00   23.40
15:31:30       7   22.58    0.00   21.51   45.16    0.00    0.00    0.00    0.00    0.00   10.75

15:31:30     CPU    %usr   %nice    %sys %iowait    %irq   %soft  %steal  %guest  %gnice   %idle
15:31:31     all   25.59    0.00   20.37   35.12    0.00    0.26    0.00    0.00    0.00   18.67
15:31:31       0   30.53    0.00   21.05   28.42    0.00    1.05    0.00    0.00    0.00   18.95
15:31:31       1   24.74    0.00   21.65   37.11    0.00    0.00    0.00    0.00    0.00   16.49
15:31:31       2   26.04    0.00   20.83   37.50    0.00    0.00    0.00    0.00    0.00   15.62
15:31:31       3   27.37    0.00   20.00   37.89    0.00    0.00    0.00    0.00    0.00   14.74
15:31:31       4   24.47    0.00   19.15   28.72    0.00    0.00    0.00    0.00    0.00   27.66
15:31:31       5   25.00    0.00   19.79   29.17    0.00    0.00    0.00    0.00    0.00   26.04
15:31:31       6   24.21    0.00   18.95   50.53    0.00    0.00    0.00    0.00    0.00    6.32
15:31:31       7   22.45    0.00   21.43   31.63    0.00    1.02    0.00    0.00    0.00   23.47

15:31:31     CPU    %usr   %nice    %sys %iowait    %irq   %soft  %steal  %guest  %gnice   %idle
15:31:32     all   29.13    0.00   23.88   32.68    0.00    0.39    0.00    0.00    0.00   13.91
15:31:32       0   30.11    0.00   24.73   27.96    0.00    0.00    0.00    0.00    0.00   17.20
15:31:32       1   29.47    0.00   24.21   37.89    0.00    1.05    0.00    0.00    0.00    7.37
15:31:32       2   27.08    0.00   25.00   27.08    0.00    1.04    0.00    0.00    0.00   19.79
15:31:32       3   31.96    0.00   21.65   32.99    0.00    0.00    0.00    0.00    0.00   13.40
15:31:32       4   26.80    0.00   24.74   30.93    0.00    1.03    0.00    0.00    0.00   16.49
15:31:32       5   28.72    0.00   23.40   30.85    0.00    0.00    0.00    0.00    0.00   17.02
15:31:32       6   28.12    0.00   25.00   40.62    0.00    0.00    0.00    0.00    0.00    6.25
15:31:32       7   30.85    0.00   22.34   32.98    0.00    0.00    0.00    0.00    0.00   13.83

15:31:32     CPU    %usr   %nice    %sys %iowait    %irq   %soft  %steal  %guest  %gnice   %idle
15:31:33     all   24.35    0.00   20.18   36.85    0.00    0.52    0.00    0.00    0.00   18.10
15:31:33       0   23.47    0.00   23.47   38.78    0.00    1.02    0.00    0.00    0.00   13.27
15:31:33       1   26.04    0.00   18.75   33.33    0.00    0.00    0.00    0.00    0.00   21.88
15:31:33       2   23.91    0.00   19.57   40.22    0.00    0.00    0.00    0.00    0.00   16.30
15:31:33       3   24.74    0.00   20.62   31.96    0.00    1.03    0.00    0.00    0.00   21.65
15:31:33       4   23.96    0.00   20.83   39.58    0.00    0.00    0.00    0.00    0.00   15.62
15:31:33       5   23.71    0.00   19.59   36.08    0.00    1.03    0.00    0.00    0.00   19.59
15:31:33       6   23.47    0.00   20.41   41.84    0.00    1.02    0.00    0.00    0.00   13.27
15:31:33       7   25.53    0.00   18.09   32.98    0.00    0.00    0.00    0.00    0.00   23.40

15:31:33     CPU    %usr   %nice    %sys %iowait    %irq   %soft  %steal  %guest  %gnice   %idle
15:31:34     all   24.77    0.00   19.66   34.21    0.00    0.79    0.00    0.00    0.00   20.58
15:31:34       0   25.53    0.00   19.15   29.79    0.00    0.00    0.00    0.00    0.00   25.53
15:31:34       1   26.04    0.00   17.71   31.25    0.00    1.04    0.00    0.00    0.00   23.96
15:31:34       2   24.49    0.00   21.43   30.61    0.00    1.02    0.00    0.00    0.00   22.45
15:31:34       3   25.00    0.00   20.83   35.42    0.00    1.04    0.00    0.00    0.00   17.71
15:31:34       4   24.47    0.00   19.15   31.91    0.00    1.06    0.00    0.00    0.00   23.40
15:31:34       5   26.60    0.00   19.15   34.04    0.00    0.00    0.00    0.00    0.00   20.21
15:31:34       6   24.21    0.00   17.89   42.11    0.00    1.05    0.00    0.00    0.00   14.74
15:31:34       7   21.88    0.00   21.88   38.54    0.00    1.04    0.00    0.00    0.00   16.67

15:31:34     CPU    %usr   %nice    %sys %iowait    %irq   %soft  %steal  %guest  %gnice   %idle
15:31:35     all   26.20    0.00   21.41   34.71    0.00    0.13    0.00    0.00    0.00   17.55
15:31:35       0   25.81    0.00   22.58   31.18    0.00    1.08    0.00    0.00    0.00   19.35
15:31:35       1   27.17    0.00   20.65   27.17    0.00    0.00    0.00    0.00    0.00   25.00
15:31:35       2   25.81    0.00   22.58   45.16    0.00    0.00    0.00    0.00    0.00    6.45
15:31:35       3   24.47    0.00   22.34   27.66    0.00    0.00    0.00    0.00    0.00   25.53
15:31:35       4   26.04    0.00   20.83   29.17    0.00    0.00    0.00    0.00    0.00   23.96
15:31:35       5   26.32    0.00   21.05   42.11    0.00    0.00    0.00    0.00    0.00   10.53
15:31:35       6   26.32    0.00   21.05   27.37    0.00    0.00    0.00    0.00    0.00   25.26
15:31:35       7   27.66    0.00   20.21   47.87    0.00    0.00    0.00    0.00    0.00    4.26

15:31:35     CPU    %usr   %nice    %sys %iowait    %irq   %soft  %steal  %guest  %gnice   %idle
15:31:36     all   30.94    0.00   24.67   31.85    0.00    0.52    0.00    0.00    0.00   12.01
15:31:36       0   31.25    0.00   25.00   29.17    0.00    0.00    0.00    0.00    0.00   14.58
15:31:36       1   31.58    0.00   24.21   30.53    0.00    0.00    0.00    0.00    0.00   13.68
15:31:36       2   33.33    0.00   23.96   33.33    0.00    0.00    0.00    0.00    0.00    9.38
15:31:36       3   33.33    0.00   23.96   32.29    0.00    0.00    0.00    0.00    0.00   10.42
15:31:36       4   29.47    0.00   26.32   30.53    0.00    1.05    0.00    0.00    0.00   12.63
15:31:36       5   31.63    0.00   24.49   29.59    0.00    1.02    0.00    0.00    0.00   13.27
15:31:36       6   28.42    0.00   24.21   37.89    0.00    1.05    0.00    0.00    0.00    8.42
15:31:36       7   28.42    0.00   25.26   31.58    0.00    1.05    0.00    0.00    0.00   13.68

15:31:36     CPU    %usr   %nice    %sys %iowait    %irq   %soft  %steal  %guest  %gnice   %idle
15:31:37     all   25.13    0.00   19.63   36.91    0.00    0.65    0.00    0.00    0.00   17.67
15:31:37       0   26.04    0.00   18.75   41.67    0.00    1.04    0.00    0.00    0.00   12.50
15:31:37       1   27.08    0.00   18.75   40.62    0.00    1.04    0.00    0.00    0.00   12.50
15:31:37       2   22.92    0.00   20.83   41.67    0.00    1.04    0.00    0.00    0.00   13.54
15:31:37       3   23.16    0.00   21.05   33.68    0.00    1.05    0.00    0.00    0.00   21.05
15:31:37       4   26.04    0.00   19.79   39.58    0.00    0.00    0.00    0.00    0.00   14.58
15:31:37       5   24.21    0.00   20.00   31.58    0.00    1.05    0.00    0.00    0.00   23.16
15:31:37       6   24.21    0.00   21.05   31.58    0.00    0.00    0.00    0.00    0.00   23.16
15:31:37       7   27.37    0.00   16.84   34.74    0.00    0.00    0.00    0.00    0.00   21.05

15:31:37     CPU    %usr   %nice    %sys %iowait    %irq   %soft  %steal  %guest  %gnice   %idle
15:31:38     all   25.98    0.00   20.89   35.25    0.00    0.26    0.00    0.00    0.00   17.62
15:31:38       0   26.32    0.00   20.00   37.89    0.00    0.00    0.00    0.00    0.00   15.79
15:31:38       1   26.80    0.00   21.65   34.02    0.00    0.00    0.00    0.00    0.00   17.53
15:31:38       2   27.37    0.00   18.95   35.79    0.00    1.05    0.00    0.00    0.00   16.84
15:31:38       3   24.74    0.00   22.68   34.02    0.00    0.00    0.00    0.00    0.00   18.56
15:31:38       4   25.00    0.00   21.88   45.83    0.00    0.00    0.00    0.00    0.00    7.29
15:31:38       5   27.08    0.00   20.83   29.17    0.00    0.00    0.00    0.00    0.00   22.92
15:31:38       6   26.32    0.00   20.00   31.58    0.00    0.00    0.00    0.00    0.00   22.11
15:31:38       7   24.21    0.00   21.05   33.68    0.00    1.05    0.00    0.00    0.00   20.00

15:31:38     CPU    %usr   %nice    %sys %iowait    %irq   %soft  %steal  %guest  %gnice   %idle
15:31:39     all   28.00    0.00   23.23   34.84    0.00    0.77    0.00    0.00    0.00   13.16
15:31:39       0   29.47    0.00   22.11   29.47    0.00    1.05    0.00    0.00    0.00   17.89
15:31:39       1   28.12    0.00   21.88   28.12    0.00    1.04    0.00    0.00    0.00   20.83
15:31:39       2   27.84    0.00   23.71   42.27    0.00    0.00    0.00    0.00    0.00    6.19
15:31:39       3   28.57    0.00   24.49   28.57    0.00    1.02    0.00    0.00    0.00   17.35
15:31:39       4   28.57    0.00   23.47   40.82    0.00    1.02    0.00    0.00    0.00    6.12
15:31:39       5   27.84    0.00   22.68   39.18    0.00    1.03    0.00    0.00    0.00    9.28
15:31:39       6   25.51    0.00   24.49   28.57    0.00    1.02    0.00    0.00    0.00   20.41
15:31:39       7   28.12    0.00   22.92   41.67    0.00    0.00    0.00    0.00    0.00    7.29

15:31:39     CPU    %usr   %nice    %sys %iowait    %irq   %soft  %steal  %guest  %gnice   %idle
15:31:40     all   23.78    0.00   20.76   38.50    0.00    0.79    0.00    0.00    0.00   16.16
15:31:40       0   25.53    0.00   20.21   37.23    0.00    0.00    0.00    0.00    0.00   17.02
15:31:40       1   23.96    0.00   20.83   40.62    0.00    1.04    0.00    0.00    0.00   13.54
15:31:40       2   25.00    0.00   19.79   40.62    0.00    1.04    0.00    0.00    0.00   13.54
15:31:40       3   23.40    0.00   20.21   37.23    0.00    1.06    0.00    0.00    0.00   18.09
15:31:40       4   22.11    0.00   21.05   47.37    0.00    1.05    0.00    0.00    0.00    8.42
15:31:40       5   23.71    0.00   22.68   30.93    0.00    1.03    0.00    0.00    0.00   21.65
15:31:40       6   23.16    0.00   20.00   36.84    0.00    1.05    0.00    0.00    0.00   18.95
15:31:40       7   23.40    0.00   21.28   37.23    0.00    0.00    0.00    0.00    0.00   18.09

15:31:40     CPU    %usr   %nice    %sys %iowait    %irq   %soft  %steal  %guest  %gnice   %idle
15:31:41     all    1.51    0.00   25.85   18.16    0.00    0.76    0.00    0.00    0.00   53.72
15:31:41       0    1.01    0.00   27.27   70.71    0.00    0.00    0.00    0.00    0.00    1.01
15:31:41       1    2.04    0.00   27.55    4.08    0.00    0.00    0.00    0.00    0.00   66.33
15:31:41       2    1.02    0.00   25.51    8.16    0.00    1.02    0.00    0.00    0.00   64.29
15:31:41       3    3.03    0.00   27.27   57.58    0.00    1.01    0.00    0.00    0.00   11.11
15:31:41       4    1.00    0.00   25.00    1.00    0.00    1.00    0.00    0.00    0.00   72.00
15:31:41       5    1.00    0.00   25.00    2.00    0.00    1.00    0.00    0.00    0.00   71.00
15:31:41       6    1.01    0.00   24.24    1.01    0.00    1.01    0.00    0.00    0.00   72.73
15:31:41       7    2.00    0.00   25.00    1.00    0.00    1.00    0.00    0.00    0.00   71.00

15:31:41     CPU    %usr   %nice    %sys %iowait    %irq   %soft  %steal  %guest  %gnice   %idle
15:31:42     all    0.13    0.00    1.01   22.54    0.00    0.00    0.00    0.00    0.00   76.32
15:31:42       0    0.00    0.00    1.01   86.87    0.00    0.00    0.00    0.00    0.00   12.12
15:31:42       1    0.00    0.00    0.00    1.00    0.00    0.00    0.00    0.00    0.00   99.00
15:31:42       2    0.00    0.00    1.00    0.00    0.00    0.00    0.00    0.00    0.00   99.00
15:31:42       3    0.00    0.00    2.06   64.95    0.00    0.00    0.00    0.00    0.00   32.99
15:31:42       4    1.02    0.00    2.04   29.59    0.00    0.00    0.00    0.00    0.00   67.35
15:31:42       5    0.00    0.00    1.00    0.00    0.00    0.00    0.00    0.00    0.00   99.00
15:31:42       6    0.00    0.00    1.00    0.00    0.00    0.00    0.00    0.00    0.00   99.00
15:31:42       7    0.00    0.00    0.00    0.00    0.00    0.00    0.00    0.00    0.00  100.00

```

---

## Command 11: pg_wait_events

### Command
```bash
bash -c 'for i in $(seq 1 70); do echo "=== $(date '"'"'+%H:%M:%S'"'"') ==="; sudo -u postgres psql -t -c "SELECT coalesce(wait_event_type,'"'"'CPU'"'"') as type, coalesce(wait_event,'"'"'Running'"'"') as event, count(*) as cnt FROM pg_stat_activity WHERE state='"'"'active'"'"' AND pid<>pg_backend_pid() GROUP BY 1,2 ORDER BY 3 DESC LIMIT 10"; sleep 1; done'
```

### Output
```
=== 15:30:38 ===

=== 15:30:39 ===

=== 15:30:40 ===
 LWLock | LockManager  |  80
 IO     | DataFileRead |   9
 IPC    | BufferIO     |   6
 CPU    | Running      |   5

=== 15:30:41 ===
 LWLock | WALWrite             |  41
 IO     | DataFileRead         |  14
 CPU    | Running              |  10
 IPC    | ProcArrayGroupUpdate |   5
 Client | ClientRead           |   4
 LWLock | WALInsert            |   3
 Lock   | transactionid        |   2
 IO     | WALSync              |   1
 LWLock | ProcArray            |   1

=== 15:30:42 ===
 LWLock | WALWrite      |  46
 CPU    | Running       |  11
 Lock   | transactionid |   5
 Client | ClientRead    |   4
 IO     | WALSync       |   1
 LWLock | BufferContent |   1
 LWLock | WALInsert     |   1
 IO     | DataFileRead  |   1

=== 15:30:43 ===
 LWLock | WALWrite      |  47
 IO     | DataFileRead  |  15
 CPU    | Running       |   8
 Client | ClientRead    |   5
 IO     | WALSync       |   1
 Lock   | transactionid |   1

=== 15:30:44 ===
 LWLock | WALInsert      |  20
 LWLock | WALWrite       |  19
 CPU    | Running        |   8
 IO     | DataFileRead   |   8
 Lock   | transactionid  |   3
 Lock   | extend         |   2
 Client | ClientRead     |   2
 IO     | WALSync        |   1
 IO     | DataFileExtend |   1

=== 15:30:45 ===
 LWLock | WALWrite      |  63
 IO     | DataFileRead  |   8
 CPU    | Running       |   6
 Lock   | transactionid |   4
 Client | ClientRead    |   2
 IO     | WALSync       |   1

=== 15:30:46 ===
 LWLock | WALWrite             |  53
 IO     | DataFileRead         |  11
 CPU    | Running              |   4
 Client | ClientRead           |   4
 LWLock | WALInsert            |   2
 IO     | WALSync              |   1
 IPC    | ProcArrayGroupUpdate |   1

=== 15:30:47 ===
 LWLock | WALWrite      |  80
 IO     | DataFileRead  |   5
 CPU    | Running       |   2
 Client | ClientRead    |   2
 Lock   | transactionid |   2
 IO     | WALSync       |   1

=== 15:30:48 ===
 LWLock | WALWrite      |  34
 IO     | DataFileRead  |  13
 Client | ClientRead    |   8
 IO     | DataFileWrite |   5
 CPU    | Running       |   1
 IO     | WALSync       |   1

=== 15:30:49 ===
 LWLock | WALWrite      |  56
 Client | ClientRead    |   7
 CPU    | Running       |   6
 Lock   | transactionid |   4
 IO     | DataFileRead  |   3
 IO     | DataFileWrite |   1
 IO     | WALSync       |   1

=== 15:30:50 ===
 IO     | DataFileWrite |  40
 IO     | DataFileRead  |  31
 LWLock | WALWrite      |  17
 CPU    | Running       |   2
 Client | ClientRead    |   1
 IO     | WALSync       |   1

=== 15:30:51 ===
 LWLock | WALWrite      |  32
 IO     | DataFileRead  |  25
 IO     | DataFileWrite |  17
 CPU    | Running       |  10
 Client | ClientRead    |   4
 Lock   | transactionid |   2
 IO     | WALSync       |   1

=== 15:30:52 ===
 LWLock | WALWrite      |  30
 IO     | DataFileRead  |  29
 IO     | DataFileWrite |  22
 Client | ClientRead    |   9
 CPU    | Running       |   5

=== 15:30:53 ===
 IO      | DataFileRead  |  28
 LWLock  | WALWrite      |  28
 IO      | DataFileWrite |  21
 Timeout | SpinDelay     |   5
 CPU     | Running       |   3
 Client  | ClientRead    |   3
 IO      | WALSync       |   1

=== 15:30:54 ===
 IO     | DataFileRead  |  36
 IO     | DataFileWrite |  27
 LWLock | WALWrite      |  23
 CPU    | Running       |   6
 Client | ClientRead    |   2
 Lock   | transactionid |   1

=== 15:30:55 ===
 IO     | DataFileRead  |  37
 LWLock | WALWrite      |  30
 IO     | DataFileWrite |  19
 CPU    | Running       |   1
 Client | ClientRead    |   1
 IO     | WALSync       |   1

=== 15:30:56 ===
 IO     | DataFileRead  |  38
 IO     | DataFileWrite |  35
 LWLock | WALWrite      |  16
 CPU    | Running       |   1
 IO     | WALSync       |   1
 Lock   | transactionid |   1

=== 15:30:57 ===
 IO     | DataFileRead  |  53
 IO     | DataFileWrite |  42
 CPU    | Running       |   1
 Client | ClientRead    |   1
 IO     | WALSync       |   1
 LWLock | WALWrite      |   1

=== 15:30:58 ===
 IO     | DataFileRead  |  36
 LWLock | WALWrite      |  34
 IO     | DataFileWrite |  24
 CPU    | Running       |   1
 Client | ClientRead    |   1
 IO     | WALSync       |   1

=== 15:30:59 ===
 IO     | DataFileWrite |  41
 IO     | DataFileRead  |  31
 LWLock | WALWrite      |  13
 CPU    | Running       |   3
 Client | ClientRead    |   3
 IO     | WALSync       |   1

=== 15:31:00 ===
 IO     | DataFileRead  |  48
 IO     | DataFileWrite |  44
 LWLock | WALWrite      |   4
 Client | ClientRead    |   2
 CPU    | Running       |   1
 Lock   | transactionid |   1

=== 15:31:01 ===
 IO   | DataFileWrite |  52
 IO   | DataFileRead  |  47
 IO   | WALSync       |   1

=== 15:31:02 ===
 IO     | DataFileRead  |  61
 IO     | DataFileWrite |  31
 LWLock | WALWrite      |   5
 CPU    | Running       |   2
 IO     | WALSync       |   1

=== 15:31:03 ===
 IO   | DataFileWrite |  52
 IO   | DataFileRead  |  48

=== 15:31:04 ===
 IO     | DataFileRead  |  80
 IO     | DataFileWrite |  12
 LWLock | WALWrite      |   6
 IO     | WALSync       |   1
 IPC    | BufferIO      |   1

=== 15:31:05 ===
 IO     | DataFileWrite |  27
 IO     | DataFileRead  |  23
 LWLock | WALWrite      |  19
 Client | ClientRead    |   3
 CPU    | Running       |   3
 IO     | WALSync       |   1
 Lock   | transactionid |   1

=== 15:31:07 ===
 IO     | DataFileRead  |  50
 IO     | DataFileWrite |  40
 LWLock | WALWrite      |   7
 IO     | WALSync       |   1

=== 15:31:08 ===
 IO     | DataFileRead  |  34
 IO     | DataFileWrite |  25
 LWLock | WALWrite      |  11
 Client | ClientRead    |   5
 CPU    | Running       |   1
 IO     | WALSync       |   1

=== 15:31:09 ===
 LWLock | WALWrite      |  30
 IO     | DataFileWrite |  12
 IO     | DataFileRead  |  11
 Client | ClientRead    |   8
 CPU    | Running       |   6
 IO     | WALSync       |   1

=== 15:31:10 ===
 IO     | DataFileWrite |  53
 IO     | DataFileRead  |  14
 LWLock | WALWrite      |  13
 Client | ClientRead    |   1
 CPU    | Running       |   1
 IO     | WALSync       |   1
 Lock   | transactionid |   1

=== 15:31:11 ===
 IO     | DataFileRead  |  26
 IO     | DataFileWrite |  23
 LWLock | WALWrite      |  21
 CPU    | Running       |   4

=== 15:31:12 ===
 LWLock | WALWrite      |  28
 IO     | DataFileRead  |  25
 IO     | DataFileWrite |  20
 CPU    | Running       |   4
 Client | ClientRead    |   3
 IO     | WALSync       |   1

=== 15:31:13 ===
 IO     | DataFileRead  |  33
 IO     | DataFileWrite |  22
 LWLock | WALWrite      |  22
 Client | ClientRead    |   8
 CPU    | Running       |   6

=== 15:31:14 ===
 IO     | DataFileRead  |  60
 LWLock | WALWrite      |  18
 CPU    | Running       |   4
 IO     | DataFileWrite |   4
 Client | ClientRead    |   1
 IO     | WALSync       |   1

=== 15:31:15 ===
 IO     | DataFileWrite |  36
 IO     | DataFileRead  |  35
 LWLock | WALWrite      |  12
 CPU    | Running       |   3
 Client | ClientRead    |   3
 IO     | WALSync       |   1

=== 15:31:16 ===
 IO     | DataFileRead  |  44
 IO     | DataFileWrite |  30
 LWLock | WALWrite      |  17
 CPU    | Running       |   2
 IO     | WALSync       |   1
 Lock   | transactionid |   1

=== 15:31:17 ===
 IO     | DataFileRead  |  47
 LWLock | WALWrite      |  22
 IO     | DataFileWrite |  19
 Lock   | tuple         |   2
 CPU    | Running       |   2
 IO     | WALSync       |   1
 Lock   | transactionid |   1

=== 15:31:18 ===
 IO     | DataFileRead  |  50
 IO     | DataFileWrite |  43
 LWLock | WALWrite      |   6
 IO     | WALSync       |   1

=== 15:31:19 ===
 IO     | DataFileWrite |  43
 IO     | DataFileRead  |  27
 LWLock | WALWrite      |  23
 CPU    | Running       |   1
 Client | ClientRead    |   1
 IO     | WALSync       |   1

=== 15:31:20 ===
 IO     | DataFileRead  |  28
 IO     | DataFileWrite |  27
 LWLock | WALWrite      |  23
 CPU    | Running       |   5
 Client | ClientRead    |   1
 IO     | WALSync       |   1
 Lock   | transactionid |   1

=== 15:31:21 ===
 IO     | DataFileWrite |  39
 IO     | DataFileRead  |  34
 LWLock | WALWrite      |  25
 CPU    | Running       |   2

=== 15:31:22 ===
 IO     | DataFileRead  |  38
 IO     | DataFileWrite |  32
 LWLock | WALWrite      |  11
 CPU    | Running       |   4
 Client | ClientRead    |   1
 IO     | WALSync       |   1

=== 15:31:23 ===
 IO     | DataFileWrite |  48
 IO     | DataFileRead  |  22
 LWLock | WALWrite      |  18
 Client | ClientRead    |   2
 CPU    | Running       |   2
 IO     | WALSync       |   1
 Lock   | transactionid |   1

=== 15:31:24 ===
 IO     | DataFileRead  |  62
 IO     | DataFileWrite |  34
 LWLock | WALWrite      |   3
 IO     | WALSync       |   1

=== 15:31:25 ===
 IO     | DataFileWrite |  42
 IO     | DataFileRead  |  32
 LWLock | WALWrite      |   7
 Client | ClientRead    |   3
 CPU    | Running       |   1
 IO     | WALSync       |   1

=== 15:31:26 ===
 IO     | DataFileRead  |  46
 IO     | DataFileWrite |  42
 LWLock | WALWrite      |  10
 IO     | SLRURead      |   1
 IO     | WALSync       |   1

=== 15:31:27 ===
 LWLock | WALWrite      |  28
 IO     | DataFileRead  |  23
 IO     | DataFileWrite |  20
 Client | ClientRead    |   3
 CPU    | Running       |   2
 IO     | WALSync       |   1

=== 15:31:28 ===
 IO     | DataFileWrite |  49
 IO     | DataFileRead  |  23
 LWLock | WALWrite      |  20
 Lock   | transactionid |   1
 CPU    | Running       |   1
 Lock   | tuple         |   1
 Client | ClientRead    |   1
 IO     | WALSync       |   1

=== 15:31:29 ===
 IO     | DataFileRead  |  49
 IO     | DataFileWrite |  46
 CPU    | Running       |   3
 IO     | WALSync       |   1
 LWLock | WALWrite      |   1

=== 15:31:30 ===
 IO     | DataFileWrite |  51
 IO     | DataFileRead  |  38
 LWLock | WALWrite      |  10
 IO     | WALSync       |   1

=== 15:31:31 ===
 IO     | DataFileRead  |  42
 IO     | DataFileWrite |  36
 LWLock | WALWrite      |  19
 CPU    | Running       |   1
 IO     | WALSync       |   1

=== 15:31:32 ===
 IO     | DataFileRead  |  42
 IO     | DataFileWrite |  39
 LWLock | WALWrite      |   5
 Client | ClientRead    |   3
 CPU    | Running       |   2

=== 15:31:33 ===
 IO     | DataFileRead  |  49
 IO     | DataFileWrite |  39
 LWLock | WALWrite      |   4
 Client | ClientRead    |   1
 IO     | WALSync       |   1

=== 15:31:34 ===
 IO     | DataFileWrite |  42
