# Benchmark: [POSTGRES DISK] pgbench TPC-B - PostgreSQL OLTP

**Date:** 2026-01-04 09:07:08
**Scenario:** PostgreSQL OLTP - 100 clients, TPC-B like workload with full monitoring

---

## Target Disk

| Property | Value |
|----------|-------|
| **Name** | **POSTGRES** |
| **Mount Point** | `/data,/wal` |
| **Device** | `/dev/md0,/dev/md1` |
| **Volumes** | `nvme1n1, nvme2n1, nvme3n1, nvme4n1, nvme5n1, nvme6n1, nvme7n1, nvme8n1, nvme9n1, nvme10n1, nvme11n1, nvme12n1, nvme13n1, nvme14n1, nvme15n1, nvme16n1, md0, md1` |

---

## System Configuration

```
=== INSTANCE ===

Linux ip-10-0-1-210 6.14.0-1018-aws #18~24.04.1-Ubuntu SMP Mon Nov 24 19:32:52 UTC 2025 aarch64 aarch64 aarch64 GNU/Linux
Architecture:                            aarch64
CPU(s):                                  8
Model name:                              Neoverse-V2
total        used        free      shared  buff/cache   available
Mem:            61Gi        22Gi        19Gi       2.4Mi        20Gi        39Gi
Swap:             0B          0B          0B

=== OS TUNING ===
vm.swappiness = 1
vm.dirty_ratio = 4
vm.dirty_background_ratio = 1
vm.dirty_expire_centisecs = 200
vm.dirty_writeback_centisecs = 100
always madvise [never]

=== NETWORK ===
net.core.somaxconn = 4096
net.core.rmem_max = 16777216
net.core.wmem_max = 16777216
net.ipv4.tcp_tw_reuse = 1
net.ipv4.tcp_fin_timeout = 15

=== DISK - RAID ===
Personalities : [raid10] 
md0 : active raid10 nvme7n1[2] nvme3n1[5] nvme5n1[1] nvme2n1[7] nvme8n1[0] nvme0n1[4] nvme6n1[3] nvme4n1[6]
      209580032 blocks super 1.2 64K chunks 2 near-copies [8/8] [UUUUUUUU]
      
md1 : active raid10 nvme12n1[0] nvme14n1[4] nvme16n1[5] nvme15n1[1] nvme10n1[3] nvme11n1[7] nvme9n1[6] nvme13n1[2]
      125759488 blocks super 1.2 256K chunks 2 near-copies [8/8] [UUUUUUUU]
      
unused devices: <none>
/dev/md0:
           Version : 1.2
     Creation Time : Sat Jan  3 08:26:08 2026
        Raid Level : raid10
        Array Size : 209580032 (199.87 GiB 214.61 GB)
     Used Dev Size : 52395008 (49.97 GiB 53.65 GB)
      Raid Devices : 8
     Total Devices : 8
       Persistence : Superblock is persistent

       Update Time : Sun Jan  4 09:04:50 2026
             State : clean 
    Active Devices : 8
   Working Devices : 8
    Failed Devices : 0
     Spare Devices : 0

            Layout : near=2
        Chunk Size : 64K

Consistency Policy : resync

              Name : ip-10-0-1-227:0
              UUID : ec94b08e:1ec1acd2:a24076ab:c0b61faa
            Events : 330

    Number   Major   Minor   RaidDevice State
       0     259       13        0      active sync set-A   /dev/nvme8n1
       1     259        5        1      active sync set-B   /dev/nvme5n1
       2     259       12        2      active sync set-A   /dev/nvme7n1
       3     259        6        3      active sync set-B   /dev/nvme6n1
       4     259        1        4      active sync set-A   /dev/nvme0n1
       5     259        2        5      active sync set-B   /dev/nvme3n1
       6     259        3        6      active sync set-A   /dev/nvme4n1
       7     259        4        7      active sync set-B   /dev/nvme2n1
/dev/md1:
           Version : 1.2
     Creation Time : Sat Jan  3 08:26:08 2026
        Raid Level : raid10
        Array Size : 125759488 (119.93 GiB 128.78 GB)
     Used Dev Size : 31439872 (29.98 GiB 32.19 GB)
      Raid Devices : 8
     Total Devices : 8
       Persistence : Superblock is persistent

       Update Time : Sun Jan  4 09:04:12 2026
             State : clean 
    Active Devices : 8
   Working Devices : 8
    Failed Devices : 0
     Spare Devices : 0

            Layout : near=2
        Chunk Size : 256K

Consistency Policy : resync

              Name : ip-10-0-1-227:1
              UUID : 4920b43f:4424608d:2e163255:f781c5ec
            Events : 19

    Number   Major   Minor   RaidDevice State
       0     259       11        0      active sync set-A   /dev/nvme12n1
       1     259       15        1      active sync set-B   /dev/nvme15n1
       2     259        7        2      active sync set-A   /dev/nvme13n1
       3     259        8        3      active sync set-B   /dev/nvme10n1
       4     259       10        4      active sync set-A   /dev/nvme14n1
       5     259       16        5      active sync set-B   /dev/nvme16n1
       6     259        9        6      active sync set-A   /dev/nvme9n1
       7     259       14        7      active sync set-B   /dev/nvme11n1

=== DISK - BLOCK TUNING ===
--- md0 ---
scheduler: 
read_ahead_kb: 512
nr_requests: 
--- md1 ---
scheduler: 
read_ahead_kb: 4096
nr_requests: 

=== DISK - MOUNT ===
/dev/md1 on /wal type xfs (rw,noatime,nodiratime,attr2,inode64,logbufs=8,logbsize=256k,sunit=512,swidth=2048,noquota)
/dev/md0 on /data type xfs (rw,noatime,nodiratime,attr2,inode64,allocsize=65536k,logbufs=8,logbsize=256k,sunit=128,swidth=512,noquota)
Filesystem      Size  Used Avail Use% Mounted on
/dev/md0        200G   41G  160G  21% /data
/dev/md1        120G   22G   99G  18% /wal

=== DISK - XFS ===
meta-data=/dev/md0               isize=512    agcount=16, agsize=3274688 blks
         =                       sectsz=4096  attr=2, projid32bit=1
         =                       crc=1        finobt=1, sparse=1, rmapbt=1
         =                       reflink=1    bigtime=1 inobtcount=1 nrext64=0
data     =                       bsize=4096   blocks=52395008, imaxpct=25
         =                       sunit=16     swidth=64 blks
naming   =version 2              bsize=4096   ascii-ci=0, ftype=1
log      =internal log           bsize=4096   blocks=25583, version=2
         =                       sectsz=4096  sunit=1 blks, lazy-count=1
realtime =none                   extsz=4096   blocks=0, rtextents=0
meta-data=/dev/md1               isize=512    agcount=8, agsize=3929984 blks
         =                       sectsz=4096  attr=2, projid32bit=1
         =                       crc=1        finobt=1, sparse=1, rmapbt=1
         =                       reflink=1    bigtime=1 inobtcount=1 nrext64=0
data     =                       bsize=4096   blocks=31439872, imaxpct=25
         =                       sunit=64     swidth=256 blks
naming   =version 2              bsize=4096   ascii-ci=0, ftype=1
log      =internal log           bsize=4096   blocks=16384, version=2
         =                       sectsz=4096  sunit=1 blks, lazy-count=1
realtime =none                   extsz=4096   blocks=0, rtextents=0
```

---

## Command 1: Begin:sysctl_swappiness

### Command
```bash
sysctl -w vm.swappiness=1
```

### Output
```
vm.swappiness = 1

```

---

## Command 2: Begin:sysctl_dirty_background

### Command
```bash
sysctl -w vm.dirty_background_ratio=1
```

### Output
```
vm.dirty_background_ratio = 1

```

---

## Command 3: Begin:sysctl_dirty_ratio

### Command
```bash
sysctl -w vm.dirty_ratio=4
```

### Output
```
vm.dirty_ratio = 4

```

---

## Command 4: Begin:sysctl_dirty_expire

### Command
```bash
sysctl -w vm.dirty_expire_centisecs=200
```

### Output
```
vm.dirty_expire_centisecs = 200

```

---

## Command 5: Begin:sysctl_dirty_writeback

### Command
```bash
sysctl -w vm.dirty_writeback_centisecs=100
```

### Output
```
vm.dirty_writeback_centisecs = 100

```

---

## Command 6: Begin:pg_stat_reset

### Command
```bash
sudo -u postgres psql -c 'SELECT pg_stat_reset(); SELECT pg_stat_reset_shared('"'"'bgwriter'"'"');'
```

### Output
```
 pg_stat_reset 
---------------
 
(1 row)

 pg_stat_reset_shared 
----------------------
 
(1 row)


```

---

## Command 7: pgbench

### Command
```bash
sudo -u postgres pgbench -c 100 -j 8 -T 60 -P 5 -b tpcb-like pgbench
```

### Output
```
pgbench (16.11 (Ubuntu 16.11-1.pgdg24.04+1))
transaction type: <builtin: TPC-B (sort of)>
scaling factor: 1250
query mode: simple
number of clients: 100
number of threads: 8
maximum number of tries: 1
duration: 60 s
number of transactions actually processed: 1168171
number of failed transactions: 0 (0.000%)
latency average = 5.131 ms
latency stddev = 1.307 ms
initial connection time = 38.423 ms
tps = 19474.159631 (without initial connection time)
starting vacuum...end.
progress: 5.0 s, 19075.7 tps, lat 5.197 ms stddev 1.368, 0 failed
progress: 10.0 s, 19381.9 tps, lat 5.158 ms stddev 1.308, 0 failed
progress: 15.0 s, 19388.7 tps, lat 5.155 ms stddev 1.328, 0 failed
progress: 20.0 s, 19424.6 tps, lat 5.146 ms stddev 1.303, 0 failed
progress: 25.0 s, 19493.9 tps, lat 5.127 ms stddev 1.299, 0 failed
progress: 30.0 s, 19473.4 tps, lat 5.132 ms stddev 1.290, 0 failed
progress: 35.0 s, 19551.1 tps, lat 5.115 ms stddev 1.298, 0 failed
progress: 40.0 s, 19467.0 tps, lat 5.133 ms stddev 1.311, 0 failed
progress: 45.0 s, 19405.7 tps, lat 5.149 ms stddev 1.311, 0 failed
progress: 50.0 s, 19513.1 tps, lat 5.123 ms stddev 1.295, 0 failed
progress: 55.0 s, 19723.4 tps, lat 5.067 ms stddev 1.265, 0 failed
progress: 60.0 s, 19716.5 tps, lat 5.070 ms stddev 1.288, 0 failed

```

---

## Command 8: meminfo

### Command
```bash
bash -c 'for i in $(seq 1 70); do date '"'"'+%H:%M:%S'"'"'; grep -E '"'"'Dirty|Writeback'"'"' /proc/meminfo; echo '"'"'---'"'"'; sleep 1; done'
```

### Output
```
09:06:04
Dirty:               356 kB
Writeback:             0 kB
WritebackTmp:          0 kB
---
09:06:05
Dirty:               568 kB
Writeback:             0 kB
WritebackTmp:          0 kB
---
09:06:06
Dirty:               180 kB
Writeback:             0 kB
WritebackTmp:          0 kB
---
09:06:07
Dirty:               548 kB
Writeback:            24 kB
WritebackTmp:          0 kB
---
09:06:08
Dirty:               756 kB
Writeback:           136 kB
WritebackTmp:          0 kB
---
09:06:09
Dirty:               596 kB
Writeback:             0 kB
WritebackTmp:          0 kB
---
09:06:10
Dirty:               380 kB
Writeback:            64 kB
WritebackTmp:          0 kB
---
09:06:11
Dirty:               484 kB
Writeback:             8 kB
WritebackTmp:          0 kB
---
09:06:12
Dirty:               352 kB
Writeback:            32 kB
WritebackTmp:          0 kB
---
09:06:13
Dirty:               428 kB
Writeback:            72 kB
WritebackTmp:          0 kB
---
09:06:14
Dirty:               560 kB
Writeback:            56 kB
WritebackTmp:          0 kB
---
09:06:15
Dirty:               332 kB
Writeback:           136 kB
WritebackTmp:          0 kB
---
09:06:16
Dirty:               372 kB
Writeback:             0 kB
WritebackTmp:          0 kB
---
09:06:17
Dirty:               424 kB
Writeback:            48 kB
WritebackTmp:          0 kB
---
09:06:18
Dirty:               296 kB
Writeback:             0 kB
WritebackTmp:          0 kB
---
09:06:19
Dirty:               420 kB
Writeback:           128 kB
WritebackTmp:          0 kB
---
09:06:20
Dirty:               584 kB
Writeback:             0 kB
WritebackTmp:          0 kB
---
09:06:21
Dirty:              1668 kB
Writeback:             8 kB
WritebackTmp:          0 kB
---
09:06:22
Dirty:               352 kB
Writeback:           248 kB
WritebackTmp:          0 kB
---
09:06:23
Dirty:               376 kB
Writeback:            48 kB
WritebackTmp:          0 kB
---
09:06:24
Dirty:               304 kB
Writeback:            24 kB
WritebackTmp:          0 kB
---
09:06:25
Dirty:               428 kB
Writeback:           192 kB
WritebackTmp:          0 kB
---
09:06:26
Dirty:              1004 kB
Writeback:            32 kB
WritebackTmp:          0 kB
---
09:06:27
Dirty:              1808 kB
Writeback:             0 kB
WritebackTmp:          0 kB
---
09:06:28
Dirty:               232 kB
Writeback:           168 kB
WritebackTmp:          0 kB
---
09:06:29
Dirty:               396 kB
Writeback:             0 kB
WritebackTmp:          0 kB
---
09:06:30
Dirty:               388 kB
Writeback:            16 kB
WritebackTmp:          0 kB
---
09:06:31
Dirty:               244 kB
Writeback:             0 kB
WritebackTmp:          0 kB
---
09:06:32
Dirty:               352 kB
Writeback:            32 kB
WritebackTmp:          0 kB
---
09:06:33
Dirty:               460 kB
Writeback:           152 kB
WritebackTmp:          0 kB
---
09:06:34
Dirty:               424 kB
Writeback:           104 kB
WritebackTmp:          0 kB
---
09:06:35
Dirty:               380 kB
Writeback:            88 kB
WritebackTmp:          0 kB
---
09:06:36
Dirty:               208 kB
Writeback:             0 kB
WritebackTmp:          0 kB
---
09:06:37
Dirty:               372 kB
Writeback:           328 kB
WritebackTmp:          0 kB
---
09:06:38
Dirty:               256 kB
Writeback:             0 kB
WritebackTmp:          0 kB
---
09:06:39
Dirty:               328 kB
Writeback:           464 kB
WritebackTmp:          0 kB
---
09:06:40
Dirty:               468 kB
Writeback:             8 kB
WritebackTmp:          0 kB
---
09:06:41
Dirty:               264 kB
Writeback:           160 kB
WritebackTmp:          0 kB
---
09:06:42
Dirty:              1232 kB
Writeback:           144 kB
WritebackTmp:          0 kB
---
09:06:43
Dirty:               360 kB
Writeback:             0 kB
WritebackTmp:          0 kB
---
09:06:44
Dirty:               384 kB
Writeback:            32 kB
WritebackTmp:          0 kB
---
09:06:45
Dirty:               136 kB
Writeback:             0 kB
WritebackTmp:          0 kB
---
09:06:46
Dirty:               440 kB
Writeback:             0 kB
WritebackTmp:          0 kB
---
09:06:47
Dirty:               328 kB
Writeback:            32 kB
WritebackTmp:          0 kB
---
09:06:48
Dirty:               308 kB
Writeback:            72 kB
WritebackTmp:          0 kB
---
09:06:49
Dirty:               384 kB
Writeback:             0 kB
WritebackTmp:          0 kB
---
09:06:50
Dirty:               364 kB
Writeback:           176 kB
WritebackTmp:          0 kB
---
09:06:51
Dirty:               424 kB
Writeback:           112 kB
WritebackTmp:          0 kB
---
09:06:52
Dirty:               152 kB
Writeback:             0 kB
WritebackTmp:          0 kB
---
09:06:53
Dirty:               400 kB
Writeback:           112 kB
WritebackTmp:          0 kB
---
09:06:54
Dirty:               384 kB
Writeback:             0 kB
WritebackTmp:          0 kB
---
09:06:55
Dirty:               176 kB
Writeback:            72 kB
WritebackTmp:          0 kB
---
09:06:56
Dirty:              1036 kB
Writeback:           320 kB
WritebackTmp:          0 kB
---
09:06:57
Dirty:               428 kB
Writeback:             0 kB
WritebackTmp:          0 kB
---
09:06:58
Dirty:               328 kB
Writeback:           104 kB
WritebackTmp:          0 kB
---
09:06:59
Dirty:               384 kB
Writeback:             0 kB
WritebackTmp:          0 kB
---
09:07:00
Dirty:               484 kB
Writeback:           264 kB
WritebackTmp:          0 kB
---
09:07:01
Dirty:                88 kB
Writeback:             0 kB
WritebackTmp:          0 kB
---
09:07:02
Dirty:               436 kB
Writeback:             8 kB
WritebackTmp:          0 kB
---
09:07:03
Dirty:               408 kB
Writeback:             0 kB
WritebackTmp:          0 kB
---
09:07:04
Dirty:               892 kB
Writeback:            32 kB
WritebackTmp:          0 kB
---
09:07:05
Dirty:               236 kB
Writeback:             0 kB
WritebackTmp:          0 kB
---
09:07:06
Dirty:               360 kB
Writeback:             8 kB
WritebackTmp:          0 kB
---
09:07:07
Dirty:               344 kB
Writeback:             0 kB
WritebackTmp:          0 kB
---

```

---

## Command 9: dstat

### Command
```bash
dstat -tcmdr --disk-util 1 70
```

### Output
```
----system---- ----total-usage---- ------memory-usage----- -dsk/total- --io/total- nvme nvme nvme nvme nvme nvme nvme nvme nvme nvme nvme nvme nvme nvme nvme nvme nvme
     time     |usr sys idl wai stl| used  free  buf   cach| read  writ| read  writ|util:util:util:util:util:util:util:util:util:util:util:util:util:util:util:util:util
04-01 09:06:04|                   |  22G   20G   46M   20G|           |           |    :    :    :    :    :    :    :    :    :    :    :    :    :    :    :    :    
04-01 09:06:05|  0   0 100   0   0|  22G   20G   46M   20G|   0     0 |   0     0 |   0:   0:   0:   0:   0:   0:   0:   0:   0:   0:   0:   0:   0:   0:   0:   0:   0
04-01 09:06:06|  1   1  98   0   0|  22G   20G   46M   20G|   0   480k|   0  47.0 |   0:1.00:   0:   0:   0:   0:   0:   0:   0:0.10:0.10:0.10:0.10:0.10:0.30:0.10:0.30
04-01 09:06:07| 56  35   7   1   0|  22G   20G   46M   20G|3060k   47M| 353  1406 |3.50:0.20:1.00:1.20:4.49:0.90:1.80:3.50:3.79:20.2:18.8:20.3:19.3:18.3:18.9:19.1:19.2
04-01 09:06:08| 58  35   6   0   0|  22G   20G   46M   20G|3161k   48M| 381  1424 |4.50:   0:1.60:1.20:3.50:1.80:1.80:4.80:5.10:19.1:19.1:19.1:19.4:19.0:20.4:19.8:20.7
04-01 09:06:09| 56  36   6   1   0|  22G   20G   46M   20G|3344k   49M| 412  1465 |4.10:0.20:1.40:1.60:4.30:1.60:1.70:4.30:4.20:19.7:19.6:19.8:19.2:19.3:19.6:19.5:19.4
04-01 09:06:10| 57  35   6   1   0|  22G   19G   46M   20G|3321k   50M| 408  1469 |4.89:   0:2.20:2.20:5.19:1.20:1.60:4.29:4.49:19.0:20.2:18.9:19.7:19.8:19.4:20.2:19.4
04-01 09:06:11| 58  34   7   1   0|  22G   19G   46M   20G|3620k   47M| 424  1412 |5.22:0.20:1.30:1.30:5.22:1.00:1.71:4.62:4.01:20.5:18.8:20.1:19.9:18.6:19.8:20.0:19.8
04-01 09:06:12| 57  34   7   1   0|  22G   19G   46M   20G|3392k   48M| 408  1424 |3.69:   0:1.90:1.20:4.89:2.09:2.00:5.79:4.69:19.4:19.7:19.5:18.9:19.5:20.4:19.1:19.8
04-01 09:06:13| 56  34   7   1   0|  22G   19G   46M   20G|2114k   47M| 265  1400 |2.60:0.10:0.80:1.00:2.40:1.40:0.70:3.70:3.70:19.4:18.9:19.6:20.5:18.7:19.1:20.2:19.2
04-01 09:06:14| 56  36   6   1   0|  22G   19G   46M   20G|3213k   48M| 381  1452 |4.51:0.10:1.90:2.00:4.21:0.90:1.10:3.20:3.30:18.9:20.1:18.9:19.5:19.4:20.1:18.8:20.0
04-01 09:06:15| 57  36   6   1   0|  22G   19G   46M   20G|2928k   47M| 358  1410 |4.49:   0:1.00:2.29:3.69:0.90:1.10:3.49:3.59:19.4:18.9:19.5:19.5:18.8:19.2:19.8:19.3
04-01 09:06:16| 58  34   6   1   0|  22G   19G   46M   20G|2521k   47M| 309  1456 |3.60:0.20:1.50:1.20:3.70:1.80:1.10:3.50:3.90:18.9:20.1:18.8:18.9:20.2:19.5:18.8:19.0
04-01 09:06:17| 56  35   7   1   0|  22G   19G   46M   20G|2890k   46M| 342  1413 |3.81:   0:1.80:1.40:4.81:1.20:1.50:4.01:3.41:19.1:19.2:19.2:19.4:18.9:18.7:19.4:18.9
04-01 09:06:18| 57  34   7   1   0|  22G   19G   46M   20G|2365k   47M| 293  1455 |3.80:0.20:1.40:1.70:3.80:1.10:1.30:3.70:3.80:19.3:18.0:19.1:20.0:18.3:19.4:19.5:18.9
04-01 09:06:19| 58  34   6   1   0|  22G   19G   46M   20G|2132k   47M| 262  1427 |3.09:   0:1.40:1.30:3.29:1.00:1.00:3.39:2.59:20.4:19.9:20.0:19.3:19.6:20.2:19.4:20.0
04-01 09:06:20| 57  35   6   1   0|  22G   19G   46M   20G|1810k   46M| 225  1525 |2.50:0.30:0.80:1.00:2.50:0.90:1.20:2.40:2.70:19.2:19.6:19.0:19.3:19.6:19.7:19.3:19.4
04-01 09:06:21| 58  34   6   1   0|  22G   19G   46M   20G|2402k   46M| 294  1421 |3.00:   0:1.00:1.10:3.70:1.10:1.00:2.70:3.20:20.1:18.6:19.8:19.7:18.6:19.6:19.6:19.4
04-01 09:06:22| 58  35   6   1   0|  22G   19G   46M   20G|1976k   50M| 246  1544 |3.40:0.20:1.20:1.40:3.80:0.70:1.10:3.20:2.70:18.0:19.6:18.0:19.1:19.8:20.6:19.5:20.7
04-01 09:06:23| 58  34   6   1   0|  22G   19G   46M   20G|2028k   47M| 251  1427 |2.79:   0:0.90:1.20:3.39:0.90:0.70:2.69:2.29:20.0:20.6:20.1:19.4:20.2:18.2:19.4:17.9
04-01 09:06:24| 58  34   6   1   0|  22G   19G   46M   20G|1612k   46M| 197  1460 |2.91:   0:1.10:1.40:3.21:1.00:0.70:2.51:2.31:19.9:18.2:20.0:18.8:18.2:19.0:18.9:18.9
04-01 09:06:25| 57  34   7   1   0|  22G   19G   46M   20G|1737k   44M| 219  1368 |2.00:   0:0.40:1.00:2.40:0.30:1.00:3.19:1.90:19.1:19.5:19.0:19.4:19.9:18.8:19.4:18.7
04-01 09:06:26| 58  34   6   1   0|  22G   19G   46M   20G|1471k   46M| 190  1469 |2.10:0.60:0.50:0.60:2.30:0.60:1.30:2.10:3.11:19.3:18.7:19.6:18.8:18.6:18.2:18.6:19.0
04-01 09:06:27| 58  34   6   1   0|  22G   19G   46M   20G|1818k   45M| 221  1429 |2.80:   0:1.20:0.80:3.40:0.40:0.80:2.80:2.20:18.9:20.2:18.8:18.7:20.5:19.0:18.9:19.1
04-01 09:06:28| 58  34   6   1   0|  22G   19G   46M   20G|1805k   50M| 224  1548 |2.90:0.30:1.20:0.80:3.50:0.70:1.30:3.50:3.30:20.1:18.2:20.2:20.3:18.5:19.4:20.6:19.3
04-01 09:06:29| 58  34   6   1   0|  22G   19G   46M   20G|1497k   46M| 189  1408 |2.69:   0:1.00:1.00:2.59:1.10:1.40:2.79:2.20:19.0:19.9:18.7:18.8:19.7:19.1:19.1:19.0
04-01 09:06:30| 59  34   6   1   0|  22G   19G   46M   20G|1721k   45M| 215  1445 |2.70:0.20:1.20:0.90:2.80:0.70:1.10:3.10:2.70:18.7:18.5:18.9:18.7:18.4:18.9:18.7:19.1
04-01 09:06:31| 57  36   7   1   0|  22G   19G   46M   20G|1559k   44M| 194  1409 |2.60:   0:0.50:0.90:2.40:0.60:1.10:3.41:1.90:18.9:19.1:18.3:19.2:19.0:19.4:18.9:19.2
04-01 09:06:32| 59  34   5   1   0|  22G   19G   46M   20G|1147k   44M| 143  1423 |2.30:0.50:0.30:0.50:1.40:0.50:0.30:2.00:1.20:19.1:19.3:19.0:19.4:19.4:19.2:19.6:18.8
04-01 09:06:33| 58  34   7   1   0|  22G   19G   46M   20G|1001k   43M| 122  1362 |1.30:   0:0.10:0.20:1.00:0.40:0.20:1.40:1.10:17.9:19.3:18.2:20.1:19.4:17.7:20.4:17.4
04-01 09:06:34| 58  35   6   0   0|  22G   19G   46M   20G|1431k   44M| 180  1449 |2.70:0.30:0.50:1.00:2.30:0.70:1.00:2.60:2.70:20.1:18.2:20.2:18.9:17.9:18.9:19.1:18.7
04-01 09:06:35| 58  35   6   1   0|  22G   19G   46M   20G|1476k   43M| 190  1404 |2.80:   0:0.60:0.90:1.90:0.90:0.60:2.90:2.00:19.7:20.6:19.9:17.9:20.4:20.2:18.3:19.6
04-01 09:06:36| 57  34   6   1   0|  22G   19G   46M   20G|1415k   43M| 181  1452 |2.40:0.20:0.90:0.60:2.00:0.60:0.80:1.90:1.90:18.5:20.3:18.7:18.9:19.9:19.1:19.2:19.2
04-01 09:06:37| 57  35   6   1   0|  22G   19G   46M   21G|1420k   43M| 177  1399 |1.70:   0:0.60:0.30:2.50:0.90:0.70:1.90:2.10:19.1:19.4:19.4:18.1:19.0:19.5:18.2:19.1
04-01 09:06:38| 59  34   6   1   0|  22G   19G   46M   21G| 872k   44M| 109  1442 |1.70:   0:0.80:0.80:1.70:1.10:0.70:2.40:2.00:19.1:19.9:18.9:19.7:19.7:18.7:19.9:18.9
04-01 09:06:39| 57  35   6   1   0|  22G   19G   46M   21G|1184k   43M| 148  1448 |2.20:0.50:0.30:0.60:1.80:0.50:0.70:1.60:1.50:18.2:19.1:18.5:18.8:19.1:20.3:19.2:20.1
04-01 09:06:40| 57  36   6   1   0|  22G   19G   46M   21G|1022k   44M| 129  1438 |1.40:0.10:0.60:0.80:1.90:0.50:0.40:1.90:1.80:20.8:18.6:20.7:17.9:18.5:19.0:18.2:18.9
04-01 09:06:41| 59  33   6   1   0|  22G   19G   46M   21G|1108k   43M| 142  1506 |1.71:0.60:0.50:0.40:1.71:0.70:0.60:1.50:2.21:19.2:19.0:19.2:18.5:18.8:18.8:18.4:18.9
04-01 09:06:42| 58  35   6   1   0|  22G   19G   46M   21G| 826k   42M| 107  1387 |0.90:0.10:0.30:0.20:1.00:0.10:0.40:1.40:0.50:19.4:19.0:19.6:18.6:18.9:18.3:18.2:18.3
04-01 09:06:43| 59  32   6   1   0|  22G   19G   46M   21G|1035k   45M| 120  1532 |2.00:0.20:0.60:0.70:1.40:0.60:0.90:1.60:1.80:18.3:19.8:18.2:18.3:20.0:19.3:18.6:19.2
04-01 09:06:44| 58  36   6   1   0|  22G   19G   46M   21G| 906k   42M| 116  1405 |1.50:   0:0.70:0.90:2.01:0.50:0.30:1.20:1.70:19.1:19.9:19.3:19.1:19.5:18.5:18.9:17.9
04-01 09:06:45| 59  35   5   1   0|  22G   19G   46M   21G| 781k   42M| 104  1446 |1.60:0.60:0.20:0.30:1.60:0.60:0.50:1.80:1.30:20.5:19.4:20.4:18.8:19.3:17.6:18.7:17.8
04-01 09:06:46| 59  34   6   1   0|  22G   19G   46M   21G|1000k   42M| 128  1403 |1.50:   0:0.90:0.60:1.90:7.50:0.70:1.90:2.00:19.8:18.4:19.2:18.8:18.8:19.6:18.8:20.0
04-01 09:06:47| 57  35   6   1   0|  22G   19G   46M   21G| 566k   41M|71.8  1411 |0.80:   0:0.10:0.10:1.00:1.89:0.60:1.00:1.50:18.6:19.1:18.4:18.3:19.4:18.8:18.6:18.7
04-01 09:06:48| 58  34   6   1   0|  22G   19G   46M   21G| 749k   44M|99.1  1492 |1.50:0.40:1.00:0.80:1.80:0.90:0.80:1.30:1.30:19.8:19.0:19.7:19.2:19.3:18.3:19.4:18.4
04-01 09:06:49| 58  34   6   1   0|  22G   19G   46M   21G| 774k   40M|97.8  1381 |1.40:   0:0.30:0.40:1.50:   0:0.50:0.60:1.50:18.6:18.3:18.8:18.1:18.2:19.5:18.2:19.1
04-01 09:06:50| 57  35   6   0   0|  22G   19G   46M   21G| 549k   42M|73.2  1483 |1.30:0.20:0.50:0.60:1.40:0.50:0.50:1.30:1.50:19.2:19.0:19.3:19.3:19.1:18.3:18.9:18.3
04-01 09:06:51| 58  35   6   1   0|  22G   19G   46M   21G| 525k   42M|73.1  1508 |1.00:   0:0.70:0.40:1.50:0.30:0.40:1.60:1.10:18.4:19.0:18.4:18.8:19.6:19.0:18.7:19.3
04-01 09:06:52| 59  34   6   1   0|  22G   19G   46M   21G| 624k   41M|84.0  1449 |1.30:0.10:0.70:0.60:1.70:0.70:0.50:1.20:1.20:18.4:19.4:18.1:19.0:19.1:18.4:18.7:18.1
04-01 09:06:53| 57  35   6   1   0|  22G   19G   46M   21G| 524k   42M|69.0  1461 |1.60:   0:0.40:1.10:1.90:0.40:0.60:0.80:1.30:18.9:18.2:18.8:19.2:18.5:19.8:19.3:19.7
04-01 09:06:54| 59  34   6   1   0|  22G   19G   46M   21G| 816k   42M| 108  1492 |2.50:0.50:0.70:1.20:1.80:0.50:0.40:1.50:1.70:19.4:19.5:19.5:18.9:19.6:18.6:18.7:18.6
04-01 09:06:55| 58  35   6   0   0|  22G   19G   46M   21G| 638k   41M|82.8  1426 |1.10:   0:0.40:0.40:0.90:0.30:0.40:0.90:1.20:18.9:19.9:18.5:18.7:20.2:18.0:18.7:17.9
04-01 09:06:56| 58  34   6   1   0|  22G   19G   46M   21G| 517k   40M|63.1  1399 |0.50:   0:0.40:0.30:0.80:   0:0.10:0.80:0.60:18.8:18.7:18.7:18.9:18.9:19.8:19.0:19.4
04-01 09:06:57| 59  34   6   1   0|  22G   19G   46M   21G| 533k   45M|68.1  1535 |1.30:0.60:0.50:0.50:1.20:0.30:0.60:1.00:1.00:18.9:18.4:19.2:18.7:18.4:18.6:18.7:18.3
04-01 09:06:58| 58  34   6   1   0|  22G   19G   46M   21G| 583k   40M|75.9  1409 |1.50:0.10:0.30:0.20:1.00:0.20:0.30:1.20:0.80:19.4:18.8:19.9:18.8:19.0:18.1:18.7:18.2
04-01 09:06:59| 58  35   6   0   0|  22G   19G   46M   21G| 481k   41M|62.1  1500 |0.80:0.40:0.30:0.60:1.10:0.20:0.20:0.70:0.90:18.9:18.8:19.0:19.4:18.6:18.4:19.2:18.4
04-01 09:07:00| 58  35   5   1   0|  22G   19G   46M   21G| 512k   40M|72.0  1413 |1.60:   0:0.30:   0:1.30:0.20:0.20:1.20:1.60:19.2:18.7:19.7:18.3:18.9:17.8:18.4:17.9
04-01 09:07:01| 58  35   6   1   0|  22G   19G   46M   21G| 436k   42M|61.0  1505 |1.40:0.20:0.60:0.60:1.10:0.50:0.50:1.70:1.40:20.0:18.1:19.6:18.3:18.7:18.4:18.4:18.2
04-01 09:07:02| 59  34   6   0   0|  22G   19G   46M   21G| 488k   40M|61.0  1414 |1.10:0.20:0.30:0.10:0.90:0.10:0.30:0.80:0.60:18.3:19.0:18.5:18.7:19.4:18.0:18.5:18.7
04-01 09:07:03| 58  35   6   1   0|  22G   19G   46M   21G| 391k   39M|48.9  1416 |0.80:   0:0.30:0.20:0.70:0.20:0.20:0.40:0.90:18.8:18.4:18.8:18.9:18.6:18.1:19.2:17.9
04-01 09:07:04| 59  34   6   1   0|  22G   18G   46M   21G| 384k   40M|49.0  1476 |0.90:0.20:0.20:0.30:1.00:   0:0.30:0.70:0.50:19.3:17.4:19.3:18.9:17.3:19.2:18.9:19.3
04-01 09:07:05| 58  35   6   1   0|  22G   18G   46M   21G| 380k   41M|51.0  1441 |1.10:   0:0.50:0.30:1.30:0.40:0.30:1.10:1.00:17.9:19.4:17.6:18.7:20.0:19.3:18.9:19.1
04-01 09:07:06| 57  36   6   1   0|  22G   19G   46M   21G| 448k   38M|58.5  1418 |1.09:0.10:0.40:   0:1.19:0.10:0.20:0.60:0.69:19.4:17.6:19.3:18.3:17.4:18.8:18.7:19.2
04-01 09:07:07|  0   1  99   0   0|  22G   19G   46M   21G|   0   105k|   0  52.6 |0.10:   0:   0:   0:0.10:   0:   0:   0:0.10:0.10:0.10:0.20:   0:   0:0.10:   0:0.20
04-01 09:07:08|  0   0 100   0   0|  22G   19G   46M   21G|   0   272k|   0  28.0 |0.10:   0:0.10:0.10:0.20:0.10:0.10:0.20:   0:   0:   0:   0:   0:   0:   0:   0:   0

```

---

## Command 10: mpstat

### Command
```bash
mpstat -P ALL 1 70
```

### Output
```
Linux 6.14.0-1018-aws (ip-10-0-1-210) 	01/04/26 	_aarch64_	(8 CPU)

09:06:04     CPU    %usr   %nice    %sys %iowait    %irq   %soft  %steal  %guest  %gnice   %idle
09:06:05     all    0.75    0.00    0.38    0.13    0.00    0.00    0.00    0.00    0.00   98.75
09:06:05       0    0.99    0.00    0.00    0.00    0.00    0.00    0.00    0.00    0.00   99.01
09:06:05       1    1.01    0.00    0.00    0.00    0.00    0.00    0.00    0.00    0.00   98.99
09:06:05       2    3.03    0.00    1.01    0.00    0.00    0.00    0.00    0.00    0.00   95.96
09:06:05       3    1.01    0.00    1.01    0.00    0.00    0.00    0.00    0.00    0.00   97.98
09:06:05       4    0.00    0.00    0.00    0.00    0.00    0.00    0.00    0.00    0.00  100.00
09:06:05       5    0.00    0.00    0.00    0.00    0.00    0.00    0.00    0.00    0.00  100.00
09:06:05       6    0.00    0.00    0.00    1.00    0.00    0.00    0.00    0.00    0.00   99.00
09:06:05       7    0.00    0.00    1.00    0.00    0.00    0.00    0.00    0.00    0.00   99.00

09:06:05     CPU    %usr   %nice    %sys %iowait    %irq   %soft  %steal  %guest  %gnice   %idle
09:06:06     all    0.25    0.00    0.12    0.12    0.00    0.00    0.00    0.00    0.00   99.50
09:06:06       0    0.00    0.00    0.00    0.00    0.00    0.00    0.00    0.00    0.00  100.00
09:06:06       1    0.00    0.00    1.00    0.00    0.00    0.00    0.00    0.00    0.00   99.00
09:06:06       2    2.00    0.00    0.00    0.00    0.00    0.00    0.00    0.00    0.00   98.00
09:06:06       3    0.00    0.00    0.00    0.00    0.00    0.00    0.00    0.00    0.00  100.00
09:06:06       4    0.00    0.00    0.00    0.00    0.00    0.00    0.00    0.00    0.00  100.00
09:06:06       5    0.00    0.00    0.00    0.00    0.00    0.00    0.00    0.00    0.00  100.00
09:06:06       6    0.00    0.00    0.00    0.00    0.00    0.00    0.00    0.00    0.00  100.00
09:06:06       7    0.00    0.00    0.00    1.00    0.00    0.00    0.00    0.00    0.00   99.00

09:06:06     CPU    %usr   %nice    %sys %iowait    %irq   %soft  %steal  %guest  %gnice   %idle
09:06:07     all   54.15    0.00   34.42    0.75    0.00    0.00    0.00    0.00    0.00   10.68
09:06:07       0   54.00    0.00   32.00    1.00    0.00    0.00    0.00    0.00    0.00   13.00
09:06:07       1   52.53    0.00   36.36    1.01    0.00    0.00    0.00    0.00    0.00   10.10
09:06:07       2   53.47    0.00   33.66    0.99    0.00    0.00    0.00    0.00    0.00   11.88
09:06:07       3   56.57    0.00   33.33    0.00    0.00    0.00    0.00    0.00    0.00   10.10
09:06:07       4   54.00    0.00   36.00    1.00    0.00    0.00    0.00    0.00    0.00    9.00
09:06:07       5   52.53    0.00   36.36    1.01    0.00    0.00    0.00    0.00    0.00   10.10
09:06:07       6   55.56    0.00   33.33    0.00    0.00    0.00    0.00    0.00    0.00   11.11
09:06:07       7   54.55    0.00   34.34    1.01    0.00    0.00    0.00    0.00    0.00   10.10

09:06:07     CPU    %usr   %nice    %sys %iowait    %irq   %soft  %steal  %guest  %gnice   %idle
09:06:08     all   57.91    0.00   34.92    0.50    0.00    0.00    0.00    0.00    0.00    6.66
09:06:08       0   58.59    0.00   35.35    0.00    0.00    0.00    0.00    0.00    0.00    6.06
09:06:08       1   58.00    0.00   35.00    0.00    0.00    0.00    0.00    0.00    0.00    7.00
09:06:08       2   58.59    0.00   34.34    1.01    0.00    0.00    0.00    0.00    0.00    6.06
09:06:08       3   56.44    0.00   36.63    0.99    0.00    0.00    0.00    0.00    0.00    5.94
09:06:08       4   58.00    0.00   35.00    0.00    0.00    0.00    0.00    0.00    0.00    7.00
09:06:08       5   58.76    0.00   32.99    0.00    0.00    0.00    0.00    0.00    0.00    8.25
09:06:08       6   57.00    0.00   35.00    1.00    0.00    0.00    0.00    0.00    0.00    7.00
09:06:08       7   58.00    0.00   35.00    1.00    0.00    0.00    0.00    0.00    0.00    6.00

09:06:08     CPU    %usr   %nice    %sys %iowait    %irq   %soft  %steal  %guest  %gnice   %idle
09:06:09     all   56.60    0.00   35.85    1.01    0.00    0.00    0.00    0.00    0.00    6.54
09:06:09       0   57.14    0.00   34.69    1.02    0.00    0.00    0.00    0.00    0.00    7.14
09:06:09       1   56.44    0.00   36.63    0.99    0.00    0.00    0.00    0.00    0.00    5.94
09:06:09       2   55.00    0.00   38.00    1.00    0.00    0.00    0.00    0.00    0.00    6.00
09:06:09       3   58.16    0.00   33.67    1.02    0.00    0.00    0.00    0.00    0.00    7.14
09:06:09       4   55.56    0.00   37.37    1.01    0.00    0.00    0.00    0.00    0.00    6.06
09:06:09       5   54.90    0.00   37.25    0.98    0.00    0.00    0.00    0.00    0.00    6.86
09:06:09       6   59.60    0.00   33.33    1.01    0.00    0.00    0.00    0.00    0.00    6.06
09:06:09       7   56.12    0.00   35.71    1.02    0.00    0.00    0.00    0.00    0.00    7.14

09:06:09     CPU    %usr   %nice    %sys %iowait    %irq   %soft  %steal  %guest  %gnice   %idle
09:06:10     all   58.13    0.00   34.93    0.63    0.00    0.00    0.00    0.00    0.00    6.31
09:06:10       0   58.00    0.00   35.00    1.00    0.00    0.00    0.00    0.00    0.00    6.00
09:06:10       1   61.22    0.00   31.63    0.00    0.00    0.00    0.00    0.00    0.00    7.14
09:06:10       2   59.18    0.00   33.67    1.02    0.00    0.00    0.00    0.00    0.00    6.12
09:06:10       3   58.59    0.00   34.34    1.01    0.00    0.00    0.00    0.00    0.00    6.06
09:06:10       4   59.00    0.00   34.00    1.00    0.00    0.00    0.00    0.00    0.00    6.00
09:06:10       5   56.12    0.00   36.73    0.00    0.00    0.00    0.00    0.00    0.00    7.14
09:06:10       6   56.00    0.00   37.00    1.00    0.00    0.00    0.00    0.00    0.00    6.00
09:06:10       7   57.00    0.00   37.00    0.00    0.00    0.00    0.00    0.00    0.00    6.00

09:06:10     CPU    %usr   %nice    %sys %iowait    %irq   %soft  %steal  %guest  %gnice   %idle
09:06:11     all   58.03    0.00   34.26    0.88    0.00    0.00    0.00    0.00    0.00    6.83
09:06:11       0   58.16    0.00   34.69    1.02    0.00    0.00    0.00    0.00    0.00    6.12
09:06:11       1   57.58    0.00   34.34    1.01    0.00    0.00    0.00    0.00    0.00    7.07
09:06:11       2   58.59    0.00   33.33    0.00    0.00    0.00    0.00    0.00    0.00    8.08
09:06:11       3   60.61    0.00   32.32    1.01    0.00    0.00    0.00    0.00    0.00    6.06
09:06:11       4   58.16    0.00   34.69    0.00    0.00    0.00    0.00    0.00    0.00    7.14
09:06:11       5   55.56    0.00   37.37    1.01    0.00    0.00    0.00    0.00    0.00    6.06
09:06:11       6   59.60    0.00   31.31    1.01    0.00    0.00    0.00    0.00    0.00    8.08
09:06:11       7   56.00    0.00   36.00    2.00    0.00    0.00    0.00    0.00    0.00    6.00

09:06:11     CPU    %usr   %nice    %sys %iowait    %irq   %soft  %steal  %guest  %gnice   %idle
09:06:12     all   57.74    0.00   34.47    0.75    0.00    0.00    0.00    0.00    0.00    7.04
09:06:12       0   56.57    0.00   35.35    1.01    0.00    0.00    0.00    0.00    0.00    7.07
09:06:12       1   57.00    0.00   36.00    1.00    0.00    0.00    0.00    0.00    0.00    6.00
09:06:12       2   57.58    0.00   35.35    1.01    0.00    0.00    0.00    0.00    0.00    6.06
09:06:12       3   56.12    0.00   35.71    0.00    0.00    0.00    0.00    0.00    0.00    8.16
09:06:12       4   58.42    0.00   33.66    0.99    0.00    0.00    0.00    0.00    0.00    6.93
09:06:12       5   56.44    0.00   34.65    0.99    0.00    0.00    0.00    0.00    0.00    7.92
09:06:12       6   59.60    0.00   32.32    1.01    0.00    0.00    0.00    0.00    0.00    7.07
09:06:12       7   60.20    0.00   32.65    0.00    0.00    0.00    0.00    0.00    0.00    7.14

09:06:12     CPU    %usr   %nice    %sys %iowait    %irq   %soft  %steal  %guest  %gnice   %idle
09:06:13     all   57.60    0.00   34.36    0.77    0.00    0.00    0.00    0.00    0.00    7.28
09:06:13       0   58.16    0.00   33.67    1.02    0.00    0.00    0.00    0.00    0.00    7.14
09:06:13       1   55.10    0.00   36.73    1.02    0.00    0.00    0.00    0.00    0.00    7.14
09:06:13       2   59.18    0.00   32.65    1.02    0.00    0.00    0.00    0.00    0.00    7.14
09:06:13       3   58.59    0.00   34.34    1.01    0.00    0.00    0.00    0.00    0.00    6.06
09:06:13       4   57.73    0.00   34.02    1.03    0.00    0.00    0.00    0.00    0.00    7.22
09:06:13       5   57.14    0.00   35.71    0.00    0.00    0.00    0.00    0.00    0.00    7.14
09:06:13       6   57.73    0.00   32.99    0.00    0.00    0.00    0.00    0.00    0.00    9.28
09:06:13       7   57.14    0.00   34.69    1.02    0.00    0.00    0.00    0.00    0.00    7.14

09:06:13     CPU    %usr   %nice    %sys %iowait    %irq   %soft  %steal  %guest  %gnice   %idle
09:06:14     all   56.48    0.00   36.23    1.13    0.00    0.00    0.00    0.00    0.00    6.16
09:06:14       0   55.56    0.00   37.37    1.01    0.00    0.00    0.00    0.00    0.00    6.06
09:06:14       1   56.12    0.00   36.73    1.02    0.00    0.00    0.00    0.00    0.00    6.12
09:06:14       2   57.00    0.00   36.00    1.00    0.00    0.00    0.00    0.00    0.00    6.00
09:06:14       3   56.57    0.00   35.35    1.01    0.00    0.00    0.00    0.00    0.00    7.07
09:06:14       4   57.00    0.00   36.00    1.00    0.00    0.00    0.00    0.00    0.00    6.00
09:06:14       5   55.56    0.00   37.37    1.01    0.00    0.00    0.00    0.00    0.00    6.06
09:06:14       6   57.00    0.00   35.00    2.00    0.00    0.00    0.00    0.00    0.00    6.00
09:06:14       7   57.00    0.00   36.00    1.00    0.00    0.00    0.00    0.00    0.00    6.00

09:06:14     CPU    %usr   %nice    %sys %iowait    %irq   %soft  %steal  %guest  %gnice   %idle
09:06:15     all   57.68    0.00   35.64    0.76    0.00    0.00    0.00    0.00    0.00    5.92
09:06:15       0   58.59    0.00   35.35    0.00    0.00    0.00    0.00    0.00    0.00    6.06
09:06:15       1   57.00    0.00   36.00    1.00    0.00    0.00    0.00    0.00    0.00    6.00
09:06:15       2   58.59    0.00   34.34    1.01    0.00    0.00    0.00    0.00    0.00    6.06
09:06:15       3   58.16    0.00   34.69    0.00    0.00    0.00    0.00    0.00    0.00    7.14
09:06:15       4   57.58    0.00   35.35    1.01    0.00    0.00    0.00    0.00    0.00    6.06
09:06:15       5   56.00    0.00   37.00    1.00    0.00    0.00    0.00    0.00    0.00    6.00
09:06:15       6   59.60    0.00   34.34    1.01    0.00    0.00    0.00    0.00    0.00    5.05
09:06:15       7   56.00    0.00   38.00    1.00    0.00    0.00    0.00    0.00    0.00    5.00

09:06:15     CPU    %usr   %nice    %sys %iowait    %irq   %soft  %steal  %guest  %gnice   %idle
09:06:16     all   58.05    0.00   34.98    0.51    0.00    0.00    0.00    0.00    0.00    6.46
09:06:16       0   55.56    0.00   37.37    1.01    0.00    0.00    0.00    0.00    0.00    6.06
09:06:16       1   59.60    0.00   33.33    1.01    0.00    0.00    0.00    0.00    0.00    6.06
09:06:16       2   55.56    0.00   37.37    0.00    0.00    0.00    0.00    0.00    0.00    7.07
09:06:16       3   58.16    0.00   34.69    1.02    0.00    0.00    0.00    0.00    0.00    6.12
09:06:16       4   58.16    0.00   34.69    0.00    0.00    0.00    0.00    0.00    0.00    7.14
09:06:16       5   59.18    0.00   34.69    0.00    0.00    0.00    0.00    0.00    0.00    6.12
09:06:16       6   57.58    0.00   35.35    0.00    0.00    0.00    0.00    0.00    0.00    7.07
09:06:16       7   60.61    0.00   32.32    1.01    0.00    0.00    0.00    0.00    0.00    6.06

09:06:16     CPU    %usr   %nice    %sys %iowait    %irq   %soft  %steal  %guest  %gnice   %idle
09:06:17     all   57.30    0.00   35.39    1.01    0.00    0.00    0.00    0.00    0.00    6.30
09:06:17       0   56.00    0.00   37.00    1.00    0.00    0.00    0.00    0.00    0.00    6.00
09:06:17       1   57.58    0.00   34.34    1.01    0.00    0.00    0.00    0.00    0.00    7.07
09:06:17       2   57.14    0.00   35.71    1.02    0.00    0.00    0.00    0.00    0.00    6.12
09:06:17       3   58.16    0.00   34.69    1.02    0.00    0.00    0.00    0.00    0.00    6.12
09:06:17       4   59.41    0.00   33.66    0.99    0.00    0.00    0.00    0.00    0.00    5.94
09:06:17       5   58.00    0.00   35.00    1.00    0.00    0.00    0.00    0.00    0.00    6.00
09:06:17       6   56.57    0.00   36.36    1.01    0.00    0.00    0.00    0.00    0.00    6.06
09:06:17       7   55.56    0.00   36.36    1.01    0.00    0.00    0.00    0.00    0.00    7.07

09:06:17     CPU    %usr   %nice    %sys %iowait    %irq   %soft  %steal  %guest  %gnice   %idle
09:06:18     all   57.54    0.00   34.85    0.63    0.00    0.00    0.00    0.00    0.00    6.97
09:06:18       0   56.57    0.00   35.35    0.00    0.00    0.00    0.00    0.00    0.00    8.08
09:06:18       1   56.57    0.00   35.35    1.01    0.00    0.00    0.00    0.00    0.00    7.07
09:06:18       2   57.58    0.00   34.34    1.01    0.00    0.00    0.00    0.00    0.00    7.07
09:06:18       3   57.58    0.00   34.34    0.00    0.00    0.00    0.00    0.00    0.00    8.08
09:06:18       4   58.76    0.00   34.02    1.03    0.00    0.00    0.00    0.00    0.00    6.19
09:06:18       5   56.12    0.00   36.73    1.02    0.00    0.00    0.00    0.00    0.00    6.12
09:06:18       6   58.59    0.00   33.33    1.01    0.00    0.00    0.00    0.00    0.00    7.07
09:06:18       7   58.59    0.00   35.35    0.00    0.00    0.00    0.00    0.00    0.00    6.06

09:06:18     CPU    %usr   %nice    %sys %iowait    %irq   %soft  %steal  %guest  %gnice   %idle
09:06:19     all   58.42    0.00   34.67    1.01    0.00    0.00    0.00    0.00    0.00    5.90
09:06:19       0   57.43    0.00   34.65    0.99    0.00    0.00    0.00    0.00    0.00    6.93
09:06:19       1   58.59    0.00   34.34    1.01    0.00    0.00    0.00    0.00    0.00    6.06
09:06:19       2   59.00    0.00   34.00    1.00    0.00    0.00    0.00    0.00    0.00    6.00
09:06:19       3   59.18    0.00   34.69    1.02    0.00    0.00    0.00    0.00    0.00    5.10
09:06:19       4   61.62    0.00   31.31    1.01    0.00    0.00    0.00    0.00    0.00    6.06
09:06:19       5   57.00    0.00   36.00    1.00    0.00    0.00    0.00    0.00    0.00    6.00
09:06:19       6   57.00    0.00   37.00    1.00    0.00    0.00    0.00    0.00    0.00    5.00
09:06:19       7   57.58    0.00   35.35    1.01    0.00    0.00    0.00    0.00    0.00    6.06

09:06:19     CPU    %usr   %nice    %sys %iowait    %irq   %soft  %steal  %guest  %gnice   %idle
09:06:20     all   57.58    0.00   35.10    0.88    0.00    0.00    0.00    0.00    0.00    6.44
09:06:20       0   57.58    0.00   35.35    1.01    0.00    0.00    0.00    0.00    0.00    6.06
09:06:20       1   58.59    0.00   33.33    1.01    0.00    0.00    0.00    0.00    0.00    7.07
09:06:20       2   58.00    0.00   36.00    0.00    0.00    0.00    0.00    0.00    0.00    6.00
09:06:20       3   57.00    0.00   35.00    1.00    0.00    0.00    0.00    0.00    0.00    7.00
09:06:20       4   57.58    0.00   35.35    1.01    0.00    0.00    0.00    0.00    0.00    6.06
09:06:20       5   56.12    0.00   36.73    1.02    0.00    0.00    0.00    0.00    0.00    6.12
09:06:20       6   58.16    0.00   33.67    1.02    0.00    0.00    0.00    0.00    0.00    7.14
09:06:20       7   57.58    0.00   35.35    1.01    0.00    0.00    0.00    0.00    0.00    6.06

09:06:20     CPU    %usr   %nice    %sys %iowait    %irq   %soft  %steal  %guest  %gnice   %idle
09:06:21     all   58.54    0.00   34.55    0.63    0.00    0.00    0.00    0.00    0.00    6.28
09:06:21       0   60.00    0.00   34.00    0.00    0.00    0.00    0.00    0.00    0.00    6.00
09:06:21       1   57.14    0.00   36.73    0.00    0.00    0.00    0.00    0.00    0.00    6.12
09:06:21       2   61.22    0.00   31.63    1.02    0.00    0.00    0.00    0.00    0.00    6.12
09:06:21       3   57.00    0.00   35.00    1.00    0.00    0.00    0.00    0.00    0.00    7.00
09:06:21       4   58.00    0.00   35.00    1.00    0.00    0.00    0.00    0.00    0.00    6.00
09:06:21       5   57.00    0.00   36.00    1.00    0.00    0.00    0.00    0.00    0.00    6.00
09:06:21       6   60.00    0.00   33.00    0.00    0.00    0.00    0.00    0.00    0.00    7.00
09:06:21       7   58.00    0.00   35.00    1.00    0.00    0.00    0.00    0.00    0.00    6.00

09:06:21     CPU    %usr   %nice    %sys %iowait    %irq   %soft  %steal  %guest  %gnice   %idle
09:06:22     all   57.97    0.00   35.26    0.75    0.00    0.00    0.00    0.00    0.00    6.02
09:06:22       0   56.57    0.00   37.37    1.01    0.00    0.00    0.00    0.00    0.00    5.05
09:06:22       1   59.00    0.00   34.00    1.00    0.00    0.00    0.00    0.00    0.00    6.00
09:06:22       2   59.00    0.00   34.00    1.00    0.00    0.00    0.00    0.00    0.00    6.00
09:06:22       3   58.00    0.00   35.00    1.00    0.00    0.00    0.00    0.00    0.00    6.00
09:06:22       4   59.00    0.00   34.00    1.00    0.00    0.00    0.00    0.00    0.00    6.00
09:06:22       5   58.59    0.00   35.35    0.00    0.00    0.00    0.00    0.00    0.00    6.06
09:06:22       6   56.57    0.00   36.36    1.01    0.00    0.00    0.00    0.00    0.00    6.06
09:06:22       7   57.00    0.00   36.00    0.00    0.00    0.00    0.00    0.00    0.00    7.00

09:06:22     CPU    %usr   %nice    %sys %iowait    %irq   %soft  %steal  %guest  %gnice   %idle
09:06:23     all   58.57    0.00   34.54    0.75    0.00    0.00    0.00    0.00    0.00    6.13
09:06:23       0   59.00    0.00   34.00    1.00    0.00    0.00    0.00    0.00    0.00    6.00
09:06:23       1   57.58    0.00   35.35    1.01    0.00    0.00    0.00    0.00    0.00    6.06
09:06:23       2   59.00    0.00   34.00    1.00    0.00    0.00    0.00    0.00    0.00    6.00
09:06:23       3   57.58    0.00   36.36    0.00    0.00    0.00    0.00    0.00    0.00    6.06
09:06:23       4   59.00    0.00   35.00    0.00    0.00    0.00    0.00    0.00    0.00    6.00
09:06:23       5   60.40    0.00   32.67    0.99    0.00    0.00    0.00    0.00    0.00    5.94
09:06:23       6   58.00    0.00   35.00    1.00    0.00    0.00    0.00    0.00    0.00    6.00
09:06:23       7   58.00    0.00   34.00    1.00    0.00    0.00    0.00    0.00    0.00    7.00

09:06:23     CPU    %usr   %nice    %sys %iowait    %irq   %soft  %steal  %guest  %gnice   %idle
09:06:24     all   58.01    0.00   34.55    1.13    0.00    0.00    0.00    0.00    0.00    6.31
09:06:24       0   59.18    0.00   33.67    1.02    0.00    0.00    0.00    0.00    0.00    6.12
09:06:24       1   58.00    0.00   34.00    1.00    0.00    0.00    0.00    0.00    0.00    7.00
09:06:24       2   56.00    0.00   37.00    1.00    0.00    0.00    0.00    0.00    0.00    6.00
09:06:24       3   58.59    0.00   34.34    1.01    0.00    0.00    0.00    0.00    0.00    6.06
09:06:24       4   56.00    0.00   36.00    2.00    0.00    0.00    0.00    0.00    0.00    6.00
09:06:24       5   59.18    0.00   33.67    1.02    0.00    0.00    0.00    0.00    0.00    6.12
09:06:24       6   58.59    0.00   33.33    1.01    0.00    0.00    0.00    0.00    0.00    7.07
09:06:24       7   58.59    0.00   34.34    1.01    0.00    0.00    0.00    0.00    0.00    6.06

09:06:24     CPU    %usr   %nice    %sys %iowait    %irq   %soft  %steal  %guest  %gnice   %idle
09:06:25     all   57.86    0.00   34.47    0.75    0.00    0.00    0.00    0.00    0.00    6.92
09:06:25       0   58.00    0.00   35.00    1.00    0.00    0.00    0.00    0.00    0.00    6.00
09:06:25       1   59.60    0.00   32.32    1.01    0.00    0.00    0.00    0.00    0.00    7.07
09:06:25       2   56.57    0.00   35.35    1.01    0.00    0.00    0.00    0.00    0.00    7.07
09:06:25       3   56.00    0.00   36.00    1.00    0.00    0.00    0.00    0.00    0.00    7.00
09:06:25       4   57.00    0.00   35.00    1.00    0.00    0.00    0.00    0.00    0.00    7.00
09:06:25       5   56.00    0.00   37.00    0.00    0.00    0.00    0.00    0.00    0.00    7.00
09:06:25       6   57.58    0.00   34.34    1.01    0.00    0.00    0.00    0.00    0.00    7.07
09:06:25       7   62.24    0.00   30.61    0.00    0.00    0.00    0.00    0.00    0.00    7.14

09:06:25     CPU    %usr   %nice    %sys %iowait    %irq   %soft  %steal  %guest  %gnice   %idle
09:06:26     all   58.30    0.00   34.47    0.63    0.00    0.00    0.00    0.00    0.00    6.59
09:06:26       0   56.57    0.00   35.35    1.01    0.00    0.00    0.00    0.00    0.00    7.07
09:06:26       1   59.79    0.00   34.02    0.00    0.00    0.00    0.00    0.00    0.00    6.19
09:06:26       2   60.61    0.00   33.33    0.00    0.00    0.00    0.00    0.00    0.00    6.06
09:06:26       3   57.14    0.00   34.69    1.02    0.00    0.00    0.00    0.00    0.00    7.14
09:06:26       4   59.18    0.00   33.67    0.00    0.00    0.00    0.00    0.00    0.00    7.14
09:06:26       5   59.60    0.00   33.33    1.01    0.00    0.00    0.00    0.00    0.00    6.06
09:06:26       6   57.14    0.00   35.71    1.02    0.00    0.00    0.00    0.00    0.00    6.12
09:06:26       7   56.44    0.00   35.64    0.99    0.00    0.00    0.00    0.00    0.00    6.93

09:06:26     CPU    %usr   %nice    %sys %iowait    %irq   %soft  %steal  %guest  %gnice   %idle
09:06:27     all   58.13    0.00   35.06    0.88    0.00    0.00    0.00    0.00    0.00    5.93
09:06:27       0   58.16    0.00   35.71    0.00    0.00    0.00    0.00    0.00    0.00    6.12
09:06:27       1   57.00    0.00   36.00    1.00    0.00    0.00    0.00    0.00    0.00    6.00
09:06:27       2   58.16    0.00   34.69    1.02    0.00    0.00    0.00    0.00    0.00    6.12
09:06:27       3   62.38    0.00   31.68    0.99    0.00    0.00    0.00    0.00    0.00    4.95
09:06:27       4   56.57    0.00   36.36    1.01    0.00    0.00    0.00    0.00    0.00    6.06
09:06:27       5   58.59    0.00   34.34    1.01    0.00    0.00    0.00    0.00    0.00    6.06
09:06:27       6   57.58    0.00   35.35    1.01    0.00    0.00    0.00    0.00    0.00    6.06
09:06:27       7   56.57    0.00   36.36    1.01    0.00    0.00    0.00    0.00    0.00    6.06

09:06:27     CPU    %usr   %nice    %sys %iowait    %irq   %soft  %steal  %guest  %gnice   %idle
09:06:28     all   58.82    0.00   34.63    0.63    0.00    0.00    0.00    0.00    0.00    5.92
09:06:28       0   58.42    0.00   34.65    0.99    0.00    0.00    0.00    0.00    0.00    5.94
09:06:28       1   56.57    0.00   34.34    1.01    0.00    0.00    0.00    0.00    0.00    8.08
09:06:28       2   58.59    0.00   34.34    1.01    0.00    0.00    0.00    0.00    0.00    6.06
09:06:28       3   57.14    0.00   36.73    1.02    0.00    0.00    0.00    0.00    0.00    5.10
09:06:28       4   59.60    0.00   34.34    0.00    0.00    0.00    0.00    0.00    0.00    6.06
09:06:28       5   62.00    0.00   32.00    0.00    0.00    0.00    0.00    0.00    0.00    6.00
09:06:28       6   58.00    0.00   36.00    1.00    0.00    0.00    0.00    0.00    0.00    5.00
09:06:28       7   60.20    0.00   34.69    0.00    0.00    0.00    0.00    0.00    0.00    5.10

09:06:28     CPU    %usr   %nice    %sys %iowait    %irq   %soft  %steal  %guest  %gnice   %idle
09:06:29     all   58.43    0.00   34.60    0.89    0.00    0.00    0.00    0.00    0.00    6.08
09:06:29       0   58.16    0.00   34.69    1.02    0.00    0.00    0.00    0.00    0.00    6.12
09:06:29       1   59.60    0.00   33.33    1.01    0.00    0.00    0.00    0.00    0.00    6.06
09:06:29       2   58.59    0.00   34.34    1.01    0.00    0.00    0.00    0.00    0.00    6.06
09:06:29       3   57.58    0.00   35.35    1.01    0.00    0.00    0.00    0.00    0.00    6.06
09:06:29       4   57.00    0.00   36.00    1.00    0.00    0.00    0.00    0.00    0.00    6.00
09:06:29       5   56.12    0.00   36.73    1.02    0.00    0.00    0.00    0.00    0.00    6.12
09:06:29       6   60.42    0.00   33.33    0.00    0.00    0.00    0.00    0.00    0.00    6.25
09:06:29       7   60.00    0.00   33.00    1.00    0.00    0.00    0.00    0.00    0.00    6.00

09:06:29     CPU    %usr   %nice    %sys %iowait    %irq   %soft  %steal  %guest  %gnice   %idle
09:06:30     all   59.00    0.00   34.00    0.62    0.00    0.00    0.00    0.00    0.00    6.38
09:06:30       0   60.00    0.00   34.00    0.00    0.00    0.00    0.00    0.00    0.00    6.00
09:06:30       1   58.16    0.00   35.71    0.00    0.00    0.00    0.00    0.00    0.00    6.12
09:06:30       2   61.00    0.00   32.00    0.00    0.00    0.00    0.00    0.00    0.00    7.00
09:06:30       3   60.00    0.00   33.00    1.00    0.00    0.00    0.00    0.00    0.00    6.00
09:06:30       4   59.00    0.00   34.00    1.00    0.00    0.00    0.00    0.00    0.00    6.00
09:06:30       5   58.42    0.00   33.66    0.99    0.00    0.00    0.00    0.00    0.00    6.93
09:06:30       6   56.44    0.00   35.64    0.99    0.00    0.00    0.00    0.00    0.00    6.93
09:06:30       7   59.00    0.00   34.00    1.00    0.00    0.00    0.00    0.00    0.00    6.00

09:06:30     CPU    %usr   %nice    %sys %iowait    %irq   %soft  %steal  %guest  %gnice   %idle
09:06:31     all   57.47    0.00   36.08    0.63    0.00    0.00    0.00    0.00    0.00    5.82
09:06:31       0   56.00    0.00   37.00    1.00    0.00    0.00    0.00    0.00    0.00    6.00
09:06:31       1   58.42    0.00   34.65    0.99    0.00    0.00    0.00    0.00    0.00    5.94
09:06:31       2   57.58    0.00   36.36    1.01    0.00    0.00    0.00    0.00    0.00    5.05
09:06:31       3   58.16    0.00   36.73    0.00    0.00    0.00    0.00    0.00    0.00    5.10
09:06:31       4   54.08    0.00   38.78    1.02    0.00    0.00    0.00    0.00    0.00    6.12
09:06:31       5   59.18    0.00   33.67    1.02    0.00    0.00    0.00    0.00    0.00    6.12
09:06:31       6   56.12    0.00   37.76    0.00    0.00    0.00    0.00    0.00    0.00    6.12
09:06:31       7   60.20    0.00   33.67    0.00    0.00    0.00    0.00    0.00    0.00    6.12

09:06:31     CPU    %usr   %nice    %sys %iowait    %irq   %soft  %steal  %guest  %gnice   %idle
09:06:32     all   59.20    0.00   34.29    0.75    0.00    0.00    0.00    0.00    0.00    5.76
09:06:32       0   58.00    0.00   35.00    1.00    0.00    0.00    0.00    0.00    0.00    6.00
09:06:32       1   60.61    0.00   33.33    1.01    0.00    0.00    0.00    0.00    0.00    5.05
09:06:32       2   60.40    0.00   32.67    0.99    0.00    0.00    0.00    0.00    0.00    5.94
09:06:32       3   60.40    0.00   32.67    0.99    0.00    0.00    0.00    0.00    0.00    5.94
09:06:32       4   59.60    0.00   34.34    0.00    0.00    0.00    0.00    0.00    0.00    6.06
09:06:32       5   59.60    0.00   34.34    0.00    0.00    0.00    0.00    0.00    0.00    6.06
09:06:32       6   57.00    0.00   36.00    1.00    0.00    0.00    0.00    0.00    0.00    6.00
09:06:32       7   58.00    0.00   36.00    1.00    0.00    0.00    0.00    0.00    0.00    5.00

09:06:32     CPU    %usr   %nice    %sys %iowait    %irq   %soft  %steal  %guest  %gnice   %idle
09:06:33     all   58.39    0.00   33.80    0.88    0.00    0.00    0.00    0.00    0.00    6.94
09:06:33       0   61.22    0.00   31.63    0.00    0.00    0.00    0.00    0.00    0.00    7.14
09:06:33       1   60.00    0.00   32.00    1.00    0.00    0.00    0.00    0.00    0.00    7.00
09:06:33       2   57.14    0.00   35.71    1.02    0.00    0.00    0.00    0.00    0.00    6.12
09:06:33       3   61.22    0.00   31.63    1.02    0.00    0.00    0.00    0.00    0.00    6.12
09:06:33       4   57.58    0.00   35.35    1.01    0.00    0.00    0.00    0.00    0.00    6.06
09:06:33       5   55.56    0.00   35.35    1.01    0.00    0.00    0.00    0.00    0.00    8.08
09:06:33       6   58.00    0.00   33.00    1.00    0.00    0.00    0.00    0.00    0.00    8.00
09:06:33       7   56.44    0.00   35.64    0.99    0.00    0.00    0.00    0.00    0.00    6.93

09:06:33     CPU    %usr   %nice    %sys %iowait    %irq   %soft  %steal  %guest  %gnice   %idle
09:06:34     all   58.45    0.00   34.67    0.50    0.00    0.00    0.00    0.00    0.00    6.38
09:06:34       0   59.60    0.00   34.34    1.01    0.00    0.00    0.00    0.00    0.00    5.05
09:06:34       1   59.60    0.00   33.33    0.00    0.00    0.00    0.00    0.00    0.00    7.07
09:06:34       2   60.00    0.00   34.00    0.00    0.00    0.00    0.00    0.00    0.00    6.00
09:06:34       3   59.41    0.00   32.67    0.99    0.00    0.00    0.00    0.00    0.00    6.93
09:06:34       4   56.44    0.00   35.64    0.99    0.00    0.00    0.00    0.00    0.00    6.93
09:06:34       5   59.00    0.00   36.00    0.00    0.00    0.00    0.00    0.00    0.00    5.00
09:06:34       6   57.00    0.00   35.00    1.00    0.00    0.00    0.00    0.00    0.00    7.00
09:06:34       7   56.57    0.00   36.36    0.00    0.00    0.00    0.00    0.00    0.00    7.07

09:06:34     CPU    %usr   %nice    %sys %iowait    %irq   %soft  %steal  %guest  %gnice   %idle
09:06:35     all   57.41    0.00   35.30    1.01    0.00    0.00    0.00    0.00    0.00    6.28
09:06:35       0   58.42    0.00   33.66    0.99    0.00    0.00    0.00    0.00    0.00    6.93
09:06:35       1   57.00    0.00   35.00    1.00    0.00    0.00    0.00    0.00    0.00    7.00
09:06:35       2   57.14    0.00   35.71    1.02    0.00    0.00    0.00    0.00    0.00    6.12
09:06:35       3   55.56    0.00   38.38    1.01    0.00    0.00    0.00    0.00    0.00    5.05
09:06:35       4   59.00    0.00   34.00    1.00    0.00    0.00    0.00    0.00    0.00    6.00
09:06:35       5   58.59    0.00   33.33    1.01    0.00    0.00    0.00    0.00    0.00    7.07
09:06:35       6   54.55    0.00   38.38    1.01    0.00    0.00    0.00    0.00    0.00    6.06
09:06:35       7   59.00    0.00   34.00    1.00    0.00    0.00    0.00    0.00    0.00    6.00

09:06:35     CPU    %usr   %nice    %sys %iowait    %irq   %soft  %steal  %guest  %gnice   %idle
09:06:36     all   58.30    0.00   34.35    0.76    0.00    0.00    0.00    0.00    0.00    6.59
09:06:36       0   58.16    0.00   35.71    0.00    0.00    0.00    0.00    0.00    0.00    6.12
09:06:36       1   60.20    0.00   32.65    1.02    0.00    0.00    0.00    0.00    0.00    6.12
09:06:36       2   54.08    0.00   37.76    1.02    0.00    0.00    0.00    0.00    0.00    7.14
09:06:36       3   59.60    0.00   32.32    1.01    0.00    0.00    0.00    0.00    0.00    7.07
09:06:36       4   57.73    0.00   34.02    1.03    0.00    0.00    0.00    0.00    0.00    7.22
09:06:36       5   57.58    0.00   34.34    1.01    0.00    0.00    0.00    0.00    0.00    7.07
09:06:36       6   60.00    0.00   34.00    0.00    0.00    0.00    0.00    0.00    0.00    6.00
09:06:36       7   59.00    0.00   34.00    1.00    0.00    0.00    0.00    0.00    0.00    6.00

09:06:36     CPU    %usr   %nice    %sys %iowait    %irq   %soft  %steal  %guest  %gnice   %idle
09:06:37     all   57.94    0.00   35.20    0.64    0.00    0.00    0.00    0.00    0.00    6.23
09:06:37       0   57.58    0.00   35.35    1.01    0.00    0.00    0.00    0.00    0.00    6.06
09:06:37       1   56.57    0.00   36.36    1.01    0.00    0.00    0.00    0.00    0.00    6.06
09:06:37       2   61.22    0.00   32.65    1.02    0.00    0.00    0.00    0.00    0.00    5.10
09:06:37       3   59.60    0.00   33.33    0.00    0.00    0.00    0.00    0.00    0.00    7.07
09:06:37       4   56.12    0.00   37.76    0.00    0.00    0.00    0.00    0.00    0.00    6.12
09:06:37       5   57.73    0.00   36.08    0.00    0.00    0.00    0.00    0.00    0.00    6.19
09:06:37       6   59.60    0.00   32.32    1.01    0.00    0.00    0.00    0.00    0.00    7.07
09:06:37       7   55.10    0.00   37.76    1.02    0.00    0.00    0.00    0.00    0.00    6.12

09:06:37     CPU    %usr   %nice    %sys %iowait    %irq   %soft  %steal  %guest  %gnice   %idle
09:06:38     all   58.95    0.00   34.29    0.88    0.00    0.00    0.00    0.00    0.00    5.88
09:06:38       0   58.42    0.00   34.65    0.99    0.00    0.00    0.00    0.00    0.00    5.94
09:06:38       1   59.41    0.00   33.66    0.99    0.00    0.00    0.00    0.00    0.00    5.94
09:06:38       2   59.41    0.00   33.66    0.99    0.00    0.00    0.00    0.00    0.00    5.94
09:06:38       3   56.57    0.00   36.36    1.01    0.00    0.00    0.00    0.00    0.00    6.06
09:06:38       4   60.00    0.00   33.00    1.00    0.00    0.00    0.00    0.00    0.00    6.00
09:06:38       5   60.00    0.00   33.00    1.00    0.00    0.00    0.00    0.00    0.00    6.00
09:06:38       6   58.59    0.00   35.35    1.01    0.00    0.00    0.00    0.00    0.00    5.05
09:06:38       7   59.18    0.00   34.69    0.00    0.00    0.00    0.00    0.00    0.00    6.12

09:06:38     CPU    %usr   %nice    %sys %iowait    %irq   %soft  %steal  %guest  %gnice   %idle
09:06:39     all   58.12    0.00   35.28    0.63    0.00    0.00    0.00    0.00    0.00    5.96
09:06:39       0   57.00    0.00   37.00    1.00    0.00    0.00    0.00    0.00    0.00    5.00
09:06:39       1   57.14    0.00   35.71    1.02    0.00    0.00    0.00    0.00    0.00    6.12
09:06:39       2   57.73    0.00   35.05    0.00    0.00    0.00    0.00    0.00    0.00    7.22
09:06:39       3   60.20    0.00   33.67    1.02    0.00    0.00    0.00    0.00    0.00    5.10
09:06:39       4   60.61    0.00   33.33    0.00    0.00    0.00    0.00    0.00    0.00    6.06
09:06:39       5   57.14    0.00   35.71    1.02    0.00    0.00    0.00    0.00    0.00    6.12
09:06:39       6   58.16    0.00   35.71    0.00    0.00    0.00    0.00    0.00    0.00    6.12
09:06:39       7   57.00    0.00   36.00    1.00    0.00    0.00    0.00    0.00    0.00    6.00

09:06:39     CPU    %usr   %nice    %sys %iowait    %irq   %soft  %steal  %guest  %gnice   %idle
09:06:40     all   57.50    0.00   35.81    0.76    0.00    0.00    0.00    0.00    0.00    5.93
09:06:40       0   57.58    0.00   37.37    0.00    0.00    0.00    0.00    0.00    0.00    5.05
09:06:40       1   58.59    0.00   35.35    0.00    0.00    0.00    0.00    0.00    0.00    6.06
09:06:40       2   56.12    0.00   37.76    1.02    0.00    0.00    0.00    0.00    0.00    5.10
09:06:40       3   55.56    0.00   37.37    1.01    0.00    0.00    0.00    0.00    0.00    6.06
09:06:40       4   59.00    0.00   34.00    1.00    0.00    0.00    0.00    0.00    0.00    6.00
09:06:40       5   58.00    0.00   34.00    1.00    0.00    0.00    0.00    0.00    0.00    7.00
09:06:40       6   58.00    0.00   35.00    1.00    0.00    0.00    0.00    0.00    0.00    6.00
09:06:40       7   57.14    0.00   35.71    1.02    0.00    0.00    0.00    0.00    0.00    6.12

09:06:40     CPU    %usr   %nice    %sys %iowait    %irq   %soft  %steal  %guest  %gnice   %idle
09:06:41     all   59.75    0.00   33.92    0.76    0.00    0.00    0.00    0.00    0.00    5.57
09:06:41       0   61.22    0.00   32.65    1.02    0.00    0.00    0.00    0.00    0.00    5.10
09:06:41       1   59.18    0.00   33.67    1.02    0.00    0.00    0.00    0.00    0.00    6.12
09:06:41       2   62.63    0.00   30.30    1.01    0.00    0.00    0.00    0.00    0.00    6.06
09:06:41       3   60.20    0.00   34.69    0.00    0.00    0.00    0.00    0.00    0.00    5.10
09:06:41       4   59.60    0.00   34.34    0.00    0.00    0.00    0.00    0.00    0.00    6.06
09:06:41       5   59.41    0.00   34.65    0.99    0.00    0.00    0.00    0.00    0.00    4.95
09:06:41       6   59.18    0.00   33.67    1.02    0.00    0.00    0.00    0.00    0.00    6.12
09:06:41       7   56.57    0.00   37.37    1.01    0.00    0.00    0.00    0.00    0.00    5.05

09:06:41     CPU    %usr   %nice    %sys %iowait    %irq   %soft  %steal  %guest  %gnice   %idle
09:06:42     all   58.32    0.00   35.17    0.75    0.00    0.00    0.00    0.00    0.00    5.76
09:06:42       0   56.57    0.00   37.37    1.01    0.00    0.00    0.00    0.00    0.00    5.05
09:06:42       1   56.57    0.00   36.36    1.01    0.00    0.00    0.00    0.00    0.00    6.06
09:06:42       2   58.42    0.00   34.65    0.99    0.00    0.00    0.00    0.00    0.00    5.94
09:06:42       3   56.86    0.00   35.29    0.98    0.00    0.00    0.00    0.00    0.00    6.86
09:06:42       4   59.60    0.00   34.34    1.01    0.00    0.00    0.00    0.00    0.00    5.05
09:06:42       5   58.00    0.00   35.00    1.00    0.00    0.00    0.00    0.00    0.00    6.00
09:06:42       6   61.22    0.00   33.67    0.00    0.00    0.00    0.00    0.00    0.00    5.10
09:06:42       7   59.41    0.00   34.65    0.00    0.00    0.00    0.00    0.00    0.00    5.94

09:06:42     CPU    %usr   %nice    %sys %iowait    %irq   %soft  %steal  %guest  %gnice   %idle
09:06:43     all   59.80    0.00   32.49    0.63    0.00    0.00    0.00    0.00    0.00    7.08
09:06:43       0   61.39    0.00   30.69    0.99    0.00    0.00    0.00    0.00    0.00    6.93
09:06:43       1   59.60    0.00   33.33    0.00    0.00    0.00    0.00    0.00    0.00    7.07
09:06:43       2   59.38    0.00   34.38    0.00    0.00    0.00    0.00    0.00    0.00    6.25
09:06:43       3   57.58    0.00   34.34    1.01    0.00    0.00    0.00    0.00    0.00    7.07
09:06:43       4   60.00    0.00   31.00    1.00    0.00    0.00    0.00    0.00    0.00    8.00
09:06:43       5   60.20    0.00   31.63    0.00    0.00    0.00    0.00    0.00    0.00    8.16
09:06:43       6   60.00    0.00   32.00    1.00    0.00    0.00    0.00    0.00    0.00    7.00
09:06:43       7   60.20    0.00   32.65    1.02    0.00    0.00    0.00    0.00    0.00    6.12

09:06:43     CPU    %usr   %nice    %sys %iowait    %irq   %soft  %steal  %guest  %gnice   %idle
09:06:44     all   58.17    0.00   35.68    0.75    0.00    0.00    0.00    0.00    0.00    5.40
09:06:44       0   59.60    0.00   34.34    0.00    0.00    0.00    0.00    0.00    0.00    6.06
09:06:44       1   57.14    0.00   35.71    1.02    0.00    0.00    0.00    0.00    0.00    6.12
09:06:44       2   58.42    0.00   35.64    0.99    0.00    0.00    0.00    0.00    0.00    4.95
09:06:44       3   58.59    0.00   35.35    1.01    0.00    0.00    0.00    0.00    0.00    5.05
09:06:44       4   57.14    0.00   37.76    0.00    0.00    0.00    0.00    0.00    0.00    5.10
09:06:44       5   57.43    0.00   36.63    0.99    0.00    0.00    0.00    0.00    0.00    4.95
09:06:44       6   56.57    0.00   36.36    1.01    0.00    0.00    0.00    0.00    0.00    6.06
09:06:44       7   60.40    0.00   33.66    0.99    0.00    0.00    0.00    0.00    0.00    4.95

09:06:44     CPU    %usr   %nice    %sys %iowait    %irq   %soft  %steal  %guest  %gnice   %idle
09:06:45     all   58.45    0.00   35.04    0.63    0.00    0.00    0.00    0.00    0.00    5.88
09:06:45       0   56.57    0.00   36.36    1.01    0.00    0.00    0.00    0.00    0.00    6.06
09:06:45       1   61.00    0.00   32.00    1.00    0.00    0.00    0.00    0.00    0.00    6.00
09:06:45       2   60.20    0.00   34.69    0.00    0.00    0.00    0.00    0.00    0.00    5.10
09:06:45       3   56.57    0.00   36.36    0.00    0.00    0.00    0.00    0.00    0.00    7.07
09:06:45       4   58.42    0.00   35.64    0.99    0.00    0.00    0.00    0.00    0.00    4.95
09:06:45       5   58.42    0.00   34.65    0.99    0.00    0.00    0.00    0.00    0.00    5.94
09:06:45       6   56.44    0.00   36.63    0.99    0.00    0.00    0.00    0.00    0.00    5.94
09:06:45       7   60.00    0.00   34.00    0.00    0.00    0.00    0.00    0.00    0.00    6.00

09:06:45     CPU    %usr   %nice    %sys %iowait    %irq   %soft  %steal  %guest  %gnice   %idle
09:06:46     all   59.19    0.00   34.13    0.63    0.00    0.00    0.00    0.00    0.00    6.05
09:06:46       0   59.60    0.00   34.34    0.00    0.00    0.00    0.00    0.00    0.00    6.06
09:06:46       1   57.00    0.00   36.00    1.00    0.00    0.00    0.00    0.00    0.00    6.00
09:06:46       2   59.41    0.00   33.66    0.99    0.00    0.00    0.00    0.00    0.00    5.94
09:06:46       3   59.00    0.00   33.00    1.00    0.00    0.00    0.00    0.00    0.00    7.00
09:06:46       4   60.00    0.00   34.00    0.00    0.00    0.00    0.00    0.00    0.00    6.00
09:06:46       5   59.18    0.00   34.69    1.02    0.00    0.00    0.00    0.00    0.00    5.10
09:06:46       6   58.59    0.00   34.34    0.00    0.00    0.00    0.00    0.00    0.00    7.07
09:06:46       7   60.82    0.00   32.99    1.03    0.00    0.00    0.00    0.00    0.00    5.15

09:06:46     CPU    %usr   %nice    %sys %iowait    %irq   %soft  %steal  %guest  %gnice   %idle
09:06:47     all   57.20    0.00   35.86    0.63    0.00    0.00    0.00    0.00    0.00    6.31
09:06:47       0   57.58    0.00   36.36    1.01    0.00    0.00    0.00    0.00    0.00    5.05
09:06:47       1   57.00    0.00   37.00    0.00    0.00    0.00    0.00    0.00    0.00    6.00
09:06:47       2   58.00    0.00   34.00    1.00    0.00    0.00    0.00    0.00    0.00    7.00
09:06:47       3   57.73    0.00   35.05    1.03    0.00    0.00    0.00    0.00    0.00    6.19
09:06:47       4   56.57    0.00   35.35    1.01    0.00    0.00    0.00    0.00    0.00    7.07
09:06:47       5   56.57    0.00   36.36    0.00    0.00    0.00    0.00    0.00    0.00    7.07
09:06:47       6   56.57    0.00   36.36    1.01    0.00    0.00    0.00    0.00    0.00    6.06
09:06:47       7   57.58    0.00   36.36    0.00    0.00    0.00    0.00    0.00    0.00    6.06

09:06:47     CPU    %usr   %nice    %sys %iowait    %irq   %soft  %steal  %guest  %gnice   %idle
09:06:48     all   58.49    0.00   34.72    0.75    0.00    0.00    0.00    0.00    0.00    6.04
09:06:48       0   58.00    0.00   35.00    1.00    0.00    0.00    0.00    0.00    0.00    6.00
09:06:48       1   56.57    0.00   36.36    1.01    0.00    0.00    0.00    0.00    0.00    6.06
09:06:48       2   59.18    0.00   35.71    0.00    0.00    0.00    0.00    0.00    0.00    5.10
09:06:48       3   58.00    0.00   35.00    1.00    0.00    0.00    0.00    0.00    0.00    6.00
09:06:48       4   60.00    0.00   33.00    1.00    0.00    0.00    0.00    0.00    0.00    6.00
09:06:48       5   58.42    0.00   34.65    0.99    0.00    0.00    0.00    0.00    0.00    5.94
09:06:48       6   56.57    0.00   37.37    0.00    0.00    0.00    0.00    0.00    0.00    6.06
09:06:48       7   61.22    0.00   30.61    1.02    0.00    0.00    0.00    0.00    0.00    7.14

09:06:48     CPU    %usr   %nice    %sys %iowait    %irq   %soft  %steal  %guest  %gnice   %idle
09:06:49     all   58.36    0.00   34.34    0.88    0.00    0.00    0.00    0.00    0.00    6.42
09:06:49       0   60.00    0.00   34.00    1.00    0.00    0.00    0.00    0.00    0.00    5.00
09:06:49       1   56.57    0.00   36.36    1.01    0.00    0.00    0.00    0.00    0.00    6.06
09:06:49       2   57.00    0.00   35.00    1.00    0.00    0.00    0.00    0.00    0.00    7.00
09:06:49       3   59.60    0.00   33.33    0.00    0.00    0.00    0.00    0.00    0.00    7.07
09:06:49       4   59.60    0.00   33.33    0.00    0.00    0.00    0.00    0.00    0.00    7.07
09:06:49       5   57.58    0.00   35.35    1.01    0.00    0.00    0.00    0.00    0.00    6.06
09:06:49       6   56.57    0.00   34.34    2.02    0.00    0.00    0.00    0.00    0.00    7.07
09:06:49       7   60.00    0.00   33.00    1.00    0.00    0.00    0.00    0.00    0.00    6.00

09:06:49     CPU    %usr   %nice    %sys %iowait    %irq   %soft  %steal  %guest  %gnice   %idle
09:06:50     all   58.05    0.00   35.36    0.38    0.00    0.00    0.00    0.00    0.00    6.21
09:06:50       0   56.57    0.00   35.35    0.00    0.00    0.00    0.00    0.00    0.00    8.08
09:06:50       1   58.16    0.00   35.71    0.00    0.00    0.00    0.00    0.00    0.00    6.12
09:06:50       2   57.58    0.00   37.37    0.00    0.00    0.00    0.00    0.00    0.00    5.05
09:06:50       3   59.60    0.00   33.33    2.02    0.00    0.00    0.00    0.00    0.00    5.05
09:06:50       4   59.60    0.00   33.33    1.01    0.00    0.00    0.00    0.00    0.00    6.06
09:06:50       5   58.59    0.00   35.35    0.00    0.00    0.00    0.00    0.00    0.00    6.06
09:06:50       6   58.76    0.00   35.05    0.00    0.00    0.00    0.00    0.00    0.00    6.19
09:06:50       7   55.56    0.00   37.37    0.00    0.00    0.00    0.00    0.00    0.00    7.07

09:06:50     CPU    %usr   %nice    %sys %iowait    %irq   %soft  %steal  %guest  %gnice   %idle
09:06:51     all   58.34    0.00   34.88    0.88    0.00    0.00    0.00    0.00    0.00    5.90
09:06:51       0   55.00    0.00   37.00    1.00    0.00    0.00    0.00    0.00    0.00    7.00
09:06:51       1   58.42    0.00   33.66    0.99    0.00    0.00    0.00    0.00    0.00    6.93
09:06:51       2   57.58    0.00   36.36    1.01    0.00    0.00    0.00    0.00    0.00    5.05
09:06:51       3   62.24    0.00   32.65    0.00    0.00    0.00    0.00    0.00    0.00    5.10
09:06:51       4   58.00    0.00   35.00    1.00    0.00    0.00    0.00    0.00    0.00    6.00
09:06:51       5   59.00    0.00   34.00    1.00    0.00    0.00    0.00    0.00    0.00    6.00
09:06:51       6   58.00    0.00   35.00    1.00    0.00    0.00    0.00    0.00    0.00    6.00
09:06:51       7   58.59    0.00   35.35    1.01    0.00    0.00    0.00    0.00    0.00    5.05

09:06:51     CPU    %usr   %nice    %sys %iowait    %irq   %soft  %steal  %guest  %gnice   %idle
09:06:52     all   59.37    0.00   33.84    0.63    0.00    0.00    0.00    0.00    0.00    6.16
09:06:52       0   59.79    0.00   35.05    0.00    0.00    0.00    0.00    0.00    0.00    5.15
09:06:52       1   61.22    0.00   31.63    0.00    0.00    0.00    0.00    0.00    0.00    7.14
09:06:52       2   60.00    0.00   33.00    1.00    0.00    0.00    0.00    0.00    0.00    6.00
09:06:52       3   57.00    0.00   35.00    1.00    0.00    0.00    0.00    0.00    0.00    7.00
09:06:52       4   59.18    0.00   34.69    0.00    0.00    0.00    0.00    0.00    0.00    6.12
09:06:52       5   59.00    0.00   35.00    1.00    0.00    0.00    0.00    0.00    0.00    5.00
09:06:52       6   58.82    0.00   33.33    0.98    0.00    0.00    0.00    0.00    0.00    6.86
09:06:52       7   60.00    0.00   33.00    1.00    0.00    0.00    0.00    0.00    0.00    6.00

09:06:52     CPU    %usr   %nice    %sys %iowait    %irq   %soft  %steal  %guest  %gnice   %idle
09:06:53     all   57.54    0.00   34.85    0.89    0.00    0.00    0.00    0.00    0.00    6.72
09:06:53       0   56.57    0.00   36.36    1.01    0.00    0.00    0.00    0.00    0.00    6.06
09:06:53       1   55.56    0.00   36.36    1.01    0.00    0.00    0.00    0.00    0.00    7.07
09:06:53       2   59.18    0.00   33.67    1.02    0.00    0.00    0.00    0.00    0.00    6.12
09:06:53       3   60.20    0.00   33.67    0.00    0.00    0.00    0.00    0.00    0.00    6.12
09:06:53       4   58.59    0.00   33.33    1.01    0.00    0.00    0.00    0.00    0.00    7.07
09:06:53       5   57.14    0.00   34.69    1.02    0.00    0.00    0.00    0.00    0.00    7.14
09:06:53       6   55.10    0.00   36.73    1.02    0.00    0.00    0.00    0.00    0.00    7.14
09:06:53       7   58.00    0.00   34.00    1.00    0.00    0.00    0.00    0.00    0.00    7.00

09:06:53     CPU    %usr   %nice    %sys %iowait    %irq   %soft  %steal  %guest  %gnice   %idle
09:06:54     all   58.88    0.00   34.38    0.88    0.00    0.00    0.00    0.00    0.00    5.88
09:06:54       0   60.00    0.00   33.00    1.00    0.00    0.00    0.00    0.00    0.00    6.00
09:06:54       1   58.00    0.00   35.00    1.00    0.00    0.00    0.00    0.00    0.00    6.00
09:06:54       2   60.61    0.00   33.33    1.01    0.00    0.00    0.00    0.00    0.00    5.05
09:06:54       3   57.00    0.00   36.00    1.00    0.00    0.00    0.00    0.00    0.00    6.00
09:06:54       4   60.00    0.00   33.00    1.00    0.00    0.00    0.00    0.00    0.00    6.00
09:06:54       5   57.00    0.00   36.00    1.00    0.00    0.00    0.00    0.00    0.00    6.00
09:06:54       6   59.00    0.00   35.00    0.00    0.00    0.00    0.00    0.00    0.00    6.00
09:06:54       7   59.41    0.00   33.66    0.99    0.00    0.00    0.00    0.00    0.00    5.94

09:06:54     CPU    %usr   %nice    %sys %iowait    %irq   %soft  %steal  %guest  %gnice   %idle
09:06:55     all   58.61    0.00   35.19    0.51    0.00    0.00    0.00    0.00    0.00    5.70
09:06:55       0   57.58    0.00   36.36    0.00    0.00    0.00    0.00    0.00    0.00    6.06
09:06:55       1   60.82    0.00   32.99    1.03    0.00    0.00    0.00    0.00    0.00    5.15
09:06:55       2   56.57    0.00   36.36    0.00    0.00    0.00    0.00    0.00    0.00    7.07
09:06:55       3   57.43    0.00   35.64    0.99    0.00    0.00    0.00    0.00    0.00    5.94
09:06:55       4   58.59    0.00   35.35    1.01    0.00    0.00    0.00    0.00    0.00    5.05
09:06:55       5   62.24    0.00   32.65    0.00    0.00    0.00    0.00    0.00    0.00    5.10
09:06:55       6   56.57    0.00   36.36    1.01    0.00    0.00    0.00    0.00    0.00    6.06
09:06:55       7   59.18    0.00   35.71    0.00    0.00    0.00    0.00    0.00    0.00    5.10

09:06:55     CPU    %usr   %nice    %sys %iowait    %irq   %soft  %steal  %guest  %gnice   %idle
09:06:56     all   58.17    0.00   35.18    0.75    0.00    0.00    0.00    0.00    0.00    5.90
09:06:56       0   56.00    0.00   37.00    1.00    0.00    0.00    0.00    0.00    0.00    6.00
09:06:56       1   56.44    0.00   35.64    0.99    0.00    0.00    0.00    0.00    0.00    6.93
09:06:56       2   56.57    0.00   35.35    1.01    0.00    0.00    0.00    0.00    0.00    7.07
09:06:56       3   60.20    0.00   35.71    0.00    0.00    0.00    0.00    0.00    0.00    4.08
09:06:56       4   60.61    0.00   33.33    0.00    0.00    0.00    0.00    0.00    0.00    6.06
09:06:56       5   58.59    0.00   34.34    1.01    0.00    0.00    0.00    0.00    0.00    6.06
09:06:56       6   57.43    0.00   35.64    0.99    0.00    0.00    0.00    0.00    0.00    5.94
09:06:56       7   59.60    0.00   34.34    1.01    0.00    0.00    0.00    0.00    0.00    5.05

09:06:56     CPU    %usr   %nice    %sys %iowait    %irq   %soft  %steal  %guest  %gnice   %idle
09:06:57     all   58.99    0.00   34.09    0.88    0.00    0.00    0.00    0.00    0.00    6.04
09:06:57       0   59.18    0.00   34.69    0.00    0.00    0.00    0.00    0.00    0.00    6.12
09:06:57       1   58.59    0.00   35.35    1.01    0.00    0.00    0.00    0.00    0.00    5.05
09:06:57       2   59.00    0.00   34.00    1.00    0.00    0.00    0.00    0.00    0.00    6.00
09:06:57       3   60.00    0.00   32.00    1.00    0.00    0.00    0.00    0.00    0.00    7.00
09:06:57       4   59.00    0.00   34.00    1.00    0.00    0.00    0.00    0.00    0.00    6.00
09:06:57       5   58.59    0.00   35.35    1.01    0.00    0.00    0.00    0.00    0.00    5.05
09:06:57       6   59.00    0.00   33.00    1.00    0.00    0.00    0.00    0.00    0.00    7.00
09:06:57       7   58.59    0.00   34.34    1.01    0.00    0.00    0.00    0.00    0.00    6.06

09:06:57     CPU    %usr   %nice    %sys %iowait    %irq   %soft  %steal  %guest  %gnice   %idle
09:06:58     all   57.93    0.00   34.76    0.88    0.00    0.00    0.00    0.00    0.00    6.42
09:06:58       0   61.00    0.00   32.00    1.00    0.00    0.00    0.00    0.00    0.00    6.00
09:06:58       1   58.59    0.00   34.34    1.01    0.00    0.00    0.00    0.00    0.00    6.06
09:06:58       2   57.58    0.00   35.35    1.01    0.00    0.00    0.00    0.00    0.00    6.06
09:06:58       3   58.00    0.00   35.00    1.00    0.00    0.00    0.00    0.00    0.00    6.00
09:06:58       4   56.00    0.00   36.00    1.00    0.00    0.00    0.00    0.00    0.00    7.00
09:06:58       5   56.57    0.00   36.36    1.01    0.00    0.00    0.00    0.00    0.00    6.06
09:06:58       6   61.22    0.00   31.63    0.00    0.00    0.00    0.00    0.00    0.00    7.14
09:06:58       7   54.55    0.00   37.37    1.01    0.00    0.00    0.00    0.00    0.00    7.07

09:06:58     CPU    %usr   %nice    %sys %iowait    %irq   %soft  %steal  %guest  %gnice   %idle
09:06:59     all   58.79    0.00   35.40    0.38    0.00    0.00    0.00    0.00    0.00    5.44
09:06:59       0   58.00    0.00   36.00    1.00    0.00    0.00    0.00    0.00    0.00    5.00
09:06:59       1   60.20    0.00   33.67    0.00    0.00    0.00    0.00    0.00    0.00    6.12
09:06:59       2   58.59    0.00   35.35    1.01    0.00    0.00    0.00    0.00    0.00    5.05
09:06:59       3   59.18    0.00   35.71    0.00    0.00    0.00    0.00    0.00    0.00    5.10
09:06:59       4   60.20    0.00   34.69    0.00    0.00    0.00    0.00    0.00    0.00    5.10
09:06:59       5   58.00    0.00   36.00    0.00    0.00    0.00    0.00    0.00    0.00    6.00
09:06:59       6   59.00    0.00   34.00    1.00    0.00    0.00    0.00    0.00    0.00    6.00
09:06:59       7   57.14    0.00   37.76    0.00    0.00    0.00    0.00    0.00    0.00    5.10

09:06:59     CPU    %usr   %nice    %sys %iowait    %irq   %soft  %steal  %guest  %gnice   %idle
09:07:00     all   58.69    0.00   34.89    0.88    0.00    0.00    0.00    0.00    0.00    5.54
09:07:00       0   57.14    0.00   35.71    1.02    0.00    0.00    0.00    0.00    0.00    6.12
09:07:00       1   57.58    0.00   36.36    1.01    0.00    0.00    0.00    0.00    0.00    5.05
09:07:00       2   59.60    0.00   34.34    0.00    0.00    0.00    0.00    0.00    0.00    6.06
09:07:00       3   59.60    0.00   35.35    1.01    0.00    0.00    0.00    0.00    0.00    4.04
09:07:00       4   60.00    0.00   33.00    1.00    0.00    0.00    0.00    0.00    0.00    6.00
09:07:00       5   58.00    0.00   35.00    1.00    0.00    0.00    0.00    0.00    0.00    6.00
09:07:00       6   58.00    0.00   36.00    1.00    0.00    0.00    0.00    0.00    0.00    5.00
09:07:00       7   59.60    0.00   33.33    1.01    0.00    0.00    0.00    0.00    0.00    6.06

09:07:00     CPU    %usr   %nice    %sys %iowait    %irq   %soft  %steal  %guest  %gnice   %idle
09:07:01     all   57.84    0.00   35.38    0.75    0.00    0.00    0.00    0.00    0.00    6.02
09:07:01       0   58.16    0.00   34.69    1.02    0.00    0.00    0.00    0.00    0.00    6.12
09:07:01       1   57.43    0.00   35.64    0.99    0.00    0.00    0.00    0.00    0.00    5.94
09:07:01       2   56.44    0.00   35.64    0.99    0.00    0.00    0.00    0.00    0.00    6.93
09:07:01       3   57.84    0.00   34.31    0.98    0.00    0.00    0.00    0.00    0.00    6.86
09:07:01       4   58.59    0.00   36.36    0.00    0.00    0.00    0.00    0.00    0.00    5.05
09:07:01       5   56.12    0.00   36.73    1.02    0.00    0.00    0.00    0.00    0.00    6.12
09:07:01       6   60.20    0.00   34.69    0.00    0.00    0.00    0.00    0.00    0.00    5.10
09:07:01       7   58.00    0.00   35.00    1.00    0.00    0.00    0.00    0.00    0.00    6.00

09:07:01     CPU    %usr   %nice    %sys %iowait    %irq   %soft  %steal  %guest  %gnice   %idle
09:07:02     all   59.72    0.00   34.34    0.38    0.00    0.00    0.00    0.00    0.00    5.56
09:07:02       0   57.58    0.00   36.36    0.00    0.00    0.00    0.00    0.00    0.00    6.06
09:07:02       1   60.40    0.00   32.67    0.99    0.00    0.00    0.00    0.00    0.00    5.94
09:07:02       2   60.82    0.00   34.02    0.00    0.00    0.00    0.00    0.00    0.00    5.15
09:07:02       3   58.76    0.00   36.08    0.00    0.00    0.00    0.00    0.00    0.00    5.15
09:07:02       4   62.63    0.00   30.30    1.01    0.00    0.00    0.00    0.00    0.00    6.06
09:07:02       5   61.22    0.00   34.69    0.00    0.00    0.00    0.00    0.00    0.00    4.08
09:07:02       6   58.42    0.00   34.65    0.99    0.00    0.00    0.00    0.00    0.00    5.94
09:07:02       7   58.00    0.00   36.00    0.00    0.00    0.00    0.00    0.00    0.00    6.00

09:07:02     CPU    %usr   %nice    %sys %iowait    %irq   %soft  %steal  %guest  %gnice   %idle
09:07:03     all   58.24    0.00   34.97    1.01    0.00    0.00    0.00    0.00    0.00    5.79
09:07:03       0   58.00    0.00   36.00    1.00    0.00    0.00    0.00    0.00    0.00    5.00
09:07:03       1   57.73    0.00   36.08    0.00    0.00    0.00    0.00    0.00    0.00    6.19
09:07:03       2   58.82    0.00   33.33    0.98    0.00    0.00    0.00    0.00    0.00    6.86
09:07:03       3   58.42    0.00   33.66    1.98    0.00    0.00    0.00    0.00    0.00    5.94
09:07:03       4   56.57    0.00   37.37    1.01    0.00    0.00    0.00    0.00    0.00    5.05
09:07:03       5   58.59    0.00   34.34    1.01    0.00    0.00    0.00    0.00    0.00    6.06
09:07:03       6   59.60    0.00   34.34    1.01    0.00    0.00    0.00    0.00    0.00    5.05
09:07:03       7   58.16    0.00   34.69    1.02    0.00    0.00    0.00    0.00    0.00    6.12

09:07:03     CPU    %usr   %nice    %sys %iowait    %irq   %soft  %steal  %guest  %gnice   %idle
09:07:04     all   58.92    0.00   34.92    0.50    0.00    0.00    0.00    0.00    0.00    5.65
09:07:04       0   60.00    0.00   33.00    1.00    0.00    0.00    0.00    0.00    0.00    6.00
09:07:04       1   58.00    0.00   35.00    1.00    0.00    0.00    0.00    0.00    0.00    6.00
09:07:04       2   62.24    0.00   32.65    0.00    0.00    0.00    0.00    0.00    0.00    5.10
09:07:04       3   57.58    0.00   37.37    0.00    0.00    0.00    0.00    0.00    0.00    5.05
09:07:04       4   56.44    0.00   36.63    0.99    0.00    0.00    0.00    0.00    0.00    5.94
09:07:04       5   59.00    0.00   34.00    1.00    0.00    0.00    0.00    0.00    0.00    6.00
09:07:04       6   61.22    0.00   33.67    0.00    0.00    0.00    0.00    0.00    0.00    5.10
09:07:04       7   57.00    0.00   37.00    0.00    0.00    0.00    0.00    0.00    0.00    6.00

09:07:04     CPU    %usr   %nice    %sys %iowait    %irq   %soft  %steal  %guest  %gnice   %idle
09:07:05     all   58.62    0.00   34.47    0.75    0.00    0.00    0.00    0.00    0.00    6.16
09:07:05       0   58.00    0.00   35.00    0.00    0.00    0.00    0.00    0.00    0.00    7.00
09:07:05       1   59.60    0.00   33.33    1.01    0.00    0.00    0.00    0.00    0.00    6.06
09:07:05       2   56.57    0.00   36.36    1.01    0.00    0.00    0.00    0.00    0.00    6.06
09:07:05       3   59.18    0.00   34.69    1.02    0.00    0.00    0.00    0.00    0.00    5.10
09:07:05       4   58.59    0.00   35.35    0.00    0.00    0.00    0.00    0.00    0.00    6.06
09:07:05       5   58.59    0.00   34.34    1.01    0.00    0.00    0.00    0.00    0.00    6.06
09:07:05       6   59.80    0.00   32.35    0.98    0.00    0.00    0.00    0.00    0.00    6.86
09:07:05       7   58.59    0.00   34.34    1.01    0.00    0.00    0.00    0.00    0.00    6.06

09:07:05     CPU    %usr   %nice    %sys %iowait    %irq   %soft  %steal  %guest  %gnice   %idle
09:07:06     all   57.79    0.00   35.18    0.88    0.00    0.00    0.00    0.00    0.00    6.16
09:07:06       0   60.20    0.00   33.67    1.02    0.00    0.00    0.00    0.00    0.00    5.10
09:07:06       1   60.20    0.00   33.67    0.00    0.00    0.00    0.00    0.00    0.00    6.12
09:07:06       2   53.54    0.00   39.39    1.01    0.00    0.00    0.00    0.00    0.00    6.06
09:07:06       3   58.42    0.00   33.66    0.99    0.00    0.00    0.00    0.00    0.00    6.93
09:07:06       4   56.57    0.00   36.36    1.01    0.00    0.00    0.00    0.00    0.00    6.06
09:07:06       5   57.84    0.00   34.31    0.98    0.00    0.00    0.00    0.00    0.00    6.86
09:07:06       6   58.16    0.00   35.71    1.02    0.00    0.00    0.00    0.00    0.00    5.10
09:07:06       7   57.43    0.00   34.65    0.99    0.00    0.00    0.00    0.00    0.00    6.93

09:07:06     CPU    %usr   %nice    %sys %iowait    %irq   %soft  %steal  %guest  %gnice   %idle
09:07:07     all    2.87    0.00    3.62    0.00    0.00    0.00    0.00    0.00    0.00   93.51
09:07:07       0    2.97    0.00    3.96    0.00    0.00    0.00    0.00    0.00    0.00   93.07
09:07:07       1    3.00    0.00    3.00    0.00    0.00    0.00    0.00    0.00    0.00   94.00
09:07:07       2    2.97    0.00    3.96    0.00    0.00    0.00    0.00    0.00    0.00   93.07
09:07:07       3    4.00    0.00    4.00    0.00    0.00    0.00    0.00    0.00    0.00   92.00
09:07:07       4    2.00    0.00    4.00    0.00    0.00    0.00    0.00    0.00    0.00   94.00
09:07:07       5    2.02    0.00    3.03    0.00    0.00    0.00    0.00    0.00    0.00   94.95
09:07:07       6    3.00    0.00    3.00    0.00    0.00    0.00    0.00    0.00    0.00   94.00
09:07:07       7    3.00    0.00    4.00    0.00    0.00    0.00    0.00    0.00    0.00   93.00

09:07:07     CPU    %usr   %nice    %sys %iowait    %irq   %soft  %steal  %guest  %gnice   %idle
09:07:08     all    0.25    0.00    0.13    0.00    0.00    0.00    0.00    0.00    0.00   99.62
09:07:08       0    1.01    0.00    0.00    0.00    0.00    0.00    0.00    0.00    0.00   98.99
09:07:08       1    0.00    0.00    1.00    0.00    0.00    0.00    0.00    0.00    0.00   99.00
09:07:08       2    0.00    0.00    0.00    0.00    0.00    0.00    0.00    0.00    0.00  100.00
09:07:08       3    1.00    0.00    0.00    0.00    0.00    0.00    0.00    0.00    0.00   99.00
09:07:08       4    0.00    0.00    0.00    0.00    0.00    0.00    0.00    0.00    0.00  100.00
09:07:08       5    0.00    0.00    0.00    0.00    0.00    0.00    0.00    0.00    0.00  100.00
09:07:08       6    0.00    0.00    0.00    0.00    0.00    0.00    0.00    0.00    0.00  100.00
09:07:08       7    0.00    0.00    0.00    0.00    0.00    0.00    0.00    0.00    0.00  100.00

```

---

## Command 11: pg_wait_events

### Command
```bash
bash -c 'for i in $(seq 1 70); do echo "=== $(date '"'"'+%H:%M:%S'"'"') ==="; sudo -u postgres psql -t -c "SELECT coalesce(wait_event_type,'"'"'CPU'"'"') as type, coalesce(wait_event,'"'"'Running'"'"') as event, count(*) as cnt FROM pg_stat_activity WHERE state='"'"'active'"'"' AND pid<>pg_backend_pid() GROUP BY 1,2 ORDER BY 3 DESC LIMIT 10"; sleep 1; done'
```

### Output
```
=== 09:06:04 ===
 IO   | DataFileRead |   1

=== 09:06:05 ===

=== 09:06:06 ===
 LWLock | WALWrite      |  96
 Lock   | transactionid |   3
 CPU    | Running       |   1

=== 09:06:07 ===
 LWLock | WALWrite      |  52
 CPU    | Running       |   4
 Client | ClientRead    |   3
 IO     | DataFileRead  |   2
 IO     | WALSync       |   1
 Lock   | transactionid |   1

=== 09:06:08 ===
 LWLock | WALWrite      |  55
 CPU    | Running       |   6
 Lock   | transactionid |   3
 Client | ClientRead    |   2
 IO     | DataFileRead  |   2
 IO     | WALSync       |   1

=== 09:06:09 ===
 LWLock | WALWrite      |  65
 CPU    | Running       |   4
 IO     | WALSync       |   1
 Lock   | transactionid |   1

=== 09:06:10 ===
 LWLock | WALWrite      |  75
 CPU    | Running       |   6
 Client | ClientRead    |   1
 IO     | WALSync       |   1
 Lock   | transactionid |   1

=== 09:06:11 ===
 LWLock | WALWrite      |  58
 CPU    | Running       |   6
 Client | ClientRead    |   4
 Lock   | transactionid |   4
 IO     | WALSync       |   1

=== 09:06:12 ===
 LWLock | WALWrite      |  64
 Client | ClientRead    |   4
 CPU    | Running       |   3
 Lock   | transactionid |   2
 IO     | WALSync       |   1

=== 09:06:13 ===
 LWLock | WALWrite      |  74
 CPU    | Running       |   5
 Lock   | transactionid |   3
 Client | ClientRead    |   2
 IO     | WALSync       |   1

=== 09:06:14 ===
 LWLock | WALWrite      |  51
 CPU    | Running       |  10
 Client | ClientRead    |   5
 Lock   | transactionid |   2
 IO     | WALSync       |   1

=== 09:06:16 ===
 LWLock | WALWrite             |  33
 CPU    | Running              |   6
 IPC    | ProcArrayGroupUpdate |   4
 Client | ClientRead           |   3
 IO     | WALSync              |   1
 LWLock | ProcArray            |   1

=== 09:06:17 ===
 LWLock | WALWrite   |  53
 CPU    | Running    |   6
 Client | ClientRead |   1
 IO     | WALSync    |   1

=== 09:06:18 ===
 LWLock | WALWrite      |  70
 CPU    | Running       |   3
 Lock   | transactionid |   3
 Client | ClientRead    |   2
 IO     | WALSync       |   1

=== 09:06:19 ===
 LWLock | WALWrite      |  78
 Lock   | transactionid |   7
 CPU    | Running       |   6
 Client | ClientRead    |   3
 IO     | WALSync       |   1
 Lock   | tuple         |   1

=== 09:06:20 ===
 LWLock | WALWrite      |  55
 Client | ClientRead    |   6
 Lock   | transactionid |   5
 CPU    | Running       |   3
 LWLock | WALInsert     |   1
 IO     | WALWrite      |   1
 Lock   | tuple         |   1

=== 09:06:21 ===
 LWLock | WALWrite             |  45
 CPU    | Running              |   8
 Client | ClientRead           |   2
 IPC    | ProcArrayGroupUpdate |   2
 Lock   | transactionid        |   2
 IO     | WALSync              |   1

=== 09:06:22 ===
 LWLock  | WALWrite      |  81
 Lock    | transactionid |   3
 CPU     | Running       |   2
 Timeout | SpinDelay     |   2
 IO      | WALSync       |   1

=== 09:06:23 ===
 LWLock | WALWrite      |  67
 Lock   | transactionid |   3
 CPU    | Running       |   2
 Client | ClientRead    |   1
 IO     | WALSync       |   1

=== 09:06:24 ===
 LWLock | WALWrite      |  28
 CPU    | Running       |   7
 Client | ClientRead    |   5
 Lock   | transactionid |   1

=== 09:06:25 ===
 LWLock | WALWrite      |  55
 CPU    | Running       |   5
 Lock   | transactionid |   4
 Client | ClientRead    |   1
 IO     | WALSync       |   1

=== 09:06:26 ===
 LWLock | WALWrite             |  50
 CPU    | Running              |   6
 Lock   | transactionid        |   6
 Client | ClientRead           |   2
 IO     | WALSync              |   1
 IPC    | ProcArrayGroupUpdate |   1

=== 09:06:27 ===
 LWLock | WALWrite      |  97
 Lock   | transactionid |   2
 IO     | WALSync       |   1

=== 09:06:28 ===
 LWLock | WALWrite      |  47
 CPU    | Running       |   3
 Client | ClientRead    |   3
 IO     | WALSync       |   1
 Lock   | transactionid |   1

=== 09:06:29 ===
 LWLock | WALWrite      |  93
 CPU    | Running       |   3
 Client | ClientRead    |   2
 IO     | WALSync       |   1
 Lock   | transactionid |   1

=== 09:06:30 ===
 LWLock | WALWrite      |  35
 CPU    | Running       |   7
 Client | ClientRead    |   2
 LWLock | LockManager   |   2
 IO     | WALSync       |   1
 Lock   | transactionid |   1

=== 09:06:31 ===
 LWLock | WALWrite      |  50
 LWLock | WALInsert     |  25
 CPU    | Running       |   9
 Client | ClientRead    |   6
 Lock   | transactionid |   3
 IO     | WALSync       |   1

=== 09:06:32 ===
 LWLock | WALWrite   |  41
 CPU    | Running    |  11
 Client | ClientRead |   1
 IO     | WALSync    |   1

=== 09:06:33 ===
 LWLock | WALInsert     |  42
 LWLock | WALWrite      |  22
 CPU    | Running       |   8
 Client | ClientRead    |   4
 IO     | DataFileRead  |   4
 Lock   | transactionid |   3
 IO     | WALSync       |   1

=== 09:06:34 ===
 LWLock | WALWrite      |  61
 CPU    | Running       |   6
 LWLock | WALInsert     |   5
 Lock   | transactionid |   2
 Client | ClientRead    |   1
 IO     | WALSync       |   1

=== 09:06:35 ===
 LWLock | WALWrite             |  39
 Client | ClientRead           |   8
 CPU    | Running              |   4
 Lock   | transactionid        |   1
 IPC    | ProcArrayGroupUpdate |   1
 IO     | WALSync              |   1
 LWLock | ProcArray            |   1

=== 09:06:36 ===
 LWLock | WALWrite      |  70
 CPU    | Running       |   4
 Lock   | transactionid |   4
 Client | ClientRead    |   2
 IO     | WALSync       |   1

=== 09:06:37 ===
 LWLock | WALWrite      |  35
 CPU    | Running       |   2
 Lock   | transactionid |   2
 Client | ClientRead    |   1
 IO     | DataFileRead  |   1
 IO     | WALSync       |   1

=== 09:06:38 ===
 LWLock | WALWrite      |  54
 CPU    | Running       |   5
 Client | ClientRead    |   2
 IO     | WALSync       |   1
 Lock   | transactionid |   1

=== 09:06:39 ===
 LWLock | WALWrite      |  55
 Lock   | transactionid |   6
 CPU    | Running       |   5
 Client | ClientRead    |   1
 IO     | DataFileRead  |   1
 IO     | WALSync       |   1

=== 09:06:40 ===
 LWLock | WALWrite      |  60
 CPU    | Running       |   9
 Lock   | transactionid |   5
 Client | ClientRead    |   4
 IO     | WALSync       |   1

=== 09:06:41 ===
 LWLock | WALWrite      |  61
 CPU    | Running       |   5
 Client | ClientRead    |   3
 Lock   | transactionid |   2
 IO     | WALSync       |   1

=== 09:06:42 ===
 LWLock | WALWrite      |  29
 CPU    | Running       |   5
 Client | ClientRead    |   3
 LWLock | LockManager   |   3
 Lock   | transactionid |   2
 IO     | WALSync       |   1

=== 09:06:43 ===
 LWLock | WALWrite      |  62
 CPU    | Running       |   7
 Lock   | transactionid |   3
 Client | ClientRead    |   2
 IO     | DataFileRead  |   1
 IO     | WALSync       |   1

=== 09:06:44 ===
 LWLock  | WALInsert     |  43
 CPU     | Running       |   6
 Client  | ClientRead    |   4
 Timeout | SpinDelay     |   4
 LWLock  | BufferContent |   2
 Lock    | transactionid |   1

=== 09:06:46 ===
 LWLock | WALWrite      |  53
 CPU    | Running       |   7
 Client | ClientRead    |   3
 Lock   | transactionid |   2
 IO     | WALSync       |   1

=== 09:06:47 ===
 LWLock | WALWrite             |  55
 CPU    | Running              |   7
 Client | ClientRead           |   1
 IO     | WALSync              |   1
 IPC    | ProcArrayGroupUpdate |   1
 Lock   | transactionid        |   1

=== 09:06:48 ===
 LWLock  | WALWrite      |  68
 CPU     | Running       |  10
 Timeout | SpinDelay     |   8
 Lock    | transactionid |   4
 IO      | WALSync       |   1

=== 09:06:49 ===
 LWLock | WALWrite      |  49
 CPU    | Running       |  10
 Client | ClientRead    |   4
 Lock   | transactionid |   4
 IO     | WALSync       |   1

=== 09:06:50 ===
 LWLock | WALWrite      |  66
 CPU    | Running       |   2
 Client | ClientRead    |   2
 IO     | WALSync       |   1
 Lock   | transactionid |   1

=== 09:06:51 ===
 LWLock | WALWrite      |  72
 Client | ClientRead    |   2
 IO     | WALSync       |   1
 Lock   | transactionid |   1

=== 09:06:52 ===
 LWLock | WALWrite             |  57
 IPC    | ProcArrayGroupUpdate |   7
 CPU    | Running              |   4
 Lock   | transactionid        |   3
 Client | ClientRead           |   1
 IO     | WALSync              |   1

=== 09:06:53 ===
 LWLock | WALWrite      |  21
 CPU    | Running       |  12
 LWLock | LockManager   |   3
 Lock   | transactionid |   3
 Client | ClientRead    |   2
 LWLock | WALInsert     |   1
 IO     | WALSync       |   1

=== 09:06:54 ===
 LWLock | WALWrite      |  74
 Lock   | transactionid |   6
 CPU    | Running       |   5
 IO     | WALSync       |   1

=== 09:06:55 ===
 LWLock | WALWrite      |  89
 CPU    | Running       |   4
 IO     | WALSync       |   1
 Lock   | transactionid |   1

=== 09:06:56 ===
 LWLock | WALWrite      |  57
 CPU    | Running       |   6
 Client | ClientRead    |   1
 IO     | WALSync       |   1
 LWLock | BufferMapping |   1
 Lock   | transactionid |   1

=== 09:06:57 ===
 LWLock | WALWrite      |  43
 CPU    | Running       |  10
 Client | ClientRead    |   2
 IO     | WALSync       |   1
 Lock   | transactionid |   1

=== 09:06:58 ===
 LWLock | WALWrite      |  66
 CPU    | Running       |   6
 Client | ClientRead    |   3
 Lock   | transactionid |   2
 IO     | WALSync       |   1

=== 09:06:59 ===
 LWLock | WALWrite      |  57
 CPU    | Running       |   9
 Lock   | transactionid |   5
 Client | ClientRead    |   2
 IO     | WALSync       |   1

=== 09:07:00 ===
 LWLock | WALWrite      |  36
 CPU    | Running       |   8
 Lock   | transactionid |   4
 IO     | WALSync       |   1

=== 09:07:01 ===
 LWLock | WALWrite      |  86
 Lock   | transactionid |   5
 CPU    | Running       |   3
 Client | ClientRead    |   1
 IO     | WALSync       |   1

=== 09:07:02 ===
 LWLock | WALWrite      |  37
 CPU    | Running       |   7
 Lock   | transactionid |   3
 Client | ClientRead    |   2
 IO     | WALSync       |   1

=== 09:07:03 ===
 LWLock | WALInsert  |  47
 LWLock | WALWrite   |  36
 CPU    | Running    |   5
 Client | ClientRead |   2
 IO     | WALSync    |   1

=== 09:07:04 ===
 LWLock | WALWrite      |  61
 CPU    | Running       |   6
 Client | ClientRead    |   1
 IO     | WALSync       |   1
 LWLock | XactSLRU      |   1
 Lock   | transactionid |   1

=== 09:07:05 ===
 LWLock | WALWrite   |  48
 Client | ClientRead |   7
 CPU    | Running    |   3
 IO     | WALSync    |   1

=== 09:07:06 ===

=== 09:07:07 ===


```

---

## Command 12: pg_checkpoint_log

### Command
```bash
