# Benchmark: [POSTGRES DISK] pgbench TPC-B - PostgreSQL OLTP

**Date:** 2026-01-04 08:47:04
**Scenario:** PostgreSQL OLTP - 100 clients, TPC-B like workload with full monitoring

---

## Target Disk

| Property | Value |
|----------|-------|
| **Name** | **POSTGRES** |
| **Mount Point** | `/data,/wal` |
| **Device** | `/dev/md0,/dev/md1` |
| **Volumes** | `nvme1n1, nvme2n1, nvme3n1, nvme4n1, nvme5n1, nvme6n1, nvme7n1, nvme8n1, nvme9n1, nvme10n1, nvme11n1, nvme12n1, nvme13n1, nvme14n1, nvme15n1, nvme16n1, md0, md1` |

---

## System Configuration

```
=== INSTANCE ===

Linux ip-10-0-1-210 6.14.0-1018-aws #18~24.04.1-Ubuntu SMP Mon Nov 24 19:32:52 UTC 2025 aarch64 aarch64 aarch64 GNU/Linux
Architecture:                            aarch64
CPU(s):                                  8
Model name:                              Neoverse-V2
total        used        free      shared  buff/cache   available
Mem:            61Gi        22Gi        30Gi       2.4Mi       8.9Gi        39Gi
Swap:             0B          0B          0B

=== OS TUNING ===
vm.swappiness = 1
vm.dirty_ratio = 4
vm.dirty_background_ratio = 1
vm.dirty_expire_centisecs = 200
vm.dirty_writeback_centisecs = 100
always madvise [never]

=== NETWORK ===
net.core.somaxconn = 4096
net.core.rmem_max = 16777216
net.core.wmem_max = 16777216
net.ipv4.tcp_tw_reuse = 1
net.ipv4.tcp_fin_timeout = 15

=== DISK - RAID ===
Personalities : [raid10] 
md0 : active raid10 nvme7n1[2] nvme3n1[5] nvme5n1[1] nvme2n1[7] nvme8n1[0] nvme0n1[4] nvme6n1[3] nvme4n1[6]
      209580032 blocks super 1.2 64K chunks 2 near-copies [8/8] [UUUUUUUU]
      
md1 : active raid10 nvme12n1[0] nvme14n1[4] nvme16n1[5] nvme15n1[1] nvme10n1[3] nvme11n1[7] nvme9n1[6] nvme13n1[2]
      125759488 blocks super 1.2 256K chunks 2 near-copies [8/8] [UUUUUUUU]
      
unused devices: <none>
/dev/md0:
           Version : 1.2
     Creation Time : Sat Jan  3 08:26:08 2026
        Raid Level : raid10
        Array Size : 209580032 (199.87 GiB 214.61 GB)
     Used Dev Size : 52395008 (49.97 GiB 53.65 GB)
      Raid Devices : 8
     Total Devices : 8
       Persistence : Superblock is persistent

       Update Time : Sun Jan  4 08:45:49 2026
             State : clean 
    Active Devices : 8
   Working Devices : 8
    Failed Devices : 0
     Spare Devices : 0

            Layout : near=2
        Chunk Size : 64K

Consistency Policy : resync

              Name : ip-10-0-1-227:0
              UUID : ec94b08e:1ec1acd2:a24076ab:c0b61faa
            Events : 330

    Number   Major   Minor   RaidDevice State
       0     259       13        0      active sync set-A   /dev/nvme8n1
       1     259        5        1      active sync set-B   /dev/nvme5n1
       2     259       12        2      active sync set-A   /dev/nvme7n1
       3     259        6        3      active sync set-B   /dev/nvme6n1
       4     259        1        4      active sync set-A   /dev/nvme0n1
       5     259        2        5      active sync set-B   /dev/nvme3n1
       6     259        3        6      active sync set-A   /dev/nvme4n1
       7     259        4        7      active sync set-B   /dev/nvme2n1
/dev/md1:
           Version : 1.2
     Creation Time : Sat Jan  3 08:26:08 2026
        Raid Level : raid10
        Array Size : 125759488 (119.93 GiB 128.78 GB)
     Used Dev Size : 31439872 (29.98 GiB 32.19 GB)
      Raid Devices : 8
     Total Devices : 8
       Persistence : Superblock is persistent

       Update Time : Sun Jan  4 08:46:00 2026
             State : clean 
    Active Devices : 8
   Working Devices : 8
    Failed Devices : 0
     Spare Devices : 0

            Layout : near=2
        Chunk Size : 256K

Consistency Policy : resync

              Name : ip-10-0-1-227:1
              UUID : 4920b43f:4424608d:2e163255:f781c5ec
            Events : 19

    Number   Major   Minor   RaidDevice State
       0     259       11        0      active sync set-A   /dev/nvme12n1
       1     259       15        1      active sync set-B   /dev/nvme15n1
       2     259        7        2      active sync set-A   /dev/nvme13n1
       3     259        8        3      active sync set-B   /dev/nvme10n1
       4     259       10        4      active sync set-A   /dev/nvme14n1
       5     259       16        5      active sync set-B   /dev/nvme16n1
       6     259        9        6      active sync set-A   /dev/nvme9n1
       7     259       14        7      active sync set-B   /dev/nvme11n1

=== DISK - BLOCK TUNING ===
--- md0 ---
scheduler: 
read_ahead_kb: 512
nr_requests: 
--- md1 ---
scheduler: 
read_ahead_kb: 4096
nr_requests: 

=== DISK - MOUNT ===
/dev/md1 on /wal type xfs (rw,noatime,nodiratime,attr2,inode64,logbufs=8,logbsize=256k,sunit=512,swidth=2048,noquota)
/dev/md0 on /data type xfs (rw,noatime,nodiratime,attr2,inode64,allocsize=65536k,logbufs=8,logbsize=256k,sunit=128,swidth=512,noquota)
Filesystem      Size  Used Avail Use% Mounted on
/dev/md0        200G   40G  160G  21% /data
/dev/md1        120G   25G   96G  21% /wal

=== DISK - XFS ===
meta-data=/dev/md0               isize=512    agcount=16, agsize=3274688 blks
         =                       sectsz=4096  attr=2, projid32bit=1
         =                       crc=1        finobt=1, sparse=1, rmapbt=1
         =                       reflink=1    bigtime=1 inobtcount=1 nrext64=0
data     =                       bsize=4096   blocks=52395008, imaxpct=25
         =                       sunit=16     swidth=64 blks
naming   =version 2              bsize=4096   ascii-ci=0, ftype=1
log      =internal log           bsize=4096   blocks=25583, version=2
         =                       sectsz=4096  sunit=1 blks, lazy-count=1
realtime =none                   extsz=4096   blocks=0, rtextents=0
meta-data=/dev/md1               isize=512    agcount=8, agsize=3929984 blks
         =                       sectsz=4096  attr=2, projid32bit=1
         =                       crc=1        finobt=1, sparse=1, rmapbt=1
         =                       reflink=1    bigtime=1 inobtcount=1 nrext64=0
data     =                       bsize=4096   blocks=31439872, imaxpct=25
         =                       sunit=64     swidth=256 blks
naming   =version 2              bsize=4096   ascii-ci=0, ftype=1
log      =internal log           bsize=4096   blocks=16384, version=2
         =                       sectsz=4096  sunit=1 blks, lazy-count=1
realtime =none                   extsz=4096   blocks=0, rtextents=0
```

---

## Command 1: Begin:sysctl_swappiness

### Command
```bash
sysctl -w vm.swappiness=1
```

### Output
```
vm.swappiness = 1

```

---

## Command 2: Begin:sysctl_dirty_background

### Command
```bash
sysctl -w vm.dirty_background_ratio=1
```

### Output
```
vm.dirty_background_ratio = 1

```

---

## Command 3: Begin:sysctl_dirty_ratio

### Command
```bash
sysctl -w vm.dirty_ratio=4
```

### Output
```
vm.dirty_ratio = 4

```

---

## Command 4: Begin:sysctl_dirty_expire

### Command
```bash
sysctl -w vm.dirty_expire_centisecs=200
```

### Output
```
vm.dirty_expire_centisecs = 200

```

---

## Command 5: Begin:sysctl_dirty_writeback

### Command
```bash
sysctl -w vm.dirty_writeback_centisecs=100
```

### Output
```
vm.dirty_writeback_centisecs = 100

```

---

## Command 6: Begin:pg_stat_reset

### Command
```bash
sudo -u postgres psql -c 'SELECT pg_stat_reset(); SELECT pg_stat_reset_shared('"'"'bgwriter'"'"');'
```

### Output
```
 pg_stat_reset 
---------------
 
(1 row)

 pg_stat_reset_shared 
----------------------
 
(1 row)


```

---

## Command 7: pgbench

### Command
```bash
sudo -u postgres pgbench -c 100 -j 6 -T 60 -P 5 -b tpcb-like pgbench
```

### Output
```
pgbench (16.11 (Ubuntu 16.11-1.pgdg24.04+1))
transaction type: <builtin: TPC-B (sort of)>
scaling factor: 1250
query mode: simple
number of clients: 100
number of threads: 6
maximum number of tries: 1
duration: 60 s
number of transactions actually processed: 961733
number of failed transactions: 0 (0.000%)
latency average = 6.234 ms
latency stddev = 1.667 ms
initial connection time = 40.784 ms
tps = 16033.363857 (without initial connection time)
starting vacuum...end.
progress: 5.0 s, 15620.4 tps, lat 6.344 ms stddev 1.982, 0 failed
progress: 10.0 s, 15977.8 tps, lat 6.255 ms stddev 1.806, 0 failed
progress: 15.0 s, 15724.4 tps, lat 6.358 ms stddev 1.686, 0 failed
progress: 20.0 s, 16790.0 tps, lat 5.954 ms stddev 1.502, 0 failed
progress: 25.0 s, 16366.7 tps, lat 6.110 ms stddev 1.587, 0 failed
progress: 30.0 s, 15668.3 tps, lat 6.380 ms stddev 1.610, 0 failed
progress: 35.0 s, 16184.1 tps, lat 6.177 ms stddev 1.571, 0 failed
progress: 40.0 s, 16255.9 tps, lat 6.150 ms stddev 1.588, 0 failed
progress: 45.0 s, 15531.9 tps, lat 6.435 ms stddev 1.659, 0 failed
progress: 50.0 s, 15557.0 tps, lat 6.427 ms stddev 1.667, 0 failed
progress: 55.0 s, 16040.8 tps, lat 6.233 ms stddev 1.632, 0 failed
progress: 60.0 s, 16609.5 tps, lat 6.018 ms stddev 1.571, 0 failed

```

---

## Command 8: meminfo

### Command
```bash
bash -c 'for i in $(seq 1 70); do date '"'"'+%H:%M:%S'"'"'; grep -E '"'"'Dirty|Writeback'"'"' /proc/meminfo; echo '"'"'---'"'"'; sleep 1; done'
```

### Output
```
08:46:00
Dirty:               400 kB
Writeback:             0 kB
WritebackTmp:          0 kB
---
08:46:01
Dirty:               444 kB
Writeback:             0 kB
WritebackTmp:          0 kB
---
08:46:02
Dirty:               108 kB
Writeback:             0 kB
WritebackTmp:          0 kB
---
08:46:03
Dirty:               280 kB
Writeback:            64 kB
WritebackTmp:          0 kB
---
08:46:04
Dirty:               372 kB
Writeback:             0 kB
WritebackTmp:          0 kB
---
08:46:05
Dirty:                72 kB
Writeback:            56 kB
WritebackTmp:          0 kB
---
08:46:06
Dirty:               588 kB
Writeback:             0 kB
WritebackTmp:          0 kB
---
08:46:07
Dirty:               480 kB
Writeback:            32 kB
WritebackTmp:          0 kB
---
08:46:08
Dirty:               212 kB
Writeback:            56 kB
WritebackTmp:          0 kB
---
08:46:09
Dirty:               532 kB
Writeback:           136 kB
WritebackTmp:          0 kB
---
08:46:10
Dirty:               972 kB
Writeback:           112 kB
WritebackTmp:          0 kB
---
08:46:11
Dirty:               352 kB
Writeback:            80 kB
WritebackTmp:          0 kB
---
08:46:12
Dirty:               196 kB
Writeback:            24 kB
WritebackTmp:          0 kB
---
08:46:13
Dirty:               308 kB
Writeback:            56 kB
WritebackTmp:          0 kB
---
08:46:14
Dirty:               264 kB
Writeback:            40 kB
WritebackTmp:          0 kB
---
08:46:15
Dirty:               348 kB
Writeback:            64 kB
WritebackTmp:          0 kB
---
08:46:16
Dirty:               204 kB
Writeback:            72 kB
WritebackTmp:          0 kB
---
08:46:17
Dirty:               296 kB
Writeback:            56 kB
WritebackTmp:          0 kB
---
08:46:18
Dirty:               372 kB
Writeback:             0 kB
WritebackTmp:          0 kB
---
08:46:19
Dirty:               348 kB
Writeback:           120 kB
WritebackTmp:          0 kB
---
08:46:20
Dirty:               336 kB
Writeback:           128 kB
WritebackTmp:          0 kB
---
08:46:21
Dirty:               548 kB
Writeback:            72 kB
WritebackTmp:          0 kB
---
08:46:22
Dirty:               356 kB
Writeback:            32 kB
WritebackTmp:          0 kB
---
08:46:23
Dirty:               312 kB
Writeback:            72 kB
WritebackTmp:          0 kB
---
08:46:24
Dirty:               404 kB
Writeback:            24 kB
WritebackTmp:          0 kB
---
08:46:25
Dirty:               304 kB
Writeback:            72 kB
WritebackTmp:          0 kB
---
08:46:26
Dirty:               404 kB
Writeback:             0 kB
WritebackTmp:          0 kB
---
08:46:27
Dirty:               244 kB
Writeback:            56 kB
WritebackTmp:          0 kB
---
08:46:28
Dirty:               252 kB
Writeback:            96 kB
WritebackTmp:          0 kB
---
08:46:29
Dirty:               336 kB
Writeback:           120 kB
WritebackTmp:          0 kB
---
08:46:30
Dirty:               112 kB
Writeback:           132 kB
WritebackTmp:          0 kB
---
08:46:31
Dirty:               356 kB
Writeback:           152 kB
WritebackTmp:          0 kB
---
08:46:32
Dirty:               300 kB
Writeback:            32 kB
WritebackTmp:          0 kB
---
08:46:33
Dirty:               468 kB
Writeback:           192 kB
WritebackTmp:          0 kB
---
08:46:34
Dirty:               428 kB
Writeback:             0 kB
WritebackTmp:          0 kB
---
08:46:35
Dirty:               488 kB
Writeback:            80 kB
WritebackTmp:          0 kB
---
08:46:36
Dirty:               460 kB
Writeback:             0 kB
WritebackTmp:          0 kB
---
08:46:37
Dirty:               348 kB
Writeback:             0 kB
WritebackTmp:          0 kB
---
08:46:38
Dirty:               440 kB
Writeback:            64 kB
WritebackTmp:          0 kB
---
08:46:39
Dirty:               452 kB
Writeback:             0 kB
WritebackTmp:          0 kB
---
08:46:40
Dirty:               272 kB
Writeback:             0 kB
WritebackTmp:          0 kB
---
08:46:41
Dirty:               376 kB
Writeback:             0 kB
WritebackTmp:          0 kB
---
08:46:42
Dirty:               260 kB
Writeback:            80 kB
WritebackTmp:          0 kB
---
08:46:43
Dirty:               360 kB
Writeback:            56 kB
WritebackTmp:          0 kB
---
08:46:44
Dirty:               252 kB
Writeback:            72 kB
WritebackTmp:          0 kB
---
08:46:45
Dirty:               320 kB
Writeback:             0 kB
WritebackTmp:          0 kB
---
08:46:46
Dirty:               424 kB
Writeback:            40 kB
WritebackTmp:          0 kB
---
08:46:47
Dirty:               440 kB
Writeback:            72 kB
WritebackTmp:          0 kB
---
08:46:48
Dirty:               244 kB
Writeback:            80 kB
WritebackTmp:          0 kB
---
08:46:49
Dirty:               456 kB
Writeback:             8 kB
WritebackTmp:          0 kB
---
08:46:50
Dirty:               216 kB
Writeback:             0 kB
WritebackTmp:          0 kB
---
08:46:51
Dirty:               456 kB
Writeback:             0 kB
WritebackTmp:          0 kB
---
08:46:52
Dirty:               460 kB
Writeback:            72 kB
WritebackTmp:          0 kB
---
08:46:53
Dirty:               288 kB
Writeback:            32 kB
WritebackTmp:          0 kB
---
08:46:54
Dirty:               208 kB
Writeback:            56 kB
WritebackTmp:          0 kB
---
08:46:55
Dirty:               364 kB
Writeback:            40 kB
WritebackTmp:          0 kB
---
08:46:56
Dirty:              1216 kB
Writeback:            64 kB
WritebackTmp:          0 kB
---
08:46:57
Dirty:               504 kB
Writeback:            16 kB
WritebackTmp:          0 kB
---
08:46:58
Dirty:               312 kB
Writeback:            88 kB
WritebackTmp:          0 kB
---
08:47:00
Dirty:               664 kB
Writeback:           144 kB
WritebackTmp:          0 kB
---
08:47:01
Dirty:               660 kB
Writeback:           120 kB
WritebackTmp:          0 kB
---
08:47:02
Dirty:               272 kB
Writeback:             0 kB
WritebackTmp:          0 kB
---
08:47:03
Dirty:               272 kB
Writeback:             0 kB
WritebackTmp:          0 kB
---
08:47:04
Dirty:               240 kB
Writeback:             0 kB
WritebackTmp:          0 kB
---

```

---

## Command 9: dstat

### Command
```bash
dstat -tcmdr --disk-util 1 70
```

### Output
```
----system---- ----total-usage---- ------memory-usage----- -dsk/total- --io/total- nvme nvme nvme nvme nvme nvme nvme nvme nvme nvme nvme nvme nvme nvme nvme nvme nvme
     time     |usr sys idl wai stl| used  free  buf   cach| read  writ| read  writ|util:util:util:util:util:util:util:util:util:util:util:util:util:util:util:util:util
04-01 08:46:00|                   |  22G   31G   45M 9039M|           |           |    :    :    :    :    :    :    :    :    :    :    :    :    :    :    :    :    
04-01 08:46:01|  0   0  99   0   0|  22G   31G   45M 9039M|   0     0 |   0     0 |   0:   0:   0:   0:   0:   0:   0:   0:   0:   0:   0:   0:   0:   0:   0:   0:   0
04-01 08:46:02|  1   1  99   0   0|  22G   31G   45M 9013M|   0   400k|   0  32.5 |   0:0.70:   0:   0:   0:   0:   0:   0:   0:0.10:0.10:   0:0.10:0.10:0.30:0.10:0.20
04-01 08:46:03| 56  36   5   2   0|  22G   31G   45M 9134M| 105M   43M|11.7k 1307 |65.8:0.20:48.6:36.8:63.6:52.8:56.9:63.5:65.3:18.3:17.1:18.1:18.7:16.8:17.1:19.0:17.1
04-01 08:46:04| 59  35   3   2   0|  22G   30G   45M 9263M| 110M   45M|12.3k 1336 |67.4:   0:43.9:51.7:62.9:57.0:47.7:67.0:67.7:19.2:19.3:19.0:19.4:19.0:18.2:19.7:18.2
04-01 08:46:05| 59  34   3   2   0|  22G   30G   45M 9391M| 111M   45M|12.1k 1388 |65.5:0.20:47.7:52.0:63.8:54.7:52.6:65.5:64.7:18.0:18.7:18.1:19.3:18.6:18.3:19.5:18.1
04-01 08:46:06| 60  34   3   2   0|  22G   30G   45M 9515M| 107M   44M|11.8k 1339 |66.7:   0:53.3:52.6:66.1:54.2:51.3:66.2:66.6:19.6:19.4:19.8:18.2:19.1:19.5:18.2:19.9
04-01 08:46:07| 58  36   3   2   0|  22G   30G   45M 9647M| 113M   45M|12.4k 1387 |65.0:0.10:52.7:50.3:65.7:53.9:51.3:65.3:66.0:19.0:18.7:19.0:19.0:18.6:19.3:18.7:19.2
04-01 08:46:08| 58  34   3   2   0|  22G   30G   45M 9780M| 115M   47M|12.5k 1404 |65.6:   0:52.4:54.0:66.9:51.4:58.3:67.5:68.1:20.7:19.1:20.7:19.8:19.5:19.1:19.6:19.0
04-01 08:46:09| 58  36   3   2   0|  22G   30G   45M 9907M| 109M   45M|12.0k 1364 |66.1:0.10:52.6:48.9:64.9:51.4:52.2:68.1:65.5:18.2:19.6:18.0:18.5:19.7:19.5:18.5:19.0
04-01 08:46:10| 60  35   3   2   0|  22G   30G   45M   10G| 109M   44M|11.9k 1363 |67.4:0.10:49.0:51.5:62.6:52.5:50.6:66.2:65.3:19.6:17.7:19.2:18.9:17.7:18.2:18.7:18.4
04-01 08:46:11| 60  34   3   2   0|  22G   30G   45M   10G| 110M   45M|11.8k 1353 |64.4:   0:51.7:50.1:65.1:51.0:49.8:64.9:65.3:19.2:18.8:19.1:19.7:18.9:19.0:19.8:18.8
04-01 08:46:12| 59  34   4   2   0|  22G   29G   45M   10G| 110M   45M|11.9k 1425 |63.9:0.10:53.0:50.6:66.4:52.7:53.0:63.8:68.0:18.0:18.5:18.2:19.6:18.3:19.5:19.1:19.2
04-01 08:46:13| 57  35   3   2   0|  22G   29G   45M   10G| 117M   46M|12.5k 1387 |65.0:   0:50.2:53.3:66.0:50.8:52.4:65.8:67.6:20.0:19.2:20.4:20.1:19.2:20.1:20.2:20.2
04-01 08:46:14| 59  33   4   2   0|  22G   29G   45M   10G| 111M   44M|11.9k 1397 |63.9:0.10:50.8:50.8:65.2:50.4:51.6:64.3:64.3:20.0:18.5:19.9:19.2:18.2:20.1:18.9:20.4
04-01 08:46:15| 60  34   3   2   0|  22G   29G   45M   10G| 106M   42M|11.3k 1306 |63.4:0.10:50.1:49.2:64.4:47.4:49.7:62.3:64.2:18.0:18.1:18.1:19.0:17.8:18.6:19.1:17.7
04-01 08:46:16| 60  34   4   2   0|  22G   29G   45M   11G| 104M   42M|11.1k 1341 |64.8:0.10:50.0:53.5:63.1:47.4:45.9:62.2:61.2:17.2:18.3:17.7:17.8:18.3:18.2:17.9:18.1
04-01 08:46:17| 60  34   3   2   0|  22G   29G   45M   11G| 108M   42M|11.4k 1337 |63.6:   0:49.0:45.8:64.2:49.8:49.7:63.7:63.1:17.9:19.0:18.1:17.5:18.7:19.4:18.1:19.4
04-01 08:46:18| 60  34   3   2   0|  22G   29G   45M   11G| 115M   45M|12.2k 1389 |67.4:0.10:51.6:50.4:65.1:50.1:51.3:64.1:65.6:19.3:19.8:19.2:20.0:19.4:18.8:20.4:18.8
04-01 08:46:19| 57  34   4   3   0|  22G   29G   45M   11G| 120M   46M|12.5k 1412 |64.1:0.10:54.2:49.9:65.8:51.7:51.1:62.4:64.5:19.3:19.3:19.1:19.5:18.9:20.5:19.2:20.7
04-01 08:46:20| 58  35   3   2   0|  22G   28G   45M   11G| 119M   46M|12.4k 1453 |66.1:0.20:53.1:49.7:66.3:53.0:52.3:65.9:66.3:19.3:18.7:19.4:20.4:18.7:19.5:20.3:19.5
04-01 08:46:21| 56  36   3   2   0|  22G   28G   45M   11G| 117M   45M|12.3k 1407 |65.6:   0:54.6:49.7:63.7:49.9:53.2:66.4:67.0:19.8:19.3:19.4:19.0:19.1:20.2:18.9:20.2
04-01 08:46:22| 59  36   4   2   0|  22G   28G   45M   11G| 113M   45M|11.8k 1427 |65.3:0.10:50.8:51.6:66.8:50.4:53.3:68.4:65.1:19.6:19.4:19.4:18.2:19.7:19.3:18.4:19.2
04-01 08:46:23| 57  35   4   2   0|  22G   28G   45M   11G| 117M   45M|12.2k 1408 |65.4:0.20:51.3:52.0:64.1:51.6:52.5:66.6:64.4:18.8:20.8:19.1:20.3:20.9:18.2:20.3:18.7
04-01 08:46:24| 59  35   4   2   0|  22G   28G   45M   12G| 115M   44M|11.9k 1429 |65.1:0.10:50.3:49.1:63.7:50.8:50.8:63.5:64.6:19.3:18.7:19.4:18.9:18.7:19.6:18.8:20.1
04-01 08:46:25| 58  34   4   2   0|  22G   28G   45M   12G| 120M   44M|12.2k 1405 |67.6:0.20:54.7:51.3:69.1:49.6:53.7:66.1:64.3:19.2:18.9:19.0:18.9:18.9:19.1:19.0:19.2
04-01 08:46:26| 59  34   4   2   0|  22G   28G   45M   12G| 112M   42M|11.5k 1381 |65.0:0.10:48.7:50.5:61.3:50.1:50.2:64.0:63.8:18.9:17.8:18.7:18.3:18.6:19.2:18.8:19.3
04-01 08:46:27| 59  34   4   2   0|  22G   28G   45M   12G| 107M   41M|11.0k 1373 |63.4:   0:48.6:48.2:61.4:47.3:46.2:63.6:61.4:17.4:18.9:17.4:18.1:18.6:18.5:18.2:18.4
04-01 08:46:28| 61  33   4   2   0|  22G   27G   45M   12G| 106M   41M|11.0k 1360 |62.1:0.10:48.1:50.1:62.5:47.9:46.3:60.4:62.3:19.0:17.9:19.0:18.0:18.0:18.7:17.8:18.2
04-01 08:46:29| 61  33   3   2   0|  22G   27G   45M   12G| 110M   41M|11.3k 1331 |62.7:   0:49.7:49.2:66.8:47.6:47.4:63.1:64.3:19.1:18.4:19.4:18.3:18.1:18.3:17.7:18.1
04-01 08:46:30| 60  34   3   2   0|  22G   27G   45M   12G| 109M   41M|11.1k 1344 |61.3:   0:48.1:48.2:64.6:47.9:48.2:62.8:64.1:19.3:18.7:19.2:18.5:19.0:19.3:18.4:19.3
04-01 08:46:31| 61  33   3   2   0|  22G   27G   45M   12G| 105M   41M|10.8k 1378 |63.0:0.30:48.1:48.1:61.8:48.3:45.3:61.6:64.1:17.9:19.0:18.1:18.6:19.1:17.9:18.8:18.0
04-01 08:46:32| 60  34   4   1   0|  22G   27G   45M   13G| 104M   40M|10.6k 1323 |58.8:0.10:46.4:45.3:60.9:47.1:47.9:61.7:59.2:18.4:17.2:17.9:18.2:16.7:17.7:17.8:18.1
04-01 08:46:33| 59  34   4   2   0|  22G   27G   45M   13G| 107M   40M|10.9k 1316 |63.2:   0:49.2:46.4:60.2:45.2:47.5:64.1:58.9:19.1:18.0:19.0:17.3:18.2:18.8:17.3:19.0
04-01 08:46:34| 59  34   4   2   0|  22G   27G   45M   13G| 115M   43M|11.6k 1427 |64.5:0.20:50.3:48.3:64.6:52.6:48.8:62.0:64.1:18.1:20.9:18.0:19.2:20.3:18.7:19.7:18.3
04-01 08:46:35| 58  35   4   2   0|  22G   27G   45M   13G| 112M   42M|11.4k 1387 |62.5:   0:46.6:47.3:64.1:49.3:46.5:61.6:60.6:19.2:18.5:19.5:18.2:18.6:18.6:18.2:19.1
04-01 08:46:36| 60  34   4   2   0|  22G   26G   45M   13G| 108M   41M|10.9k 1366 |62.2:0.20:45.6:44.8:60.1:46.3:46.2:60.6:60.2:18.9:18.0:19.1:17.2:17.9:17.6:17.5:18.1
04-01 08:46:37| 59  35   4   2   0|  22G   26G   45M   13G| 110M   42M|11.3k 1393 |63.1:   0:47.8:46.2:62.8:46.7:48.2:64.7:61.6:18.7:18.7:18.6:18.1:18.8:20.0:18.2:19.7
04-01 08:46:38| 58  35   4   2   0|  22G   26G   45M   13G| 115M   42M|11.6k 1399 |59.6:0.20:45.5:47.0:64.5:49.9:47.8:61.5:64.2:19.8:19.4:19.6:18.4:19.4:17.7:18.2:17.7
04-01 08:46:39| 58  34   4   2   0|  22G   26G   45M   13G| 110M   41M|11.1k 1358 |61.7:   0:47.5:46.6:62.5:45.8:45.0:60.4:61.3:18.7:18.3:18.6:18.1:18.3:19.6:18.2:19.4
04-01 08:46:40| 58  34   4   1   0|  22G   26G   45M   14G| 110M   41M|11.0k 1392 |59.8:0.10:44.6:47.5:57.1:46.0:46.9:63.8:59.0:18.6:19.2:18.6:17.8:18.8:18.1:17.8:18.2
04-01 08:46:41| 58  36   4   2   0|  22G   26G   45M   14G| 110M   40M|10.9k 1341 |61.4:   0:43.2:46.0:59.7:46.9:47.8:59.7:63.1:18.9:17.0:18.7:18.4:17.3:19.4:18.6:19.3
04-01 08:46:42| 60  34   3   1   0|  22G   26G   45M   14G|  99M   39M|10.1k 1373 |56.1:0.10:45.1:43.4:59.0:47.7:43.5:57.1:61.3:17.4:18.4:17.2:17.0:18.1:17.4:16.8:17.7
04-01 08:46:43| 60  33   4   2   0|  22G   26G   45M   14G| 105M   38M|10.4k 1318 |58.7:   0:42.6:42.4:59.4:42.5:43.1:61.1:58.1:19.8:17.0:19.3:17.7:16.6:18.2:18.1:18.6
04-01 08:46:44| 59  34   4   1   0|  22G   26G   45M   14G|  99M   39M|9965  1347 |59.1:0.20:42.4:43.0:57.3:42.8:42.0:59.1:59.9:17.7:18.5:17.4:16.9:18.6:16.8:16.9:16.8
04-01 08:46:45| 61  35   3   1   0|  22G   25G   45M   14G| 103M   38M|10.2k 1328 |61.1:   0:42.0:44.3:59.9:42.1:45.2:61.2:57.8:18.7:17.7:18.7:16.7:17.1:18.2:16.5:18.1
04-01 08:46:46| 61  34   4   1   0|  22G   25G   45M   14G| 100M   38M|10.1k 1326 |56.4:0.20:43.7:43.0:59.5:41.9:41.3:57.1:56.5:16.9:18.2:16.9:18.9:18.2:15.7:18.9:15.6
04-01 08:46:47| 61  33   4   1   0|  22G   25G   45M   14G| 104M   38M|10.4k 1325 |58.0:   0:42.3:43.6:59.6:43.4:42.8:59.4:59.3:18.5:17.7:18.4:16.6:17.7:19.1:16.6:19.2
04-01 08:46:48| 60  34   3   2   0|  22G   25G   45M   14G| 106M   40M|10.7k 1383 |60.5:0.20:44.5:44.8:60.3:43.8:43.6:56.9:60.0:18.4:19.1:18.6:18.2:19.1:16.8:18.5:16.8
04-01 08:46:49| 60  34   4   1   0|  22G   25G   45M   15G|  96M   38M|9664  1305 |58.4:   0:39.9:42.2:58.8:38.1:41.4:58.2:56.3:18.1:17.5:18.1:17.7:17.4:18.3:17.3:18.3
04-01 08:46:50| 60  34   4   1   0|  22G   25G   45M   15G| 101M   38M|10.1k 1349 |60.8:0.30:43.0:44.1:59.1:44.4:43.3:56.8:60.8:18.3:18.1:18.5:17.6:18.2:17.2:17.4:17.6
04-01 08:46:51| 62  33   3   1   0|  22G   25G   45M   15G| 103M   37M|10.2k 1296 |59.5:   0:41.6:44.8:57.2:41.4:43.1:58.0:57.9:17.3:18.0:17.3:18.1:17.9:18.5:18.3:18.3
04-01 08:46:52| 61  34   3   1   0|  22G   25G   45M   15G| 105M   39M|10.4k 1349 |57.6:0.10:41.3:42.7:56.9:45.6:44.6:59.2:59.3:17.1:18.5:17.1:18.7:18.5:16.9:18.1:17.0
04-01 08:46:53| 60  34   4   1   0|  22G   24G   45M   15G|  98M   37M|9616  1307 |54.7:   0:39.7:42.4:55.3:41.1:42.0:58.6:57.0:18.4:16.2:18.1:17.1:16.2:17.6:16.9:17.2
04-01 08:46:54| 61  33   4   2   0|  22G   24G   45M   15G|  98M   38M|9704  1345 |56.9:0.10:41.6:41.7:58.2:41.3:39.6:55.6:58.0:17.4:17.3:17.6:17.6:17.3:17.8:17.7:18.2
04-01 08:46:55| 60  34   4   1   0|  22G   24G   45M   15G| 101M   38M|10.1k 1327 |54.7:0.20:40.5:42.1:54.0:40.1:41.3:56.9:55.2:17.8:18.7:17.5:17.5:19.3:18.6:17.6:18.9
04-01 08:46:56| 59  35   4   1   0|  22G   24G   45M   15G| 101M   39M|10.0k 1333 |59.0:   0:41.3:41.4:55.6:40.9:42.8:58.1:56.6:18.7:17.0:18.5:18.1:17.0:18.1:17.6:17.9
04-01 08:46:57| 58  35   5   2   0|  22G   24G   45M   15G| 101M   42M|10.1k 1457 |56.9:0.20:40.7:43.7:57.5:43.7:42.3:57.4:59.3:17.3:19.1:17.0:17.5:18.7:18.1:17.7:18.0
04-01 08:46:58| 58  35   4   1   0|  22G   24G   45M   16G| 106M   41M|10.5k 1421 |57.9:0.10:44.3:43.8:57.1:47.6:42.4:59.1:58.5:18.2:19.0:18.6:18.4:19.3:18.2:18.1:18.5
04-01 08:46:59| 58  35   5   2   0|  22G   24G   45M   16G| 102M   40M|10.2k 1395 |56.5:0.20:44.9:42.7:56.6:43.0:40.4:56.4:57.4:18.0:18.5:17.5:18.4:18.7:17.9:18.4:17.9
04-01 08:47:00| 59  34   4   2   0|  22G   24G   45M   16G|  95M   40M|9433  1370 |53.0:   0:42.0:40.2:53.4:40.2:38.1:52.4:55.5:17.1:18.4:16.8:16.4:18.4:19.2:16.8:18.7
04-01 08:47:01| 60  34   4   1   0|  22G   24G   45M   16G|  99M   39M|9795  1418 |56.2:0.30:39.3:41.4:53.0:41.2:39.6:57.4:55.9:18.4:17.9:17.9:18.2:17.8:16.8:18.3:17.0
04-01 08:47:02| 58  34   6   2   0|  22G   23G   45M   16G|  99M   38M|9863  1361 |56.0:0.10:39.4:41.8:53.9:40.0:42.1:55.6:54.9:19.3:17.6:19.0:17.4:18.2:18.1:17.2:17.8
04-01 08:47:03|  1   2  98   0   0|  22G   24G   45M   16G|   0   316k|   0  54.0 |   0:0.10:   0:   0:   0:   0:   0:   0:0.10:   0:   0:   0:0.30:0.10:   0:0.20:   0
04-01 08:47:04|  0   0  99   0   0|  22G   24G   45M   16G|   0  4096B|   0  1.00 |   0:   0:   0:   0:   0:   0:   0:   0:   0:   0:   0:   0:   0:   0:   0:   0:   0

```

---

## Command 10: mpstat

### Command
```bash
mpstat -P ALL 1 70
```

### Output
```
Linux 6.14.0-1018-aws (ip-10-0-1-210) 	01/04/26 	_aarch64_	(8 CPU)

08:46:00     CPU    %usr   %nice    %sys %iowait    %irq   %soft  %steal  %guest  %gnice   %idle
08:46:01     all    0.88    0.00    0.38    0.00    0.00    0.00    0.00    0.00    0.00   98.75
08:46:01       0    0.00    0.00    0.00    0.00    0.00    0.00    0.00    0.00    0.00  100.00
08:46:01       1    0.00    0.00    0.00    0.00    0.00    0.00    0.00    0.00    0.00  100.00
08:46:01       2    1.00    0.00    0.00    0.00    0.00    0.00    0.00    0.00    0.00   99.00
08:46:01       3    0.00    0.00    0.00    0.00    0.00    0.00    0.00    0.00    0.00  100.00
08:46:01       4    4.95    0.00    0.99    0.00    0.00    0.00    0.00    0.00    0.00   94.06
08:46:01       5    0.00    0.00    0.00    0.00    0.00    0.00    0.00    0.00    0.00  100.00
08:46:01       6    0.00    0.00    0.99    0.00    0.00    0.00    0.00    0.00    0.00   99.01
08:46:01       7    1.01    0.00    1.01    0.00    0.00    0.00    0.00    0.00    0.00   97.98

08:46:01     CPU    %usr   %nice    %sys %iowait    %irq   %soft  %steal  %guest  %gnice   %idle
08:46:02     all    0.25    0.00    0.25    0.00    0.00    0.00    0.00    0.00    0.00   99.50
08:46:02       0    0.99    0.00    0.99    0.00    0.00    0.00    0.00    0.00    0.00   98.02
08:46:02       1    0.00    0.00    0.00    0.00    0.00    0.00    0.00    0.00    0.00  100.00
08:46:02       2    1.00    0.00    1.00    0.00    0.00    0.00    0.00    0.00    0.00   98.00
08:46:02       3    0.00    0.00    0.00    0.00    0.00    0.00    0.00    0.00    0.00  100.00
08:46:02       4    0.00    0.00    0.00    0.00    0.00    0.00    0.00    0.00    0.00  100.00
08:46:02       5    0.00    0.00    0.00    0.00    0.00    0.00    0.00    0.00    0.00  100.00
08:46:02       6    0.00    0.00    0.00    0.00    0.00    0.00    0.00    0.00    0.00  100.00
08:46:02       7    0.00    0.00    0.00    0.00    0.00    0.00    0.00    0.00    0.00  100.00

08:46:02     CPU    %usr   %nice    %sys %iowait    %irq   %soft  %steal  %guest  %gnice   %idle
08:46:03     all   54.21    0.00   34.72    2.01    0.00    0.00    0.00    0.00    0.00    9.06
08:46:03       0   54.55    0.00   34.34    2.02    0.00    0.00    0.00    0.00    0.00    9.09
08:46:03       1   56.12    0.00   34.69    2.04    0.00    0.00    0.00    0.00    0.00    7.14
08:46:03       2   55.00    0.00   33.00    3.00    0.00    0.00    0.00    0.00    0.00    9.00
08:46:03       3   54.46    0.00   33.66    0.99    0.00    0.00    0.00    0.00    0.00   10.89
08:46:03       4   49.49    0.00   37.37    2.02    0.00    0.00    0.00    0.00    0.00   11.11
08:46:03       5   51.52    0.00   38.38    2.02    0.00    0.00    0.00    0.00    0.00    8.08
08:46:03       6   56.00    0.00   34.00    3.00    0.00    0.00    0.00    0.00    0.00    7.00
08:46:03       7   56.57    0.00   32.32    1.01    0.00    0.00    0.00    0.00    0.00   10.10

08:46:03     CPU    %usr   %nice    %sys %iowait    %irq   %soft  %steal  %guest  %gnice   %idle
08:46:04     all   59.85    0.00   35.23    2.27    0.00    0.00    0.00    0.00    0.00    2.65
08:46:04       0   60.20    0.00   34.69    2.04    0.00    0.00    0.00    0.00    0.00    3.06
08:46:04       1   57.00    0.00   39.00    2.00    0.00    0.00    0.00    0.00    0.00    2.00
08:46:04       2   61.62    0.00   32.32    2.02    0.00    0.00    0.00    0.00    0.00    4.04
08:46:04       3   59.00    0.00   36.00    3.00    0.00    0.00    0.00    0.00    0.00    2.00
08:46:04       4   57.00    0.00   37.00    3.00    0.00    0.00    0.00    0.00    0.00    3.00
08:46:04       5   57.14    0.00   37.76    2.04    0.00    0.00    0.00    0.00    0.00    3.06
08:46:04       6   63.27    0.00   32.65    2.04    0.00    0.00    0.00    0.00    0.00    2.04
08:46:04       7   63.64    0.00   32.32    2.02    0.00    0.00    0.00    0.00    0.00    2.02

08:46:04     CPU    %usr   %nice    %sys %iowait    %irq   %soft  %steal  %guest  %gnice   %idle
08:46:05     all   59.92    0.00   34.67    2.01    0.00    0.00    0.00    0.00    0.00    3.39
08:46:05       0   57.84    0.00   34.31    2.94    0.00    0.00    0.00    0.00    0.00    4.90
08:46:05       1   61.62    0.00   33.33    2.02    0.00    0.00    0.00    0.00    0.00    3.03
08:46:05       2   58.59    0.00   36.36    2.02    0.00    0.00    0.00    0.00    0.00    3.03
08:46:05       3   59.18    0.00   35.71    2.04    0.00    0.00    0.00    0.00    0.00    3.06
08:46:05       4   56.00    0.00   38.00    2.00    0.00    0.00    0.00    0.00    0.00    4.00
08:46:05       5   61.62    0.00   33.33    2.02    0.00    0.00    0.00    0.00    0.00    3.03
08:46:05       6   61.62    0.00   34.34    1.01    0.00    0.00    0.00    0.00    0.00    3.03
08:46:05       7   63.00    0.00   32.00    2.00    0.00    0.00    0.00    0.00    0.00    3.00

08:46:05     CPU    %usr   %nice    %sys %iowait    %irq   %soft  %steal  %guest  %gnice   %idle
08:46:06     all   60.91    0.00   34.77    2.03    0.00    0.00    0.00    0.00    0.00    2.28
08:46:06       0   62.24    0.00   33.67    2.04    0.00    0.00    0.00    0.00    0.00    2.04
08:46:06       1   61.62    0.00   35.35    1.01    0.00    0.00    0.00    0.00    0.00    2.02
08:46:06       2   59.18    0.00   35.71    3.06    0.00    0.00    0.00    0.00    0.00    2.04
08:46:06       3   63.27    0.00   32.65    2.04    0.00    0.00    0.00    0.00    0.00    2.04
08:46:06       4   58.16    0.00   36.73    2.04    0.00    0.00    0.00    0.00    0.00    3.06
08:46:06       5   58.59    0.00   36.36    2.02    0.00    0.00    0.00    0.00    0.00    3.03
08:46:06       6   61.62    0.00   34.34    2.02    0.00    0.00    0.00    0.00    0.00    2.02
08:46:06       7   62.63    0.00   33.33    2.02    0.00    0.00    0.00    0.00    0.00    2.02

08:46:06     CPU    %usr   %nice    %sys %iowait    %irq   %soft  %steal  %guest  %gnice   %idle
08:46:07     all   58.87    0.00   35.72    2.14    0.00    0.00    0.00    0.00    0.00    3.27
08:46:07       0   60.00    0.00   34.00    2.00    0.00    0.00    0.00    0.00    0.00    4.00
08:46:07       1   54.55    0.00   39.39    3.03    0.00    0.00    0.00    0.00    0.00    3.03
08:46:07       2   58.42    0.00   35.64    1.98    0.00    0.00    0.00    0.00    0.00    3.96
08:46:07       3   60.61    0.00   34.34    2.02    0.00    0.00    0.00    0.00    0.00    3.03
08:46:07       4   58.00    0.00   37.00    2.00    0.00    0.00    0.00    0.00    0.00    3.00
08:46:07       5   58.16    0.00   36.73    2.04    0.00    0.00    0.00    0.00    0.00    3.06
08:46:07       6   61.62    0.00   33.33    2.02    0.00    0.00    0.00    0.00    0.00    3.03
08:46:07       7   59.60    0.00   35.35    2.02    0.00    0.00    0.00    0.00    0.00    3.03

08:46:07     CPU    %usr   %nice    %sys %iowait    %irq   %soft  %steal  %guest  %gnice   %idle
08:46:08     all   59.21    0.00   34.82    2.16    0.00    0.00    0.00    0.00    0.00    3.81
08:46:08       0   60.82    0.00   32.99    2.06    0.00    0.00    0.00    0.00    0.00    4.12
08:46:08       1   55.56    0.00   39.39    2.02    0.00    0.00    0.00    0.00    0.00    3.03
08:46:08       2   56.70    0.00   37.11    2.06    0.00    0.00    0.00    0.00    0.00    4.12
08:46:08       3   59.60    0.00   35.35    1.01    0.00    0.00    0.00    0.00    0.00    4.04
08:46:08       4   62.24    0.00   32.65    2.04    0.00    0.00    0.00    0.00    0.00    3.06
08:46:08       5   62.63    0.00   30.30    3.03    0.00    0.00    0.00    0.00    0.00    4.04
08:46:08       6   60.00    0.00   33.00    3.00    0.00    0.00    0.00    0.00    0.00    4.00
08:46:08       7   56.12    0.00   37.76    2.04    0.00    0.00    0.00    0.00    0.00    4.08

08:46:08     CPU    %usr   %nice    %sys %iowait    %irq   %soft  %steal  %guest  %gnice   %idle
08:46:09     all   58.52    0.00   35.84    2.26    0.00    0.00    0.00    0.00    0.00    3.38
08:46:09       0   57.00    0.00   36.00    3.00    0.00    0.00    0.00    0.00    0.00    4.00
08:46:09       1   59.18    0.00   36.73    2.04    0.00    0.00    0.00    0.00    0.00    2.04
08:46:09       2   60.61    0.00   32.32    3.03    0.00    0.00    0.00    0.00    0.00    4.04
08:46:09       3   58.42    0.00   35.64    1.98    0.00    0.00    0.00    0.00    0.00    3.96
08:46:09       4   58.00    0.00   35.00    3.00    0.00    0.00    0.00    0.00    0.00    4.00
08:46:09       5   58.00    0.00   37.00    2.00    0.00    0.00    0.00    0.00    0.00    3.00
08:46:09       6   58.59    0.00   37.37    1.01    0.00    0.00    0.00    0.00    0.00    3.03
08:46:09       7   58.42    0.00   36.63    1.98    0.00    0.00    0.00    0.00    0.00    2.97

08:46:09     CPU    %usr   %nice    %sys %iowait    %irq   %soft  %steal  %guest  %gnice   %idle
08:46:10     all   59.85    0.00   34.76    2.13    0.00    0.00    0.00    0.00    0.00    3.26
08:46:10       0   61.62    0.00   33.33    2.02    0.00    0.00    0.00    0.00    0.00    3.03
08:46:10       1   63.64    0.00   31.31    2.02    0.00    0.00    0.00    0.00    0.00    3.03
08:46:10       2   57.00    0.00   37.00    2.00    0.00    0.00    0.00    0.00    0.00    4.00
08:46:10       3   58.00    0.00   37.00    2.00    0.00    0.00    0.00    0.00    0.00    3.00
08:46:10       4   59.60    0.00   35.35    2.02    0.00    0.00    0.00    0.00    0.00    3.03
08:46:10       5   59.60    0.00   34.34    2.02    0.00    0.00    0.00    0.00    0.00    4.04
08:46:10       6   58.42    0.00   35.64    2.97    0.00    0.00    0.00    0.00    0.00    2.97
08:46:10       7   61.00    0.00   34.00    2.00    0.00    0.00    0.00    0.00    0.00    3.00

08:46:10     CPU    %usr   %nice    %sys %iowait    %irq   %soft  %steal  %guest  %gnice   %idle
08:46:11     all   60.23    0.00   34.88    2.13    0.00    0.00    0.00    0.00    0.00    2.76
08:46:11       0   58.42    0.00   35.64    2.97    0.00    0.00    0.00    0.00    0.00    2.97
08:46:11       1   60.40    0.00   34.65    1.98    0.00    0.00    0.00    0.00    0.00    2.97
08:46:11       2   61.39    0.00   32.67    1.98    0.00    0.00    0.00    0.00    0.00    3.96
08:46:11       3   63.92    0.00   32.99    1.03    0.00    0.00    0.00    0.00    0.00    2.06
08:46:11       4   58.59    0.00   35.35    3.03    0.00    0.00    0.00    0.00    0.00    3.03
08:46:11       5   61.00    0.00   34.00    3.00    0.00    0.00    0.00    0.00    0.00    2.00
08:46:11       6   58.59    0.00   37.37    1.01    0.00    0.00    0.00    0.00    0.00    3.03
08:46:11       7   59.60    0.00   36.36    2.02    0.00    0.00    0.00    0.00    0.00    2.02

08:46:11     CPU    %usr   %nice    %sys %iowait    %irq   %soft  %steal  %guest  %gnice   %idle
08:46:12     all   59.57    0.00   33.54    2.38    0.00    0.00    0.00    0.00    0.00    4.51
08:46:12       0   59.60    0.00   33.33    2.02    0.00    0.00    0.00    0.00    0.00    5.05
08:46:12       1   63.64    0.00   30.30    2.02    0.00    0.00    0.00    0.00    0.00    4.04
08:46:12       2   61.62    0.00   32.32    2.02    0.00    0.00    0.00    0.00    0.00    4.04
08:46:12       3   56.86    0.00   35.29    2.94    0.00    0.00    0.00    0.00    0.00    4.90
08:46:12       4   58.59    0.00   35.35    2.02    0.00    0.00    0.00    0.00    0.00    4.04
08:46:12       5   60.00    0.00   33.00    3.00    0.00    0.00    0.00    0.00    0.00    4.00
08:46:12       6   59.00    0.00   33.00    3.00    0.00    0.00    0.00    0.00    0.00    5.00
08:46:12       7   57.43    0.00   35.64    1.98    0.00    0.00    0.00    0.00    0.00    4.95

08:46:12     CPU    %usr   %nice    %sys %iowait    %irq   %soft  %steal  %guest  %gnice   %idle
08:46:13     all   58.34    0.00   35.92    2.29    0.00    0.00    0.00    0.00    0.00    3.44
08:46:13       0   57.00    0.00   37.00    3.00    0.00    0.00    0.00    0.00    0.00    3.00
08:46:13       1   59.18    0.00   35.71    2.04    0.00    0.00    0.00    0.00    0.00    3.06
08:46:13       2   59.79    0.00   34.02    2.06    0.00    0.00    0.00    0.00    0.00    4.12
08:46:13       3   58.16    0.00   36.73    2.04    0.00    0.00    0.00    0.00    0.00    3.06
08:46:13       4   56.00    0.00   37.00    3.00    0.00    0.00    0.00    0.00    0.00    4.00
08:46:13       5   58.16    0.00   35.71    2.04    0.00    0.00    0.00    0.00    0.00    4.08
08:46:13       6   60.82    0.00   34.02    2.06    0.00    0.00    0.00    0.00    0.00    3.09
08:46:13       7   57.73    0.00   37.11    2.06    0.00    0.00    0.00    0.00    0.00    3.09

08:46:13     CPU    %usr   %nice    %sys %iowait    %irq   %soft  %steal  %guest  %gnice   %idle
08:46:14     all   59.65    0.00   34.30    2.27    0.00    0.00    0.00    0.00    0.00    3.78
08:46:14       0   57.58    0.00   36.36    2.02    0.00    0.00    0.00    0.00    0.00    4.04
08:46:14       1   50.51    0.00   40.40    3.03    0.00    0.00    0.00    0.00    0.00    6.06
08:46:14       2   63.64    0.00   30.30    3.03    0.00    0.00    0.00    0.00    0.00    3.03
08:46:14       3   61.00    0.00   33.00    2.00    0.00    0.00    0.00    0.00    0.00    4.00
08:46:14       4   61.22    0.00   33.67    2.04    0.00    0.00    0.00    0.00    0.00    3.06
08:46:14       5   60.00    0.00   35.00    2.00    0.00    0.00    0.00    0.00    0.00    3.00
08:46:14       6   62.63    0.00   32.32    2.02    0.00    0.00    0.00    0.00    0.00    3.03
08:46:14       7   60.61    0.00   33.33    2.02    0.00    0.00    0.00    0.00    0.00    4.04

08:46:14     CPU    %usr   %nice    %sys %iowait    %irq   %soft  %steal  %guest  %gnice   %idle
08:46:15     all   60.91    0.00   34.17    1.89    0.00    0.00    0.00    0.00    0.00    3.03
08:46:15       0   56.57    0.00   37.37    3.03    0.00    0.00    0.00    0.00    0.00    3.03
08:46:15       1   61.00    0.00   35.00    1.00    0.00    0.00    0.00    0.00    0.00    3.00
08:46:15       2   62.89    0.00   31.96    2.06    0.00    0.00    0.00    0.00    0.00    3.09
08:46:15       3   65.66    0.00   30.30    2.02    0.00    0.00    0.00    0.00    0.00    2.02
08:46:15       4   60.40    0.00   33.66    1.98    0.00    0.00    0.00    0.00    0.00    3.96
08:46:15       5   58.16    0.00   36.73    2.04    0.00    0.00    0.00    0.00    0.00    3.06
08:46:15       6   60.00    0.00   35.00    1.00    0.00    0.00    0.00    0.00    0.00    4.00
08:46:15       7   62.63    0.00   33.33    2.02    0.00    0.00    0.00    0.00    0.00    2.02

08:46:15     CPU    %usr   %nice    %sys %iowait    %irq   %soft  %steal  %guest  %gnice   %idle
08:46:16     all   59.82    0.00   34.63    1.89    0.00    0.00    0.00    0.00    0.00    3.65
08:46:16       0   60.20    0.00   33.67    2.04    0.00    0.00    0.00    0.00    0.00    4.08
08:46:16       1   62.00    0.00   33.00    2.00    0.00    0.00    0.00    0.00    0.00    3.00
08:46:16       2   59.00    0.00   35.00    2.00    0.00    0.00    0.00    0.00    0.00    4.00
08:46:16       3   62.00    0.00   32.00    2.00    0.00    0.00    0.00    0.00    0.00    4.00
08:46:16       4   54.55    0.00   39.39    2.02    0.00    0.00    0.00    0.00    0.00    4.04
08:46:16       5   57.00    0.00   37.00    2.00    0.00    0.00    0.00    0.00    0.00    4.00
08:46:16       6   63.27    0.00   32.65    2.04    0.00    0.00    0.00    0.00    0.00    2.04
08:46:16       7   60.61    0.00   34.34    1.01    0.00    0.00    0.00    0.00    0.00    4.04

08:46:16     CPU    %usr   %nice    %sys %iowait    %irq   %soft  %steal  %guest  %gnice   %idle
08:46:17     all   61.21    0.00   33.88    1.89    0.00    0.00    0.00    0.00    0.00    3.02
08:46:17       0   61.62    0.00   33.33    2.02    0.00    0.00    0.00    0.00    0.00    3.03
08:46:17       1   58.16    0.00   37.76    1.02    0.00    0.00    0.00    0.00    0.00    3.06
08:46:17       2   61.39    0.00   33.66    1.98    0.00    0.00    0.00    0.00    0.00    2.97
08:46:17       3   63.00    0.00   32.00    2.00    0.00    0.00    0.00    0.00    0.00    3.00
08:46:17       4   62.24    0.00   32.65    2.04    0.00    0.00    0.00    0.00    0.00    3.06
08:46:17       5   60.61    0.00   34.34    2.02    0.00    0.00    0.00    0.00    0.00    3.03
08:46:17       6   63.00    0.00   32.00    2.00    0.00    0.00    0.00    0.00    0.00    3.00
08:46:17       7   59.60    0.00   35.35    2.02    0.00    0.00    0.00    0.00    0.00    3.03

08:46:17     CPU    %usr   %nice    %sys %iowait    %irq   %soft  %steal  %guest  %gnice   %idle
08:46:18     all   60.30    0.00   34.51    1.90    0.00    0.00    0.00    0.00    0.00    3.29
08:46:18       0   60.61    0.00   33.33    2.02    0.00    0.00    0.00    0.00    0.00    4.04
08:46:18       1   62.00    0.00   33.00    2.00    0.00    0.00    0.00    0.00    0.00    3.00
08:46:18       2   60.20    0.00   35.71    2.04    0.00    0.00    0.00    0.00    0.00    2.04
08:46:18       3   62.24    0.00   32.65    2.04    0.00    0.00    0.00    0.00    0.00    3.06
08:46:18       4   59.18    0.00   35.71    2.04    0.00    0.00    0.00    0.00    0.00    3.06
08:46:18       5   59.41    0.00   34.65    1.98    0.00    0.00    0.00    0.00    0.00    3.96
08:46:18       6   59.18    0.00   35.71    1.02    0.00    0.00    0.00    0.00    0.00    4.08
08:46:18       7   59.60    0.00   35.35    2.02    0.00    0.00    0.00    0.00    0.00    3.03

08:46:18     CPU    %usr   %nice    %sys %iowait    %irq   %soft  %steal  %guest  %gnice   %idle
08:46:19     all   57.95    0.00   34.97    2.65    0.00    0.00    0.00    0.00    0.00    4.42
08:46:19       0   56.57    0.00   36.36    3.03    0.00    0.00    0.00    0.00    0.00    4.04
08:46:19       1   56.25    0.00   36.46    2.08    0.00    0.00    0.00    0.00    0.00    5.21
08:46:19       2   55.00    0.00   37.00    3.00    0.00    0.00    0.00    0.00    0.00    5.00
08:46:19       3   59.00    0.00   34.00    3.00    0.00    0.00    0.00    0.00    0.00    4.00
08:46:19       4   56.00    0.00   36.00    3.00    0.00    0.00    0.00    0.00    0.00    5.00
08:46:19       5   58.59    0.00   34.34    3.03    0.00    0.00    0.00    0.00    0.00    4.04
08:46:19       6   61.62    0.00   32.32    2.02    0.00    0.00    0.00    0.00    0.00    4.04
08:46:19       7   60.61    0.00   33.33    2.02    0.00    0.00    0.00    0.00    0.00    4.04

08:46:19     CPU    %usr   %nice    %sys %iowait    %irq   %soft  %steal  %guest  %gnice   %idle
08:46:20     all   58.71    0.00   35.73    2.02    0.00    0.00    0.00    0.00    0.00    3.54
08:46:20       0   53.00    0.00   40.00    2.00    0.00    0.00    0.00    0.00    0.00    5.00
08:46:20       1   62.24    0.00   32.65    2.04    0.00    0.00    0.00    0.00    0.00    3.06
08:46:20       2   61.62    0.00   32.32    2.02    0.00    0.00    0.00    0.00    0.00    4.04
08:46:20       3   59.79    0.00   35.05    2.06    0.00    0.00    0.00    0.00    0.00    3.09
08:46:20       4   56.57    0.00   38.38    2.02    0.00    0.00    0.00    0.00    0.00    3.03
08:46:20       5   65.00    0.00   30.00    2.00    0.00    0.00    0.00    0.00    0.00    3.00
08:46:20       6   60.00    0.00   35.00    2.00    0.00    0.00    0.00    0.00    0.00    3.00
08:46:20       7   51.52    0.00   42.42    2.02    0.00    0.00    0.00    0.00    0.00    4.04

08:46:20     CPU    %usr   %nice    %sys %iowait    %irq   %soft  %steal  %guest  %gnice   %idle
08:46:21     all   56.98    0.00   37.11    2.39    0.00    0.00    0.00    0.00    0.00    3.52
08:46:21       0   59.79    0.00   34.02    2.06    0.00    0.00    0.00    0.00    0.00    4.12
08:46:21       1   61.39    0.00   34.65    0.99    0.00    0.00    0.00    0.00    0.00    2.97
08:46:21       2   49.00    0.00   44.00    3.00    0.00    0.00    0.00    0.00    0.00    4.00
08:46:21       3   60.00    0.00   35.00    2.00    0.00    0.00    0.00    0.00    0.00    3.00
08:46:21       4   57.14    0.00   36.73    3.06    0.00    0.00    0.00    0.00    0.00    3.06
08:46:21       5   53.00    0.00   40.00    3.00    0.00    0.00    0.00    0.00    0.00    4.00
08:46:21       6   61.62    0.00   32.32    2.02    0.00    0.00    0.00    0.00    0.00    4.04
08:46:21       7   54.00    0.00   40.00    3.00    0.00    0.00    0.00    0.00    0.00    3.00

08:46:21     CPU    %usr   %nice    %sys %iowait    %irq   %soft  %steal  %guest  %gnice   %idle
08:46:22     all   58.49    0.00   35.97    2.01    0.00    0.00    0.00    0.00    0.00    3.52
08:46:22       0   56.00    0.00   38.00    2.00    0.00    0.00    0.00    0.00    0.00    4.00
08:46:22       1   61.62    0.00   32.32    3.03    0.00    0.00    0.00    0.00    0.00    3.03
08:46:22       2   63.64    0.00   31.31    2.02    0.00    0.00    0.00    0.00    0.00    3.03
08:46:22       3   61.00    0.00   34.00    2.00    0.00    0.00    0.00    0.00    0.00    3.00
08:46:22       4   55.56    0.00   37.37    2.02    0.00    0.00    0.00    0.00    0.00    5.05
08:46:22       5   55.56    0.00   39.39    2.02    0.00    0.00    0.00    0.00    0.00    3.03
08:46:22       6   55.56    0.00   39.39    1.01    0.00    0.00    0.00    0.00    0.00    4.04
08:46:22       7   59.00    0.00   36.00    2.00    0.00    0.00    0.00    0.00    0.00    3.00

08:46:22     CPU    %usr   %nice    %sys %iowait    %irq   %soft  %steal  %guest  %gnice   %idle
08:46:23     all   58.20    0.00   35.58    2.16    0.00    0.00    0.00    0.00    0.00    4.07
08:46:23       0   61.22    0.00   31.63    3.06    0.00    0.00    0.00    0.00    0.00    4.08
08:46:23       1   63.00    0.00   33.00    1.00    0.00    0.00    0.00    0.00    0.00    3.00
08:46:23       2   50.52    0.00   40.21    2.06    0.00    0.00    0.00    0.00    0.00    7.22
08:46:23       3   59.18    0.00   34.69    2.04    0.00    0.00    0.00    0.00    0.00    4.08
08:46:23       4   58.00    0.00   36.00    3.00    0.00    0.00    0.00    0.00    0.00    3.00
08:46:23       5   56.12    0.00   37.76    2.04    0.00    0.00    0.00    0.00    0.00    4.08
08:46:23       6   58.16    0.00   35.71    2.04    0.00    0.00    0.00    0.00    0.00    4.08
08:46:23       7   59.18    0.00   35.71    2.04    0.00    0.00    0.00    0.00    0.00    3.06

08:46:23     CPU    %usr   %nice    %sys %iowait    %irq   %soft  %steal  %guest  %gnice   %idle
08:46:24     all   58.82    0.00   34.89    2.39    0.00    0.00    0.00    0.00    0.00    3.90
08:46:24       0   55.67    0.00   36.08    3.09    0.00    0.00    0.00    0.00    0.00    5.15
08:46:24       1   59.00    0.00   35.00    2.00    0.00    0.00    0.00    0.00    0.00    4.00
08:46:24       2   58.00    0.00   34.00    3.00    0.00    0.00    0.00    0.00    0.00    5.00
08:46:24       3   58.59    0.00   37.37    2.02    0.00    0.00    0.00    0.00    0.00    2.02
08:46:24       4   61.22    0.00   33.67    2.04    0.00    0.00    0.00    0.00    0.00    3.06
08:46:24       5   55.00    0.00   37.00    3.00    0.00    0.00    0.00    0.00    0.00    5.00
08:46:24       6   60.00    0.00   35.00    2.00    0.00    0.00    0.00    0.00    0.00    3.00
08:46:24       7   63.00    0.00   31.00    2.00    0.00    0.00    0.00    0.00    0.00    4.00

08:46:24     CPU    %usr   %nice    %sys %iowait    %irq   %soft  %steal  %guest  %gnice   %idle
08:46:25     all   58.69    0.00   34.51    2.52    0.00    0.00    0.00    0.00    0.00    4.28
08:46:25       0   59.60    0.00   29.29    4.04    0.00    0.00    0.00    0.00    0.00    7.07
08:46:25       1   59.18    0.00   35.71    2.04    0.00    0.00    0.00    0.00    0.00    3.06
08:46:25       2   58.16    0.00   35.71    2.04    0.00    0.00    0.00    0.00    0.00    4.08
08:46:25       3   54.00    0.00   38.00    3.00    0.00    0.00    0.00    0.00    0.00    5.00
08:46:25       4   63.00    0.00   31.00    2.00    0.00    0.00    0.00    0.00    0.00    4.00
08:46:25       5   54.00    0.00   38.00    3.00    0.00    0.00    0.00    0.00    0.00    5.00
08:46:25       6   56.00    0.00   38.00    2.00    0.00    0.00    0.00    0.00    0.00    4.00
08:46:25       7   65.66    0.00   30.30    2.02    0.00    0.00    0.00    0.00    0.00    2.02

08:46:25     CPU    %usr   %nice    %sys %iowait    %irq   %soft  %steal  %guest  %gnice   %idle
08:46:26     all   59.80    0.00   35.02    1.64    0.00    0.00    0.00    0.00    0.00    3.54
08:46:26       0   50.51    0.00   40.40    3.03    0.00    0.00    0.00    0.00    0.00    6.06
08:46:26       1   62.24    0.00   33.67    1.02    0.00    0.00    0.00    0.00    0.00    3.06
08:46:26       2   61.00    0.00   34.00    1.00    0.00    0.00    0.00    0.00    0.00    4.00
08:46:26       3   55.56    0.00   39.39    1.01    0.00    0.00    0.00    0.00    0.00    4.04
08:46:26       4   64.00    0.00   31.00    2.00    0.00    0.00    0.00    0.00    0.00    3.00
08:46:26       5   65.31    0.00   30.61    1.02    0.00    0.00    0.00    0.00    0.00    3.06
08:46:26       6   59.18    0.00   36.73    2.04    0.00    0.00    0.00    0.00    0.00    2.04
08:46:26       7   60.61    0.00   34.34    2.02    0.00    0.00    0.00    0.00    0.00    3.03

08:46:26     CPU    %usr   %nice    %sys %iowait    %irq   %soft  %steal  %guest  %gnice   %idle
08:46:27     all   59.57    0.00   34.22    2.03    0.00    0.00    0.00    0.00    0.00    4.18
08:46:27       0   59.60    0.00   32.32    3.03    0.00    0.00    0.00    0.00    0.00    5.05
08:46:27       1   62.38    0.00   31.68    1.98    0.00    0.00    0.00    0.00    0.00    3.96
08:46:27       2   61.86    0.00   32.99    2.06    0.00    0.00    0.00    0.00    0.00    3.09
08:46:27       3   58.59    0.00   35.35    2.02    0.00    0.00    0.00    0.00    0.00    4.04
08:46:27       4   57.14    0.00   36.73    2.04    0.00    0.00    0.00    0.00    0.00    4.08
08:46:27       5   58.16    0.00   35.71    2.04    0.00    0.00    0.00    0.00    0.00    4.08
08:46:27       6   63.27    0.00   31.63    1.02    0.00    0.00    0.00    0.00    0.00    4.08
08:46:27       7   55.56    0.00   37.37    2.02    0.00    0.00    0.00    0.00    0.00    5.05

08:46:27     CPU    %usr   %nice    %sys %iowait    %irq   %soft  %steal  %guest  %gnice   %idle
08:46:28     all   61.23    0.00   33.00    1.88    0.00    0.00    0.00    0.00    0.00    3.89
08:46:28       0   65.00    0.00   30.00    2.00    0.00    0.00    0.00    0.00    0.00    3.00
08:46:28       1   60.61    0.00   33.33    2.02    0.00    0.00    0.00    0.00    0.00    4.04
08:46:28       2   63.73    0.00   30.39    1.96    0.00    0.00    0.00    0.00    0.00    3.92
08:46:28       3   62.38    0.00   31.68    1.98    0.00    0.00    0.00    0.00    0.00    3.96
08:46:28       4   59.60    0.00   35.35    2.02    0.00    0.00    0.00    0.00    0.00    3.03
08:46:28       5   65.00    0.00   29.00    2.00    0.00    0.00    0.00    0.00    0.00    4.00
08:46:28       6   49.49    0.00   42.42    2.02    0.00    0.00    0.00    0.00    0.00    6.06
08:46:28       7   63.92    0.00   31.96    1.03    0.00    0.00    0.00    0.00    0.00    3.09

08:46:28     CPU    %usr   %nice    %sys %iowait    %irq   %soft  %steal  %guest  %gnice   %idle
08:46:29     all   61.41    0.00   33.80    1.77    0.00    0.00    0.00    0.00    0.00    3.03
08:46:29       0   62.63    0.00   32.32    2.02    0.00    0.00    0.00    0.00    0.00    3.03
08:46:29       1   56.57    0.00   38.38    2.02    0.00    0.00    0.00    0.00    0.00    3.03
08:46:29       2   65.31    0.00   30.61    2.04    0.00    0.00    0.00    0.00    0.00    2.04
08:46:29       3   62.24    0.00   33.67    1.02    0.00    0.00    0.00    0.00    0.00    3.06
08:46:29       4   58.00    0.00   36.00    2.00    0.00    0.00    0.00    0.00    0.00    4.00
08:46:29       5   64.00    0.00   31.00    2.00    0.00    0.00    0.00    0.00    0.00    3.00
08:46:29       6   65.00    0.00   31.00    1.00    0.00    0.00    0.00    0.00    0.00    3.00
08:46:29       7   57.58    0.00   37.37    2.02    0.00    0.00    0.00    0.00    0.00    3.03

08:46:29     CPU    %usr   %nice    %sys %iowait    %irq   %soft  %steal  %guest  %gnice   %idle
08:46:30     all   60.10    0.00   34.38    2.01    0.00    0.00    0.00    0.00    0.00    3.51
08:46:30       0   58.00    0.00   35.00    2.00    0.00    0.00    0.00    0.00    0.00    5.00
08:46:30       1   56.57    0.00   37.37    2.02    0.00    0.00    0.00    0.00    0.00    4.04
08:46:30       2   59.60    0.00   34.34    2.02    0.00    0.00    0.00    0.00    0.00    4.04
08:46:30       3   66.00    0.00   30.00    2.00    0.00    0.00    0.00    0.00    0.00    2.00
08:46:30       4   60.00    0.00   34.00    2.00    0.00    0.00    0.00    0.00    0.00    4.00
08:46:30       5   55.56    0.00   39.39    2.02    0.00    0.00    0.00    0.00    0.00    3.03
08:46:30       6   62.00    0.00   33.00    2.00    0.00    0.00    0.00    0.00    0.00    3.00
08:46:30       7   63.00    0.00   32.00    2.00    0.00    0.00    0.00    0.00    0.00    3.00

08:46:30     CPU    %usr   %nice    %sys %iowait    %irq   %soft  %steal  %guest  %gnice   %idle
08:46:31     all   61.36    0.00   33.46    1.64    0.00    0.00    0.00    0.00    0.00    3.54
08:46:31       0   59.18    0.00   34.69    2.04    0.00    0.00    0.00    0.00    0.00    4.08
08:46:31       1   65.66    0.00   30.30    1.01    0.00    0.00    0.00    0.00    0.00    3.03
08:46:31       2   63.00    0.00   32.00    2.00    0.00    0.00    0.00    0.00    0.00    3.00
08:46:31       3   60.61    0.00   33.33    2.02    0.00    0.00    0.00    0.00    0.00    4.04
08:46:31       4   60.61    0.00   34.34    2.02    0.00    0.00    0.00    0.00    0.00    3.03
08:46:31       5   61.62    0.00   33.33    1.01    0.00    0.00    0.00    0.00    0.00    4.04
08:46:31       6   58.16    0.00   36.73    1.02    0.00    0.00    0.00    0.00    0.00    4.08
08:46:31       7   62.00    0.00   33.00    2.00    0.00    0.00    0.00    0.00    0.00    3.00

08:46:31     CPU    %usr   %nice    %sys %iowait    %irq   %soft  %steal  %guest  %gnice   %idle
08:46:32     all   60.94    0.00   34.13    1.39    0.00    0.00    0.00    0.00    0.00    3.54
08:46:32       0   59.60    0.00   34.34    2.02    0.00    0.00    0.00    0.00    0.00    4.04
08:46:32       1   60.20    0.00   35.71    1.02    0.00    0.00    0.00    0.00    0.00    3.06
08:46:32       2   63.64    0.00   30.30    2.02    0.00    0.00    0.00    0.00    0.00    4.04
08:46:32       3   57.14    0.00   38.78    1.02    0.00    0.00    0.00    0.00    0.00    3.06
08:46:32       4   58.59    0.00   36.36    1.01    0.00    0.00    0.00    0.00    0.00    4.04
08:46:32       5   59.18    0.00   35.71    1.02    0.00    0.00    0.00    0.00    0.00    4.08
08:46:32       6   63.00    0.00   32.00    2.00    0.00    0.00    0.00    0.00    0.00    3.00
08:46:32       7   66.00    0.00   30.00    1.00    0.00    0.00    0.00    0.00    0.00    3.00

08:46:32     CPU    %usr   %nice    %sys %iowait    %irq   %soft  %steal  %guest  %gnice   %idle
08:46:33     all   59.37    0.00   34.72    1.64    0.00    0.00    0.00    0.00    0.00    4.28
08:46:33       0   57.43    0.00   35.64    1.98    0.00    0.00    0.00    0.00    0.00    4.95
08:46:33       1   58.00    0.00   35.00    2.00    0.00    0.00    0.00    0.00    0.00    5.00
08:46:33       2   58.00    0.00   37.00    1.00    0.00    0.00    0.00    0.00    0.00    4.00
08:46:33       3   58.59    0.00   35.35    2.02    0.00    0.00    0.00    0.00    0.00    4.04
08:46:33       4   59.18    0.00   34.69    2.04    0.00    0.00    0.00    0.00    0.00    4.08
08:46:33       5   59.00    0.00   35.00    2.00    0.00    0.00    0.00    0.00    0.00    4.00
08:46:33       6   61.22    0.00   33.67    1.02    0.00    0.00    0.00    0.00    0.00    4.08
08:46:33       7   63.64    0.00   31.31    1.01    0.00    0.00    0.00    0.00    0.00    4.04

08:46:33     CPU    %usr   %nice    %sys %iowait    %irq   %soft  %steal  %guest  %gnice   %idle
08:46:34     all   59.67    0.00   34.77    1.90    0.00    0.00    0.00    0.00    0.00    3.67
08:46:34       0   60.20    0.00   33.67    2.04    0.00    0.00    0.00    0.00    0.00    4.08
08:46:34       1   64.29    0.00   31.63    1.02    0.00    0.00    0.00    0.00    0.00    3.06
08:46:34       2   62.63    0.00   32.32    2.02    0.00    0.00    0.00    0.00    0.00    3.03
08:46:34       3   60.00    0.00   34.00    2.00    0.00    0.00    0.00    0.00    0.00    4.00
08:46:34       4   59.18    0.00   35.71    2.04    0.00    0.00    0.00    0.00    0.00    3.06
08:46:34       5   60.00    0.00   34.00    2.00    0.00    0.00    0.00    0.00    0.00    4.00
08:46:34       6   50.51    0.00   42.42    2.02    0.00    0.00    0.00    0.00    0.00    5.05
08:46:34       7   60.61    0.00   34.34    2.02    0.00    0.00    0.00    0.00    0.00    3.03

08:46:34     CPU    %usr   %nice    %sys %iowait    %irq   %soft  %steal  %guest  %gnice   %idle
08:46:35     all   58.86    0.00   35.32    2.03    0.00    0.00    0.00    0.00    0.00    3.80
08:46:35       0   63.64    0.00   30.30    2.02    0.00    0.00    0.00    0.00    0.00    4.04
08:46:35       1   61.62    0.00   32.32    2.02    0.00    0.00    0.00    0.00    0.00    4.04
08:46:35       2   58.16    0.00   35.71    2.04    0.00    0.00    0.00    0.00    0.00    4.08
08:46:35       3   55.10    0.00   38.78    2.04    0.00    0.00    0.00    0.00    0.00    4.08
08:46:35       4   53.00    0.00   41.00    2.00    0.00    0.00    0.00    0.00    0.00    4.00
08:46:35       5   58.16    0.00   36.73    2.04    0.00    0.00    0.00    0.00    0.00    3.06
08:46:35       6   61.22    0.00   32.65    2.04    0.00    0.00    0.00    0.00    0.00    4.08
08:46:35       7   60.00    0.00   35.00    2.00    0.00    0.00    0.00    0.00    0.00    3.00

08:46:35     CPU    %usr   %nice    %sys %iowait    %irq   %soft  %steal  %guest  %gnice   %idle
08:46:36     all   60.10    0.00   33.63    2.01    0.00    0.00    0.00    0.00    0.00    4.27
08:46:36       0   61.22    0.00   31.63    2.04    0.00    0.00    0.00    0.00    0.00    5.10
08:46:36       1   50.51    0.00   42.42    2.02    0.00    0.00    0.00    0.00    0.00    5.05
08:46:36       2   61.00    0.00   33.00    2.00    0.00    0.00    0.00    0.00    0.00    4.00
08:46:36       3   60.00    0.00   34.00    2.00    0.00    0.00    0.00    0.00    0.00    4.00
08:46:36       4   63.00    0.00   30.00    2.00    0.00    0.00    0.00    0.00    0.00    5.00
08:46:36       5   63.00    0.00   31.00    2.00    0.00    0.00    0.00    0.00    0.00    4.00
08:46:36       6   59.41    0.00   34.65    1.98    0.00    0.00    0.00    0.00    0.00    3.96
08:46:36       7   62.63    0.00   32.32    2.02    0.00    0.00    0.00    0.00    0.00    3.03

08:46:36     CPU    %usr   %nice    %sys %iowait    %irq   %soft  %steal  %guest  %gnice   %idle
08:46:37     all   58.72    0.00   35.13    1.88    0.00    0.00    0.00    0.00    0.00    4.27
08:46:37       0   52.48    0.00   39.60    2.97    0.00    0.00    0.00    0.00    0.00    4.95
08:46:37       1   58.59    0.00   35.35    2.02    0.00    0.00    0.00    0.00    0.00    4.04
08:46:37       2   60.61    0.00   33.33    2.02    0.00    0.00    0.00    0.00    0.00    4.04
08:46:37       3   61.22    0.00   32.65    2.04    0.00    0.00    0.00    0.00    0.00    4.08
08:46:37       4   58.00    0.00   36.00    2.00    0.00    0.00    0.00    0.00    0.00    4.00
08:46:37       5   55.00    0.00   39.00    1.00    0.00    0.00    0.00    0.00    0.00    5.00
08:46:37       6   61.39    0.00   32.67    1.98    0.00    0.00    0.00    0.00    0.00    3.96
08:46:37       7   62.63    0.00   32.32    1.01    0.00    0.00    0.00    0.00    0.00    4.04

08:46:37     CPU    %usr   %nice    %sys %iowait    %irq   %soft  %steal  %guest  %gnice   %idle
08:46:38     all   58.46    0.00   35.61    1.89    0.00    0.00    0.00    0.00    0.00    4.04
08:46:38       0   56.57    0.00   36.36    2.02    0.00    0.00    0.00    0.00    0.00    5.05
08:46:38       1   64.00    0.00   31.00    2.00    0.00    0.00    0.00    0.00    0.00    3.00
08:46:38       2   56.57    0.00   36.36    2.02    0.00    0.00    0.00    0.00    0.00    5.05
08:46:38       3   62.63    0.00   31.31    2.02    0.00    0.00    0.00    0.00    0.00    4.04
08:46:38       4   59.60    0.00   34.34    2.02    0.00    0.00    0.00    0.00    0.00    4.04
08:46:38       5   55.56    0.00   39.39    2.02    0.00    0.00    0.00    0.00    0.00    3.03
08:46:38       6   58.16    0.00   36.73    1.02    0.00    0.00    0.00    0.00    0.00    4.08
08:46:38       7   54.55    0.00   39.39    2.02    0.00    0.00    0.00    0.00    0.00    4.04

08:46:38     CPU    %usr   %nice    %sys %iowait    %irq   %soft  %steal  %guest  %gnice   %idle
08:46:39     all   59.19    0.00   34.73    2.15    0.00    0.00    0.00    0.00    0.00    3.93
08:46:39       0   57.14    0.00   34.69    3.06    0.00    0.00    0.00    0.00    0.00    5.10
08:46:39       1   58.00    0.00   35.00    2.00    0.00    0.00    0.00    0.00    0.00    5.00
08:46:39       2   61.62    0.00   33.33    2.02    0.00    0.00    0.00    0.00    0.00    3.03
08:46:39       3   59.18    0.00   34.69    2.04    0.00    0.00    0.00    0.00    0.00    4.08
08:46:39       4   61.22    0.00   33.67    2.04    0.00    0.00    0.00    0.00    0.00    3.06
08:46:39       5   57.14    0.00   36.73    2.04    0.00    0.00    0.00    0.00    0.00    4.08
08:46:39       6   60.61    0.00   34.34    2.02    0.00    0.00    0.00    0.00    0.00    3.03
08:46:39       7   58.59    0.00   35.35    2.02    0.00    0.00    0.00    0.00    0.00    4.04

08:46:39     CPU    %usr   %nice    %sys %iowait    %irq   %soft  %steal  %guest  %gnice   %idle
08:46:40     all   59.34    0.00   34.56    1.65    0.00    0.00    0.00    0.00    0.00    4.45
08:46:40       0   60.61    0.00   32.32    2.02    0.00    0.00    0.00    0.00    0.00    5.05
08:46:40       1   57.29    0.00   37.50    1.04    0.00    0.00    0.00    0.00    0.00    4.17
08:46:40       2   60.40    0.00   32.67    1.98    0.00    0.00    0.00    0.00    0.00    4.95
08:46:40       3   63.27    0.00   31.63    2.04    0.00    0.00    0.00    0.00    0.00    3.06
08:46:40       4   60.20    0.00   32.65    2.04    0.00    0.00    0.00    0.00    0.00    5.10
08:46:40       5   52.00    0.00   41.00    2.00    0.00    0.00    0.00    0.00    0.00    5.00
08:46:40       6   63.27    0.00   31.63    1.02    0.00    0.00    0.00    0.00    0.00    4.08
08:46:40       7   57.73    0.00   37.11    1.03    0.00    0.00    0.00    0.00    0.00    4.12

08:46:40     CPU    %usr   %nice    %sys %iowait    %irq   %soft  %steal  %guest  %gnice   %idle
08:46:41     all   57.89    0.00   35.96    2.13    0.00    0.00    0.00    0.00    0.00    4.01
08:46:41       0   48.48    0.00   43.43    2.02    0.00    0.00    0.00    0.00    0.00    6.06
08:46:41       1   64.65    0.00   30.30    2.02    0.00    0.00    0.00    0.00    0.00    3.03
08:46:41       2   59.60    0.00   35.35    2.02    0.00    0.00    0.00    0.00    0.00    3.03
08:46:41       3   58.42    0.00   35.64    1.98    0.00    0.00    0.00    0.00    0.00    3.96
08:46:41       4   54.46    0.00   38.61    2.97    0.00    0.00    0.00    0.00    0.00    3.96
08:46:41       5   57.58    0.00   37.37    2.02    0.00    0.00    0.00    0.00    0.00    3.03
08:46:41       6   61.62    0.00   32.32    2.02    0.00    0.00    0.00    0.00    0.00    4.04
08:46:41       7   58.42    0.00   34.65    1.98    0.00    0.00    0.00    0.00    0.00    4.95

08:46:41     CPU    %usr   %nice    %sys %iowait    %irq   %soft  %steal  %guest  %gnice   %idle
08:46:42     all   61.42    0.00   33.76    1.14    0.00    0.00    0.00    0.00    0.00    3.68
08:46:42       0   62.00    0.00   32.00    2.00    0.00    0.00    0.00    0.00    0.00    4.00
08:46:42       1   64.29    0.00   31.63    1.02    0.00    0.00    0.00    0.00    0.00    3.06
08:46:42       2   57.14    0.00   37.76    1.02    0.00    0.00    0.00    0.00    0.00    4.08
08:46:42       3   64.29    0.00   31.63    1.02    0.00    0.00    0.00    0.00    0.00    3.06
08:46:42       4   54.55    0.00   39.39    1.01    0.00    0.00    0.00    0.00    0.00    5.05
08:46:42       5   61.62    0.00   33.33    1.01    0.00    0.00    0.00    0.00    0.00    4.04
08:46:42       6   64.29    0.00   31.63    1.02    0.00    0.00    0.00    0.00    0.00    3.06
08:46:42       7   63.27    0.00   32.65    1.02    0.00    0.00    0.00    0.00    0.00    3.06

08:46:42     CPU    %usr   %nice    %sys %iowait    %irq   %soft  %steal  %guest  %gnice   %idle
08:46:43     all   59.67    0.00   34.05    1.76    0.00    0.00    0.00    0.00    0.00    4.52
08:46:43       0   60.61    0.00   32.32    2.02    0.00    0.00    0.00    0.00    0.00    5.05
08:46:43       1   61.00    0.00   33.00    1.00    0.00    0.00    0.00    0.00    0.00    5.00
08:46:43       2   60.61    0.00   33.33    2.02    0.00    0.00    0.00    0.00    0.00    4.04
08:46:43       3   52.00    0.00   40.00    2.00    0.00    0.00    0.00    0.00    0.00    6.00
08:46:43       4   65.00    0.00   29.00    2.00    0.00    0.00    0.00    0.00    0.00    4.00
08:46:43       5   61.62    0.00   33.33    1.01    0.00    0.00    0.00    0.00    0.00    4.04
08:46:43       6   63.00    0.00   32.00    2.00    0.00    0.00    0.00    0.00    0.00    3.00
08:46:43       7   53.54    0.00   39.39    2.02    0.00    0.00    0.00    0.00    0.00    5.05

08:46:43     CPU    %usr   %nice    %sys %iowait    %irq   %soft  %steal  %guest  %gnice   %idle
08:46:44     all   60.20    0.00   34.60    1.39    0.00    0.00    0.00    0.00    0.00    3.80
08:46:44       0   58.76    0.00   35.05    1.03    0.00    0.00    0.00    0.00    0.00    5.15
08:46:44       1   55.56    0.00   39.39    2.02    0.00    0.00    0.00    0.00    0.00    3.03
08:46:44       2   62.63    0.00   32.32    1.01    0.00    0.00    0.00    0.00    0.00    4.04
08:46:44       3   63.27    0.00   30.61    2.04    0.00    0.00    0.00    0.00    0.00    4.08
08:46:44       4   58.16    0.00   36.73    1.02    0.00    0.00    0.00    0.00    0.00    4.08
08:46:44       5   56.57    0.00   37.37    2.02    0.00    0.00    0.00    0.00    0.00    4.04
08:46:44       6   64.00    0.00   32.00    1.00    0.00    0.00    0.00    0.00    0.00    3.00
08:46:44       7   62.63    0.00   33.33    1.01    0.00    0.00    0.00    0.00    0.00    3.03

08:46:44     CPU    %usr   %nice    %sys %iowait    %irq   %soft  %steal  %guest  %gnice   %idle
08:46:45     all   60.85    0.00   34.76    1.38    0.00    0.00    0.00    0.00    0.00    3.01
08:46:45       0   59.60    0.00   35.35    2.02    0.00    0.00    0.00    0.00    0.00    3.03
08:46:45       1   64.00    0.00   32.00    1.00    0.00    0.00    0.00    0.00    0.00    3.00
08:46:45       2   62.63    0.00   33.33    1.01    0.00    0.00    0.00    0.00    0.00    3.03
08:46:45       3   60.40    0.00   35.64    0.99    0.00    0.00    0.00    0.00    0.00    2.97
08:46:45       4   58.59    0.00   37.37    1.01    0.00    0.00    0.00    0.00    0.00    3.03
08:46:45       5   59.41    0.00   35.64    1.98    0.00    0.00    0.00    0.00    0.00    2.97
08:46:45       6   62.63    0.00   33.33    1.01    0.00    0.00    0.00    0.00    0.00    3.03
08:46:45       7   59.60    0.00   35.35    2.02    0.00    0.00    0.00    0.00    0.00    3.03

08:46:45     CPU    %usr   %nice    %sys %iowait    %irq   %soft  %steal  %guest  %gnice   %idle
08:46:46     all   61.26    0.00   33.58    1.51    0.00    0.00    0.00    0.00    0.00    3.65
08:46:46       0   55.00    0.00   38.00    2.00    0.00    0.00    0.00    0.00    0.00    5.00
08:46:46       1   62.00    0.00   33.00    2.00    0.00    0.00    0.00    0.00    0.00    3.00
08:46:46       2   62.00    0.00   32.00    2.00    0.00    0.00    0.00    0.00    0.00    4.00
08:46:46       3   63.64    0.00   31.31    2.02    0.00    0.00    0.00    0.00    0.00    3.03
08:46:46       4   60.20    0.00   34.69    1.02    0.00    0.00    0.00    0.00    0.00    4.08
08:46:46       5   64.29    0.00   30.61    1.02    0.00    0.00    0.00    0.00    0.00    4.08
08:46:46       6   61.62    0.00   34.34    1.01    0.00    0.00    0.00    0.00    0.00    3.03
08:46:46       7   61.39    0.00   34.65    0.99    0.00    0.00    0.00    0.00    0.00    2.97

08:46:46     CPU    %usr   %nice    %sys %iowait    %irq   %soft  %steal  %guest  %gnice   %idle
08:46:47     all   60.63    0.00   33.96    1.26    0.00    0.00    0.00    0.00    0.00    4.15
08:46:47       0   62.24    0.00   32.65    1.02    0.00    0.00    0.00    0.00    0.00    4.08
08:46:47       1   59.00    0.00   36.00    1.00    0.00    0.00    0.00    0.00    0.00    4.00
08:46:47       2   58.00    0.00   37.00    1.00    0.00    0.00    0.00    0.00    0.00    4.00
08:46:47       3   63.00    0.00   31.00    2.00    0.00    0.00    0.00    0.00    0.00    4.00
08:46:47       4   60.40    0.00   33.66    1.98    0.00    0.00    0.00    0.00    0.00    3.96
08:46:47       5   63.00    0.00   32.00    1.00    0.00    0.00    0.00    0.00    0.00    4.00
08:46:47       6   59.18    0.00   35.71    1.02    0.00    0.00    0.00    0.00    0.00    4.08
08:46:47       7   60.20    0.00   33.67    1.02    0.00    0.00    0.00    0.00    0.00    5.10

08:46:47     CPU    %usr   %nice    %sys %iowait    %irq   %soft  %steal  %guest  %gnice   %idle
08:46:48     all   61.10    0.00   33.88    1.63    0.00    0.00    0.00    0.00    0.00    3.39
08:46:48       0   58.00    0.00   36.00    2.00    0.00    0.00    0.00    0.00    0.00    4.00
08:46:48       1   63.64    0.00   32.32    1.01    0.00    0.00    0.00    0.00    0.00    3.03
08:46:48       2   62.00    0.00   33.00    2.00    0.00    0.00    0.00    0.00    0.00    3.00
08:46:48       3   58.00    0.00   37.00    1.00    0.00    0.00    0.00    0.00    0.00    4.00
08:46:48       4   62.24    0.00   33.67    1.02    0.00    0.00    0.00    0.00    0.00    3.06
08:46:48       5   62.00    0.00   33.00    2.00    0.00    0.00    0.00    0.00    0.00    3.00
08:46:48       6   61.00    0.00   33.00    2.00    0.00    0.00    0.00    0.00    0.00    4.00
08:46:48       7   62.00    0.00   33.00    2.00    0.00    0.00    0.00    0.00    0.00    3.00

08:46:48     CPU    %usr   %nice    %sys %iowait    %irq   %soft  %steal  %guest  %gnice   %idle
08:46:49     all   60.03    0.00   34.68    1.13    0.00    0.00    0.00    0.00    0.00    4.16
08:46:49       0   57.58    0.00   35.35    1.01    0.00    0.00    0.00    0.00    0.00    6.06
08:46:49       1   61.62    0.00   34.34    1.01    0.00    0.00    0.00    0.00    0.00    3.03
08:46:49       2   60.20    0.00   34.69    1.02    0.00    0.00    0.00    0.00    0.00    4.08
08:46:49       3   60.00    0.00   34.00    1.00    0.00    0.00    0.00    0.00    0.00    5.00
08:46:49       4   57.58    0.00   36.36    2.02    0.00    0.00    0.00    0.00    0.00    4.04
08:46:49       5   62.24    0.00   32.65    1.02    0.00    0.00    0.00    0.00    0.00    4.08
08:46:49       6   58.00    0.00   38.00    1.00    0.00    0.00    0.00    0.00    0.00    3.00
08:46:49       7   63.00    0.00   32.00    1.00    0.00    0.00    0.00    0.00    0.00    4.00

08:46:49     CPU    %usr   %nice    %sys %iowait    %irq   %soft  %steal  %guest  %gnice   %idle
08:46:50     all   60.68    0.00   34.51    1.26    0.00    0.00    0.00    0.00    0.00    3.54
08:46:50       0   63.37    0.00   30.69    1.98    0.00    0.00    0.00    0.00    0.00    3.96
08:46:50       1   67.35    0.00   29.59    1.02    0.00    0.00    0.00    0.00    0.00    2.04
08:46:50       2   56.57    0.00   38.38    1.01    0.00    0.00    0.00    0.00    0.00    4.04
08:46:50       3   59.18    0.00   34.69    2.04    0.00    0.00    0.00    0.00    0.00    4.08
08:46:50       4   55.56    0.00   39.39    1.01    0.00    0.00    0.00    0.00    0.00    4.04
08:46:50       5   59.00    0.00   37.00    1.00    0.00    0.00    0.00    0.00    0.00    3.00
08:46:50       6   60.20    0.00   34.69    1.02    0.00    0.00    0.00    0.00    0.00    4.08
08:46:50       7   64.29    0.00   31.63    1.02    0.00    0.00    0.00    0.00    0.00    3.06

08:46:50     CPU    %usr   %nice    %sys %iowait    %irq   %soft  %steal  %guest  %gnice   %idle
08:46:51     all   62.19    0.00   33.17    1.26    0.00    0.00    0.00    0.00    0.00    3.39
08:46:51       0   59.60    0.00   35.35    1.01    0.00    0.00    0.00    0.00    0.00    4.04
08:46:51       1   63.37    0.00   32.67    0.99    0.00    0.00    0.00    0.00    0.00    2.97
08:46:51       2   63.00    0.00   31.00    2.00    0.00    0.00    0.00    0.00    0.00    4.00
08:46:51       3   63.00    0.00   33.00    1.00    0.00    0.00    0.00    0.00    0.00    3.00
08:46:51       4   59.60    0.00   34.34    2.02    0.00    0.00    0.00    0.00    0.00    4.04
08:46:51       5   65.31    0.00   30.61    1.02    0.00    0.00    0.00    0.00    0.00    3.06
08:46:51       6   63.00    0.00   33.00    1.00    0.00    0.00    0.00    0.00    0.00    3.00
08:46:51       7   60.61    0.00   35.35    1.01    0.00    0.00    0.00    0.00    0.00    3.03

08:46:51     CPU    %usr   %nice    %sys %iowait    %irq   %soft  %steal  %guest  %gnice   %idle
08:46:52     all   60.88    0.00   33.96    1.51    0.00    0.00    0.00    0.00    0.00    3.65
08:46:52       0   59.18    0.00   35.71    2.04    0.00    0.00    0.00    0.00    0.00    3.06
08:46:52       1   63.27    0.00   32.65    1.02    0.00    0.00    0.00    0.00    0.00    3.06
08:46:52       2   60.00    0.00   34.00    1.00    0.00    0.00    0.00    0.00    0.00    5.00
08:46:52       3   65.66    0.00   29.29    2.02    0.00    0.00    0.00    0.00    0.00    3.03
08:46:52       4   56.57    0.00   37.37    2.02    0.00    0.00    0.00    0.00    0.00    4.04
08:46:52       5   59.41    0.00   34.65    1.98    0.00    0.00    0.00    0.00    0.00    3.96
08:46:52       6   60.00    0.00   35.00    1.00    0.00    0.00    0.00    0.00    0.00    4.00
08:46:52       7   63.00    0.00   33.00    1.00    0.00    0.00    0.00    0.00    0.00    3.00

08:46:52     CPU    %usr   %nice    %sys %iowait    %irq   %soft  %steal  %guest  %gnice   %idle
08:46:53     all   61.01    0.00   33.92    1.27    0.00    0.00    0.00    0.00    0.00    3.80
08:46:53       0   56.57    0.00   37.37    1.01    0.00    0.00    0.00    0.00    0.00    5.05
08:46:53       1   62.38    0.00   31.68    1.98    0.00    0.00    0.00    0.00    0.00    3.96
08:46:53       2   60.61    0.00   35.35    1.01    0.00    0.00    0.00    0.00    0.00    3.03
08:46:53       3   58.16    0.00   36.73    1.02    0.00    0.00    0.00    0.00    0.00    4.08
08:46:53       4   63.27    0.00   31.63    1.02    0.00    0.00    0.00    0.00    0.00    4.08
08:46:53       5   63.92    0.00   31.96    1.03    0.00    0.00    0.00    0.00    0.00    3.09
08:46:53       6   60.61    0.00   34.34    2.02    0.00    0.00    0.00    0.00    0.00    3.03
08:46:53       7   62.63    0.00   32.32    1.01    0.00    0.00    0.00    0.00    0.00    4.04

08:46:53     CPU    %usr   %nice    %sys %iowait    %irq   %soft  %steal  %guest  %gnice   %idle
08:46:54     all   61.40    0.00   33.46    1.50    0.00    0.00    0.00    0.00    0.00    3.63
08:46:54       0   59.60    0.00   35.35    2.02    0.00    0.00    0.00    0.00    0.00    3.03
08:46:54       1   59.18    0.00   36.73    0.00    0.00    0.00    0.00    0.00    0.00    4.08
08:46:54       2   61.39    0.00   32.67    1.98    0.00    0.00    0.00    0.00    0.00    3.96
08:46:54       3   62.63    0.00   32.32    2.02    0.00    0.00    0.00    0.00    0.00    3.03
08:46:54       4   62.00    0.00   33.00    1.00    0.00    0.00    0.00    0.00    0.00    4.00
08:46:54       5   62.38    0.00   31.68    1.98    0.00    0.00    0.00    0.00    0.00    3.96
08:46:54       6   64.00    0.00   31.00    1.00    0.00    0.00    0.00    0.00    0.00    4.00
08:46:54       7   60.00    0.00   35.00    2.00    0.00    0.00    0.00    0.00    0.00    3.00

08:46:54     CPU    %usr   %nice    %sys %iowait    %irq   %soft  %steal  %guest  %gnice   %idle
08:46:55     all   60.71    0.00   33.88    1.51    0.00    0.00    0.00    0.00    0.00    3.90
08:46:55       0   62.00    0.00   33.00    1.00    0.00    0.00    0.00    0.00    0.00    4.00
08:46:55       1   63.64    0.00   31.31    2.02    0.00    0.00    0.00    0.00    0.00    3.03
08:46:55       2   54.55    0.00   39.39    2.02    0.00    0.00    0.00    0.00    0.00    4.04
08:46:55       3   62.00    0.00   33.00    1.00    0.00    0.00    0.00    0.00    0.00    4.00
08:46:55       4   54.55    0.00   39.39    2.02    0.00    0.00    0.00    0.00    0.00    4.04
08:46:55       5   62.24    0.00   32.65    1.02    0.00    0.00    0.00    0.00    0.00    4.08
08:46:55       6   60.00    0.00   35.00    1.00    0.00    0.00    0.00    0.00    0.00    4.00
08:46:55       7   66.67    0.00   27.27    2.02    0.00    0.00    0.00    0.00    0.00    4.04

08:46:55     CPU    %usr   %nice    %sys %iowait    %irq   %soft  %steal  %guest  %gnice   %idle
08:46:56     all   59.22    0.00   35.35    1.14    0.00    0.00    0.00    0.00    0.00    4.29
08:46:56       0   60.20    0.00   33.67    1.02    0.00    0.00    0.00    0.00    0.00    5.10
08:46:56       1   60.78    0.00   34.31    0.98    0.00    0.00    0.00    0.00    0.00    3.92
08:46:56       2   58.59    0.00   35.35    1.01    0.00    0.00    0.00    0.00    0.00    5.05
08:46:56       3   59.18    0.00   35.71    1.02    0.00    0.00    0.00    0.00    0.00    4.08
08:46:56       4   60.20    0.00   34.69    1.02    0.00    0.00    0.00    0.00    0.00    4.08
08:46:56       5   59.60    0.00   35.35    1.01    0.00    0.00    0.00    0.00    0.00    4.04
08:46:56       6   58.16    0.00   35.71    2.04    0.00    0.00    0.00    0.00    0.00    4.08
08:46:56       7   57.00    0.00   38.00    1.00    0.00    0.00    0.00    0.00    0.00    4.00

08:46:56     CPU    %usr   %nice    %sys %iowait    %irq   %soft  %steal  %guest  %gnice   %idle
08:46:57     all   58.24    0.00   34.84    1.89    0.00    0.00    0.00    0.00    0.00    5.03
08:46:57       0   61.00    0.00   33.00    2.00    0.00    0.00    0.00    0.00    0.00    4.00
08:46:57       1   58.59    0.00   35.35    2.02    0.00    0.00    0.00    0.00    0.00    4.04
08:46:57       2   57.14    0.00   36.73    2.04    0.00    0.00    0.00    0.00    0.00    4.08
08:46:57       3   59.41    0.00   33.66    1.98    0.00    0.00    0.00    0.00    0.00    4.95
08:46:57       4   53.54    0.00   38.38    2.02    0.00    0.00    0.00    0.00    0.00    6.06
08:46:57       5   56.00    0.00   36.00    2.00    0.00    0.00    0.00    0.00    0.00    6.00
08:46:57       6   60.40    0.00   32.67    0.99    0.00    0.00    0.00    0.00    0.00    5.94
08:46:57       7   59.79    0.00   32.99    2.06    0.00    0.00    0.00    0.00    0.00    5.15

08:46:57     CPU    %usr   %nice    %sys %iowait    %irq   %soft  %steal  %guest  %gnice   %idle
08:46:58     all   58.48    0.00   35.19    1.52    0.00    0.00    0.00    0.00    0.00    4.81
08:46:58       0   62.24    0.00   31.63    1.02    0.00    0.00    0.00    0.00    0.00    5.10
08:46:58       1   57.14    0.00   36.73    1.02    0.00    0.00    0.00    0.00    0.00    5.10
08:46:58       2   63.64    0.00   31.31    1.01    0.00    0.00    0.00    0.00    0.00    4.04
08:46:58       3   56.57    0.00   37.37    2.02    0.00    0.00    0.00    0.00    0.00    4.04
08:46:58       4   53.54    0.00   38.38    2.02    0.00    0.00    0.00    0.00    0.00    6.06
08:46:58       5   61.62    0.00   33.33    1.01    0.00    0.00    0.00    0.00    0.00    4.04
08:46:58       6   61.62    0.00   32.32    2.02    0.00    0.00    0.00    0.00    0.00    4.04
08:46:58       7   51.52    0.00   40.40    2.02    0.00    0.00    0.00    0.00    0.00    6.06

08:46:58     CPU    %usr   %nice    %sys %iowait    %irq   %soft  %steal  %guest  %gnice   %idle
08:46:59     all   58.30    0.00   35.74    1.52    0.00    0.00    0.00    0.00    0.00    4.44
08:46:59       0   56.00    0.00   38.00    2.00    0.00    0.00    0.00    0.00    0.00    4.00
08:46:59       1   62.00    0.00   33.00    1.00    0.00    0.00    0.00    0.00    0.00    4.00
08:46:59       2   58.42    0.00   35.64    1.98    0.00    0.00    0.00    0.00    0.00    3.96
08:46:59       3   60.20    0.00   34.69    1.02    0.00    0.00    0.00    0.00    0.00    4.08
08:46:59       4   53.06    0.00   39.80    2.04    0.00    0.00    0.00    0.00    0.00    5.10
08:46:59       5   57.58    0.00   36.36    1.01    0.00    0.00    0.00    0.00    0.00    5.05
08:46:59       6   59.79    0.00   34.02    1.03    0.00    0.00    0.00    0.00    0.00    5.15
08:46:59       7   59.38    0.00   34.38    2.08    0.00    0.00    0.00    0.00    0.00    4.17

08:46:59     CPU    %usr   %nice    %sys %iowait    %irq   %soft  %steal  %guest  %gnice   %idle
08:47:00     all   59.30    0.00   34.42    1.76    0.00    0.00    0.00    0.00    0.00    4.52
08:47:00       0   60.00    0.00   33.00    2.00    0.00    0.00    0.00    0.00    0.00    5.00
08:47:00       1   65.31    0.00   28.57    2.04    0.00    0.00    0.00    0.00    0.00    4.08
08:47:00       2   59.60    0.00   34.34    2.02    0.00    0.00    0.00    0.00    0.00    4.04
08:47:00       3   59.41    0.00   34.65    1.98    0.00    0.00    0.00    0.00    0.00    3.96
08:47:00       4   55.00    0.00   38.00    1.00    0.00    0.00    0.00    0.00    0.00    6.00
08:47:00       5   56.57    0.00   37.37    2.02    0.00    0.00    0.00    0.00    0.00    4.04
08:47:00       6   54.55    0.00   38.38    2.02    0.00    0.00    0.00    0.00    0.00    5.05
08:47:00       7   64.00    0.00   31.00    1.00    0.00    0.00    0.00    0.00    0.00    4.00

08:47:00     CPU    %usr   %nice    %sys %iowait    %irq   %soft  %steal  %guest  %gnice   %idle
08:47:01     all   59.95    0.00   34.13    1.39    0.00    0.00    0.00    0.00    0.00    4.53
08:47:01       0   64.95    0.00   29.90    1.03    0.00    0.00    0.00    0.00    0.00    4.12
08:47:01       1   62.00    0.00   33.00    1.00    0.00    0.00    0.00    0.00    0.00    4.00
08:47:01       2   56.57    0.00   38.38    1.01    0.00    0.00    0.00    0.00    0.00    4.04
08:47:01       3   63.27    0.00   30.61    1.02    0.00    0.00    0.00    0.00    0.00    5.10
08:47:01       4   58.00    0.00   35.00    2.00    0.00    0.00    0.00    0.00    0.00    5.00
08:47:01       5   61.00    0.00   34.00    1.00    0.00    0.00    0.00    0.00    0.00    4.00
08:47:01       6   60.00    0.00   33.00    2.00    0.00    0.00    0.00    0.00    0.00    5.00
08:47:01       7   54.00    0.00   39.00    2.00    0.00    0.00    0.00    0.00    0.00    5.00

08:47:01     CPU    %usr   %nice    %sys %iowait    %irq   %soft  %steal  %guest  %gnice   %idle
08:47:02     all   59.04    0.00   34.01    1.64    0.00    0.00    0.00    0.00    0.00    5.31
08:47:02       0   60.61    0.00   32.32    1.01    0.00    0.00    0.00    0.00    0.00    6.06
08:47:02       1   46.94    0.00   44.90    1.02    0.00    0.00    0.00    0.00    0.00    7.14
08:47:02       2   57.58    0.00   35.35    2.02    0.00    0.00    0.00    0.00    0.00    5.05
08:47:02       3   56.00    0.00   36.00    2.00    0.00    0.00    0.00    0.00    0.00    6.00
08:47:02       4   65.31    0.00   28.57    2.04    0.00    0.00    0.00    0.00    0.00    4.08
08:47:02       5   59.00    0.00   33.00    2.00    0.00    0.00    0.00    0.00    0.00    6.00
08:47:02       6   63.27    0.00   31.63    1.02    0.00    0.00    0.00    0.00    0.00    4.08
08:47:02       7   63.64    0.00   30.30    2.02    0.00    0.00    0.00    0.00    0.00    4.04

08:47:02     CPU    %usr   %nice    %sys %iowait    %irq   %soft  %steal  %guest  %gnice   %idle
08:47:03     all    2.99    0.00    3.99    0.25    0.00    0.00    0.00    0.00    0.00   92.77
08:47:03       0    2.94    0.00    3.92    0.98    0.00    0.00    0.00    0.00    0.00   92.16
08:47:03       1    3.96    0.00    4.95    0.99    0.00    0.00    0.00    0.00    0.00   90.10
08:47:03       2    3.03    0.00    3.03    0.00    0.00    0.00    0.00    0.00    0.00   93.94
08:47:03       3    3.00    0.00    4.00    0.00    0.00    0.00    0.00    0.00    0.00   93.00
08:47:03       4    2.97    0.00    4.95    0.00    0.00    0.00    0.00    0.00    0.00   92.08
08:47:03       5    2.02    0.00    4.04    0.00    0.00    0.00    0.00    0.00    0.00   93.94
08:47:03       6    2.97    0.00    3.96    0.00    0.00    0.00    0.00    0.00    0.00   93.07
08:47:03       7    3.03    0.00    3.03    0.00    0.00    0.00    0.00    0.00    0.00   93.94

08:47:03     CPU    %usr   %nice    %sys %iowait    %irq   %soft  %steal  %guest  %gnice   %idle
08:47:04     all    0.25    0.00    0.13    0.00    0.00    0.00    0.00    0.00    0.00   99.62
08:47:04       0    0.00    0.00    0.00    0.00    0.00    0.00    0.00    0.00    0.00  100.00
08:47:04       1    2.00    0.00    0.00    0.00    0.00    0.00    0.00    0.00    0.00   98.00
08:47:04       2    0.00    0.00    0.00    0.00    0.00    0.00    0.00    0.00    0.00  100.00
08:47:04       3    0.00    0.00    0.00    0.00    0.00    0.00    0.00    0.00    0.00  100.00
08:47:04       4    0.00    0.00    0.00    0.00    0.00    0.00    0.00    0.00    0.00  100.00
08:47:04       5    0.00    0.00    0.00    0.00    0.00    0.00    0.00    0.00    0.00  100.00
08:47:04       6    0.00    0.00    0.00    0.00    0.00    0.00    0.00    0.00    0.00  100.00
08:47:04       7    0.00    0.00    0.99    0.00    0.00    0.00    0.00    0.00    0.00   99.01

```

---

## Command 11: pg_wait_events

### Command
```bash
bash -c 'for i in $(seq 1 70); do echo "=== $(date '"'"'+%H:%M:%S'"'"') ==="; sudo -u postgres psql -t -c "SELECT coalesce(wait_event_type,'"'"'CPU'"'"') as type, coalesce(wait_event,'"'"'Running'"'"') as event, count(*) as cnt FROM pg_stat_activity WHERE state='"'"'active'"'"' AND pid<>pg_backend_pid() GROUP BY 1,2 ORDER BY 3 DESC LIMIT 10"; sleep 1; done'
```

### Output
```
=== 08:46:00 ===

=== 08:46:01 ===

=== 08:46:02 ===
 IO     | DataFileRead  |  29
 CPU    | Running       |  17
 LWLock | BufferMapping |   1

=== 08:46:03 ===
 LWLock | WALWrite      |  17
 IO     | DataFileRead  |  14
 CPU    | Running       |  11
 Client | ClientRead    |   4
 IO     | WALSync       |   1
 Lock   | transactionid |   1

=== 08:46:04 ===
 LWLock | WALWrite      |  61
 IO     | DataFileRead  |   6
 Client | ClientRead    |   3
 CPU    | Running       |   2
 IO     | WALSync       |   1
 Lock   | transactionid |   1

=== 08:46:05 ===
 LWLock | WALWrite     |  33
 CPU    | Running      |   8
 IO     | DataFileRead |   8
 Client | ClientRead   |   4
 IO     | WALSync      |   1

=== 08:46:06 ===
 LWLock  | WALInsert     |  26
 Timeout | SpinDelay     |  26
 LWLock  | WALWrite      |  19
 IO      | DataFileRead  |  16
 CPU     | Running       |   2
 Lock    | transactionid |   2
 Client  | ClientRead    |   1

=== 08:46:08 ===
 LWLock | WALWrite      |  62
 IO     | DataFileRead  |  15
 CPU    | Running       |   3
 Client | ClientRead    |   2
 Lock   | transactionid |   2
 IO     | WALSync       |   1

=== 08:46:09 ===
 LWLock | WALWrite      |  81
 Lock   | transactionid |   5
 Client | ClientRead    |   4
 CPU    | Running       |   2
 IO     | DataFileRead  |   2
 IO     | WALSync       |   1

=== 08:46:10 ===
 LWLock  | WALWrite             |  39
 CPU     | Running              |   7
 IO      | DataFileRead         |   6
 Client  | ClientRead           |   4
 IPC     | ProcArrayGroupUpdate |   2
 LWLock  | ProcArray            |   1
 IO      | WALSync              |   1
 Timeout | SpinDelay            |   1

=== 08:46:11 ===
 LWLock | WALWrite      |  38
 LWLock | WALInsert     |  23
 CPU    | Running       |   5
 IO     | DataFileRead  |   4
 Lock   | transactionid |   2
 IO     | WALSync       |   1
 Client | ClientRead    |   1

=== 08:46:12 ===
 LWLock | WALWrite      |  56
 CPU    | Running       |   9
 IO     | DataFileRead  |   5
 Client | ClientRead    |   4
 IO     | WALSync       |   1
 Lock   | transactionid |   1

=== 08:46:13 ===
 LWLock | WALWrite     |  20
 CPU    | Running      |   8
 IO     | DataFileRead |   8
 Client | ClientRead   |   5
 IO     | WALSync      |   1

=== 08:46:14 ===
 LWLock | WALWrite             |  29
 IPC    | ProcArrayGroupUpdate |   9
 CPU    | Running              |   8
 Client | ClientRead           |   8
 LWLock | WALInsert            |   6
 IO     | DataFileRead         |   4
 Lock   | transactionid        |   2
 IO     | WALSync              |   1

=== 08:46:15 ===
 LWLock | WALWrite             |  62
 IPC    | ProcArrayGroupUpdate |   7
 Lock   | transactionid        |   6
 CPU    | Running              |   5
 Client | ClientRead           |   2
 IO     | WALSync              |   1
 LWLock | ProcArray            |   1
 IO     | DataFileRead         |   1
 Lock   | tuple                |   1

=== 08:46:16 ===
 LWLock | WALInsert     |  32
 LWLock | WALWrite      |  29
 Client | ClientRead    |   4
 CPU    | Running       |   4
 IO     | DataFileRead  |   3
 Lock   | transactionid |   2
 IO     | WALSync       |   1

=== 08:46:17 ===
 LWLock | WALWrite     |  43
 IO     | DataFileRead |   8
 CPU    | Running      |   6
 Client | ClientRead   |   1
 IO     | WALSync      |   1

=== 08:46:18 ===
 LWLock  | WALWrite      |  29
 IO      | DataFileRead  |  13
 Timeout | SpinDelay     |   5
 CPU     | Running       |   5
 Client  | ClientRead    |   4
 IO      | WALSync       |   1
 Lock    | transactionid |   1

=== 08:46:19 ===
 LWLock | WALWrite      |  34
 LWLock | WALInsert     |  27
 CPU    | Running       |   9
 Client | ClientRead    |   3
 Lock   | transactionid |   2
 LWLock | BufferContent |   1
 IO     | WALSync       |   1

=== 08:46:20 ===
 LWLock | WALWrite     |  40
 CPU    | Running      |  10
 LWLock | WALInsert    |   9
 IO     | DataFileRead |   7
 Client | ClientRead   |   2
 IO     | WALSync      |   1

=== 08:46:21 ===
 LWLock | WALWrite      |  22
 CPU    | Running       |   8
 Client | ClientRead    |   5
 Lock   | transactionid |   3
 IO     | WALSync       |   1
 IO     | DataFileRead  |   1
 LWLock | ProcArray     |   1

=== 08:46:22 ===
 LWLock  | WALWrite     |  31
 IO      | DataFileRead |  12
 LWLock  | WALInsert    |   7
 CPU     | Running      |   6
 Client  | ClientRead   |   3
 Timeout | SpinDelay    |   2
 IO      | WALSync      |   1

=== 08:46:23 ===
 LWLock | WALWrite      |  75
 CPU    | Running       |   8
 Lock   | transactionid |   8
 Client | ClientRead    |   1
 IO     | DataFileRead  |   1
 IO     | WALSync       |   1

=== 08:46:24 ===
 LWLock | WALWrite      |  80
 CPU    | Running       |   7
 Lock   | transactionid |   4
 IO     | DataFileRead  |   2
 IO     | WALSync       |   1

=== 08:46:25 ===
 LWLock | WALInsert     |  31
 LWLock | WALWrite      |  13
 CPU    | Running       |  11
 IO     | DataFileRead  |   6
 Client | ClientRead    |   3
 Lock   | transactionid |   1
 IO     | WALSync       |   1
 LWLock | BufferContent |   1

=== 08:46:26 ===
 LWLock | WALWrite      |  60
 CPU    | Running       |   6
 Lock   | transactionid |   6
 Client | ClientRead    |   3
 IO     | DataFileRead  |   2
 IO     | WALSync       |   1

=== 08:46:27 ===
 IO     | DataFileRead |  15
 CPU    | Running      |  14
 LWLock | WALWrite     |  11
 Client | ClientRead   |   6
 IO     | WALSync      |   1

=== 08:46:28 ===
 LWLock  | WALWrite      |  13
 CPU     | Running       |  10
 IO      | DataFileRead  |  10
 Timeout | SpinDelay     |   8
 Client  | ClientRead    |   2
 LWLock  | BufferContent |   1
 IO      | WALSync       |   1
 Lock    | transactionid |   1

=== 08:46:29 ===
 LWLock | WALWrite      |  56
 CPU    | Running       |   5
 Lock   | transactionid |   4
 Client | ClientRead    |   2
 IO     | WALSync       |   1
 IO     | DataFileRead  |   1
 Lock   | tuple         |   1

=== 08:46:30 ===
 IO     | DataFileRead |  18
 LWLock | WALWrite     |  10
 Client | ClientRead   |   6
 CPU    | Running      |   3
 IO     | WALSync      |   1

=== 08:46:31 ===
 LWLock | WALWrite      |  44
 CPU    | Running       |   9
 IO     | DataFileRead  |   6
 Client | ClientRead    |   4
 Lock   | transactionid |   3
 IO     | WALSync       |   1

=== 08:46:32 ===
 LWLock | WALWrite      |  38
 CPU    | Running       |   7
 IO     | DataFileRead  |   5
 Client | ClientRead    |   4
 Lock   | transactionid |   2
 IO     | WALSync       |   1

=== 08:46:33 ===
 LWLock | WALWrite      |  67
 CPU    | Running       |   7
 Lock   | transactionid |   5
 Client | ClientRead    |   5
 IO     | DataFileRead  |   2
 IO     | WALSync       |   1
 LWLock | WALInsert     |   1

=== 08:46:35 ===
 LWLock | WALWrite      |  46
 CPU    | Running       |   5
 Client | ClientRead    |   4
 IO     | DataFileRead  |   4
 Lock   | transactionid |   2
 IO     | WALWrite      |   1

=== 08:46:36 ===
 LWLock  | WALInsert     |  65
 LWLock  | WALWrite      |  13
 Client  | ClientRead    |   5
 CPU     | Running       |   5
 Lock    | transactionid |   3
 Timeout | SpinDelay     |   2
 IO      | DataFileRead  |   1

=== 08:46:37 ===
 LWLock | WALWrite      |  29
 LWLock | WALInsert     |  16
 CPU    | Running       |   8
 Client | ClientRead    |   6
 LWLock | BufferContent |   3
 IO     | DataFileRead  |   3
 IO     | WALSync       |   1
 Lock   | transactionid |   1

=== 08:46:38 ===
 LWLock | WALWrite      |  51
 IO     | DataFileRead  |   5
 Lock   | transactionid |   4
 Client | ClientRead    |   3
 CPU    | Running       |   2
 IO     | WALSync       |   1

=== 08:46:39 ===
 LWLock | WALWrite      |  34
 CPU    | Running       |   9
 Client | ClientRead    |   7
 IO     | DataFileRead  |   4
 Lock   | transactionid |   2
 IO     | WALSync       |   1

=== 08:46:40 ===
 LWLock | WALWrite        |  43
 Client | ClientRead      |  12
 CPU    | Running         |   6
 IO     | DataFileRead    |   5
 IPC    | XactGroupUpdate |   4
 LWLock | XactSLRU        |   2
 Lock   | transactionid   |   2
 IO     | WALSync         |   1

=== 08:46:41 ===
 LWLock  | WALWrite      |  14
 CPU     | Running       |   9
 Timeout | SpinDelay     |   9
 IO      | DataFileRead  |   8
 LWLock  | WALInsert     |   5
 Client  | ClientRead    |   2
 IO      | WALSync       |   1
 Lock    | transactionid |   1

=== 08:46:42 ===
 LWLock | WALWrite             |  28
 CPU    | Running              |   9
 IPC    | ProcArrayGroupUpdate |   7
 Client | ClientRead           |   6
 IO     | DataFileRead         |   5
 IO     | WALSync              |   1
 Lock   | transactionid        |   1

=== 08:46:43 ===
 LWLock  | WALWrite      |  32
 Timeout | SpinDelay     |  18
 CPU     | Running       |   7
 IO      | DataFileRead  |   6
 Client  | ClientRead    |   4
 Lock    | transactionid |   4
 IO      | WALSync       |   1

=== 08:46:44 ===
 LWLock | WALWrite      |  51
 Client | ClientRead    |   3
 Lock   | transactionid |   2
 CPU    | Running       |   1
 IO     | DataFileRead  |   1
 IO     | WALSync       |   1

=== 08:46:45 ===
 LWLock | WALWrite        |  53
 Client | ClientRead      |   7
 CPU    | Running         |   7
 Lock   | transactionid   |   3
 IPC    | XactGroupUpdate |   2
 LWLock | XactSLRU        |   2
 IO     | WALSync         |   1

=== 08:46:46 ===
 LWLock | WALWrite      |  39
 CPU    | Running       |  11
 Client | ClientRead    |   5
 IO     | DataFileRead  |   3
 Lock   | transactionid |   2
 IO     | WALSync       |   1
 LWLock | WALInsert     |   1

=== 08:46:47 ===
 LWLock | WALWrite             |  36
 IO     | DataFileRead         |   9
 CPU    | Running              |   5
 Client | ClientRead           |   4
 IPC    | ProcArrayGroupUpdate |   4
 Lock   | transactionid        |   2
 IO     | WALSync              |   1

=== 08:46:48 ===
 LWLock  | WALWrite      |  53
 CPU     | Running       |  11
 LWLock  | WALInsert     |   5
 IO      | DataFileRead  |   5
 Client  | ClientRead    |   3
 Lock    | transactionid |   2
 Timeout | SpinDelay     |   2
 IO      | WALSync       |   1

=== 08:46:49 ===
 LWLock | WALWrite      |  47
 CPU    | Running       |  10
 IO     | DataFileRead  |   7
 Client | ClientRead    |   2
 IO     | WALSync       |   1
 Lock   | transactionid |   1

=== 08:46:50 ===
 LWLock | WALWrite      |  47
 CPU    | Running       |   7
 IO     | DataFileRead  |   7
 Client | ClientRead    |   2
 IO     | WALWrite      |   1
 Lock   | transactionid |   1

=== 08:46:51 ===
 LWLock | WALWrite      |  34
 CPU    | Running       |   6
 IO     | DataFileRead  |   4
