# Benchmark: [POSTGRES DISK] pgbench TPC-B - PostgreSQL OLTP

**Date:** 2026-01-04 08:45:50
**Scenario:** PostgreSQL OLTP - 100 clients, TPC-B like workload with full monitoring

---

## Target Disk

| Property | Value |
|----------|-------|
| **Name** | **POSTGRES** |
| **Mount Point** | `/data,/wal` |
| **Device** | `/dev/md0,/dev/md1` |
| **Volumes** | `nvme1n1, nvme2n1, nvme3n1, nvme4n1, nvme5n1, nvme6n1, nvme7n1, nvme8n1, nvme9n1, nvme10n1, nvme11n1, nvme12n1, nvme13n1, nvme14n1, nvme15n1, nvme16n1, md0, md1` |

---

## System Configuration

```
=== INSTANCE ===

Linux ip-10-0-1-210 6.14.0-1018-aws #18~24.04.1-Ubuntu SMP Mon Nov 24 19:32:52 UTC 2025 aarch64 aarch64 aarch64 GNU/Linux
Architecture:                            aarch64
CPU(s):                                  8
Model name:                              Neoverse-V2
total        used        free      shared  buff/cache   available
Mem:            61Gi        22Gi        38Gi       2.4Mi       904Mi        39Gi
Swap:             0B          0B          0B

=== OS TUNING ===
vm.swappiness = 1
vm.dirty_ratio = 4
vm.dirty_background_ratio = 1
vm.dirty_expire_centisecs = 200
vm.dirty_writeback_centisecs = 100
always madvise [never]

=== NETWORK ===
net.core.somaxconn = 4096
net.core.rmem_max = 16777216
net.core.wmem_max = 16777216
net.ipv4.tcp_tw_reuse = 1
net.ipv4.tcp_fin_timeout = 15

=== DISK - RAID ===
Personalities : [raid10] 
md0 : active raid10 nvme7n1[2] nvme3n1[5] nvme5n1[1] nvme2n1[7] nvme8n1[0] nvme0n1[4] nvme6n1[3] nvme4n1[6]
      209580032 blocks super 1.2 64K chunks 2 near-copies [8/8] [UUUUUUUU]
      
md1 : active raid10 nvme12n1[0] nvme14n1[4] nvme16n1[5] nvme15n1[1] nvme10n1[3] nvme11n1[7] nvme9n1[6] nvme13n1[2]
      125759488 blocks super 1.2 256K chunks 2 near-copies [8/8] [UUUUUUUU]
      
unused devices: <none>
/dev/md0:
           Version : 1.2
     Creation Time : Sat Jan  3 08:26:08 2026
        Raid Level : raid10
        Array Size : 209580032 (199.87 GiB 214.61 GB)
     Used Dev Size : 52395008 (49.97 GiB 53.65 GB)
      Raid Devices : 8
     Total Devices : 8
       Persistence : Superblock is persistent

       Update Time : Sun Jan  4 08:44:42 2026
             State : clean 
    Active Devices : 8
   Working Devices : 8
    Failed Devices : 0
     Spare Devices : 0

            Layout : near=2
        Chunk Size : 64K

Consistency Policy : resync

              Name : ip-10-0-1-227:0
              UUID : ec94b08e:1ec1acd2:a24076ab:c0b61faa
            Events : 330

    Number   Major   Minor   RaidDevice State
       0     259       13        0      active sync set-A   /dev/nvme8n1
       1     259        5        1      active sync set-B   /dev/nvme5n1
       2     259       12        2      active sync set-A   /dev/nvme7n1
       3     259        6        3      active sync set-B   /dev/nvme6n1
       4     259        1        4      active sync set-A   /dev/nvme0n1
       5     259        2        5      active sync set-B   /dev/nvme3n1
       6     259        3        6      active sync set-A   /dev/nvme4n1
       7     259        4        7      active sync set-B   /dev/nvme2n1
/dev/md1:
           Version : 1.2
     Creation Time : Sat Jan  3 08:26:08 2026
        Raid Level : raid10
        Array Size : 125759488 (119.93 GiB 128.78 GB)
     Used Dev Size : 31439872 (29.98 GiB 32.19 GB)
      Raid Devices : 8
     Total Devices : 8
       Persistence : Superblock is persistent

       Update Time : Sun Jan  4 08:44:36 2026
             State : clean 
    Active Devices : 8
   Working Devices : 8
    Failed Devices : 0
     Spare Devices : 0

            Layout : near=2
        Chunk Size : 256K

Consistency Policy : resync

              Name : ip-10-0-1-227:1
              UUID : 4920b43f:4424608d:2e163255:f781c5ec
            Events : 19

    Number   Major   Minor   RaidDevice State
       0     259       11        0      active sync set-A   /dev/nvme12n1
       1     259       15        1      active sync set-B   /dev/nvme15n1
       2     259        7        2      active sync set-A   /dev/nvme13n1
       3     259        8        3      active sync set-B   /dev/nvme10n1
       4     259       10        4      active sync set-A   /dev/nvme14n1
       5     259       16        5      active sync set-B   /dev/nvme16n1
       6     259        9        6      active sync set-A   /dev/nvme9n1
       7     259       14        7      active sync set-B   /dev/nvme11n1

=== DISK - BLOCK TUNING ===
--- md0 ---
scheduler: 
read_ahead_kb: 512
nr_requests: 
--- md1 ---
scheduler: 
read_ahead_kb: 4096
nr_requests: 

=== DISK - MOUNT ===
/dev/md1 on /wal type xfs (rw,noatime,nodiratime,attr2,inode64,logbufs=8,logbsize=256k,sunit=512,swidth=2048,noquota)
/dev/md0 on /data type xfs (rw,noatime,nodiratime,attr2,inode64,allocsize=65536k,logbufs=8,logbsize=256k,sunit=128,swidth=512,noquota)
Filesystem      Size  Used Avail Use% Mounted on
/dev/md0        200G   40G  161G  20% /data
/dev/md1        120G   25G   96G  21% /wal

=== DISK - XFS ===
meta-data=/dev/md0               isize=512    agcount=16, agsize=3274688 blks
         =                       sectsz=4096  attr=2, projid32bit=1
         =                       crc=1        finobt=1, sparse=1, rmapbt=1
         =                       reflink=1    bigtime=1 inobtcount=1 nrext64=0
data     =                       bsize=4096   blocks=52395008, imaxpct=25
         =                       sunit=16     swidth=64 blks
naming   =version 2              bsize=4096   ascii-ci=0, ftype=1
log      =internal log           bsize=4096   blocks=25583, version=2
         =                       sectsz=4096  sunit=1 blks, lazy-count=1
realtime =none                   extsz=4096   blocks=0, rtextents=0
meta-data=/dev/md1               isize=512    agcount=8, agsize=3929984 blks
         =                       sectsz=4096  attr=2, projid32bit=1
         =                       crc=1        finobt=1, sparse=1, rmapbt=1
         =                       reflink=1    bigtime=1 inobtcount=1 nrext64=0
data     =                       bsize=4096   blocks=31439872, imaxpct=25
         =                       sunit=64     swidth=256 blks
naming   =version 2              bsize=4096   ascii-ci=0, ftype=1
log      =internal log           bsize=4096   blocks=16384, version=2
         =                       sectsz=4096  sunit=1 blks, lazy-count=1
realtime =none                   extsz=4096   blocks=0, rtextents=0
```

---

## Command 1: Begin:sysctl_swappiness

### Command
```bash
sysctl -w vm.swappiness=1
```

### Output
```
vm.swappiness = 1

```

---

## Command 2: Begin:sysctl_dirty_background

### Command
```bash
sysctl -w vm.dirty_background_ratio=1
```

### Output
```
vm.dirty_background_ratio = 1

```

---

## Command 3: Begin:sysctl_dirty_ratio

### Command
```bash
sysctl -w vm.dirty_ratio=4
```

### Output
```
vm.dirty_ratio = 4

```

---

## Command 4: Begin:sysctl_dirty_expire

### Command
```bash
sysctl -w vm.dirty_expire_centisecs=200
```

### Output
```
vm.dirty_expire_centisecs = 200

```

---

## Command 5: Begin:sysctl_dirty_writeback

### Command
```bash
sysctl -w vm.dirty_writeback_centisecs=100
```

### Output
```
vm.dirty_writeback_centisecs = 100

```

---

## Command 6: Begin:pg_stat_reset

### Command
```bash
sudo -u postgres psql -c 'SELECT pg_stat_reset(); SELECT pg_stat_reset_shared('"'"'bgwriter'"'"');'
```

### Output
```
 pg_stat_reset 
---------------
 
(1 row)

 pg_stat_reset_shared 
----------------------
 
(1 row)


```

---

## Command 7: pgbench

### Command
```bash
sudo -u postgres pgbench -c 100 -j 6 -T 60 -P 5 -b tpcb-like pgbench
```

### Output
```
pgbench (16.11 (Ubuntu 16.11-1.pgdg24.04+1))
transaction type: <builtin: TPC-B (sort of)>
scaling factor: 1250
query mode: simple
number of clients: 100
number of threads: 6
maximum number of tries: 1
duration: 60 s
number of transactions actually processed: 677344
number of failed transactions: 0 (0.000%)
latency average = 8.850 ms
latency stddev = 18.527 ms
initial connection time = 45.646 ms
tps = 11292.981379 (without initial connection time)
starting vacuum...end.
progress: 5.0 s, 2841.2 tps, lat 34.595 ms stddev 46.412, 0 failed
progress: 10.0 s, 3971.0 tps, lat 25.197 ms stddev 35.987, 0 failed
progress: 15.0 s, 6031.0 tps, lat 16.591 ms stddev 30.171, 0 failed
progress: 20.0 s, 9876.0 tps, lat 10.150 ms stddev 22.186, 0 failed
progress: 25.0 s, 9810.4 tps, lat 9.993 ms stddev 20.849, 0 failed
progress: 30.0 s, 10758.6 tps, lat 9.462 ms stddev 32.467, 0 failed
progress: 35.0 s, 13243.2 tps, lat 7.567 ms stddev 14.446, 0 failed
progress: 40.0 s, 15578.7 tps, lat 6.419 ms stddev 9.774, 0 failed
progress: 45.0 s, 15642.6 tps, lat 6.392 ms stddev 6.112, 0 failed
progress: 50.0 s, 16076.5 tps, lat 6.223 ms stddev 4.437, 0 failed
progress: 55.0 s, 15713.0 tps, lat 6.363 ms stddev 3.314, 0 failed
progress: 60.0 s, 15906.8 tps, lat 6.285 ms stddev 2.434, 0 failed

```

---

## Command 8: meminfo

### Command
```bash
bash -c 'for i in $(seq 1 70); do date '"'"'+%H:%M:%S'"'"'; grep -E '"'"'Dirty|Writeback'"'"' /proc/meminfo; echo '"'"'---'"'"'; sleep 1; done'
```

### Output
```
08:44:46
Dirty:               768 kB
Writeback:             0 kB
WritebackTmp:          0 kB
---
08:44:47
Dirty:               872 kB
Writeback:             0 kB
WritebackTmp:          0 kB
---
08:44:48
Dirty:               516 kB
Writeback:            16 kB
WritebackTmp:          0 kB
---
08:44:49
Dirty:               776 kB
Writeback:             0 kB
WritebackTmp:          0 kB
---
08:44:50
Dirty:               916 kB
Writeback:            24 kB
WritebackTmp:          0 kB
---
08:44:51
Dirty:               476 kB
Writeback:             0 kB
WritebackTmp:          0 kB
---
08:44:52
Dirty:               396 kB
Writeback:            16 kB
WritebackTmp:          0 kB
---
08:44:53
Dirty:                76 kB
Writeback:            16 kB
WritebackTmp:          0 kB
---
08:44:54
Dirty:               616 kB
Writeback:            16 kB
WritebackTmp:          0 kB
---
08:44:55
Dirty:               456 kB
Writeback:            16 kB
WritebackTmp:          0 kB
---
08:44:56
Dirty:               532 kB
Writeback:             8 kB
WritebackTmp:          0 kB
---
08:44:57
Dirty:               256 kB
Writeback:            32 kB
WritebackTmp:          0 kB
---
08:44:58
Dirty:               560 kB
Writeback:            40 kB
WritebackTmp:          0 kB
---
08:44:59
Dirty:               368 kB
Writeback:            16 kB
WritebackTmp:          0 kB
---
08:45:00
Dirty:               484 kB
Writeback:            24 kB
WritebackTmp:          0 kB
---
08:45:01
Dirty:               428 kB
Writeback:            48 kB
WritebackTmp:          0 kB
---
08:45:02
Dirty:              1128 kB
Writeback:             0 kB
WritebackTmp:          0 kB
---
08:45:03
Dirty:              1224 kB
Writeback:            64 kB
WritebackTmp:          0 kB
---
08:45:04
Dirty:               568 kB
Writeback:            32 kB
WritebackTmp:          0 kB
---
08:45:05
Dirty:               864 kB
Writeback:             0 kB
WritebackTmp:          0 kB
---
08:45:06
Dirty:               332 kB
Writeback:             8 kB
WritebackTmp:          0 kB
---
08:45:07
Dirty:              1008 kB
Writeback:            64 kB
WritebackTmp:          0 kB
---
08:45:08
Dirty:               208 kB
Writeback:            64 kB
WritebackTmp:          0 kB
---
08:45:09
Dirty:               904 kB
Writeback:            16 kB
WritebackTmp:          0 kB
---
08:45:10
Dirty:               424 kB
Writeback:            32 kB
WritebackTmp:          0 kB
---
08:45:11
Dirty:               876 kB
Writeback:            40 kB
WritebackTmp:          0 kB
---
08:45:12
Dirty:               264 kB
Writeback:             0 kB
WritebackTmp:          0 kB
---
08:45:13
Dirty:               876 kB
Writeback:            24 kB
WritebackTmp:          0 kB
---
08:45:14
Dirty:               384 kB
Writeback:            24 kB
WritebackTmp:          0 kB
---
08:45:15
Dirty:               760 kB
Writeback:           112 kB
WritebackTmp:          0 kB
---
08:45:16
Dirty:               296 kB
Writeback:            32 kB
WritebackTmp:          0 kB
---
08:45:17
Dirty:               840 kB
Writeback:            32 kB
WritebackTmp:          0 kB
---
08:45:18
Dirty:              1504 kB
Writeback:           152 kB
WritebackTmp:          0 kB
---
08:45:19
Dirty:               712 kB
Writeback:             0 kB
WritebackTmp:          0 kB
---
08:45:20
Dirty:              1572 kB
Writeback:            48 kB
WritebackTmp:          0 kB
---
08:45:21
Dirty:               924 kB
Writeback:             0 kB
WritebackTmp:          0 kB
---
08:45:22
Dirty:              1472 kB
Writeback:            40 kB
WritebackTmp:          0 kB
---
08:45:23
Dirty:               988 kB
Writeback:           136 kB
WritebackTmp:          0 kB
---
08:45:24
Dirty:              1872 kB
Writeback:             0 kB
WritebackTmp:          0 kB
---
08:45:25
Dirty:              2576 kB
Writeback:            16 kB
WritebackTmp:          0 kB
---
08:45:26
Dirty:               956 kB
Writeback:            24 kB
WritebackTmp:          0 kB
---
08:45:27
Dirty:              1720 kB
Writeback:            56 kB
WritebackTmp:          0 kB
---
08:45:28
Dirty:               968 kB
Writeback:            80 kB
WritebackTmp:          0 kB
---
08:45:29
Dirty:               236 kB
Writeback:             0 kB
WritebackTmp:          0 kB
---
08:45:30
Dirty:               272 kB
Writeback:           248 kB
WritebackTmp:          0 kB
---
08:45:31
Dirty:               280 kB
Writeback:             0 kB
WritebackTmp:          0 kB
---
08:45:32
Dirty:               312 kB
Writeback:            32 kB
WritebackTmp:          0 kB
---
08:45:33
Dirty:               244 kB
Writeback:           160 kB
WritebackTmp:          0 kB
---
08:45:34
Dirty:               272 kB
Writeback:           160 kB
WritebackTmp:          0 kB
---
08:45:35
Dirty:               268 kB
Writeback:            40 kB
WritebackTmp:          0 kB
---
08:45:36
Dirty:               304 kB
Writeback:           152 kB
WritebackTmp:          0 kB
---
08:45:37
Dirty:               244 kB
Writeback:           120 kB
WritebackTmp:          0 kB
---
08:45:38
Dirty:               284 kB
Writeback:            80 kB
WritebackTmp:          0 kB
---
08:45:39
Dirty:               268 kB
Writeback:            32 kB
WritebackTmp:          0 kB
---
08:45:40
Dirty:               316 kB
Writeback:            72 kB
WritebackTmp:          0 kB
---
08:45:41
Dirty:              1132 kB
Writeback:             0 kB
WritebackTmp:          0 kB
---
08:45:42
Dirty:               380 kB
Writeback:             0 kB
WritebackTmp:          0 kB
---
08:45:43
Dirty:               360 kB
Writeback:           104 kB
WritebackTmp:          0 kB
---
08:45:44
Dirty:               480 kB
Writeback:             8 kB
WritebackTmp:          0 kB
---
08:45:45
Dirty:               572 kB
Writeback:            32 kB
WritebackTmp:          0 kB
---
08:45:46
Dirty:               324 kB
Writeback:            80 kB
WritebackTmp:          0 kB
---
08:45:47
Dirty:               312 kB
Writeback:            64 kB
WritebackTmp:          0 kB
---
08:45:48
Dirty:               284 kB
Writeback:             0 kB
WritebackTmp:          0 kB
---
08:45:49
Dirty:               184 kB
Writeback:             0 kB
WritebackTmp:          0 kB
---

```

---

## Command 9: dstat

### Command
```bash
dstat -tcmdr --disk-util 1 70
```

### Output
```
----system---- ----total-usage---- ------memory-usage----- -dsk/total- --io/total- nvme nvme nvme nvme nvme nvme nvme nvme nvme nvme nvme nvme nvme nvme nvme nvme nvme
     time     |usr sys idl wai stl| used  free  buf   cach| read  writ| read  writ|util:util:util:util:util:util:util:util:util:util:util:util:util:util:util:util:util
04-01 08:44:46|                   |  22G   39G   45M  809M|           |           |    :    :    :    :    :    :    :    :    :    :    :    :    :    :    :    :    
04-01 08:44:47|  0   0 100   0   0|  22G   39G   45M  809M|   0     0 |   0     0 |   0:   0:   0:   0:   0:   0:   0:   0:   0:   0:   0:   0:   0:   0:   0:   0:   0
04-01 08:44:48|  1   1  98   0   0|  22G   39G   45M  809M|   0   776k|   0  44.5 |   0:1.10:   0:   0:   0:   0:   0:   0:   0:0.10:0.10:0.10:0.30:0.10:0.10:0.30:0.10
04-01 08:44:49|  7   6   2  81   0|  22G   39G   45M  854M|  40M   22M|5021  1890 |96.1:0.30:96.4:96.3:96.5:96.4:96.5:96.5:96.3:20.6:23.7:20.2:19.6:23.8:22.6:19.6:23.2
04-01 08:44:50|  8   6   0  85   0|  22G   39G   45M  899M|  41M   23M|5179  2007 | 100:   0: 100: 100: 100: 100: 100: 100: 100:23.3:24.5:23.6:24.1:24.9:20.1:24.2:19.9
04-01 08:44:51|  7   6   0  85   0|  22G   39G   45M  944M|  41M   24M|5147  2020 | 100:0.20: 100: 100: 100: 100: 100: 100: 100:20.6:22.5:20.6:26.4:22.4:18.5:26.0:18.4
04-01 08:44:52|  9   7   0  83   0|  22G   39G   45M  993M|  45M   25M|5668  2032 | 100:   0: 100: 100: 100: 100: 100: 100: 100:26.3:21.5:26.2:21.7:21.9:23.5:21.2:23.6
04-01 08:44:53|  8   5   0  81   0|  22G   39G   45M 1047M|  49M   25M|6205  2055 | 100:0.10: 100: 100: 100: 100: 100: 100: 100:22.3:27.7:22.2:22.5:27.8:24.3:22.3:24.3
04-01 08:44:54|  9   6   0  82   0|  22G   38G   45M 1100M|  49M   25M|6137  2043 | 100:0.20: 100: 100: 100: 100: 100:99.1: 100:29.0:19.2:29.0:25.9:19.2:21.8:25.5:21.9
04-01 08:44:55| 10   7   0  79   0|  22G   38G   45M 1161M|  56M   27M|6993  2051 | 100:   0: 100: 100: 100: 100: 100: 100: 100:24.4:24.8:24.7:24.7:25.0:22.3:24.8:22.5
04-01 08:44:56| 10   6   0  78   0|  22G   38G   45M 1226M|  59M   27M|7367  2064 | 100:0.20: 100: 100: 100: 100: 100:98.4: 100:26.0:23.5:26.1:20.6:23.1:26.2:21.0:26.2
04-01 08:44:57| 11   9   0  75   0|  22G   38G   45M 1297M|  65M   29M|8116  2044 | 100:   0: 100: 100: 100: 100: 100: 100: 100:21.9:26.7:21.8:25.9:26.4:22.5:26.1:22.4
04-01 08:44:58| 13   9   0  74   0|  22G   38G   45M 1371M|  68M   29M|8478  2050 | 100:0.10: 100: 100: 100: 100: 100: 100: 100:26.5:22.9:26.9:22.8:22.8:25.7:22.7:25.8
04-01 08:44:59| 14   9   0  71   0|  22G   38G   45M 1454M|  75M   31M|9413  2023 | 100:   0: 100: 100: 100: 100: 100: 100: 100:24.1:22.8:24.4:24.3:22.8:27.3:24.1:27.3
04-01 08:45:00| 17  12   0  67   0|  22G   38G   45M 1544M|  82M   31M|10.1k 2006 | 100:0.10: 100: 100: 100: 100: 100: 100: 100:22.5:25.0:22.4:25.1:25.2:22.9:24.9:23.1
04-01 08:45:01| 17  13   0  65   0|  22G   38G   45M 1640M|  87M   32M|10.8k 2016 | 100:   0: 100: 100: 100: 100: 100: 100: 100:24.0:25.5:23.2:22.5:25.3:25.0:22.4:25.4
04-01 08:45:02| 18  14   0  64   0|  22G   38G   45M 1744M|  94M   33M|11.6k 2025 | 100:0.30: 100: 100: 100: 100: 100: 100: 100:24.1:24.9:23.9:22.6:24.5:24.4:22.1:25.1
04-01 08:45:03| 20  15   0  60   0|  22G   38G   45M 1857M| 103M   35M|12.5k 1971 | 100:   0: 100: 100: 100: 100: 100: 100: 100:24.1:22.3:24.2:25.6:22.4:24.2:25.7:24.7
04-01 08:45:04| 24  17   0  52   0|  22G   38G   45M 1987M| 118M   40M|14.5k 1998 | 100:0.20: 100: 100: 100: 100: 100: 100: 100:22.9:25.7:22.4:24.8:25.8:23.1:24.3:23.2
04-01 08:45:05| 26  18   0  49   0|  22G   37G   45M 2131M| 131M   39M|15.7k 1918 | 100:   0: 100: 100: 100: 100: 100:99.9: 100:24.7:22.5:24.6:23.5:22.6:26.5:24.3:26.3
04-01 08:45:06| 33  23   0  40   0|  22G   37G   45M 2302M| 155M   47M|18.6k 1965 | 100:0.40: 100: 100: 100: 100: 100:97.2: 100:24.3:24.5:24.2:25.0:24.6:23.5:24.6:23.5
04-01 08:45:07| 36  25   0  33   0|  22G   37G   45M 2484M| 165M   46M|19.7k 1834 | 100:   0: 100: 100: 100: 100: 100:95.9: 100:23.5:25.1:23.4:24.1:24.8:23.9:23.7:24.3
04-01 08:45:08| 34  21   0  39   0|  22G   37G   45M 2643M| 145M   44M|17.0k 1902 | 100:0.10: 100: 100: 100: 100: 100:96.1:98.6:22.7:24.0:22.5:22.9:23.9:24.6:22.9:24.5
04-01 08:45:09| 32  23   0  42   0|  22G   37G   45M 2798M| 141M   40M|16.4k 1874 |99.8:   0: 100: 100:99.8: 100: 100:95.4:98.8:22.0:27.7:21.6:23.8:27.0:22.2:23.7:22.2
04-01 08:45:10| 33  22   0  42   0|  22G   37G   45M 2952M| 140M   43M|16.3k 1898 |97.2:   0: 100: 100:99.0: 100:99.8:91.2:98.6:27.2:20.8:27.0:24.3:20.9:23.4:24.1:23.5
04-01 08:45:11| 33  22   0  41   0|  22G   36G   45M 3111M| 145M   41M|16.6k 1915 |95.4:0.10: 100: 100:97.5: 100:99.1:91.6:97.8:23.8:24.6:24.0:23.9:25.0:23.0:24.0:22.9
04-01 08:45:12| 34  23   0  39   0|  22G   36G   45M 3269M| 144M   43M|16.6k 1933 |99.5:   0: 100: 100: 100: 100:99.6:96.2:97.2:26.1:21.8:26.6:21.0:21.7:25.6:21.4:25.8
04-01 08:45:13| 32  21   0  44   0|  22G   36G   45M 3416M| 134M   40M|15.5k 1904 |94.2:0.10: 100:99.8:98.1: 100:99.9:82.0:83.5:22.1:25.7:22.3:21.9:25.8:24.9:21.8:25.0
04-01 08:45:14| 30  19   1  46   0|  22G   36G   45M 3560M| 130M   43M|15.0k 1955 |78.3:0.10:99.3:99.5:90.6: 100:98.8:87.4:94.5:27.8:21.8:27.5:22.5:21.5:24.9:22.5:24.9
04-01 08:45:15| 32  22   0  42   0|  22G   36G   45M 3718M| 143M   42M|16.4k 1941 |92.1:0.10:98.7:99.6:93.3: 100:99.9:88.2:91.1:23.8:24.3:24.0:23.3:23.9:25.3:23.5:25.6
04-01 08:45:16| 37  24   0  33   0|  22G   36G   45M 3888M| 154M   46M|17.6k 1878 |97.0:   0: 100: 100:92.9:99.2: 100:95.9:82.7:24.2:23.6:24.4:24.8:23.4:23.6:25.0:23.8
04-01 08:45:17| 39  25   0  33   0|  22G   36G   45M 4059M| 155M   44M|17.6k 1865 |91.5:0.10:99.9:99.9:90.8:99.9:98.5:91.7:90.2:24.4:23.6:24.4:23.8:23.8:23.5:24.1:23.4
04-01 08:45:18| 39  26   0  30   0|  22G   35G   45M 4237M| 162M   45M|18.3k 1854 |91.7:   0: 100: 100:89.2: 100:99.5:93.2:93.8:23.9:23.1:24.1:23.6:23.2:25.4:24.2:25.3
04-01 08:45:19| 42  26   0  26   0|  22G   35G   45M 4420M| 166M   49M|18.8k 1868 |97.3:   0: 100: 100:96.2: 100: 100:99.1:93.8:23.3:25.2:23.0:23.2:25.2:24.8:22.7:25.3
04-01 08:45:20| 42  28   0  24   0|  22G   35G   45M 4602M| 165M   47M|18.8k 1821 |95.1:0.10:99.9: 100:96.0: 100: 100:99.6:99.5:25.2:22.9:25.1:24.6:23.2:22.4:24.3:22.3
04-01 08:45:21| 47  29   0  19   0|  22G   35G   45M 4793M| 173M   50M|19.5k 1818 |99.9:   0: 100: 100:95.3: 100:99.3:93.7:95.1:23.7:23.2:23.8:22.9:23.1:24.1:22.9:24.2
04-01 08:45:22| 47  29   0  19   0|  22G   35G   45M 4988M| 177M   49M|19.9k 1832 |99.9:0.20: 100: 100:95.7: 100: 100:99.7: 100:23.6:23.7:23.8:24.2:23.8:24.4:24.8:24.0
04-01 08:45:23| 49  31   0  15   0|  22G   34G   45M 5188M| 180M   53M|20.6k 1790 |99.8:   0:98.9: 100:96.2: 100: 100:99.2:99.8:24.2:22.9:24.2:24.1:23.0:24.7:24.2:24.8
04-01 08:45:24| 50  33   0  14   0|  22G   34G   45M 5388M| 180M   51M|20.5k 1730 |99.4:0.30:99.9:99.9:99.7:99.9:99.9:98.5:96.3:24.3:22.7:23.6:22.8:22.9:23.7:22.5:23.9
04-01 08:45:25| 52  34   0  11   0|  22G   34G   45M 5592M| 182M   53M|20.9k 1715 |99.1:   0:99.1: 100:99.0: 100: 100:97.9:99.4:23.1:23.3:23.2:23.6:23.4:23.8:23.6:23.4
04-01 08:45:26| 53  35   0   9   0|  22G   34G   45M 5790M| 177M   58M|20.4k 1722 |96.5:0.10:99.9:99.4:98.5:99.9:97.2:93.7:96.9:23.1:21.5:23.1:22.0:21.6:23.4:21.6:23.3
04-01 08:45:27| 59  34   0   6   0|  22G   34G   45M 5977M| 167M   50M|19.3k 1527 |95.8:0.10:99.3: 100:95.9:96.3:96.9:87.9:90.7:22.0:21.7:22.2:21.2:22.3:20.0:20.9:20.1
04-01 08:45:28| 57  35   0   6   0|  22G   34G   45M 6166M| 167M   55M|19.4k 1598 |92.5:0.10:96.7:99.8:88.2:97.9:97.8:88.6:93.7:21.3:21.2:21.6:21.8:21.2:22.2:22.2:22.6
04-01 08:45:29| 58  35   0   5   0|  22G   33G   45M 6349M| 162M   55M|18.9k 1570 |85.7:   0:99.0:95.6:87.7:98.8:99.4:89.9:89.3:21.5:21.7:21.4:20.4:21.8:20.7:20.1:20.9
04-01 08:45:30| 59  35   1   4   0|  22G   33G   45M 6515M| 146M   49M|17.1k 1409 |77.4:0.10:99.6:92.8:83.8:99.3:91.8:78.5:82.5:21.1:19.4:21.1:18.7:19.2:20.6:18.7:20.9
04-01 08:45:31| 59  34   1   4   0|  22G   33G   45M 6676M| 140M   49M|16.5k 1414 |76.6:   0:90.4:88.4:75.5:98.0:94.4:77.7:79.6:19.4:20.1:19.7:19.7:20.4:20.2:19.6:19.8
04-01 08:45:32| 59  34   2   4   0|  22G   33G   45M 6827M| 132M   49M|15.7k 1412 |74.3:0.10:87.3:88.4:75.1:98.6:85.8:72.5:75.1:19.1:20.1:18.5:18.8:20.4:20.2:18.6:20.4
04-01 08:45:33| 59  34   1   4   0|  22G   33G   45M 6978M| 132M   48M|15.5k 1386 |74.4:0.10:92.7:86.9:75.2:92.0:89.7:72.7:75.5:19.1:20.6:18.7:19.1:20.3:19.0:19.4:19.0
04-01 08:45:34| 59  33   2   5   0|  22G   33G   45M 7124M| 126M   48M|14.8k 1386 |71.8:0.10:90.4:85.9:71.6:82.3:78.1:68.8:69.7:18.5:19.9:18.6:19.0:19.8:19.2:18.7:19.1
04-01 08:45:35| 59  35   2   4   0|  22G   32G   45M 7266M| 123M   48M|14.4k 1406 |71.6:   0:75.0:79.8:70.2:82.8:78.1:71.1:71.9:19.2:19.3:19.5:18.9:19.3:18.4:19.5:17.9
04-01 08:45:36| 58  35   2   4   0|  22G   32G   45M 7409M| 124M   49M|14.5k 1395 |67.6:0.20:84.5:66.0:72.3:84.9:82.2:70.1:73.9:20.4:18.6:20.1:20.3:18.8:20.0:20.3:19.6
04-01 08:45:37| 59  34   2   4   0|  22G   32G   45M 7559M| 130M   52M|15.2k 1443 |71.9:   0:82.2:75.0:74.4:85.3:84.1:71.8:74.0:20.2:20.9:20.0:21.3:20.9:20.6:21.0:21.4
04-01 08:45:38| 58  36   2   3   0|  22G   32G   45M 7706M| 126M   50M|14.6k 1426 |67.7:0.20:70.1:65.1:70.9:67.0:84.4:69.9:70.6:21.2:19.7:21.4:20.0:19.7:19.9:20.0:19.8
04-01 08:45:39| 61  33   2   3   0|  22G   32G   45M 7840M| 115M   47M|13.3k 1337 |69.2:   0:75.0:63.8:71.0:67.1:46.5:67.7:68.5:17.9:19.1:17.6:20.0:19.1:20.7:19.4:20.6
04-01 08:45:40| 61  34   2   2   0|  22G   32G   45M 7970M| 112M   47M|12.9k 1380 |66.0:0.10:63.1:48.1:67.7:61.0:66.1:67.5:69.6:19.1:18.9:19.2:18.1:19.0:19.7:17.8:19.6
04-01 08:45:41| 60  34   3   3   0|  22G   32G   45M 8101M| 112M   46M|12.9k 1319 |69.2:   0:62.7:65.6:68.7:75.8:64.6:69.3:68.0:19.2:19.0:19.4:18.4:19.1:18.6:18.5:18.9
04-01 08:45:42| 59  35   2   3   0|  22G   31G   45M 8236M| 115M   50M|13.2k 1444 |67.7:0.20:67.7:63.3:68.9:74.0:56.8:69.3:72.1:19.0:19.7:19.2:19.7:19.6:18.1:19.7:17.8
04-01 08:45:43| 59  36   3   3   0|  22G   31G   45M 8379M| 122M   51M|14.0k 1456 |68.8:0.10:59.8:73.5:69.6:57.7:69.6:71.0:67.8:20.1:20.3:20.2:19.8:20.2:20.3:20.0:20.3
04-01 08:45:44| 59  34   4   2   0|  22G   31G   45M 8510M| 111M   48M|12.7k 1394 |64.7:0.20:62.3:40.5:67.1:47.8:51.6:63.3:68.1:18.1:19.9:18.2:18.9:19.8:19.2:18.9:19.3
04-01 08:45:45| 60  34   2   2   0|  22G   31G   45M 8640M| 112M   46M|12.8k 1366 |70.8:   0:52.6:62.8:67.5:55.7:54.0:64.6:69.5:19.7:18.7:19.7:19.0:18.1:19.9:18.9:19.7
04-01 08:45:46| 59  35   3   2   0|  22G   31G   45M 8773M| 114M   48M|12.8k 1401 |64.4:0.10:46.5:53.9:66.1:51.5:46.9:67.8:63.5:18.5:18.3:18.6:19.2:18.4:18.9:19.1:18.6
04-01 08:45:47| 59  34   3   2   0|  22G   31G   45M 8910M| 116M   49M|13.0k 1429 |64.6:0.20:59.5:54.7:67.7:40.7:39.8:62.7:65.6:19.5:18.6:19.4:19.3:18.7:18.7:19.0:19.3
04-01 08:45:48| 58  35   4   2   0|  22G   31G   45M 9037M| 110M   45M|12.3k 1336 |61.6:0.10:51.3:48.0:64.0:41.3:57.6:66.4:62.6:18.7:18.6:19.2:18.9:18.7:19.1:19.1:19.5
04-01 08:45:49|  1   1  98   0   0|  22G   31G   45M 9038M|   0   466k|   0  61.2 |0.10:0.20:   0:   0:0.20:   0:   0:   0:0.10:0.10:   0:   0:0.20:0.10:   0:0.20:   0
04-01 08:45:50|  0   0 100   0   0|  22G   31G   45M 9038M|   0    12k|   0  9.00 |   0:   0:   0:   0:   0:   0:   0:   0:   0:   0:   0:   0:   0:   0:   0:   0:   0

```

---

## Command 10: mpstat

### Command
```bash
mpstat -P ALL 1 70
```

### Output
```
Linux 6.14.0-1018-aws (ip-10-0-1-210) 	01/04/26 	_aarch64_	(8 CPU)

08:44:46     CPU    %usr   %nice    %sys %iowait    %irq   %soft  %steal  %guest  %gnice   %idle
08:44:47     all    0.88    0.00    0.25    0.00    0.00    0.00    0.00    0.00    0.00   98.87
08:44:47       0    0.00    0.00    0.00    0.00    0.00    0.00    0.00    0.00    0.00  100.00
08:44:47       1    0.00    0.00    0.00    0.00    0.00    0.00    0.00    0.00    0.00  100.00
08:44:47       2    0.00    0.00    0.00    0.00    0.00    0.00    0.00    0.00    0.00  100.00
08:44:47       3    0.00    0.00    0.00    0.00    0.00    0.00    0.00    0.00    0.00  100.00
08:44:47       4    0.00    0.00    0.00    0.00    0.00    0.00    0.00    0.00    0.00  100.00
08:44:47       5    2.00    0.00    1.00    0.00    0.00    0.00    0.00    0.00    0.00   97.00
08:44:47       6    0.00    0.00    0.00    0.00    0.00    0.00    0.00    0.00    0.00  100.00
08:44:47       7    4.95    0.00    0.99    0.00    0.00    0.00    0.00    0.00    0.00   94.06

08:44:47     CPU    %usr   %nice    %sys %iowait    %irq   %soft  %steal  %guest  %gnice   %idle
08:44:48     all    0.12    0.00    0.37    0.12    0.00    0.00    0.00    0.00    0.00   99.38
08:44:48       0    0.00    0.00    0.99    0.00    0.00    0.00    0.00    0.00    0.00   99.01
08:44:48       1    0.00    0.00    1.00    0.00    0.00    0.00    0.00    0.00    0.00   99.00
08:44:48       2    1.00    0.00    1.00    0.00    0.00    0.00    0.00    0.00    0.00   98.00
08:44:48       3    0.00    0.00    0.00    0.00    0.00    0.00    0.00    0.00    0.00  100.00
08:44:48       4    0.00    0.00    0.00    1.00    0.00    0.00    0.00    0.00    0.00   99.00
08:44:48       5    0.00    0.00    0.00    0.00    0.00    0.00    0.00    0.00    0.00  100.00
08:44:48       6    0.00    0.00    0.00    0.00    0.00    0.00    0.00    0.00    0.00  100.00
08:44:48       7    0.00    0.00    0.00    0.00    0.00    0.00    0.00    0.00    0.00  100.00

08:44:48     CPU    %usr   %nice    %sys %iowait    %irq   %soft  %steal  %guest  %gnice   %idle
08:44:49     all    7.19    0.00    6.54   80.00    0.00    0.00    0.00    0.00    0.00    6.27
08:44:49       0    6.32    0.00    6.32   81.05    0.00    0.00    0.00    0.00    0.00    6.32
08:44:49       1    8.25    0.00    8.25   78.35    0.00    0.00    0.00    0.00    0.00    5.15
08:44:49       2    6.32    0.00    6.32   80.00    0.00    0.00    0.00    0.00    0.00    7.37
08:44:49       3    6.32    0.00    6.32   80.00    0.00    0.00    0.00    0.00    0.00    7.37
08:44:49       4    5.32    0.00    5.32   80.85    0.00    0.00    0.00    0.00    0.00    8.51
08:44:49       5   10.31    0.00    6.19   79.38    0.00    0.00    0.00    0.00    0.00    4.12
08:44:49       6    6.32    0.00    7.37   81.05    0.00    0.00    0.00    0.00    0.00    5.26
08:44:49       7    8.25    0.00    6.19   79.38    0.00    0.00    0.00    0.00    0.00    6.19

08:44:49     CPU    %usr   %nice    %sys %iowait    %irq   %soft  %steal  %guest  %gnice   %idle
08:44:50     all    8.59    0.00    6.31   85.10    0.00    0.00    0.00    0.00    0.00    0.00
08:44:50       0    8.16    0.00    6.12   85.71    0.00    0.00    0.00    0.00    0.00    0.00
08:44:50       1    9.09    0.00    6.06   84.85    0.00    0.00    0.00    0.00    0.00    0.00
08:44:50       2    9.09    0.00    5.05   85.86    0.00    0.00    0.00    0.00    0.00    0.00
08:44:50       3   10.00    0.00    7.00   83.00    0.00    0.00    0.00    0.00    0.00    0.00
08:44:50       4    9.09    0.00    5.05   85.86    0.00    0.00    0.00    0.00    0.00    0.00
08:44:50       5    9.09    0.00    6.06   84.85    0.00    0.00    0.00    0.00    0.00    0.00
08:44:50       6    7.14    0.00    7.14   85.71    0.00    0.00    0.00    0.00    0.00    0.00
08:44:50       7    7.00    0.00    8.00   85.00    0.00    0.00    0.00    0.00    0.00    0.00

08:44:50     CPU    %usr   %nice    %sys %iowait    %irq   %soft  %steal  %guest  %gnice   %idle
08:44:51     all    7.00    0.00    6.36   86.64    0.00    0.00    0.00    0.00    0.00    0.00
08:44:51       0    8.08    0.00    6.06   85.86    0.00    0.00    0.00    0.00    0.00    0.00
08:44:51       1    8.16    0.00    5.10   86.73    0.00    0.00    0.00    0.00    0.00    0.00
08:44:51       2    6.06    0.00    7.07   86.87    0.00    0.00    0.00    0.00    0.00    0.00
08:44:51       3    7.14    0.00    8.16   84.69    0.00    0.00    0.00    0.00    0.00    0.00
08:44:51       4    6.12    0.00    6.12   87.76    0.00    0.00    0.00    0.00    0.00    0.00
08:44:51       5    6.12    0.00    6.12   87.76    0.00    0.00    0.00    0.00    0.00    0.00
08:44:51       6    6.19    0.00    6.19   87.63    0.00    0.00    0.00    0.00    0.00    0.00
08:44:51       7    8.08    0.00    6.06   85.86    0.00    0.00    0.00    0.00    0.00    0.00

08:44:51     CPU    %usr   %nice    %sys %iowait    %irq   %soft  %steal  %guest  %gnice   %idle
08:44:52     all    9.11    0.00    6.58   84.30    0.00    0.00    0.00    0.00    0.00    0.00
08:44:52       0    9.09    0.00    6.06   84.85    0.00    0.00    0.00    0.00    0.00    0.00
08:44:52       1    8.25    0.00    6.19   85.57    0.00    0.00    0.00    0.00    0.00    0.00
08:44:52       2    9.28    0.00    5.15   85.57    0.00    0.00    0.00    0.00    0.00    0.00
08:44:52       3    8.16    0.00    6.12   85.71    0.00    0.00    0.00    0.00    0.00    0.00
08:44:52       4   11.00    0.00    8.00   81.00    0.00    0.00    0.00    0.00    0.00    0.00
08:44:52       5   10.00    0.00    7.00   83.00    0.00    0.00    0.00    0.00    0.00    0.00
08:44:52       6    7.07    0.00    8.08   84.85    0.00    0.00    0.00    0.00    0.00    0.00
08:44:52       7   10.00    0.00    6.00   84.00    0.00    0.00    0.00    0.00    0.00    0.00

08:44:52     CPU    %usr   %nice    %sys %iowait    %irq   %soft  %steal  %guest  %gnice   %idle
08:44:53     all    8.52    0.00    6.42   85.06    0.00    0.00    0.00    0.00    0.00    0.00
08:44:53       0    8.42    0.00    6.32   85.26    0.00    0.00    0.00    0.00    0.00    0.00
08:44:53       1    9.47    0.00    6.32   84.21    0.00    0.00    0.00    0.00    0.00    0.00
08:44:53       2    7.45    0.00    6.38   86.17    0.00    0.00    0.00    0.00    0.00    0.00
08:44:53       3    9.38    0.00    6.25   84.38    0.00    0.00    0.00    0.00    0.00    0.00
08:44:53       4    7.37    0.00    6.32   86.32    0.00    0.00    0.00    0.00    0.00    0.00
08:44:53       5    8.33    0.00    7.29   84.38    0.00    0.00    0.00    0.00    0.00    0.00
08:44:53       6    8.33    0.00    6.25   85.42    0.00    0.00    0.00    0.00    0.00    0.00
08:44:53       7    9.38    0.00    6.25   84.38    0.00    0.00    0.00    0.00    0.00    0.00

08:44:53     CPU    %usr   %nice    %sys %iowait    %irq   %soft  %steal  %guest  %gnice   %idle
08:44:54     all    8.63    0.00    6.14   85.23    0.00    0.00    0.00    0.00    0.00    0.00
08:44:54       0    8.51    0.00    5.32   86.17    0.00    0.00    0.00    0.00    0.00    0.00
08:44:54       1    9.47    0.00    5.26   85.26    0.00    0.00    0.00    0.00    0.00    0.00
08:44:54       2    9.38    0.00    6.25   84.38    0.00    0.00    0.00    0.00    0.00    0.00
08:44:54       3    9.38    0.00    6.25   84.38    0.00    0.00    0.00    0.00    0.00    0.00
08:44:54       4    6.32    0.00    6.32   87.37    0.00    0.00    0.00    0.00    0.00    0.00
08:44:54       5    7.37    0.00    6.32   86.32    0.00    0.00    0.00    0.00    0.00    0.00
08:44:54       6    9.38    0.00    6.25   84.38    0.00    0.00    0.00    0.00    0.00    0.00
08:44:54       7    9.18    0.00    7.14   83.67    0.00    0.00    0.00    0.00    0.00    0.00

08:44:54     CPU    %usr   %nice    %sys %iowait    %irq   %soft  %steal  %guest  %gnice   %idle
08:44:55     all   10.57    0.00    7.47   81.96    0.00    0.00    0.00    0.00    0.00    0.00
08:44:55       0   11.22    0.00    7.14   81.63    0.00    0.00    0.00    0.00    0.00    0.00
08:44:55       1   11.22    0.00    8.16   80.61    0.00    0.00    0.00    0.00    0.00    0.00
08:44:55       2    9.28    0.00    8.25   82.47    0.00    0.00    0.00    0.00    0.00    0.00
08:44:55       3    9.38    0.00    7.29   83.33    0.00    0.00    0.00    0.00    0.00    0.00
08:44:55       4   10.31    0.00    7.22   82.47    0.00    0.00    0.00    0.00    0.00    0.00
08:44:55       5   10.31    0.00    7.22   82.47    0.00    0.00    0.00    0.00    0.00    0.00
08:44:55       6   11.46    0.00    7.29   81.25    0.00    0.00    0.00    0.00    0.00    0.00
08:44:55       7   11.34    0.00    7.22   81.44    0.00    0.00    0.00    0.00    0.00    0.00

08:44:55     CPU    %usr   %nice    %sys %iowait    %irq   %soft  %steal  %guest  %gnice   %idle
08:44:56     all    9.99    0.00    5.94   84.08    0.00    0.00    0.00    0.00    0.00    0.00
08:44:56       0    8.89    0.00    6.67   84.44    0.00    0.00    0.00    0.00    0.00    0.00
08:44:56       1    9.89    0.00    4.40   85.71    0.00    0.00    0.00    0.00    0.00    0.00
08:44:56       2   10.75    0.00    5.38   83.87    0.00    0.00    0.00    0.00    0.00    0.00
08:44:56       3    9.78    0.00    5.43   84.78    0.00    0.00    0.00    0.00    0.00    0.00
08:44:56       4    8.70    0.00    5.43   85.87    0.00    0.00    0.00    0.00    0.00    0.00
08:44:56       5    9.57    0.00    7.45   82.98    0.00    0.00    0.00    0.00    0.00    0.00
08:44:56       6   10.75    0.00    5.38   83.87    0.00    0.00    0.00    0.00    0.00    0.00
08:44:56       7   11.46    0.00    7.29   81.25    0.00    0.00    0.00    0.00    0.00    0.00

08:44:56     CPU    %usr   %nice    %sys %iowait    %irq   %soft  %steal  %guest  %gnice   %idle
08:44:57     all   12.42    0.00    9.15   78.43    0.00    0.00    0.00    0.00    0.00    0.00
08:44:57       0   12.63    0.00    8.42   78.95    0.00    0.00    0.00    0.00    0.00    0.00
08:44:57       1   11.46    0.00    9.38   79.17    0.00    0.00    0.00    0.00    0.00    0.00
08:44:57       2   12.24    0.00   10.20   77.55    0.00    0.00    0.00    0.00    0.00    0.00
08:44:57       3   10.64    0.00    9.57   79.79    0.00    0.00    0.00    0.00    0.00    0.00
08:44:57       4   13.54    0.00    9.38   77.08    0.00    0.00    0.00    0.00    0.00    0.00
08:44:57       5   12.77    0.00    7.45   79.79    0.00    0.00    0.00    0.00    0.00    0.00
08:44:57       6   14.43    0.00    9.28   76.29    0.00    0.00    0.00    0.00    0.00    0.00
08:44:57       7   11.58    0.00    9.47   78.95    0.00    0.00    0.00    0.00    0.00    0.00

08:44:57     CPU    %usr   %nice    %sys %iowait    %irq   %soft  %steal  %guest  %gnice   %idle
08:44:58     all   13.28    0.00    9.24   77.47    0.00    0.00    0.00    0.00    0.00    0.00
08:44:58       0   16.49    0.00    7.22   76.29    0.00    0.00    0.00    0.00    0.00    0.00
08:44:58       1   13.68    0.00    9.47   76.84    0.00    0.00    0.00    0.00    0.00    0.00
08:44:58       2   11.46    0.00   10.42   78.12    0.00    0.00    0.00    0.00    0.00    0.00
08:44:58       3   12.37    0.00   10.31   77.32    0.00    0.00    0.00    0.00    0.00    0.00
08:44:58       4   12.50    0.00    9.38   78.12    0.00    0.00    0.00    0.00    0.00    0.00
08:44:58       5   13.68    0.00    7.37   78.95    0.00    0.00    0.00    0.00    0.00    0.00
08:44:58       6   12.63    0.00    9.47   77.89    0.00    0.00    0.00    0.00    0.00    0.00
08:44:58       7   13.40    0.00   10.31   76.29    0.00    0.00    0.00    0.00    0.00    0.00

08:44:58     CPU    %usr   %nice    %sys %iowait    %irq   %soft  %steal  %guest  %gnice   %idle
08:44:59     all   14.65    0.00    9.32   76.03    0.00    0.00    0.00    0.00    0.00    0.00
08:44:59       0   13.04    0.00    9.78   77.17    0.00    0.00    0.00    0.00    0.00    0.00
08:44:59       1   13.98    0.00    9.68   76.34    0.00    0.00    0.00    0.00    0.00    0.00
08:44:59       2   12.77    0.00   10.64   76.60    0.00    0.00    0.00    0.00    0.00    0.00
08:44:59       3   15.62    0.00   10.42   73.96    0.00    0.00    0.00    0.00    0.00    0.00
08:44:59       4   15.96    0.00    7.45   76.60    0.00    0.00    0.00    0.00    0.00    0.00
08:44:59       5   15.96    0.00    8.51   75.53    0.00    0.00    0.00    0.00    0.00    0.00
08:44:59       6   13.98    0.00    9.68   76.34    0.00    0.00    0.00    0.00    0.00    0.00
08:44:59       7   15.79    0.00    8.42   75.79    0.00    0.00    0.00    0.00    0.00    0.00

08:44:59     CPU    %usr   %nice    %sys %iowait    %irq   %soft  %steal  %guest  %gnice   %idle
08:45:00     all   17.81    0.00   12.65   69.55    0.00    0.00    0.00    0.00    0.00    0.00
08:45:00       0   17.35    0.00   13.27   69.39    0.00    0.00    0.00    0.00    0.00    0.00
08:45:00       1   18.56    0.00   11.34   70.10    0.00    0.00    0.00    0.00    0.00    0.00
08:45:00       2   16.33    0.00   14.29   69.39    0.00    0.00    0.00    0.00    0.00    0.00
08:45:00       3   16.84    0.00   12.63   70.53    0.00    0.00    0.00    0.00    0.00    0.00
08:45:00       4   17.71    0.00   11.46   70.83    0.00    0.00    0.00    0.00    0.00    0.00
08:45:00       5   18.37    0.00   12.24   69.39    0.00    0.00    0.00    0.00    0.00    0.00
08:45:00       6   15.79    0.00   11.58   72.63    0.00    0.00    0.00    0.00    0.00    0.00
08:45:00       7   21.43    0.00   14.29   64.29    0.00    0.00    0.00    0.00    0.00    0.00

08:45:00     CPU    %usr   %nice    %sys %iowait    %irq   %soft  %steal  %guest  %gnice   %idle
08:45:01     all   17.96    0.00   13.24   68.81    0.00    0.00    0.00    0.00    0.00    0.00
08:45:01       0   15.79    0.00   14.74   69.47    0.00    0.00    0.00    0.00    0.00    0.00
08:45:01       1   18.95    0.00   12.63   68.42    0.00    0.00    0.00    0.00    0.00    0.00
08:45:01       2   17.89    0.00   12.63   69.47    0.00    0.00    0.00    0.00    0.00    0.00
08:45:01       3   18.28    0.00   10.75   70.97    0.00    0.00    0.00    0.00    0.00    0.00
08:45:01       4   19.59    0.00   13.40   67.01    0.00    0.00    0.00    0.00    0.00    0.00
08:45:01       5   15.05    0.00   13.98   70.97    0.00    0.00    0.00    0.00    0.00    0.00
08:45:01       6   20.00    0.00   15.00   65.00    0.00    0.00    0.00    0.00    0.00    0.00
08:45:01       7   17.89    0.00   12.63   69.47    0.00    0.00    0.00    0.00    0.00    0.00

08:45:01     CPU    %usr   %nice    %sys %iowait    %irq   %soft  %steal  %guest  %gnice   %idle
08:45:02     all   19.33    0.00   14.53   66.15    0.00    0.00    0.00    0.00    0.00    0.00
08:45:02       0   18.75    0.00   14.58   66.67    0.00    0.00    0.00    0.00    0.00    0.00
08:45:02       1   20.21    0.00   12.77   67.02    0.00    0.00    0.00    0.00    0.00    0.00
08:45:02       2   18.56    0.00   15.46   65.98    0.00    0.00    0.00    0.00    0.00    0.00
08:45:02       3   21.21    0.00   15.15   63.64    0.00    0.00    0.00    0.00    0.00    0.00
08:45:02       4   19.79    0.00   13.54   66.67    0.00    0.00    0.00    0.00    0.00    0.00
08:45:02       5   20.20    0.00   15.15   64.65    0.00    0.00    0.00    0.00    0.00    0.00
08:45:02       6   18.95    0.00   13.68   67.37    0.00    0.00    0.00    0.00    0.00    0.00
08:45:02       7   16.84    0.00   15.79   67.37    0.00    0.00    0.00    0.00    0.00    0.00

08:45:02     CPU    %usr   %nice    %sys %iowait    %irq   %soft  %steal  %guest  %gnice   %idle
08:45:03     all   20.50    0.00   15.61   63.89    0.00    0.00    0.00    0.00    0.00    0.00
08:45:03       0   19.79    0.00   16.67   63.54    0.00    0.00    0.00    0.00    0.00    0.00
08:45:03       1   20.83    0.00   16.67   62.50    0.00    0.00    0.00    0.00    0.00    0.00
08:45:03       2   21.28    0.00   13.83   64.89    0.00    0.00    0.00    0.00    0.00    0.00
08:45:03       3   21.74    0.00   14.13   64.13    0.00    0.00    0.00    0.00    0.00    0.00
08:45:03       4   17.89    0.00   17.89   64.21    0.00    0.00    0.00    0.00    0.00    0.00
08:45:03       5   18.48    0.00   15.22   66.30    0.00    0.00    0.00    0.00    0.00    0.00
08:45:03       6   22.11    0.00   14.74   63.16    0.00    0.00    0.00    0.00    0.00    0.00
08:45:03       7   21.88    0.00   15.62   62.50    0.00    0.00    0.00    0.00    0.00    0.00

08:45:03     CPU    %usr   %nice    %sys %iowait    %irq   %soft  %steal  %guest  %gnice   %idle
08:45:04     all   25.17    0.00   17.94   56.89    0.00    0.00    0.00    0.00    0.00    0.00
08:45:04       0   24.18    0.00   17.58   58.24    0.00    0.00    0.00    0.00    0.00    0.00
08:45:04       1   25.53    0.00   19.15   55.32    0.00    0.00    0.00    0.00    0.00    0.00
08:45:04       2   25.00    0.00   17.39   57.61    0.00    0.00    0.00    0.00    0.00    0.00
08:45:04       3   24.47    0.00   19.15   56.38    0.00    0.00    0.00    0.00    0.00    0.00
08:45:04       4   27.66    0.00   14.89   57.45    0.00    0.00    0.00    0.00    0.00    0.00
08:45:04       5   24.21    0.00   18.95   56.84    0.00    0.00    0.00    0.00    0.00    0.00
08:45:04       6   24.73    0.00   18.28   56.99    0.00    0.00    0.00    0.00    0.00    0.00
08:45:04       7   25.53    0.00   18.09   56.38    0.00    0.00    0.00    0.00    0.00    0.00

08:45:04     CPU    %usr   %nice    %sys %iowait    %irq   %soft  %steal  %guest  %gnice   %idle
08:45:05     all   28.30    0.00   19.89   51.80    0.00    0.00    0.00    0.00    0.00    0.00
08:45:05       0   29.47    0.00   18.95   51.58    0.00    0.00    0.00    0.00    0.00    0.00
08:45:05       1   27.96    0.00   20.43   51.61    0.00    0.00    0.00    0.00    0.00    0.00
08:45:05       2   26.60    0.00   21.28   52.13    0.00    0.00    0.00    0.00    0.00    0.00
08:45:05       3   29.35    0.00   18.48   52.17    0.00    0.00    0.00    0.00    0.00    0.00
08:45:05       4   28.42    0.00   20.00   51.58    0.00    0.00    0.00    0.00    0.00    0.00
08:45:05       5   27.96    0.00   19.35   52.69    0.00    0.00    0.00    0.00    0.00    0.00
08:45:05       6   26.60    0.00   22.34   51.06    0.00    0.00    0.00    0.00    0.00    0.00
08:45:05       7   30.11    0.00   18.28   51.61    0.00    0.00    0.00    0.00    0.00    0.00

08:45:05     CPU    %usr   %nice    %sys %iowait    %irq   %soft  %steal  %guest  %gnice   %idle
08:45:06     all   34.17    0.00   23.48   42.35    0.00    0.00    0.00    0.00    0.00    0.00
08:45:06       0   33.68    0.00   24.21   42.11    0.00    0.00    0.00    0.00    0.00    0.00
08:45:06       1   35.11    0.00   23.40   41.49    0.00    0.00    0.00    0.00    0.00    0.00
08:45:06       2   34.04    0.00   22.34   43.62    0.00    0.00    0.00    0.00    0.00    0.00
08:45:06       3   36.46    0.00   22.92   40.62    0.00    0.00    0.00    0.00    0.00    0.00
08:45:06       4   33.33    0.00   23.96   42.71    0.00    0.00    0.00    0.00    0.00    0.00
08:45:06       5   32.63    0.00   24.21   43.16    0.00    0.00    0.00    0.00    0.00    0.00
08:45:06       6   33.70    0.00   22.83   43.48    0.00    0.00    0.00    0.00    0.00    0.00
08:45:06       7   34.38    0.00   23.96   41.67    0.00    0.00    0.00    0.00    0.00    0.00

08:45:06     CPU    %usr   %nice    %sys %iowait    %irq   %soft  %steal  %guest  %gnice   %idle
08:45:07     all   37.20    0.00   27.04   35.75    0.00    0.00    0.00    0.00    0.00    0.00
08:45:07       0   37.11    0.00   27.84   35.05    0.00    0.00    0.00    0.00    0.00    0.00
08:45:07       1   39.78    0.00   25.81   34.41    0.00    0.00    0.00    0.00    0.00    0.00
08:45:07       2   37.50    0.00   26.04   36.46    0.00    0.00    0.00    0.00    0.00    0.00
08:45:07       3   39.58    0.00   26.04   34.38    0.00    0.00    0.00    0.00    0.00    0.00
08:45:07       4   36.56    0.00   25.81   37.63    0.00    0.00    0.00    0.00    0.00    0.00
08:45:07       5   32.98    0.00   28.72   38.30    0.00    0.00    0.00    0.00    0.00    0.00
08:45:07       6   36.84    0.00   28.42   34.74    0.00    0.00    0.00    0.00    0.00    0.00
08:45:07       7   37.23    0.00   27.66   35.11    0.00    0.00    0.00    0.00    0.00    0.00

08:45:07     CPU    %usr   %nice    %sys %iowait    %irq   %soft  %steal  %guest  %gnice   %idle
08:45:08     all   35.64    0.00   22.21   42.15    0.00    0.00    0.00    0.00    0.00    0.00
08:45:08       0   35.48    0.00   22.58   41.94    0.00    0.00    0.00    0.00    0.00    0.00
08:45:08       1   39.36    0.00   21.28   39.36    0.00    0.00    0.00    0.00    0.00    0.00
08:45:08       2   36.08    0.00   21.65   42.27    0.00    0.00    0.00    0.00    0.00    0.00
08:45:08       3   35.87    0.00   21.74   42.39    0.00    0.00    0.00    0.00    0.00    0.00
08:45:08       4   34.74    0.00   22.11   43.16    0.00    0.00    0.00    0.00    0.00    0.00
08:45:08       5   33.68    0.00   23.16   43.16    0.00    0.00    0.00    0.00    0.00    0.00
08:45:08       6   34.78    0.00   21.74   43.48    0.00    0.00    0.00    0.00    0.00    0.00
08:45:08       7   35.11    0.00   23.40   41.49    0.00    0.00    0.00    0.00    0.00    0.00

08:45:08     CPU    %usr   %nice    %sys %iowait    %irq   %soft  %steal  %guest  %gnice   %idle
08:45:09     all   35.19    0.00   23.93   40.88    0.00    0.00    0.00    0.00    0.00    0.00
08:45:09       0   34.69    0.00   23.47   41.84    0.00    0.00    0.00    0.00    0.00    0.00
08:45:09       1   36.73    0.00   24.49   38.78    0.00    0.00    0.00    0.00    0.00    0.00
08:45:09       2   33.67    0.00   24.49   41.84    0.00    0.00    0.00    0.00    0.00    0.00
08:45:09       3   35.05    0.00   24.74   40.21    0.00    0.00    0.00    0.00    0.00    0.00
08:45:09       4   35.05    0.00   23.71   41.24    0.00    0.00    0.00    0.00    0.00    0.00
08:45:09       5   31.58    0.00   25.26   43.16    0.00    0.00    0.00    0.00    0.00    0.00
08:45:09       6   37.89    0.00   22.11   40.00    0.00    0.00    0.00    0.00    0.00    0.00
08:45:09       7   36.84    0.00   23.16   40.00    0.00    0.00    0.00    0.00    0.00    0.00

08:45:09     CPU    %usr   %nice    %sys %iowait    %irq   %soft  %steal  %guest  %gnice   %idle
08:45:10     all   33.68    0.00   22.37   43.95    0.00    0.00    0.00    0.00    0.00    0.00
08:45:10       0   32.63    0.00   22.11   45.26    0.00    0.00    0.00    0.00    0.00    0.00
08:45:10       1   37.76    0.00   20.41   41.84    0.00    0.00    0.00    0.00    0.00    0.00
08:45:10       2   33.33    0.00   22.92   43.75    0.00    0.00    0.00    0.00    0.00    0.00
08:45:10       3   34.02    0.00   22.68   43.30    0.00    0.00    0.00    0.00    0.00    0.00
08:45:10       4   32.63    0.00   22.11   45.26    0.00    0.00    0.00    0.00    0.00    0.00
08:45:10       5   31.58    0.00   23.16   45.26    0.00    0.00    0.00    0.00    0.00    0.00
08:45:10       6   33.33    0.00   22.92   43.75    0.00    0.00    0.00    0.00    0.00    0.00
08:45:10       7   34.02    0.00   22.68   43.30    0.00    0.00    0.00    0.00    0.00    0.00

08:45:10     CPU    %usr   %nice    %sys %iowait    %irq   %soft  %steal  %guest  %gnice   %idle
08:45:11     all   33.51    0.00   22.91   43.59    0.00    0.00    0.00    0.00    0.00    0.00
08:45:11       0   33.33    0.00   22.92   43.75    0.00    0.00    0.00    0.00    0.00    0.00
08:45:11       1   33.33    0.00   23.96   42.71    0.00    0.00    0.00    0.00    0.00    0.00
08:45:11       2   34.02    0.00   21.65   44.33    0.00    0.00    0.00    0.00    0.00    0.00
08:45:11       3   35.11    0.00   22.34   42.55    0.00    0.00    0.00    0.00    0.00    0.00
08:45:11       4   30.53    0.00   24.21   45.26    0.00    0.00    0.00    0.00    0.00    0.00
08:45:11       5   32.29    0.00   22.92   44.79    0.00    0.00    0.00    0.00    0.00    0.00
08:45:11       6   34.38    0.00   22.92   42.71    0.00    0.00    0.00    0.00    0.00    0.00
08:45:11       7   35.11    0.00   22.34   42.55    0.00    0.00    0.00    0.00    0.00    0.00

08:45:11     CPU    %usr   %nice    %sys %iowait    %irq   %soft  %steal  %guest  %gnice   %idle
08:45:12     all   34.82    0.00   24.08   41.10    0.00    0.00    0.00    0.00    0.00    0.00
08:45:12       0   35.11    0.00   23.40   41.49    0.00    0.00    0.00    0.00    0.00    0.00
08:45:12       1   37.11    0.00   24.74   38.14    0.00    0.00    0.00    0.00    0.00    0.00
08:45:12       2   33.68    0.00   24.21   42.11    0.00    0.00    0.00    0.00    0.00    0.00
08:45:12       3   35.42    0.00   23.96   40.62    0.00    0.00    0.00    0.00    0.00    0.00
08:45:12       4   32.98    0.00   24.47   42.55    0.00    0.00    0.00    0.00    0.00    0.00
08:45:12       5   33.33    0.00   23.96   42.71    0.00    0.00    0.00    0.00    0.00    0.00
08:45:12       6   34.38    0.00   25.00   40.62    0.00    0.00    0.00    0.00    0.00    0.00
08:45:12       7   36.46    0.00   22.92   40.62    0.00    0.00    0.00    0.00    0.00    0.00

08:45:12     CPU    %usr   %nice    %sys %iowait    %irq   %soft  %steal  %guest  %gnice   %idle
08:45:13     all   34.02    0.00   21.69   44.03    0.00    0.00    0.00    0.00    0.00    0.26
08:45:13       0   34.02    0.00   21.65   44.33    0.00    0.00    0.00    0.00    0.00    0.00
08:45:13       1   34.69    0.00   22.45   40.82    0.00    0.00    0.00    0.00    0.00    2.04
08:45:13       2   31.63    0.00   23.47   44.90    0.00    0.00    0.00    0.00    0.00    0.00
08:45:13       3   35.42    0.00   20.83   43.75    0.00    0.00    0.00    0.00    0.00    0.00
08:45:13       4   32.99    0.00   21.65   45.36    0.00    0.00    0.00    0.00    0.00    0.00
08:45:13       5   34.38    0.00   19.79   45.83    0.00    0.00    0.00    0.00    0.00    0.00
08:45:13       6   35.71    0.00   20.41   43.88    0.00    0.00    0.00    0.00    0.00    0.00
08:45:13       7   33.33    0.00   23.23   43.43    0.00    0.00    0.00    0.00    0.00    0.00

08:45:13     CPU    %usr   %nice    %sys %iowait    %irq   %soft  %steal  %guest  %gnice   %idle
08:45:14     all   30.43    0.00   19.76   49.28    0.00    0.00    0.00    0.00    0.00    0.53
08:45:14       0   29.90    0.00   20.62   48.45    0.00    0.00    0.00    0.00    0.00    1.03
08:45:14       1   31.52    0.00   20.65   47.83    0.00    0.00    0.00    0.00    0.00    0.00
08:45:14       2   30.85    0.00   17.02   51.06    0.00    0.00    0.00    0.00    0.00    1.06
08:45:14       3   29.90    0.00   21.65   47.42    0.00    0.00    0.00    0.00    0.00    1.03
08:45:14       4   31.91    0.00   17.02   51.06    0.00    0.00    0.00    0.00    0.00    0.00
08:45:14       5   27.08    0.00   21.88   51.04    0.00    0.00    0.00    0.00    0.00    0.00
08:45:14       6   29.47    0.00   21.05   49.47    0.00    0.00    0.00    0.00    0.00    0.00
08:45:14       7   32.98    0.00   18.09   47.87    0.00    0.00    0.00    0.00    0.00    1.06

08:45:14     CPU    %usr   %nice    %sys %iowait    %irq   %soft  %steal  %guest  %gnice   %idle
08:45:15     all   33.20    0.00   23.18   43.62    0.00    0.00    0.00    0.00    0.00    0.00
08:45:15       0   33.33    0.00   22.92   43.75    0.00    0.00    0.00    0.00    0.00    0.00
08:45:15       1   34.38    0.00   22.92   42.71    0.00    0.00    0.00    0.00    0.00    0.00
08:45:15       2   30.53    0.00   25.26   44.21    0.00    0.00    0.00    0.00    0.00    0.00
08:45:15       3   34.38    0.00   22.92   42.71    0.00    0.00    0.00    0.00    0.00    0.00
08:45:15       4   30.61    0.00   25.51   43.88    0.00    0.00    0.00    0.00    0.00    0.00
08:45:15       5   34.38    0.00   21.88   43.75    0.00    0.00    0.00    0.00    0.00    0.00
08:45:15       6   34.38    0.00   21.88   43.75    0.00    0.00    0.00    0.00    0.00    0.00
08:45:15       7   33.68    0.00   22.11   44.21    0.00    0.00    0.00    0.00    0.00    0.00

08:45:15     CPU    %usr   %nice    %sys %iowait    %irq   %soft  %steal  %guest  %gnice   %idle
08:45:16     all   39.31    0.00   24.83   35.86    0.00    0.00    0.00    0.00    0.00    0.00
08:45:16       0   38.30    0.00   25.53   36.17    0.00    0.00    0.00    0.00    0.00    0.00
08:45:16       1   43.16    0.00   23.16   33.68    0.00    0.00    0.00    0.00    0.00    0.00
08:45:16       2   36.46    0.00   27.08   36.46    0.00    0.00    0.00    0.00    0.00    0.00
08:45:16       3   39.78    0.00   24.73   35.48    0.00    0.00    0.00    0.00    0.00    0.00
08:45:16       4   37.23    0.00   25.53   37.23    0.00    0.00    0.00    0.00    0.00    0.00
08:45:16       5   37.63    0.00   24.73   37.63    0.00    0.00    0.00    0.00    0.00    0.00
08:45:16       6   40.43    0.00   24.47   35.11    0.00    0.00    0.00    0.00    0.00    0.00
08:45:16       7   41.49    0.00   23.40   35.11    0.00    0.00    0.00    0.00    0.00    0.00

08:45:16     CPU    %usr   %nice    %sys %iowait    %irq   %soft  %steal  %guest  %gnice   %idle
08:45:17     all   40.52    0.00   26.10   33.38    0.00    0.00    0.00    0.00    0.00    0.00
08:45:17       0   38.54    0.00   27.08   34.38    0.00    0.00    0.00    0.00    0.00    0.00
08:45:17       1   43.16    0.00   23.16   33.68    0.00    0.00    0.00    0.00    0.00    0.00
08:45:17       2   37.89    0.00   27.37   34.74    0.00    0.00    0.00    0.00    0.00    0.00
08:45:17       3   40.21    0.00   26.80   32.99    0.00    0.00    0.00    0.00    0.00    0.00
08:45:17       4   39.58    0.00   27.08   33.33    0.00    0.00    0.00    0.00    0.00    0.00
08:45:17       5   40.62    0.00   25.00   34.38    0.00    0.00    0.00    0.00    0.00    0.00
08:45:17       6   42.27    0.00   25.77   31.96    0.00    0.00    0.00    0.00    0.00    0.00
08:45:17       7   41.84    0.00   26.53   31.63    0.00    0.00    0.00    0.00    0.00    0.00

08:45:17     CPU    %usr   %nice    %sys %iowait    %irq   %soft  %steal  %guest  %gnice   %idle
08:45:18     all   40.87    0.00   27.12   32.01    0.00    0.00    0.00    0.00    0.00    0.00
08:45:18       0   39.58    0.00   28.12   32.29    0.00    0.00    0.00    0.00    0.00    0.00
08:45:18       1   43.75    0.00   26.04   30.21    0.00    0.00    0.00    0.00    0.00    0.00
08:45:18       2   39.36    0.00   27.66   32.98    0.00    0.00    0.00    0.00    0.00    0.00
08:45:18       3   42.55    0.00   25.53   31.91    0.00    0.00    0.00    0.00    0.00    0.00
08:45:18       4   40.21    0.00   27.84   31.96    0.00    0.00    0.00    0.00    0.00    0.00
08:45:18       5   40.00    0.00   27.37   32.63    0.00    0.00    0.00    0.00    0.00    0.00
08:45:18       6   41.30    0.00   27.17   31.52    0.00    0.00    0.00    0.00    0.00    0.00
08:45:18       7   40.22    0.00   27.17   32.61    0.00    0.00    0.00    0.00    0.00    0.00

08:45:18     CPU    %usr   %nice    %sys %iowait    %irq   %soft  %steal  %guest  %gnice   %idle
08:45:19     all   44.96    0.00   27.98   27.06    0.00    0.00    0.00    0.00    0.00    0.00
08:45:19       0   46.32    0.00   26.32   27.37    0.00    0.00    0.00    0.00    0.00    0.00
08:45:19       1   48.39    0.00   26.88   24.73    0.00    0.00    0.00    0.00    0.00    0.00
08:45:19       2   42.55    0.00   28.72   28.72    0.00    0.00    0.00    0.00    0.00    0.00
08:45:19       3   44.68    0.00   27.66   27.66    0.00    0.00    0.00    0.00    0.00    0.00
08:45:19       4   41.94    0.00   30.11   27.96    0.00    0.00    0.00    0.00    0.00    0.00
08:45:19       5   43.75    0.00   28.12   28.12    0.00    0.00    0.00    0.00    0.00    0.00
08:45:19       6   46.88    0.00   28.12   25.00    0.00    0.00    0.00    0.00    0.00    0.00
08:45:19       7   45.16    0.00   27.96   26.88    0.00    0.00    0.00    0.00    0.00    0.00

08:45:19     CPU    %usr   %nice    %sys %iowait    %irq   %soft  %steal  %guest  %gnice   %idle
08:45:20     all   44.71    0.00   29.50   25.66    0.00    0.00    0.00    0.00    0.00    0.13
08:45:20       0   42.71    0.00   30.21   26.04    0.00    0.00    0.00    0.00    0.00    1.04
08:45:20       1   45.74    0.00   30.85   23.40    0.00    0.00    0.00    0.00    0.00    0.00
08:45:20       2   42.55    0.00   30.85   26.60    0.00    0.00    0.00    0.00    0.00    0.00
08:45:20       3   44.21    0.00   30.53   25.26    0.00    0.00    0.00    0.00    0.00    0.00
08:45:20       4   44.21    0.00   28.42   27.37    0.00    0.00    0.00    0.00    0.00    0.00
08:45:20       5   44.68    0.00   28.72   26.60    0.00    0.00    0.00    0.00    0.00    0.00
08:45:20       6   48.94    0.00   26.60   24.47    0.00    0.00    0.00    0.00    0.00    0.00
08:45:20       7   44.68    0.00   29.79   25.53    0.00    0.00    0.00    0.00    0.00    0.00

08:45:20     CPU    %usr   %nice    %sys %iowait    %irq   %soft  %steal  %guest  %gnice   %idle
08:45:21     all   49.15    0.00   30.64   20.21    0.00    0.00    0.00    0.00    0.00    0.00
08:45:21       0   47.37    0.00   30.53   22.11    0.00    0.00    0.00    0.00    0.00    0.00
08:45:21       1   51.55    0.00   30.93   17.53    0.00    0.00    0.00    0.00    0.00    0.00
08:45:21       2   48.42    0.00   30.53   21.05    0.00    0.00    0.00    0.00    0.00    0.00
08:45:21       3   48.96    0.00   29.17   21.88    0.00    0.00    0.00    0.00    0.00    0.00
08:45:21       4   46.39    0.00   32.99   20.62    0.00    0.00    0.00    0.00    0.00    0.00
08:45:21       5   47.92    0.00   32.29   19.79    0.00    0.00    0.00    0.00    0.00    0.00
08:45:21       6   50.00    0.00   30.21   19.79    0.00    0.00    0.00    0.00    0.00    0.00
08:45:21       7   52.63    0.00   28.42   18.95    0.00    0.00    0.00    0.00    0.00    0.00

08:45:21     CPU    %usr   %nice    %sys %iowait    %irq   %soft  %steal  %guest  %gnice   %idle
08:45:22     all   49.41    0.00   30.52   20.08    0.00    0.00    0.00    0.00    0.00    0.00
08:45:22       0   48.96    0.00   30.21   20.83    0.00    0.00    0.00    0.00    0.00    0.00
08:45:22       1   52.63    0.00   29.47   17.89    0.00    0.00    0.00    0.00    0.00    0.00
08:45:22       2   48.94    0.00   30.85   20.21    0.00    0.00    0.00    0.00    0.00    0.00
08:45:22       3   47.31    0.00   33.33   19.35    0.00    0.00    0.00    0.00    0.00    0.00
08:45:22       4   46.81    0.00   30.85   22.34    0.00    0.00    0.00    0.00    0.00    0.00
08:45:22       5   50.00    0.00   29.17   20.83    0.00    0.00    0.00    0.00    0.00    0.00
08:45:22       6   51.58    0.00   29.47   18.95    0.00    0.00    0.00    0.00    0.00    0.00
08:45:22       7   48.94    0.00   30.85   20.21    0.00    0.00    0.00    0.00    0.00    0.00

08:45:22     CPU    %usr   %nice    %sys %iowait    %irq   %soft  %steal  %guest  %gnice   %idle
08:45:23     all   50.52    0.00   32.81   16.54    0.00    0.00    0.00    0.00    0.00    0.13
08:45:23       0   49.47    0.00   32.63   17.89    0.00    0.00    0.00    0.00    0.00    0.00
08:45:23       1   52.58    0.00   30.93   15.46    0.00    0.00    0.00    0.00    0.00    1.03
08:45:23       2   51.04    0.00   32.29   16.67    0.00    0.00    0.00    0.00    0.00    0.00
08:45:23       3   50.00    0.00   33.33   16.67    0.00    0.00    0.00    0.00    0.00    0.00
08:45:23       4   50.52    0.00   31.96   17.53    0.00    0.00    0.00    0.00    0.00    0.00
08:45:23       5   51.02    0.00   32.65   16.33    0.00    0.00    0.00    0.00    0.00    0.00
08:45:23       6   47.87    0.00   36.17   15.96    0.00    0.00    0.00    0.00    0.00    0.00
08:45:23       7   51.58    0.00   32.63   15.79    0.00    0.00    0.00    0.00    0.00    0.00

08:45:23     CPU    %usr   %nice    %sys %iowait    %irq   %soft  %steal  %guest  %gnice   %idle
08:45:24     all   51.93    0.00   33.38   14.69    0.00    0.00    0.00    0.00    0.00    0.00
08:45:24       0   47.92    0.00   34.38   17.71    0.00    0.00    0.00    0.00    0.00    0.00
08:45:24       1   54.64    0.00   32.99   12.37    0.00    0.00    0.00    0.00    0.00    0.00
08:45:24       2   49.48    0.00   35.05   15.46    0.00    0.00    0.00    0.00    0.00    0.00
08:45:24       3   54.74    0.00   31.58   13.68    0.00    0.00    0.00    0.00    0.00    0.00
08:45:24       4   56.12    0.00   28.57   15.31    0.00    0.00    0.00    0.00    0.00    0.00
08:45:24       5   50.00    0.00   33.67   16.33    0.00    0.00    0.00    0.00    0.00    0.00
08:45:24       6   52.58    0.00   34.02   13.40    0.00    0.00    0.00    0.00    0.00    0.00
08:45:24       7   50.00    0.00   36.73   13.27    0.00    0.00    0.00    0.00    0.00    0.00

08:45:24     CPU    %usr   %nice    %sys %iowait    %irq   %soft  %steal  %guest  %gnice   %idle
08:45:25     all   53.20    0.00   34.91   11.76    0.00    0.00    0.00    0.00    0.00    0.13
08:45:25       0   53.06    0.00   34.69   12.24    0.00    0.00    0.00    0.00    0.00    0.00
08:45:25       1   57.73    0.00   32.99    9.28    0.00    0.00    0.00    0.00    0.00    0.00
08:45:25       2   51.02    0.00   36.73   12.24    0.00    0.00    0.00    0.00    0.00    0.00
08:45:25       3   51.02    0.00   37.76   11.22    0.00    0.00    0.00    0.00    0.00    0.00
08:45:25       4   50.51    0.00   35.35   13.13    0.00    0.00    0.00    0.00    0.00    1.01
08:45:25       5   54.64    0.00   31.96   13.40    0.00    0.00    0.00    0.00    0.00    0.00
08:45:25       6   53.61    0.00   35.05   11.34    0.00    0.00    0.00    0.00    0.00    0.00
08:45:25       7   54.08    0.00   34.69   11.22    0.00    0.00    0.00    0.00    0.00    0.00

08:45:25     CPU    %usr   %nice    %sys %iowait    %irq   %soft  %steal  %guest  %gnice   %idle
08:45:26     all   54.35    0.00   35.81    9.72    0.00    0.00    0.00    0.00    0.00    0.13
08:45:26       0   50.00    0.00   38.78   11.22    0.00    0.00    0.00    0.00    0.00    0.00
08:45:26       1   55.56    0.00   36.36    8.08    0.00    0.00    0.00    0.00    0.00    0.00
08:45:26       2   56.25    0.00   33.33   10.42    0.00    0.00    0.00    0.00    0.00    0.00
08:45:26       3   56.12    0.00   35.71    8.16    0.00    0.00    0.00    0.00    0.00    0.00
08:45:26       4   54.64    0.00   34.02   11.34    0.00    0.00    0.00    0.00    0.00    0.00
08:45:26       5   52.58    0.00   36.08   10.31    0.00    0.00    0.00    0.00    0.00    1.03
08:45:26       6   55.10    0.00   35.71    9.18    0.00    0.00    0.00    0.00    0.00    0.00
08:45:26       7   54.55    0.00   36.36    9.09    0.00    0.00    0.00    0.00    0.00    0.00

08:45:26     CPU    %usr   %nice    %sys %iowait    %irq   %soft  %steal  %guest  %gnice   %idle
08:45:27     all   59.29    0.00   34.64    5.82    0.00    0.00    0.00    0.00    0.00    0.25
08:45:27       0   57.73    0.00   35.05    7.22    0.00    0.00    0.00    0.00    0.00    0.00
08:45:27       1   60.00    0.00   35.00    5.00    0.00    0.00    0.00    0.00    0.00    0.00
08:45:27       2   58.59    0.00   35.35    6.06    0.00    0.00    0.00    0.00    0.00    0.00
08:45:27       3   60.61    0.00   34.34    5.05    0.00    0.00    0.00    0.00    0.00    0.00
08:45:27       4   57.73    0.00   36.08    6.19    0.00    0.00    0.00    0.00    0.00    0.00
08:45:27       5   57.58    0.00   35.35    7.07    0.00    0.00    0.00    0.00    0.00    0.00
08:45:27       6   63.64    0.00   30.30    5.05    0.00    0.00    0.00    0.00    0.00    1.01
08:45:27       7   58.42    0.00   35.64    4.95    0.00    0.00    0.00    0.00    0.00    0.99

08:45:27     CPU    %usr   %nice    %sys %iowait    %irq   %soft  %steal  %guest  %gnice   %idle
08:45:28     all   57.69    0.00   35.96    5.97    0.00    0.00    0.00    0.00    0.00    0.38
08:45:28       0   55.56    0.00   36.36    7.07    0.00    0.00    0.00    0.00    0.00    1.01
08:45:28       1   60.61    0.00   35.35    4.04    0.00    0.00    0.00    0.00    0.00    0.00
08:45:28       2   55.10    0.00   36.73    7.14    0.00    0.00    0.00    0.00    0.00    1.02
08:45:28       3   59.79    0.00   35.05    5.15    0.00    0.00    0.00    0.00    0.00    0.00
08:45:28       4   55.56    0.00   36.36    7.07    0.00    0.00    0.00    0.00    0.00    1.01
08:45:28       5   56.12    0.00   36.73    7.14    0.00    0.00    0.00    0.00    0.00    0.00
08:45:28       6   58.16    0.00   36.73    5.10    0.00    0.00    0.00    0.00    0.00    0.00
08:45:28       7   60.61    0.00   34.34    5.05    0.00    0.00    0.00    0.00    0.00    0.00

08:45:28     CPU    %usr   %nice    %sys %iowait    %irq   %soft  %steal  %guest  %gnice   %idle
08:45:29     all   58.45    0.00   35.54    5.63    0.00    0.00    0.00    0.00    0.00    0.38
08:45:29       0   58.59    0.00   34.34    7.07    0.00    0.00    0.00    0.00    0.00    0.00
08:45:29       1   57.58    0.00   37.37    5.05    0.00    0.00    0.00    0.00    0.00    0.00
08:45:29       2   58.42    0.00   34.65    5.94    0.00    0.00    0.00    0.00    0.00    0.99
08:45:29       3   59.00    0.00   35.00    5.00    0.00    0.00    0.00    0.00    0.00    1.00
08:45:29       4   56.57    0.00   37.37    6.06    0.00    0.00    0.00    0.00    0.00    0.00
08:45:29       5   56.44    0.00   37.62    4.95    0.00    0.00    0.00    0.00    0.00    0.99
08:45:29       6   62.63    0.00   32.32    5.05    0.00    0.00    0.00    0.00    0.00    0.00
08:45:29       7   58.42    0.00   35.64    5.94    0.00    0.00    0.00    0.00    0.00    0.00

08:45:29     CPU    %usr   %nice    %sys %iowait    %irq   %soft  %steal  %guest  %gnice   %idle
08:45:30     all   59.12    0.00   35.72    4.28    0.00    0.00    0.00    0.00    0.00    0.88
08:45:30       0   58.59    0.00   35.35    5.05    0.00    0.00    0.00    0.00    0.00    1.01
08:45:30       1   61.39    0.00   33.66    3.96    0.00    0.00    0.00    0.00    0.00    0.99
08:45:30       2   59.60    0.00   35.35    5.05    0.00    0.00    0.00    0.00    0.00    0.00
08:45:30       3   60.00    0.00   36.00    4.00    0.00    0.00    0.00    0.00    0.00    0.00
08:45:30       4   58.16    0.00   35.71    5.10    0.00    0.00    0.00    0.00    0.00    1.02
08:45:30       5   57.58    0.00   37.37    4.04    0.00    0.00    0.00    0.00    0.00    1.01
08:45:30       6   61.00    0.00   34.00    3.00    0.00    0.00    0.00    0.00    0.00    2.00
08:45:30       7   56.57    0.00   38.38    4.04    0.00    0.00    0.00    0.00    0.00    1.01

08:45:30     CPU    %usr   %nice    %sys %iowait    %irq   %soft  %steal  %guest  %gnice   %idle
08:45:31     all   60.45    0.00   34.51    3.65    0.00    0.00    0.00    0.00    0.00    1.39
08:45:31       0   58.16    0.00   36.73    4.08    0.00    0.00    0.00    0.00    0.00    1.02
08:45:31       1   63.64    0.00   32.32    3.03    0.00    0.00    0.00    0.00    0.00    1.01
08:45:31       2   56.44    0.00   37.62    3.96    0.00    0.00    0.00    0.00    0.00    1.98
08:45:31       3   61.00    0.00   34.00    3.00    0.00    0.00    0.00    0.00    0.00    2.00
08:45:31       4   62.00    0.00   33.00    4.00    0.00    0.00    0.00    0.00    0.00    1.00
08:45:31       5   59.18    0.00   33.67    5.10    0.00    0.00    0.00    0.00    0.00    2.04
08:45:31       6   62.24    0.00   33.67    3.06    0.00    0.00    0.00    0.00    0.00    1.02
08:45:31       7   61.00    0.00   35.00    3.00    0.00    0.00    0.00    0.00    0.00    1.00

08:45:31     CPU    %usr   %nice    %sys %iowait    %irq   %soft  %steal  %guest  %gnice   %idle
08:45:32     all   59.32    0.00   34.51    4.53    0.00    0.00    0.00    0.00    0.00    1.64
08:45:32       0   58.00    0.00   35.00    5.00    0.00    0.00    0.00    0.00    0.00    2.00
08:45:32       1   63.27    0.00   31.63    4.08    0.00    0.00    0.00    0.00    0.00    1.02
08:45:32       2   56.57    0.00   37.37    4.04    0.00    0.00    0.00    0.00    0.00    2.02
08:45:32       3   59.18    0.00   35.71    3.06    0.00    0.00    0.00    0.00    0.00    2.04
08:45:32       4   58.42    0.00   33.66    6.93    0.00    0.00    0.00    0.00    0.00    0.99
08:45:32       5   61.00    0.00   33.00    4.00    0.00    0.00    0.00    0.00    0.00    2.00
08:45:32       6   60.00    0.00   34.00    4.00    0.00    0.00    0.00    0.00    0.00    2.00
08:45:32       7   58.16    0.00   35.71    5.10    0.00    0.00    0.00    0.00    0.00    1.02

08:45:32     CPU    %usr   %nice    %sys %iowait    %irq   %soft  %steal  %guest  %gnice   %idle
08:45:33     all   60.25    0.00   34.43    3.92    0.00    0.00    0.00    0.00    0.00    1.39
08:45:33       0   59.18    0.00   35.71    4.08    0.00    0.00    0.00    0.00    0.00    1.02
08:45:33       1   59.60    0.00   35.35    4.04    0.00    0.00    0.00    0.00    0.00    1.01
08:45:33       2   59.00    0.00   34.00    5.00    0.00    0.00    0.00    0.00    0.00    2.00
08:45:33       3   63.64    0.00   31.31    4.04    0.00    0.00    0.00    0.00    0.00    1.01
08:45:33       4   59.18    0.00   35.71    3.06    0.00    0.00    0.00    0.00    0.00    2.04
08:45:33       5   60.20    0.00   33.67    5.10    0.00    0.00    0.00    0.00    0.00    1.02
08:45:33       6   60.20    0.00   35.71    3.06    0.00    0.00    0.00    0.00    0.00    1.02
08:45:33       7   61.00    0.00   34.00    3.00    0.00    0.00    0.00    0.00    0.00    2.00

08:45:33     CPU    %usr   %nice    %sys %iowait    %irq   %soft  %steal  %guest  %gnice   %idle
08:45:34     all   58.94    0.00   33.75    4.91    0.00    0.00    0.00    0.00    0.00    2.39
08:45:34       0   57.00    0.00   34.00    6.00    0.00    0.00    0.00    0.00    0.00    3.00
08:45:34       1   61.00    0.00   33.00    4.00    0.00    0.00    0.00    0.00    0.00    2.00
08:45:34       2   59.18    0.00   33.67    5.10    0.00    0.00    0.00    0.00    0.00    2.04
08:45:34       3   58.59    0.00   35.35    4.04    0.00    0.00    0.00    0.00    0.00    2.02
08:45:34       4   57.58    0.00   34.34    6.06    0.00    0.00    0.00    0.00    0.00    2.02
08:45:34       5   56.00    0.00   36.00    4.00    0.00    0.00    0.00    0.00    0.00    4.00
08:45:34       6   61.00    0.00   32.00    5.00    0.00    0.00    0.00    0.00    0.00    2.00
08:45:34       7   61.22    0.00   31.63    5.10    0.00    0.00    0.00    0.00    0.00    2.04

08:45:34     CPU    %usr   %nice    %sys %iowait    %irq   %soft  %steal  %guest  %gnice   %idle
08:45:35     all   59.37    0.00   34.68    3.80    0.00    0.00    0.00    0.00    0.00    2.15
08:45:35       0   52.53    0.00   41.41    5.05    0.00    0.00    0.00    0.00    0.00    1.01
08:45:35       1   58.59    0.00   35.35    3.03    0.00    0.00    0.00    0.00    0.00    3.03
08:45:35       2   64.29    0.00   30.61    4.08    0.00    0.00    0.00    0.00    0.00    1.02
08:45:35       3   62.24    0.00   32.65    3.06    0.00    0.00    0.00    0.00    0.00    2.04
08:45:35       4   56.12    0.00   36.73    4.08    0.00    0.00    0.00    0.00    0.00    3.06
08:45:35       5   58.59    0.00   35.35    4.04    0.00    0.00    0.00    0.00    0.00    2.02
08:45:35       6   62.00    0.00   32.00    4.00    0.00    0.00    0.00    0.00    0.00    2.00
08:45:35       7   60.61    0.00   33.33    3.03    0.00    0.00    0.00    0.00    0.00    3.03

08:45:35     CPU    %usr   %nice    %sys %iowait    %irq   %soft  %steal  %guest  %gnice   %idle
08:45:36     all   58.74    0.00   34.97    3.77    0.00    0.00    0.00    0.00    0.00    2.52
08:45:36       0   60.61    0.00   33.33    5.05    0.00    0.00    0.00    0.00    0.00    1.01
08:45:36       1   56.57    0.00   38.38    3.03    0.00    0.00    0.00    0.00    0.00    2.02
08:45:36       2   58.00    0.00   35.00    4.00    0.00    0.00    0.00    0.00    0.00    3.00
08:45:36       3   60.40    0.00   32.67    3.96    0.00    0.00    0.00    0.00    0.00    2.97
08:45:36       4   58.00    0.00   35.00    4.00    0.00    0.00    0.00    0.00    0.00    3.00
08:45:36       5   57.14    0.00   35.71    4.08    0.00    0.00    0.00    0.00    0.00    3.06
08:45:36       6   59.00    0.00   35.00    3.00    0.00    0.00    0.00    0.00    0.00    3.00
08:45:36       7   60.20    0.00   34.69    3.06    0.00    0.00    0.00    0.00    0.00    2.04

08:45:36     CPU    %usr   %nice    %sys %iowait    %irq   %soft  %steal  %guest  %gnice   %idle
08:45:37     all   59.54    0.00   34.13    4.17    0.00    0.00    0.00    0.00    0.00    2.15
08:45:37       0   57.58    0.00   35.35    5.05    0.00    0.00    0.00    0.00    0.00    2.02
08:45:37       1   63.27    0.00   30.61    5.10    0.00    0.00    0.00    0.00    0.00    1.02
08:45:37       2   58.00    0.00   35.00    4.00    0.00    0.00    0.00    0.00    0.00    3.00
08:45:37       3   59.18    0.00   35.71    3.06    0.00    0.00    0.00    0.00    0.00    2.04
08:45:37       4   60.61    0.00   33.33    4.04    0.00    0.00    0.00    0.00    0.00    2.02
08:45:37       5   59.00    0.00   34.00    4.00    0.00    0.00    0.00    0.00    0.00    3.00
08:45:37       6   62.24    0.00   32.65    4.08    0.00    0.00    0.00    0.00    0.00    1.02
08:45:37       7   56.57    0.00   36.36    4.04    0.00    0.00    0.00    0.00    0.00    3.03

08:45:37     CPU    %usr   %nice    %sys %iowait    %irq   %soft  %steal  %guest  %gnice   %idle
08:45:38     all   58.76    0.00   35.81    3.03    0.00    0.00    0.00    0.00    0.00    2.40
08:45:38       0   57.00    0.00   37.00    3.00    0.00    0.00    0.00    0.00    0.00    3.00
08:45:38       1   59.00    0.00   36.00    3.00    0.00    0.00    0.00    0.00    0.00    2.00
08:45:38       2   57.73    0.00   37.11    2.06    0.00    0.00    0.00    0.00    0.00    3.09
08:45:38       3   60.40    0.00   34.65    2.97    0.00    0.00    0.00    0.00    0.00    1.98
08:45:38       4   58.59    0.00   35.35    4.04    0.00    0.00    0.00    0.00    0.00    2.02
08:45:38       5   55.67    0.00   39.18    3.09    0.00    0.00    0.00    0.00    0.00    2.06
08:45:38       6   61.00    0.00   33.00    3.00    0.00    0.00    0.00    0.00    0.00    3.00
08:45:38       7   60.61    0.00   34.34    3.03    0.00    0.00    0.00    0.00    0.00    2.02

08:45:38     CPU    %usr   %nice    %sys %iowait    %irq   %soft  %steal  %guest  %gnice   %idle
08:45:39     all   61.21    0.00   33.75    2.77    0.00    0.00    0.00    0.00    0.00    2.27
08:45:39       0   60.00    0.00   35.00    3.00    0.00    0.00    0.00    0.00    0.00    2.00
08:45:39       1   63.00    0.00   33.00    2.00    0.00    0.00    0.00    0.00    0.00    2.00
08:45:39       2   63.00    0.00   31.00    3.00    0.00    0.00    0.00    0.00    0.00    3.00
08:45:39       3   58.16    0.00   37.76    2.04    0.00    0.00    0.00    0.00    0.00    2.04
08:45:39       4   60.20    0.00   33.67    3.06    0.00    0.00    0.00    0.00    0.00    3.06
08:45:39       5   59.00    0.00   35.00    4.00    0.00    0.00    0.00    0.00    0.00    2.00
08:45:39       6   62.24    0.00   33.67    2.04    0.00    0.00    0.00    0.00    0.00    2.04
08:45:39       7   64.00    0.00   31.00    3.00    0.00    0.00    0.00    0.00    0.00    2.00

08:45:39     CPU    %usr   %nice    %sys %iowait    %irq   %soft  %steal  %guest  %gnice   %idle
08:45:40     all   61.20    0.00   33.79    2.50    0.00    0.00    0.00    0.00    0.00    2.50
08:45:40       0   60.61    0.00   34.34    3.03    0.00    0.00    0.00    0.00    0.00    2.02
08:45:40       1   63.37    0.00   30.69    2.97    0.00    0.00    0.00    0.00    0.00    2.97
08:45:40       2   62.00    0.00   34.00    2.00    0.00    0.00    0.00    0.00    0.00    2.00
08:45:40       3   60.61    0.00   34.34    3.03    0.00    0.00    0.00    0.00    0.00    2.02
08:45:40       4   60.78    0.00   34.31    2.94    0.00    0.00    0.00    0.00    0.00    1.96
08:45:40       5   61.00    0.00   34.00    2.00    0.00    0.00    0.00    0.00    0.00    3.00
08:45:40       6   62.63    0.00   32.32    2.02    0.00    0.00    0.00    0.00    0.00    3.03
08:45:40       7   58.59    0.00   36.36    2.02    0.00    0.00    0.00    0.00    0.00    3.03

08:45:40     CPU    %usr   %nice    %sys %iowait    %irq   %soft  %steal  %guest  %gnice   %idle
08:45:41     all   60.28    0.00   34.17    2.77    0.00    0.00    0.00    0.00    0.00    2.77
08:45:41       0   58.00    0.00   35.00    3.00    0.00    0.00    0.00    0.00    0.00    4.00
08:45:41       1   62.63    0.00   33.33    2.02    0.00    0.00    0.00    0.00    0.00    2.02
08:45:41       2   60.61    0.00   34.34    2.02    0.00    0.00    0.00    0.00    0.00    3.03
08:45:41       3   59.00    0.00   35.00    3.00    0.00    0.00    0.00    0.00    0.00    3.00
08:45:41       4   61.22    0.00   32.65    3.06    0.00    0.00    0.00    0.00    0.00    3.06
08:45:41       5   58.16    0.00   35.71    3.06    0.00    0.00    0.00    0.00    0.00    3.06
08:45:41       6   61.39    0.00   33.66    2.97    0.00    0.00    0.00    0.00    0.00    1.98
08:45:41       7   61.22    0.00   33.67    3.06    0.00    0.00    0.00    0.00    0.00    2.04

08:45:41     CPU    %usr   %nice    %sys %iowait    %irq   %soft  %steal  %guest  %gnice   %idle
08:45:42     all   59.95    0.00   35.14    2.77    0.00    0.00    0.00    0.00    0.00    2.14
08:45:42       0   58.59    0.00   37.37    3.03    0.00    0.00    0.00    0.00    0.00    1.01
08:45:42       1   58.16    0.00   36.73    2.04    0.00    0.00    0.00    0.00    0.00    3.06
08:45:42       2   59.00    0.00   35.00    3.00    0.00    0.00    0.00    0.00    0.00    3.00
08:45:42       3   62.24    0.00   33.67    3.06    0.00    0.00    0.00    0.00    0.00    1.02
08:45:42       4   56.57    0.00   38.38    3.03    0.00    0.00    0.00    0.00    0.00    2.02
08:45:42       5   61.39    0.00   32.67    2.97    0.00    0.00    0.00    0.00    0.00    2.97
08:45:42       6   62.63    0.00   33.33    2.02    0.00    0.00    0.00    0.00    0.00    2.02
08:45:42       7   61.00    0.00   34.00    3.00    0.00    0.00    0.00    0.00    0.00    2.00

08:45:42     CPU    %usr   %nice    %sys %iowait    %irq   %soft  %steal  %guest  %gnice   %idle
08:45:43     all   58.79    0.00   35.80    2.89    0.00    0.00    0.00    0.00    0.00    2.51
08:45:43       0   57.43    0.00   36.63    2.97    0.00    0.00    0.00    0.00    0.00    2.97
08:45:43       1   60.00    0.00   35.00    3.00    0.00    0.00    0.00    0.00    0.00    2.00
08:45:43       2   55.56    0.00   39.39    3.03    0.00    0.00    0.00    0.00    0.00    2.02
08:45:43       3   60.00    0.00   34.00    3.00    0.00    0.00    0.00    0.00    0.00    3.00
08:45:43       4   56.12    0.00   37.76    3.06    0.00    0.00    0.00    0.00    0.00    3.06
08:45:43       5   61.22    0.00   32.65    4.08    0.00    0.00    0.00    0.00    0.00    2.04
08:45:43       6   61.00    0.00   34.00    2.00    0.00    0.00    0.00    0.00    0.00    3.00
08:45:43       7   59.00    0.00   37.00    2.00    0.00    0.00    0.00    0.00    0.00    2.00

08:45:43     CPU    %usr   %nice    %sys %iowait    %irq   %soft  %steal  %guest  %gnice   %idle
08:45:44     all   60.08    0.00   33.84    2.41    0.00    0.00    0.00    0.00    0.00    3.68
08:45:44       0   57.14    0.00   35.71    3.06    0.00    0.00    0.00    0.00    0.00    4.08
08:45:44       1   61.00    0.00   33.00    2.00    0.00    0.00    0.00    0.00    0.00    4.00
08:45:44       2   61.22    0.00   32.65    2.04    0.00    0.00    0.00    0.00    0.00    4.08
08:45:44       3   60.61    0.00   34.34    2.02    0.00    0.00    0.00    0.00    0.00    3.03
08:45:44       4   57.58    0.00   35.35    4.04    0.00    0.00    0.00    0.00    0.00    3.03
08:45:44       5   60.20    0.00   33.67    2.04    0.00    0.00    0.00    0.00    0.00    4.08
08:45:44       6   60.61    0.00   33.33    2.02    0.00    0.00    0.00    0.00    0.00    4.04
08:45:44       7   62.24    0.00   32.65    2.04    0.00    0.00    0.00    0.00    0.00    3.06

08:45:44     CPU    %usr   %nice    %sys %iowait    %irq   %soft  %steal  %guest  %gnice   %idle
08:45:45     all   60.81    0.00   34.39    2.40    0.00    0.00    0.00    0.00    0.00    2.40
08:45:45       0   59.18    0.00   35.71    2.04    0.00    0.00    0.00    0.00    0.00    3.06
08:45:45       1   61.86    0.00   34.02    2.06    0.00    0.00    0.00    0.00    0.00    2.06
08:45:45       2   61.00    0.00   33.00    3.00    0.00    0.00    0.00    0.00    0.00    3.00
08:45:45       3   61.62    0.00   34.34    2.02    0.00    0.00    0.00    0.00    0.00    2.02
08:45:45       4   60.61    0.00   34.34    2.02    0.00    0.00    0.00    0.00    0.00    3.03
08:45:45       5   61.00    0.00   34.00    3.00    0.00    0.00    0.00    0.00    0.00    2.00
08:45:45       6   60.20    0.00   35.71    2.04    0.00    0.00    0.00    0.00    0.00    2.04
08:45:45       7   61.00    0.00   34.00    3.00    0.00    0.00    0.00    0.00    0.00    2.00

08:45:45     CPU    %usr   %nice    %sys %iowait    %irq   %soft  %steal  %guest  %gnice   %idle
08:45:46     all   58.85    0.00   35.88    2.13    0.00    0.00    0.00    0.00    0.00    3.14
08:45:46       0   60.00    0.00   34.00    3.00    0.00    0.00    0.00    0.00    0.00    3.00
08:45:46       1   57.58    0.00   38.38    1.01    0.00    0.00    0.00    0.00    0.00    3.03
08:45:46       2   57.58    0.00   38.38    1.01    0.00    0.00    0.00    0.00    0.00    3.03
08:45:46       3   57.58    0.00   37.37    3.03    0.00    0.00    0.00    0.00    0.00    2.02
08:45:46       4   57.43    0.00   35.64    2.97    0.00    0.00    0.00    0.00    0.00    3.96
08:45:46       5   60.00    0.00   34.00    2.00    0.00    0.00    0.00    0.00    0.00    4.00
08:45:46       6   59.00    0.00   36.00    2.00    0.00    0.00    0.00    0.00    0.00    3.00
08:45:46       7   61.62    0.00   33.33    2.02    0.00    0.00    0.00    0.00    0.00    3.03

08:45:46     CPU    %usr   %nice    %sys %iowait    %irq   %soft  %steal  %guest  %gnice   %idle
08:45:47     all   59.42    0.00   35.05    2.51    0.00    0.00    0.00    0.00    0.00    3.02
08:45:47       0   60.61    0.00   33.33    2.02    0.00    0.00    0.00    0.00    0.00    4.04
08:45:47       1   58.42    0.00   35.64    2.97    0.00    0.00    0.00    0.00    0.00    2.97
08:45:47       2   59.00    0.00   35.00    3.00    0.00    0.00    0.00    0.00    0.00    3.00
08:45:47       3   60.61    0.00   34.34    2.02    0.00    0.00    0.00    0.00    0.00    3.03
08:45:47       4   58.59    0.00   36.36    2.02    0.00    0.00    0.00    0.00    0.00    3.03
08:45:47       5   59.60    0.00   34.34    3.03    0.00    0.00    0.00    0.00    0.00    3.03
08:45:47       6   60.00    0.00   35.00    2.00    0.00    0.00    0.00    0.00    0.00    3.00
08:45:47       7   58.59    0.00   36.36    3.03    0.00    0.00    0.00    0.00    0.00    2.02

08:45:47     CPU    %usr   %nice    %sys %iowait    %irq   %soft  %steal  %guest  %gnice   %idle
08:45:48     all   59.49    0.00   34.18    2.41    0.00    0.00    0.00    0.00    0.00    3.92
08:45:48       0   57.58    0.00   35.35    4.04    0.00    0.00    0.00    0.00    0.00    3.03
08:45:48       1   58.59    0.00   36.36    2.02    0.00    0.00    0.00    0.00    0.00    3.03
08:45:48       2   59.60    0.00   33.33    2.02    0.00    0.00    0.00    0.00    0.00    5.05
08:45:48       3   58.59    0.00   35.35    2.02    0.00    0.00    0.00    0.00    0.00    4.04
08:45:48       4   60.20    0.00   32.65    2.04    0.00    0.00    0.00    0.00    0.00    5.10
08:45:48       5   59.18    0.00   34.69    2.04    0.00    0.00    0.00    0.00    0.00    4.08
08:45:48       6   61.62    0.00   32.32    3.03    0.00    0.00    0.00    0.00    0.00    3.03
08:45:48       7   60.61    0.00   33.33    2.02    0.00    0.00    0.00    0.00    0.00    4.04

08:45:48     CPU    %usr   %nice    %sys %iowait    %irq   %soft  %steal  %guest  %gnice   %idle
08:45:49     all    3.13    0.00    3.76    0.00    0.00    0.00    0.00    0.00    0.00   93.11
08:45:49       0    4.00    0.00    3.00    0.00    0.00    0.00    0.00    0.00    0.00   93.00
08:45:49       1    3.00    0.00    3.00    0.00    0.00    0.00    0.00    0.00    0.00   94.00
08:45:49       2    4.00    0.00    5.00    0.00    0.00    0.00    0.00    0.00    0.00   91.00
08:45:49       3    3.03    0.00    3.03    0.00    0.00    0.00    0.00    0.00    0.00   93.94
08:45:49       4    3.00    0.00    4.00    0.00    0.00    0.00    0.00    0.00    0.00   93.00
08:45:49       5    2.02    0.00    4.04    0.00    0.00    0.00    0.00    0.00    0.00   93.94
08:45:49       6    2.00    0.00    5.00    0.00    0.00    0.00    0.00    0.00    0.00   93.00
08:45:49       7    4.00    0.00    3.00    0.00    0.00    0.00    0.00    0.00    0.00   93.00

08:45:49     CPU    %usr   %nice    %sys %iowait    %irq   %soft  %steal  %guest  %gnice   %idle
08:45:50     all    0.37    0.00    0.25    0.00    0.00    0.00    0.00    0.00    0.00   99.38
08:45:50       0    0.00    0.00    0.00    0.00    0.00    0.00    0.00    0.00    0.00  100.00
08:45:50       1    0.00    0.00    1.00    0.00    0.00    0.00    0.00    0.00    0.00   99.00
08:45:50       2    0.00    0.00    0.00    0.00    0.00    0.00    0.00    0.00    0.00  100.00
08:45:50       3    0.00    0.00    0.00    0.00    0.00    0.00    0.00    0.00    0.00  100.00
08:45:50       4    0.00    0.00    0.00    0.00    0.00    0.00    0.00    0.00    0.00  100.00
08:45:50       5    0.99    0.00    0.00    0.00    0.00    0.00    0.00    0.00    0.00   99.01
08:45:50       6    1.00    0.00    0.00    0.00    0.00    0.00    0.00    0.00    0.00   99.00
08:45:50       7    1.00    0.00    1.00    0.00    0.00    0.00    0.00    0.00    0.00   98.00

```

---

## Command 11: pg_wait_events

### Command
```bash
bash -c 'for i in $(seq 1 70); do echo "=== $(date '"'"'+%H:%M:%S'"'"') ==="; sudo -u postgres psql -t -c "SELECT coalesce(wait_event_type,'"'"'CPU'"'"') as type, coalesce(wait_event,'"'"'Running'"'"') as event, count(*) as cnt FROM pg_stat_activity WHERE state='"'"'active'"'"' AND pid<>pg_backend_pid() GROUP BY 1,2 ORDER BY 3 DESC LIMIT 10"; sleep 1; done'
```

### Output
```
=== 08:44:46 ===

=== 08:44:47 ===

=== 08:44:48 ===
 IO     | DataFileRead  |  49
 CPU    | Running       |  35
 Client | ClientRead    |   2
 LWLock | BufferMapping |   2

=== 08:44:49 ===
 IO     | DataFileRead |  92
 LWLock | WALWrite     |   6
 CPU    | Running      |   1
 IO     | WALSync      |   1

=== 08:44:50 ===
 IO     | DataFileRead |  91
 LWLock | WALWrite     |   8
 IO     | WALSync      |   1

=== 08:44:51 ===
 IO     | DataFileRead   |  85
 LWLock | WALWrite       |   8
 Lock   | extend         |   4
 Client | ClientRead     |   1
 IO     | DataFileExtend |   1
 IO     | WALSync        |   1

=== 08:44:52 ===
 IO     | DataFileRead |  95
 LWLock | WALWrite     |   2
 Client | ClientRead   |   1
 IO     | WALSync      |   1

=== 08:44:53 ===
 IO     | DataFileRead |  97
 LWLock | WALWrite     |   2
 IO     | WALSync      |   1

=== 08:44:54 ===
 IO     | DataFileRead |  91
 LWLock | WALWrite     |   4
 CPU    | Running      |   2
 IO     | WALSync      |   1

=== 08:44:55 ===
 IO     | DataFileRead |  92
 LWLock | WALWrite     |   2
 CPU    | Running      |   1
 Client | ClientRead   |   1
 IO     | WALSync      |   1

=== 08:44:56 ===
 IO     | DataFileRead |  90
 LWLock | WALWrite     |   5
 Client | ClientRead   |   2
 CPU    | Running      |   1
 IO     | WALSync      |   1

=== 08:44:57 ===
 IO     | DataFileRead |  87
 LWLock | WALWrite     |  11
 Client | ClientRead   |   1
 IO     | WALSync      |   1

=== 08:44:58 ===
 IO     | DataFileRead |  94
 LWLock | WALWrite     |   5
 IO     | WALSync      |   1

=== 08:44:59 ===
 IO     | DataFileRead |  87
 LWLock | WALWrite     |  12
 IO     | WALSync      |   1

=== 08:45:00 ===
 IO     | DataFileRead |  87
 LWLock | WALWrite     |  11
 CPU    | Running      |   1
 IO     | WALSync      |   1

=== 08:45:01 ===
 IO     | DataFileRead |  81
 LWLock | WALWrite     |  16
 Client | ClientRead   |   1
 IO     | WALSync      |   1

=== 08:45:02 ===
 IO     | DataFileRead |  85
 LWLock | WALWrite     |  13
 Client | ClientRead   |   1
 IO     | WALSync      |   1

=== 08:45:03 ===
 IO     | DataFileRead |  85
 LWLock | WALWrite     |   6
 CPU    | Running      |   2
 Client | ClientRead   |   2
 IO     | WALSync      |   1

=== 08:45:04 ===
 IO     | DataFileRead |  77
 LWLock | WALWrite     |  19
 CPU    | Running      |   3
 IO     | WALSync      |   1

=== 08:45:06 ===
 IO     | DataFileRead |  64
 LWLock | WALWrite     |  17
 CPU    | Running      |   2
 Client | ClientRead   |   1
 IO     | WALSync      |   1

=== 08:45:07 ===
 IO     | DataFileRead |  58
 LWLock | WALWrite     |  19
 CPU    | Running      |   5
 Client | ClientRead   |   5
 IO     | WALSync      |   1

=== 08:45:08 ===
 IO     | DataFileRead  |  76
 LWLock | WALWrite      |  19
 CPU    | Running       |   2
 IO     | WALSync       |   1
 Lock   | transactionid |   1

=== 08:45:09 ===
 IO     | DataFileRead |  81
 LWLock | WALWrite     |  12
 CPU    | Running      |   3
 Client | ClientRead   |   1
 IO     | WALSync      |   1

=== 08:45:10 ===
 IO     | DataFileRead |  89
 LWLock | WALWrite     |   8
 Client | ClientRead   |   1
 IO     | WALSync      |   1

=== 08:45:11 ===
 IO     | DataFileRead |  69
 LWLock | WALWrite     |  23
 CPU    | Running      |   4
 Client | ClientRead   |   2

=== 08:45:12 ===
 IO     | DataFileRead |  40
 LWLock | WALWrite     |  26
 CPU    | Running      |   4
 LWLock | WALInsert    |   4
 Client | ClientRead   |   3
 IO     | WALWrite     |   1

=== 08:45:13 ===
 IO     | DataFileRead   |  53
 Lock   | extend         |  22
 LWLock | WALWrite       |  17
 CPU    | Running        |   2
 IO     | DataFileExtend |   1
 IO     | WALSync        |   1

=== 08:45:14 ===
 IO     | DataFileRead   |  50
 LWLock | WALWrite       |  14
 Lock   | extend         |  10
 CPU    | Running        |   4
 Client | ClientRead     |   2
 IO     | DataFileExtend |   1
 IO     | WALSync        |   1

=== 08:45:15 ===
 IO     | DataFileRead |  74
 LWLock | WALWrite     |  18
 CPU    | Running      |   2
 Client | ClientRead   |   1
 IO     | WALSync      |   1

=== 08:45:16 ===
 IO     | DataFileRead  |  62
 LWLock | WALWrite      |  15
 CPU    | Running       |   5
 Client | ClientRead    |   2
 IO     | WALSync       |   1
 Lock   | transactionid |   1

=== 08:45:17 ===
 IO     | DataFileRead  |  73
 LWLock | WALWrite      |  21
 Client | ClientRead    |   3
 IO     | WALSync       |   1
 Lock   | transactionid |   1

=== 08:45:18 ===
 IO     | DataFileRead  |  53
 LWLock | WALWrite      |  36
 Client | ClientRead    |   3
 Lock   | transactionid |   3
 CPU    | Running       |   2
 IO     | WALSync       |   1

=== 08:45:19 ===
 IO     | DataFileRead |  72
 LWLock | WALWrite     |  20
 CPU    | Running      |   2
 IO     | WALSync      |   1

=== 08:45:20 ===
 IO     | DataFileRead |  67
 LWLock | WALWrite     |  28
 Client | ClientRead   |   4
 IO     | WALSync      |   1

=== 08:45:21 ===
 IO     | DataFileRead |  65
 LWLock | WALWrite     |  18
 CPU    | Running      |   1
 Client | ClientRead   |   1
 IO     | WALSync      |   1

=== 08:45:22 ===
 IO     | DataFileRead  |  42
 LWLock | WALWrite      |  33
 CPU    | Running       |   4
 Client | ClientRead    |   1
 IO     | WALSync       |   1
 Lock   | transactionid |   1

=== 08:45:23 ===
 IO     | DataFileRead |  58
 LWLock | WALWrite     |  19
 CPU    | Running      |   3
 Client | ClientRead   |   2
 IO     | WALSync      |   1

=== 08:45:24 ===
 LWLock | WALWrite     |  41
 IO     | DataFileRead |  28
 CPU    | Running      |   4
 Client | ClientRead   |   3
 IO     | WALSync      |   1

=== 08:45:25 ===
 LWLock | WALWrite      |  54
 IO     | DataFileRead  |  31
 CPU    | Running       |   3
 Client | ClientRead    |   1
 IO     | WALSync       |   1
 Lock   | transactionid |   1

=== 08:45:26 ===
 IO     | DataFileRead         |  18
 LWLock | WALWrite             |  18
 CPU    | Running              |  13
 IPC    | ProcArrayGroupUpdate |   5
 IO     | WALSync              |   1
 Client | ClientRead           |   1
 LWLock | ProcArray            |   1

=== 08:45:27 ===
 LWLock | WALWrite      |  56
 IO     | DataFileRead  |  29
 CPU    | Running       |   5
 Lock   | transactionid |   5
 Client | ClientRead    |   2
 IO     | WALSync       |   1

=== 08:45:28 ===
 LWLock | WALWrite      |  41
 IO     | DataFileRead  |  36
 Client | ClientRead    |   4
 CPU    | Running       |   1
 Lock   | transactionid |   1

=== 08:45:29 ===
 IO     | DataFileRead |  23
 LWLock | WALWrite     |  16
 CPU    | Running      |  11
 Client | ClientRead   |   4
 IO     | WALSync      |   1
 LWLock | ProcArray    |   1

=== 08:45:30 ===
 LWLock | WALWrite             |  40
 IO     | DataFileRead         |   9
 CPU    | Running              |   5
 Client | ClientRead           |   4
 IPC    | ProcArrayGroupUpdate |   4
 Lock   | transactionid        |   2
 IO     | WALSync              |   1

=== 08:45:31 ===
 IO     | DataFileRead  |  21
 LWLock | WALWrite      |  15
 CPU    | Running       |  12
 Client | ClientRead    |   4
 IO     | WALSync       |   1
 LWLock | BufferMapping |   1

=== 08:45:32 ===
 LWLock | WALWrite      |  53
 CPU    | Running       |  10
 Client | ClientRead    |   4
 IO     | DataFileRead  |   4
 Lock   | transactionid |   2
 IO     | WALSync       |   1

=== 08:45:34 ===
 LWLock | WALWrite      |  68
 IO     | DataFileRead  |  15
 CPU    | Running       |   3
 Client | ClientRead    |   2
 Lock   | transactionid |   2
 IO     | WALSync       |   1

=== 08:45:35 ===
 LWLock | WALWrite      |  76
 CPU    | Running       |   5
 IO     | DataFileRead  |   4
 Lock   | transactionid |   3
 IO     | WALSync       |   1

=== 08:45:36 ===
 IO     | DataFileRead |  29
 LWLock | WALWrite     |  16
 Client | ClientRead   |   1
 IO     | WALSync      |   1

=== 08:45:37 ===
 LWLock | WALWrite             |  30
 IO     | DataFileRead         |  18
 Client | ClientRead           |   5
 CPU    | Running              |   4
 IPC    | ProcArrayGroupUpdate |   3
 IO     | WALSync              |   1
 LWLock | ProcArray            |   1

=== 08:45:38 ===
 LWLock | WALWrite      |  80
 IO     | DataFileRead  |   7
 CPU    | Running       |   4
 Lock   | transactionid |   2
 Client | ClientRead    |   1
 IO     | WALSync       |   1

=== 08:45:39 ===
 IPC    | ProcArrayGroupUpdate |  20
 LWLock | WALInsert            |  11
 LWLock | WALWrite             |  11
 CPU    | Running              |  11
 Client | ClientRead           |   4
 Lock   | transactionid        |   1
 IO     | DataFileRead         |   1
 IPC    | XactGroupUpdate      |   1
 LWLock | ProcArray            |   1

=== 08:45:40 ===
 LWLock | WALWrite      |  64
 CPU    | Running       |   7
 Client | ClientRead    |   4
 IO     | DataFileRead  |   4
 IO     | WALSync       |   1
 Lock   | transactionid |   1

=== 08:45:41 ===
 LWLock | WALWrite      |  28
 LWLock | WALInsert     |  16
 CPU    | Running       |  13
 IO     | DataFileRead  |   8
 Client | ClientRead    |   5
 LWLock | BufferContent |   2
 IO     | WALSync       |   1
 Lock   | transactionid |   1

=== 08:45:42 ===
 LWLock | WALWrite      |  81
 IO     | DataFileRead  |   6
 Lock   | transactionid |   4
 CPU    | Running       |   3
 Client | ClientRead    |   2
 IO     | WALSync       |   1

=== 08:45:43 ===
 LWLock | WALWrite      |  82
 IO     | DataFileRead  |   7
 CPU    | Running       |   4
 Client | ClientRead    |   3
 Lock   | transactionid |   2
 IO     | WALSync       |   1

=== 08:45:44 ===
 LWLock  | WALInsert    |  70
 CPU     | Running      |   7
 Client  | ClientRead   |   4
 IO      | DataFileRead |   4
 Timeout | SpinDelay    |   4
 LWLock  | WALWrite     |   2

=== 08:45:45 ===
 IO     | DataFileRead |  17
 CPU    | Running      |  13
 LWLock | WALWrite     |  10
 Client | ClientRead   |   2
 IO     | WALSync      |   1

=== 08:45:46 ===
 LWLock | WALWrite      |  89
 Lock   | transactionid |   5
 CPU    | Running       |   2
 IO     | WALSync       |   1

=== 08:45:47 ===
 LWLock  | WALInsert     |  28
 LWLock  | WALWrite      |  17
 IO      | DataFileRead  |   9
 CPU     | Running       |   8
 Client  | ClientRead    |   2
 Timeout | SpinDelay     |   2
 IO      | WALSync       |   1
 Lock    | transactionid |   1

=== 08:45:48 ===

=== 08:45:49 ===


```

---

## Command 12: pg_checkpoint_log

### Command
```bash
bash -c 'timeout 70s tail -f /var/log/postgresql/postgresql-16-main.log 2>/dev/null | grep --line-buffered -i checkpoint || true'
```

### Output
```

```

---

