# Benchmark: [POSTGRES DISK] pgbench TPC-B - PostgreSQL OLTP

**Date:** 2026-01-04 09:02:06
**Scenario:** PostgreSQL OLTP - 100 clients, TPC-B like workload with full monitoring

---

## Target Disk

| Property | Value |
|----------|-------|
| **Name** | **POSTGRES** |
| **Mount Point** | `/data,/wal` |
| **Device** | `/dev/md0,/dev/md1` |
| **Volumes** | `nvme1n1, nvme2n1, nvme3n1, nvme4n1, nvme5n1, nvme6n1, nvme7n1, nvme8n1, nvme9n1, nvme10n1, nvme11n1, nvme12n1, nvme13n1, nvme14n1, nvme15n1, nvme16n1, md0, md1` |

---

## System Configuration

```
=== INSTANCE ===

Linux ip-10-0-1-210 6.14.0-1018-aws #18~24.04.1-Ubuntu SMP Mon Nov 24 19:32:52 UTC 2025 aarch64 aarch64 aarch64 GNU/Linux
Architecture:                            aarch64
CPU(s):                                  8
Model name:                              Neoverse-V2
total        used        free      shared  buff/cache   available
Mem:            61Gi        22Gi        21Gi       2.4Mi        18Gi        39Gi
Swap:             0B          0B          0B

=== OS TUNING ===
vm.swappiness = 1
vm.dirty_ratio = 4
vm.dirty_background_ratio = 1
vm.dirty_expire_centisecs = 200
vm.dirty_writeback_centisecs = 100
always madvise [never]

=== NETWORK ===
net.core.somaxconn = 4096
net.core.rmem_max = 16777216
net.core.wmem_max = 16777216
net.ipv4.tcp_tw_reuse = 1
net.ipv4.tcp_fin_timeout = 15

=== DISK - RAID ===
Personalities : [raid10] 
md0 : active raid10 nvme7n1[2] nvme3n1[5] nvme5n1[1] nvme2n1[7] nvme8n1[0] nvme0n1[4] nvme6n1[3] nvme4n1[6]
      209580032 blocks super 1.2 64K chunks 2 near-copies [8/8] [UUUUUUUU]
      
md1 : active raid10 nvme12n1[0] nvme14n1[4] nvme16n1[5] nvme15n1[1] nvme10n1[3] nvme11n1[7] nvme9n1[6] nvme13n1[2]
      125759488 blocks super 1.2 256K chunks 2 near-copies [8/8] [UUUUUUUU]
      
unused devices: <none>
/dev/md0:
           Version : 1.2
     Creation Time : Sat Jan  3 08:26:08 2026
        Raid Level : raid10
        Array Size : 209580032 (199.87 GiB 214.61 GB)
     Used Dev Size : 52395008 (49.97 GiB 53.65 GB)
      Raid Devices : 8
     Total Devices : 8
       Persistence : Superblock is persistent

       Update Time : Sun Jan  4 09:00:48 2026
             State : clean 
    Active Devices : 8
   Working Devices : 8
    Failed Devices : 0
     Spare Devices : 0

            Layout : near=2
        Chunk Size : 64K

Consistency Policy : resync

              Name : ip-10-0-1-227:0
              UUID : ec94b08e:1ec1acd2:a24076ab:c0b61faa
            Events : 330

    Number   Major   Minor   RaidDevice State
       0     259       13        0      active sync set-A   /dev/nvme8n1
       1     259        5        1      active sync set-B   /dev/nvme5n1
       2     259       12        2      active sync set-A   /dev/nvme7n1
       3     259        6        3      active sync set-B   /dev/nvme6n1
       4     259        1        4      active sync set-A   /dev/nvme0n1
       5     259        2        5      active sync set-B   /dev/nvme3n1
       6     259        3        6      active sync set-A   /dev/nvme4n1
       7     259        4        7      active sync set-B   /dev/nvme2n1
/dev/md1:
           Version : 1.2
     Creation Time : Sat Jan  3 08:26:08 2026
        Raid Level : raid10
        Array Size : 125759488 (119.93 GiB 128.78 GB)
     Used Dev Size : 31439872 (29.98 GiB 32.19 GB)
      Raid Devices : 8
     Total Devices : 8
       Persistence : Superblock is persistent

       Update Time : Sun Jan  4 08:55:08 2026
             State : clean 
    Active Devices : 8
   Working Devices : 8
    Failed Devices : 0
     Spare Devices : 0

            Layout : near=2
        Chunk Size : 256K

Consistency Policy : resync

              Name : ip-10-0-1-227:1
              UUID : 4920b43f:4424608d:2e163255:f781c5ec
            Events : 19

    Number   Major   Minor   RaidDevice State
       0     259       11        0      active sync set-A   /dev/nvme12n1
       1     259       15        1      active sync set-B   /dev/nvme15n1
       2     259        7        2      active sync set-A   /dev/nvme13n1
       3     259        8        3      active sync set-B   /dev/nvme10n1
       4     259       10        4      active sync set-A   /dev/nvme14n1
       5     259       16        5      active sync set-B   /dev/nvme16n1
       6     259        9        6      active sync set-A   /dev/nvme9n1
       7     259       14        7      active sync set-B   /dev/nvme11n1

=== DISK - BLOCK TUNING ===
--- md0 ---
scheduler: 
read_ahead_kb: 512
nr_requests: 
--- md1 ---
scheduler: 
read_ahead_kb: 4096
nr_requests: 

=== DISK - MOUNT ===
/dev/md1 on /wal type xfs (rw,noatime,nodiratime,attr2,inode64,logbufs=8,logbsize=256k,sunit=512,swidth=2048,noquota)
/dev/md0 on /data type xfs (rw,noatime,nodiratime,attr2,inode64,allocsize=65536k,logbufs=8,logbsize=256k,sunit=128,swidth=512,noquota)
Filesystem      Size  Used Avail Use% Mounted on
/dev/md0        200G   40G  161G  20% /data
/dev/md1        120G   22G   99G  18% /wal

=== DISK - XFS ===
meta-data=/dev/md0               isize=512    agcount=16, agsize=3274688 blks
         =                       sectsz=4096  attr=2, projid32bit=1
         =                       crc=1        finobt=1, sparse=1, rmapbt=1
         =                       reflink=1    bigtime=1 inobtcount=1 nrext64=0
data     =                       bsize=4096   blocks=52395008, imaxpct=25
         =                       sunit=16     swidth=64 blks
naming   =version 2              bsize=4096   ascii-ci=0, ftype=1
log      =internal log           bsize=4096   blocks=25583, version=2
         =                       sectsz=4096  sunit=1 blks, lazy-count=1
realtime =none                   extsz=4096   blocks=0, rtextents=0
meta-data=/dev/md1               isize=512    agcount=8, agsize=3929984 blks
         =                       sectsz=4096  attr=2, projid32bit=1
         =                       crc=1        finobt=1, sparse=1, rmapbt=1
         =                       reflink=1    bigtime=1 inobtcount=1 nrext64=0
data     =                       bsize=4096   blocks=31439872, imaxpct=25
         =                       sunit=64     swidth=256 blks
naming   =version 2              bsize=4096   ascii-ci=0, ftype=1
log      =internal log           bsize=4096   blocks=16384, version=2
         =                       sectsz=4096  sunit=1 blks, lazy-count=1
realtime =none                   extsz=4096   blocks=0, rtextents=0
```

---

## Command 1: Begin:sysctl_swappiness

### Command
```bash
sysctl -w vm.swappiness=1
```

### Output
```
vm.swappiness = 1

```

---

## Command 2: Begin:sysctl_dirty_background

### Command
```bash
sysctl -w vm.dirty_background_ratio=1
```

### Output
```
vm.dirty_background_ratio = 1

```

---

## Command 3: Begin:sysctl_dirty_ratio

### Command
```bash
sysctl -w vm.dirty_ratio=4
```

### Output
```
vm.dirty_ratio = 4

```

---

## Command 4: Begin:sysctl_dirty_expire

### Command
```bash
sysctl -w vm.dirty_expire_centisecs=200
```

### Output
```
vm.dirty_expire_centisecs = 200

```

---

## Command 5: Begin:sysctl_dirty_writeback

### Command
```bash
sysctl -w vm.dirty_writeback_centisecs=100
```

### Output
```
vm.dirty_writeback_centisecs = 100

```

---

## Command 6: Begin:pg_stat_reset

### Command
```bash
sudo -u postgres psql -c 'SELECT pg_stat_reset(); SELECT pg_stat_reset_shared('"'"'bgwriter'"'"');'
```

### Output
```
 pg_stat_reset 
---------------
 
(1 row)

 pg_stat_reset_shared 
----------------------
 
(1 row)


```

---

## Command 7: pgbench

### Command
```bash
sudo -u postgres pgbench -c 100 -j 8 -T 60 -P 5 -b tpcb-like pgbench
```

### Output
```
pgbench (16.11 (Ubuntu 16.11-1.pgdg24.04+1))
transaction type: <builtin: TPC-B (sort of)>
scaling factor: 1250
query mode: simple
number of clients: 100
number of threads: 8
maximum number of tries: 1
duration: 60 s
number of transactions actually processed: 987008
number of failed transactions: 0 (0.000%)
latency average = 6.073 ms
latency stddev = 1.593 ms
initial connection time = 44.251 ms
tps = 16456.138453 (without initial connection time)
starting vacuum...end.
progress: 5.0 s, 15705.4 tps, lat 6.305 ms stddev 1.790, 0 failed
progress: 10.0 s, 15904.2 tps, lat 6.287 ms stddev 1.634, 0 failed
progress: 15.0 s, 16114.6 tps, lat 6.204 ms stddev 1.620, 0 failed
progress: 20.0 s, 17063.1 tps, lat 5.860 ms stddev 1.501, 0 failed
progress: 25.0 s, 16263.7 tps, lat 6.146 ms stddev 1.582, 0 failed
progress: 30.0 s, 16549.0 tps, lat 6.041 ms stddev 1.563, 0 failed
progress: 35.0 s, 16446.3 tps, lat 6.077 ms stddev 1.579, 0 failed
progress: 40.0 s, 16744.7 tps, lat 5.971 ms stddev 1.546, 0 failed
progress: 45.0 s, 16239.1 tps, lat 6.155 ms stddev 1.593, 0 failed
progress: 50.0 s, 16551.1 tps, lat 6.041 ms stddev 1.549, 0 failed
progress: 55.0 s, 16665.1 tps, lat 5.995 ms stddev 1.552, 0 failed
progress: 60.0 s, 17135.2 tps, lat 5.834 ms stddev 1.513, 0 failed

```

---

## Command 8: meminfo

### Command
```bash
bash -c 'for i in $(seq 1 70); do date '"'"'+%H:%M:%S'"'"'; grep -E '"'"'Dirty|Writeback'"'"' /proc/meminfo; echo '"'"'---'"'"'; sleep 1; done'
```

### Output
```
09:01:02
Dirty:               372 kB
Writeback:             0 kB
WritebackTmp:          0 kB
---
09:01:03
Dirty:               528 kB
Writeback:             0 kB
WritebackTmp:          0 kB
---
09:01:04
Dirty:               172 kB
Writeback:             0 kB
WritebackTmp:          0 kB
---
09:01:05
Dirty:               608 kB
Writeback:            56 kB
WritebackTmp:          0 kB
---
09:01:06
Dirty:               852 kB
Writeback:            88 kB
WritebackTmp:          0 kB
---
09:01:07
Dirty:                44 kB
Writeback:            88 kB
WritebackTmp:          0 kB
---
09:01:08
Dirty:               196 kB
Writeback:           216 kB
WritebackTmp:          0 kB
---
09:01:09
Dirty:                84 kB
Writeback:            40 kB
WritebackTmp:          0 kB
---
09:01:10
Dirty:               308 kB
Writeback:             0 kB
WritebackTmp:          0 kB
---
09:01:11
Dirty:               248 kB
Writeback:            48 kB
WritebackTmp:          0 kB
---
09:01:12
Dirty:               240 kB
Writeback:             0 kB
WritebackTmp:          0 kB
---
09:01:13
Dirty:               236 kB
Writeback:             0 kB
WritebackTmp:          0 kB
---
09:01:14
Dirty:               304 kB
Writeback:            56 kB
WritebackTmp:          0 kB
---
09:01:15
Dirty:               236 kB
Writeback:             0 kB
WritebackTmp:          0 kB
---
09:01:16
Dirty:               284 kB
Writeback:             0 kB
WritebackTmp:          0 kB
---
09:01:17
Dirty:               240 kB
Writeback:             0 kB
WritebackTmp:          0 kB
---
09:01:18
Dirty:               300 kB
Writeback:             0 kB
WritebackTmp:          0 kB
---
09:01:19
Dirty:               404 kB
Writeback:           104 kB
WritebackTmp:          0 kB
---
09:01:20
Dirty:               388 kB
Writeback:            40 kB
WritebackTmp:          0 kB
---
09:01:21
Dirty:               508 kB
Writeback:            88 kB
WritebackTmp:          0 kB
---
09:01:22
Dirty:               312 kB
Writeback:             0 kB
WritebackTmp:          0 kB
---
09:01:23
Dirty:               372 kB
Writeback:            56 kB
WritebackTmp:          0 kB
---
09:01:24
Dirty:               324 kB
Writeback:           104 kB
WritebackTmp:          0 kB
---
09:01:25
Dirty:               396 kB
Writeback:            64 kB
WritebackTmp:          0 kB
---
09:01:26
Dirty:               264 kB
Writeback:           120 kB
WritebackTmp:          0 kB
---
09:01:27
Dirty:               272 kB
Writeback:           168 kB
WritebackTmp:          0 kB
---
09:01:28
Dirty:               296 kB
Writeback:            96 kB
WritebackTmp:          0 kB
---
09:01:29
Dirty:               376 kB
Writeback:           104 kB
WritebackTmp:          0 kB
---
09:01:30
Dirty:               224 kB
Writeback:            32 kB
WritebackTmp:          0 kB
---
09:01:31
Dirty:               296 kB
Writeback:           272 kB
WritebackTmp:          0 kB
---
09:01:32
Dirty:               436 kB
Writeback:            60 kB
WritebackTmp:          0 kB
---
09:01:33
Dirty:               360 kB
Writeback:           112 kB
WritebackTmp:          0 kB
---
09:01:34
Dirty:               272 kB
Writeback:             0 kB
WritebackTmp:          0 kB
---
09:01:35
Dirty:               340 kB
Writeback:             0 kB
WritebackTmp:          0 kB
---
09:01:36
Dirty:               352 kB
Writeback:             0 kB
WritebackTmp:          0 kB
---
09:01:38
Dirty:               236 kB
Writeback:           200 kB
WritebackTmp:          0 kB
---
09:01:39
Dirty:               292 kB
Writeback:             0 kB
WritebackTmp:          0 kB
---
09:01:40
Dirty:               296 kB
Writeback:             0 kB
WritebackTmp:          0 kB
---
09:01:41
Dirty:               324 kB
Writeback:             0 kB
WritebackTmp:          0 kB
---
09:01:42
Dirty:               244 kB
Writeback:             0 kB
WritebackTmp:          0 kB
---
09:01:43
Dirty:               292 kB
Writeback:            32 kB
WritebackTmp:          0 kB
---
09:01:44
Dirty:               352 kB
Writeback:             0 kB
WritebackTmp:          0 kB
---
09:01:45
Dirty:               360 kB
Writeback:            48 kB
WritebackTmp:          0 kB
---
09:01:46
Dirty:               232 kB
Writeback:             0 kB
WritebackTmp:          0 kB
---
09:01:47
Dirty:               376 kB
Writeback:            48 kB
WritebackTmp:          0 kB
---
09:01:48
Dirty:               320 kB
Writeback:            48 kB
WritebackTmp:          0 kB
---
09:01:49
Dirty:               380 kB
Writeback:            16 kB
WritebackTmp:          0 kB
---
09:01:50
Dirty:               276 kB
Writeback:            80 kB
WritebackTmp:          0 kB
---
09:01:51
Dirty:               316 kB
Writeback:            40 kB
WritebackTmp:          0 kB
---
09:01:52
Dirty:               208 kB
Writeback:             0 kB
WritebackTmp:          0 kB
---
09:01:53
Dirty:               324 kB
Writeback:           104 kB
WritebackTmp:          0 kB
---
09:01:54
Dirty:               120 kB
Writeback:             0 kB
WritebackTmp:          0 kB
---
09:01:55
Dirty:               272 kB
Writeback:            48 kB
WritebackTmp:          0 kB
---
09:01:56
Dirty:               256 kB
Writeback:           140 kB
WritebackTmp:          0 kB
---
09:01:57
Dirty:               376 kB
Writeback:             0 kB
WritebackTmp:          0 kB
---
09:01:58
Dirty:               228 kB
Writeback:            64 kB
WritebackTmp:          0 kB
---
09:01:59
Dirty:               276 kB
Writeback:            56 kB
WritebackTmp:          0 kB
---
09:02:00
Dirty:               380 kB
Writeback:             0 kB
WritebackTmp:          0 kB
---
09:02:01
Dirty:               416 kB
Writeback:           128 kB
WritebackTmp:          0 kB
---
09:02:02
Dirty:               432 kB
Writeback:             8 kB
WritebackTmp:          0 kB
---
09:02:03
Dirty:               328 kB
Writeback:             0 kB
WritebackTmp:          0 kB
---
09:02:04
Dirty:               860 kB
Writeback:           304 kB
WritebackTmp:          0 kB
---
09:02:05
Dirty:               404 kB
Writeback:             0 kB
WritebackTmp:          0 kB
---
09:02:06
Dirty:                36 kB
Writeback:             0 kB
WritebackTmp:          0 kB
---

```

---

## Command 9: dstat

### Command
```bash
dstat -tcmdr --disk-util 1 70
```

### Output
```
----system---- ----total-usage---- ------memory-usage----- -dsk/total- --io/total- nvme nvme nvme nvme nvme nvme nvme nvme nvme nvme nvme nvme nvme nvme nvme nvme nvme
     time     |usr sys idl wai stl| used  free  buf   cach| read  writ| read  writ|util:util:util:util:util:util:util:util:util:util:util:util:util:util:util:util:util
04-01 09:01:02|                   |  22G   21G   45M   18G|           |           |    :    :    :    :    :    :    :    :    :    :    :    :    :    :    :    :    
04-01 09:01:03|  0   0 100   0   0|  22G   21G   45M   18G|   0     0 |   0     0 |   0:   0:   0:   0:   0:   0:   0:   0:   0:   0:   0:   0:   0:   0:   0:   0:   0
04-01 09:01:04|  1   1  98   0   0|  22G   21G   45M   18G|   0   464k|   0  41.5 |   0:0.80:   0:   0:   0:   0:   0:   0:   0:0.20:0.10:0.20:0.30:0.10:0.10:0.30:0.10
04-01 09:01:05| 56  33   9   1   0|  22G   21G   45M   18G|  23M   50M|2536  1144 |21.3:0.10:10.9:10.8:19.8:7.17:11.3:20.5:19.5:16.8:17.9:16.1:16.7:18.0:16.4:16.9:16.4
04-01 09:01:06| 60  32   7   1   0|  22G   21G   45M   18G|  23M   49M|2532  1099 |17.8:0.10:11.1:9.61:19.9:10.4:8.81:19.6:18.5:15.9:17.7:15.6:16.8:17.7:16.9:16.5:17.0
04-01 09:01:07| 60  32   6   1   0|  22G   21G   45M   18G|  21M   52M|2334  1198 |19.0:0.20:8.81:9.41:19.2:10.8:9.61:18.3:21.6:16.9:16.9:17.3:16.7:16.8:17.0:17.5:16.7
04-01 09:01:08| 59  32   8   1   0|  22G   21G   45M   18G|  23M   50M|2536  1123 |20.3:   0:10.3:10.4:19.9:9.69:11.2:20.3:19.3:17.2:16.7:17.3:18.0:16.9:16.3:18.2:16.5
04-01 09:01:09| 58  32   8   1   0|  22G   21G   45M   18G|  21M   49M|2317  1122 |17.8:0.20:9.21:10.7:17.8:8.70:9.10:17.5:16.9:17.2:16.7:16.9:17.7:16.4:16.5:17.9:16.2
04-01 09:01:10| 58  33   8   1   0|  22G   21G   45M   18G|  20M   49M|2245  1106 |18.4:   0:10.4:10.1:17.5:8.59:8.29:17.0:16.9:17.0:17.5:16.9:16.9:17.5:16.0:17.1:16.3
04-01 09:01:11| 59  31   8   1   0|  22G   21G   45M   18G|  19M   48M|2062  1115 |14.9:   0:8.91:8.41:16.3:8.01:8.81:17.6:16.9:17.5:16.3:17.5:17.4:16.4:15.9:17.4:16.0
04-01 09:01:12| 59  32   7   1   0|  22G   21G   45M   18G|  20M   50M|2257  1156 |17.1:0.20:9.10:8.10:18.0:9.50:9.99:19.0:17.9:16.7:17.6:16.7:16.4:17.9:17.2:16.4:17.2
04-01 09:01:13| 58  33   7   1   0|  22G   21G   45M   18G|  17M   49M|1918  1116 |16.1:   0:7.49:8.19:16.5:6.99:7.39:15.1:16.8:16.7:17.5:16.7:15.3:17.7:16.7:15.5:17.0
04-01 09:01:14| 59  32   7   1   0|  22G   21G   45M   19G|  16M   48M|1819  1124 |16.5:0.20:6.21:8.61:14.6:6.61:7.21:14.6:15.8:16.8:16.8:16.8:16.6:17.0:16.8:16.8:16.7
04-01 09:01:15| 57  32   8   1   0|  22G   21G   45M   19G|  17M   49M|1904  1109 |15.9:   0:8.00:7.70:16.3:8.30:7.90:17.0:16.9:17.0:17.0:17.0:16.8:16.6:17.3:17.1:17.8
04-01 09:01:16| 60  32   7   1   0|  22G   21G   45M   19G|  17M   48M|1866  1142 |16.0:0.20:7.91:7.81:16.1:7.91:8.81:16.3:14.7:16.2:17.8:16.3:17.6:17.9:16.6:17.9:16.6
04-01 09:01:17| 58  32   8   1   0|  22G   21G   45M   19G|  18M   48M|2015  1111 |15.4:   0:8.49:7.89:16.1:8.79:7.39:15.7:15.0:17.6:16.5:17.6:16.7:16.9:16.0:16.8:16.1
04-01 09:01:18| 60  31   7   1   0|  22G   21G   45M   19G|  16M   49M|1804  1233 |13.9:0.50:8.01:7.20:14.6:7.81:7.30:14.0:14.4:17.3:16.8:17.2:17.1:16.9:16.0:17.5:16.2
04-01 09:01:19| 59  32   8   1   0|  22G   21G   45M   19G|  17M   49M|1937  1148 |16.4:0.30:7.80:8.20:16.0:9.00:8.20:15.9:15.8:16.9:16.6:17.5:16.4:16.6:17.3:16.4:16.9
04-01 09:01:20| 56  33   8   1   0|  22G   21G   45M   19G|  16M   50M|1844  1177 |13.8:   0:6.39:7.29:13.7:6.19:7.79:15.2:14.5:17.7:18.0:17.7:17.6:17.9:17.3:17.3:17.6
04-01 09:01:21| 57  33   8   1   0|  22G   21G   45M   19G|  16M   50M|1779  1211 |13.4:0.20:7.12:6.62:15.0:6.52:7.32:14.3:13.9:16.3:17.4:17.0:16.6:17.5:18.2:16.9:18.2
04-01 09:01:22| 57  32   8   1   0|  22G   21G   45M   19G|  14M   50M|1562  1184 |12.4:0.10:7.10:5.70:13.6:7.30:6.00:13.4:13.2:17.0:18.2:17.1:16.5:18.1:17.6:16.8:17.2
04-01 09:01:23| 56  34   8   1   0|  22G   21G   45M   19G|  16M   51M|1776  1229 |14.8:0.30:7.30:7.20:15.6:7.60:7.20:15.4:14.7:17.6:16.8:17.3:16.7:16.7:18.0:16.6:18.0
04-01 09:01:24| 59  32   7   1   0|  22G   21G   45M   19G|  12M   49M|1433  1176 |13.5:0.10:5.88:4.78:12.3:5.58:6.18:11.9:13.9:17.3:17.9:17.5:17.4:18.0:16.2:17.1:16.5
04-01 09:01:25| 59  31   7   1   0|  22G   21G   45M   19G|  14M   47M|1544  1147 |13.9:0.20:6.69:6.40:13.5:6.30:7.39:13.7:13.0:16.7:16.7:17.0:17.3:17.0:16.8:17.1:16.7
04-01 09:01:26| 59  33   7   1   0|  22G   21G   45M   19G|  12M   48M|1406  1156 |11.7:0.10:5.50:5.40:11.7:4.00:5.00:11.3:11.1:16.8:17.1:16.4:17.8:17.2:16.8:17.3:17.1
04-01 09:01:27| 58  33   7   1   0|  22G   21G   45M   19G|  12M   47M|1342  1201 |11.0:0.30:4.71:4.61:12.2:5.01:5.32:13.1:12.2:16.9:17.3:16.6:18.1:17.5:16.5:17.8:16.6
04-01 09:01:28| 61  31   6   1   0|  22G   20G   45M   19G|  13M   46M|1457  1140 |12.8:0.40:5.61:5.51:13.4:6.51:6.41:13.8:12.7:16.0:15.7:15.9:16.4:15.7:16.2:16.5:16.4
04-01 09:01:29| 60  32   7   1   0|  22G   20G   45M   19G|  11M   46M|1318  1093 |11.6:   0:4.60:5.90:11.5:4.80:6.00:12.5:11.5:16.9:16.4:16.4:16.5:16.7:16.1:16.8:16.1
04-01 09:01:30| 60  32   6   1   0|  22G   20G   45M   19G|  11M   47M|1257  1182 |11.5:0.30:5.00:5.20:11.7:4.40:5.60:10.9:10.5:16.4:18.8:16.5:17.5:18.4:16.7:17.6:16.3
04-01 09:01:31| 60  31   7   1   0|  22G   20G   45M   19G|  11M   46M|1268  1105 |12.1:   0:5.38:5.88:11.1:4.98:5.18:12.0:11.5:16.2:16.3:15.9:16.0:16.4:17.4:16.1:17.0
04-01 09:01:32| 59  32   7   1   0|  22G   20G   45M   19G|  11M   46M|1255  1121 |10.8:   0:4.00:4.50:10.7:5.60:7.00:10.8:12.3:17.2:16.6:17.0:15.4:16.2:17.3:15.9:17.4
04-01 09:01:33| 57  32   8   1   0|  22G   20G   45M   19G|  10M   49M|1211  1206 |11.8:0.30:5.62:6.32:9.83:5.82:5.12:10.9:11.5:17.7:18.1:17.6:18.4:17.8:17.1:17.8:17.4
04-01 09:01:34| 59  32   7   1   0|  22G   20G   45M   19G|9413k   46M|1069  1149 |10.1:   0:3.71:4.91:9.02:3.51:4.11:9.02:9.52:16.9:17.7:16.9:16.8:17.6:16.1:16.2:16.2
04-01 09:01:35| 60  32   6   1   0|  22G   20G   45M   19G|9454k   45M|1085  1139 |8.28:0.50:3.49:3.39:8.78:4.19:3.99:9.08:8.28:16.6:17.3:16.7:16.4:16.8:17.3:16.1:17.5
04-01 09:01:36| 58  32   8   1   0|  22G   20G   45M   19G|8107k   45M| 915  1112 |9.49:   0:3.20:3.60:7.29:4.10:4.00:9.19:8.99:16.3:16.2:16.3:16.7:16.9:15.6:16.5:15.7
04-01 09:01:37| 60  31   7   1   0|  22G   20G   45M   19G|8804k   46M|1012  1190 |11.1:0.20:4.51:4.21:9.32:4.11:4.01:8.72:9.32:16.8:16.4:16.6:17.5:16.2:17.0:16.9:17.3
04-01 09:01:38| 59  31   8   1   0|  22G   20G   45M   19G|7832k   45M| 897  1139 |8.40:   0:2.90:3.20:7.90:3.20:3.00:8.40:8.20:17.3:16.3:17.4:16.6:16.3:16.3:16.2:16.8
04-01 09:01:39| 58  32   7   1   0|  22G   20G   45M   19G|7165k   46M| 828  1171 |10.2:0.20:2.80:3.30:7.49:3.00:2.90:8.29:8.89:16.9:16.7:17.3:17.0:17.0:17.7:16.8:17.3
04-01 09:01:40| 61  31   7   1   0|  22G   20G   45M   19G|7603k   46M| 867  1155 |8.92:   0:2.91:4.01:7.22:4.01:3.31:8.62:7.92:15.9:16.4:15.7:17.8:16.1:16.8:17.5:16.8
04-01 09:01:41| 57  32   8   1   0|  22G   20G   45M   19G|7850k   45M| 893  1155 |9.78:0.20:3.19:3.59:7.39:4.49:3.69:8.49:8.19:15.4:16.7:15.3:16.3:17.1:16.7:16.1:16.4
04-01 09:01:42| 58  32   8   1   0|  22G   20G   45M   19G|7986k   44M| 911  1123 |8.92:   0:3.01:4.21:7.51:3.51:4.41:8.92:8.82:16.9:15.6:16.8:16.4:15.7:16.8:16.4:16.2
04-01 09:01:43| 59  32   8   1   0|  22G   20G   45M   19G|6906k   46M| 812  1187 |6.89:0.10:2.80:2.90:8.29:2.80:3.10:7.39:6.49:16.9:16.3:17.0:17.5:16.1:17.3:17.5:17.2
04-01 09:01:44| 58  32   9   1   0|  22G   20G   45M   19G|6636k   44M| 775  1125 |7.80:   0:2.90:3.20:6.60:3.00:3.40:7.70:8.00:16.7:16.4:17.1:16.3:16.0:16.3:16.5:16.4
04-01 09:01:45| 59  32   8   1   0|  22G   20G   45M   19G|6312k   43M| 707  1139 |6.20:0.20:2.70:3.30:7.20:2.40:2.50:6.30:6.50:15.2:17.0:15.4:16.2:16.6:16.0:16.0:16.0
04-01 09:01:46| 60  32   6   1   0|  22G   20G   45M   20G|7235k   43M| 845  1096 |7.59:   0:3.50:3.50:8.19:3.00:2.70:7.69:8.19:16.7:15.7:16.8:15.9:15.7:16.3:16.1:15.6
04-01 09:01:47| 61  31   7   1   0|  22G   20G   45M   20G|6866k   45M| 777  1179 |7.50:0.10:2.60:3.10:6.10:3.00:3.10:8.30:7.80:16.9:16.9:16.7:16.3:16.7:16.5:16.4:16.3
04-01 09:01:48| 59  33   7   1   0|  22G   20G   46M   20G|6257k   43M| 729  1166 |7.39:0.30:2.99:2.80:6.99:2.80:2.80:7.09:7.59:16.3:16.6:16.4:15.8:16.9:16.9:15.6:17.1
04-01 09:01:49| 60  31   7   1   0|  22G   20G   46M   20G|5768k   42M| 675  1143 |8.11:0.20:2.30:3.00:6.61:3.00:2.70:6.31:7.61:16.1:15.4:16.1:15.9:15.2:16.7:16.1:16.8
04-01 09:01:50| 60  32   7   1   0|  22G   20G   46M   20G|5497k   43M| 648  1121 |6.60:0.10:2.20:2.10:7.10:2.50:3.10:7.30:7.20:15.7:16.3:15.8:16.3:16.8:15.7:16.3:15.9
04-01 09:01:51| 59  32   7   1   0|  22G   20G   46M   20G|5082k   43M| 594  1176 |6.09:0.40:2.00:1.70:5.09:2.60:2.00:5.69:4.99:17.1:15.5:16.6:15.7:15.8:17.8:15.6:17.1
04-01 09:01:52| 59  32   8   1   0|  22G   20G   46M   20G|4751k   42M| 569  1106 |6.51:   0:2.20:1.90:6.61:1.40:2.70:7.31:5.91:15.3:17.7:15.2:16.0:17.7:16.0:16.0:16.6
04-01 09:01:53| 59  32   7   1   0|  22G   20G   46M   20G|5226k   43M| 622  1164 |6.79:0.20:2.70:2.30:6.29:2.70:2.80:6.09:6.69:17.1:15.6:16.9:16.1:15.7:16.2:16.3:15.6
04-01 09:01:54| 59  32   7   1   0|  22G   20G   46M   20G|4529k   42M| 532  1115 |5.51:   0:2.20:1.40:4.91:2.30:1.70:5.31:5.21:15.6:15.8:15.8:16.0:16.1:16.5:15.7:16.4
04-01 09:01:55| 59  31   8   1   0|  22G   20G   46M   20G|4870k   41M| 569  1087 |5.38:0.10:2.39:1.99:6.08:2.19:2.49:6.78:5.28:15.1:15.0:14.9:15.2:15.2:15.7:15.2:15.5
04-01 09:01:56| 60  32   7   1   0|  22G   20G   46M   20G|4721k   42M| 551  1160 |5.00:0.30:1.70:2.00:5.31:1.80:3.10:5.71:5.41:15.9:15.4:16.2:16.2:15.4:16.1:15.7:16.1
04-01 09:01:57| 59  32   7   1   0|  22G   20G   46M   20G|4513k   44M| 554  1162 |6.51:   0:1.80:2.20:5.21:2.90:2.50:6.21:6.61:16.9:16.3:16.9:15.8:16.4:17.4:15.5:17.2
04-01 09:01:58| 58  34   7   1   0|  22G   20G   46M   20G|3548k   45M| 433  1251 |5.30:0.30:1.90:1.90:6.10:1.70:1.80:4.20:4.30:16.9:16.9:16.6:17.6:16.8:16.2:17.8:16.5
04-01 09:01:59| 59  31   7   1   0|  22G   20G   46M   20G|4077k   41M| 465  1109 |4.30:   0:1.70:1.90:4.40:1.40:1.80:5.10:4.20:16.1:16.1:16.0:15.8:15.6:16.9:15.8:16.7
04-01 09:02:00| 60  31   7   1   0|  22G   20G   46M   20G|3186k   43M| 380  1157 |4.50:   0:0.70:1.60:4.10:0.90:1.50:4.80:2.70:16.0:16.6:16.3:17.0:16.5:16.7:17.2:16.9
04-01 09:02:01| 58  33   7   1   0|  22G   20G   46M   20G|4520k   43M| 521  1210 |6.30:0.50:2.00:2.20:6.60:2.10:2.20:5.30:6.30:17.2:15.7:16.9:16.3:15.9:16.3:16.1:16.3
04-01 09:02:02| 59  31   8   1   0|  22G   20G   46M   20G|3581k   42M| 439  1136 |3.71:0.10:2.00:1.20:4.71:2.20:2.00:4.61:5.51:15.8:16.1:16.1:14.5:16.1:16.8:14.8:16.9
04-01 09:02:03| 59  32   7   1   0|  22G   20G   46M   20G|3406k   42M| 421  1171 |4.80:0.30:1.50:2.40:4.20:1.70:1.60:5.10:4.50:15.8:15.6:16.0:16.1:15.6:16.6:16.9:16.8
04-01 09:02:04| 56  34   7   1   0|  22G   20G   46M   20G|3589k   44M| 423  1197 |5.07:   0:1.49:2.19:4.08:1.89:2.19:4.48:5.57:15.6:15.9:15.9:16.7:16.0:16.6:16.3:16.4
04-01 09:02:05|  0   1  99   0   0|  22G   20G   46M   20G|   0   632k|   0  82.6 |0.20:0.20:0.10:0.20:0.10:   0:0.10:0.10:   0:   0:   0:   0:0.10:0.10:   0:   0:   0
04-01 09:02:06|  0   0  99   0   0|  22G   20G   46M   20G|   0  4096B|   0  1.00 |   0:   0:   0:   0:   0:   0:   0:   0:   0:   0:   0:   0:   0:   0:   0:   0:   0

```

---

## Command 10: mpstat

### Command
```bash
mpstat -P ALL 1 70
```

### Output
```
Linux 6.14.0-1018-aws (ip-10-0-1-210) 	01/04/26 	_aarch64_	(8 CPU)

09:01:02     CPU    %usr   %nice    %sys %iowait    %irq   %soft  %steal  %guest  %gnice   %idle
09:01:03     all    1.12    0.00    0.25    0.00    0.00    0.00    0.00    0.00    0.00   98.63
09:01:03       0    0.99    0.00    0.00    0.00    0.00    0.00    0.00    0.00    0.00   99.01
09:01:03       1    0.00    0.00    0.99    0.00    0.00    0.00    0.00    0.00    0.00   99.01
09:01:03       2    0.00    0.00    0.00    0.00    0.00    0.00    0.00    0.00    0.00  100.00
09:01:03       3    0.00    0.00    0.00    0.00    0.00    0.00    0.00    0.00    0.00  100.00
09:01:03       4    0.99    0.00    0.00    0.00    0.00    0.00    0.00    0.00    0.00   99.01
09:01:03       5    0.00    0.00    0.00    0.00    0.00    0.00    0.00    0.00    0.00  100.00
09:01:03       6    5.00    0.00    0.00    0.00    0.00    0.00    0.00    0.00    0.00   95.00
09:01:03       7    2.00    0.00    1.00    0.00    0.00    0.00    0.00    0.00    0.00   97.00

09:01:03     CPU    %usr   %nice    %sys %iowait    %irq   %soft  %steal  %guest  %gnice   %idle
09:01:04     all    0.25    0.00    0.25    0.13    0.00    0.00    0.00    0.00    0.00   99.37
09:01:04       0    0.00    0.00    0.00    0.00    0.00    0.00    0.00    0.00    0.00  100.00
09:01:04       1    0.00    0.00    0.00    0.00    0.00    0.00    0.00    0.00    0.00  100.00
09:01:04       2    0.00    0.00    0.00    1.00    0.00    0.00    0.00    0.00    0.00   99.00
09:01:04       3    0.99    0.00    0.99    0.00    0.00    0.00    0.00    0.00    0.00   98.02
09:01:04       4    0.00    0.00    0.00    0.00    0.00    0.00    0.00    0.00    0.00  100.00
09:01:04       5    0.00    0.00    0.00    0.00    0.00    0.00    0.00    0.00    0.00  100.00
09:01:04       6    1.01    0.00    1.01    0.00    0.00    0.00    0.00    0.00    0.00   97.98
09:01:04       7    0.00    0.00    0.00    0.00    0.00    0.00    0.00    0.00    0.00  100.00

09:01:04     CPU    %usr   %nice    %sys %iowait    %irq   %soft  %steal  %guest  %gnice   %idle
09:01:05     all   53.21    0.00   32.58    0.88    0.00    0.00    0.00    0.00    0.00   13.33
09:01:05       0   53.54    0.00   33.33    1.01    0.00    0.00    0.00    0.00    0.00   12.12
09:01:05       1   52.00    0.00   34.00    1.00    0.00    0.00    0.00    0.00    0.00   13.00
09:01:05       2   52.53    0.00   33.33    0.00    0.00    0.00    0.00    0.00    0.00   14.14
09:01:05       3   55.56    0.00   32.32    1.01    0.00    0.00    0.00    0.00    0.00   11.11
09:01:05       4   52.53    0.00   32.32    1.01    0.00    0.00    0.00    0.00    0.00   14.14
09:01:05       5   53.06    0.00   31.63    0.00    0.00    0.00    0.00    0.00    0.00   15.31
09:01:05       6   51.49    0.00   34.65    0.99    0.00    0.00    0.00    0.00    0.00   12.87
09:01:05       7   55.00    0.00   29.00    2.00    0.00    0.00    0.00    0.00    0.00   14.00

09:01:05     CPU    %usr   %nice    %sys %iowait    %irq   %soft  %steal  %guest  %gnice   %idle
09:01:06     all   59.88    0.00   32.25    1.00    0.00    0.00    0.00    0.00    0.00    6.88
09:01:06       0   60.40    0.00   30.69    0.99    0.00    0.00    0.00    0.00    0.00    7.92
09:01:06       1   59.00    0.00   33.00    1.00    0.00    0.00    0.00    0.00    0.00    7.00
09:01:06       2   62.63    0.00   29.29    1.01    0.00    0.00    0.00    0.00    0.00    7.07
09:01:06       3   58.42    0.00   33.66    0.99    0.00    0.00    0.00    0.00    0.00    6.93
09:01:06       4   61.00    0.00   32.00    1.00    0.00    0.00    0.00    0.00    0.00    6.00
09:01:06       5   60.61    0.00   32.32    1.01    0.00    0.00    0.00    0.00    0.00    6.06
09:01:06       6   57.43    0.00   33.66    0.99    0.00    0.00    0.00    0.00    0.00    7.92
09:01:06       7   59.60    0.00   33.33    1.01    0.00    0.00    0.00    0.00    0.00    6.06

09:01:06     CPU    %usr   %nice    %sys %iowait    %irq   %soft  %steal  %guest  %gnice   %idle
09:01:07     all   59.95    0.00   32.49    0.88    0.00    0.00    0.00    0.00    0.00    6.68
09:01:07       0   59.18    0.00   33.67    0.00    0.00    0.00    0.00    0.00    0.00    7.14
09:01:07       1   60.00    0.00   32.00    1.00    0.00    0.00    0.00    0.00    0.00    7.00
09:01:07       2   59.00    0.00   33.00    1.00    0.00    0.00    0.00    0.00    0.00    7.00
09:01:07       3   62.63    0.00   30.30    1.01    0.00    0.00    0.00    0.00    0.00    6.06
09:01:07       4   59.41    0.00   32.67    0.99    0.00    0.00    0.00    0.00    0.00    6.93
09:01:07       5   60.00    0.00   32.00    1.00    0.00    0.00    0.00    0.00    0.00    7.00
09:01:07       6   59.79    0.00   34.02    1.03    0.00    0.00    0.00    0.00    0.00    5.15
09:01:07       7   59.60    0.00   32.32    1.01    0.00    0.00    0.00    0.00    0.00    7.07

09:01:07     CPU    %usr   %nice    %sys %iowait    %irq   %soft  %steal  %guest  %gnice   %idle
09:01:08     all   59.42    0.00   31.91    1.01    0.00    0.00    0.00    0.00    0.00    7.66
09:01:08       0   57.14    0.00   33.67    1.02    0.00    0.00    0.00    0.00    0.00    8.16
09:01:08       1   59.60    0.00   33.33    1.01    0.00    0.00    0.00    0.00    0.00    6.06
09:01:08       2   60.40    0.00   30.69    0.99    0.00    0.00    0.00    0.00    0.00    7.92
09:01:08       3   58.00    0.00   33.00    1.00    0.00    0.00    0.00    0.00    0.00    8.00
09:01:08       4   63.64    0.00   28.28    1.01    0.00    0.00    0.00    0.00    0.00    7.07
09:01:08       5   59.18    0.00   31.63    1.02    0.00    0.00    0.00    0.00    0.00    8.16
09:01:08       6   58.42    0.00   32.67    0.99    0.00    0.00    0.00    0.00    0.00    7.92
09:01:08       7   59.00    0.00   32.00    1.00    0.00    0.00    0.00    0.00    0.00    8.00

09:01:08     CPU    %usr   %nice    %sys %iowait    %irq   %soft  %steal  %guest  %gnice   %idle
09:01:09     all   58.42    0.00   32.29    1.26    0.00    0.00    0.00    0.00    0.00    8.04
09:01:09       0   59.00    0.00   33.00    1.00    0.00    0.00    0.00    0.00    0.00    7.00
09:01:09       1   58.00    0.00   31.00    2.00    0.00    0.00    0.00    0.00    0.00    9.00
09:01:09       2   59.41    0.00   31.68    1.98    0.00    0.00    0.00    0.00    0.00    6.93
09:01:09       3   59.60    0.00   31.31    1.01    0.00    0.00    0.00    0.00    0.00    8.08
09:01:09       4   58.00    0.00   33.00    1.00    0.00    0.00    0.00    0.00    0.00    8.00
09:01:09       5   56.12    0.00   32.65    1.02    0.00    0.00    0.00    0.00    0.00   10.20
09:01:09       6   60.20    0.00   30.61    1.02    0.00    0.00    0.00    0.00    0.00    8.16
09:01:09       7   57.00    0.00   35.00    1.00    0.00    0.00    0.00    0.00    0.00    7.00

09:01:09     CPU    %usr   %nice    %sys %iowait    %irq   %soft  %steal  %guest  %gnice   %idle
09:01:10     all   58.03    0.00   33.25    1.14    0.00    0.00    0.00    0.00    0.00    7.59
09:01:10       0   57.58    0.00   33.33    1.01    0.00    0.00    0.00    0.00    0.00    8.08
09:01:10       1   59.60    0.00   33.33    1.01    0.00    0.00    0.00    0.00    0.00    6.06
09:01:10       2   56.12    0.00   35.71    1.02    0.00    0.00    0.00    0.00    0.00    7.14
09:01:10       3   57.14    0.00   34.69    1.02    0.00    0.00    0.00    0.00    0.00    7.14
09:01:10       4   56.00    0.00   35.00    1.00    0.00    0.00    0.00    0.00    0.00    8.00
09:01:10       5   60.61    0.00   29.29    2.02    0.00    0.00    0.00    0.00    0.00    8.08
09:01:10       6   58.00    0.00   33.00    1.00    0.00    0.00    0.00    0.00    0.00    8.00
09:01:10       7   59.18    0.00   31.63    1.02    0.00    0.00    0.00    0.00    0.00    8.16

09:01:10     CPU    %usr   %nice    %sys %iowait    %irq   %soft  %steal  %guest  %gnice   %idle
09:01:11     all   60.38    0.00   31.39    0.63    0.00    0.00    0.00    0.00    0.00    7.59
09:01:11       0   61.22    0.00   31.63    1.02    0.00    0.00    0.00    0.00    0.00    6.12
09:01:11       1   57.58    0.00   33.33    1.01    0.00    0.00    0.00    0.00    0.00    8.08
09:01:11       2   61.00    0.00   30.00    1.00    0.00    0.00    0.00    0.00    0.00    8.00
09:01:11       3   62.24    0.00   29.59    1.02    0.00    0.00    0.00    0.00    0.00    7.14
09:01:11       4   61.62    0.00   30.30    1.01    0.00    0.00    0.00    0.00    0.00    7.07
09:01:11       5   60.20    0.00   31.63    0.00    0.00    0.00    0.00    0.00    0.00    8.16
09:01:11       6   60.61    0.00   31.31    0.00    0.00    0.00    0.00    0.00    0.00    8.08
09:01:11       7   58.59    0.00   33.33    0.00    0.00    0.00    0.00    0.00    0.00    8.08

09:01:11     CPU    %usr   %nice    %sys %iowait    %irq   %soft  %steal  %guest  %gnice   %idle
09:01:12     all   59.32    0.00   32.57    1.01    0.00    0.00    0.00    0.00    0.00    7.10
09:01:12       0   59.00    0.00   34.00    1.00    0.00    0.00    0.00    0.00    0.00    6.00
09:01:12       1   58.59    0.00   33.33    1.01    0.00    0.00    0.00    0.00    0.00    7.07
09:01:12       2   60.61    0.00   31.31    1.01    0.00    0.00    0.00    0.00    0.00    7.07
09:01:12       3   59.60    0.00   31.31    1.01    0.00    0.00    0.00    0.00    0.00    8.08
09:01:12       4   58.76    0.00   34.02    0.00    0.00    0.00    0.00    0.00    0.00    7.22
09:01:12       5   60.20    0.00   30.61    1.02    0.00    0.00    0.00    0.00    0.00    8.16
09:01:12       6   58.59    0.00   33.33    1.01    0.00    0.00    0.00    0.00    0.00    7.07
09:01:12       7   59.18    0.00   32.65    2.04    0.00    0.00    0.00    0.00    0.00    6.12

09:01:12     CPU    %usr   %nice    %sys %iowait    %irq   %soft  %steal  %guest  %gnice   %idle
09:01:13     all   58.62    0.00   32.83    1.01    0.00    0.00    0.00    0.00    0.00    7.55
09:01:13       0   57.58    0.00   34.34    1.01    0.00    0.00    0.00    0.00    0.00    7.07
09:01:13       1   57.00    0.00   35.00    1.00    0.00    0.00    0.00    0.00    0.00    7.00
09:01:13       2   60.20    0.00   31.63    1.02    0.00    0.00    0.00    0.00    0.00    7.14
09:01:13       3   58.59    0.00   33.33    1.01    0.00    0.00    0.00    0.00    0.00    7.07
09:01:13       4   59.41    0.00   30.69    0.99    0.00    0.00    0.00    0.00    0.00    8.91
09:01:13       5   56.00    0.00   35.00    1.00    0.00    0.00    0.00    0.00    0.00    8.00
09:01:13       6   61.62    0.00   30.30    1.01    0.00    0.00    0.00    0.00    0.00    7.07
09:01:13       7   58.59    0.00   32.32    1.01    0.00    0.00    0.00    0.00    0.00    8.08

09:01:13     CPU    %usr   %nice    %sys %iowait    %irq   %soft  %steal  %guest  %gnice   %idle
09:01:14     all   59.32    0.00   31.94    1.01    0.00    0.00    0.00    0.00    0.00    7.73
09:01:14       0   59.18    0.00   32.65    1.02    0.00    0.00    0.00    0.00    0.00    7.14
09:01:14       1   59.18    0.00   32.65    1.02    0.00    0.00    0.00    0.00    0.00    7.14
09:01:14       2   59.60    0.00   31.31    1.01    0.00    0.00    0.00    0.00    0.00    8.08
09:01:14       3   61.22    0.00   29.59    1.02    0.00    0.00    0.00    0.00    0.00    8.16
09:01:14       4   57.00    0.00   34.00    1.00    0.00    0.00    0.00    0.00    0.00    8.00
09:01:14       5   60.20    0.00   30.61    1.02    0.00    0.00    0.00    0.00    0.00    8.16
09:01:14       6   58.59    0.00   32.32    1.01    0.00    0.00    0.00    0.00    0.00    8.08
09:01:14       7   59.60    0.00   32.32    1.01    0.00    0.00    0.00    0.00    0.00    7.07

09:01:14     CPU    %usr   %nice    %sys %iowait    %irq   %soft  %steal  %guest  %gnice   %idle
09:01:15     all   58.27    0.00   32.57    1.02    0.00    0.00    0.00    0.00    0.00    8.14
09:01:15       0   56.57    0.00   35.35    1.01    0.00    0.00    0.00    0.00    0.00    7.07
09:01:15       1   59.18    0.00   31.63    1.02    0.00    0.00    0.00    0.00    0.00    8.16
09:01:15       2   55.56    0.00   35.35    1.01    0.00    0.00    0.00    0.00    0.00    8.08
09:01:15       3   59.60    0.00   31.31    1.01    0.00    0.00    0.00    0.00    0.00    8.08
09:01:15       4   59.79    0.00   30.93    1.03    0.00    0.00    0.00    0.00    0.00    8.25
09:01:15       5   57.00    0.00   33.00    2.00    0.00    0.00    0.00    0.00    0.00    8.00
09:01:15       6   58.76    0.00   31.96    1.03    0.00    0.00    0.00    0.00    0.00    8.25
09:01:15       7   59.79    0.00   30.93    0.00    0.00    0.00    0.00    0.00    0.00    9.28

09:01:15     CPU    %usr   %nice    %sys %iowait    %irq   %soft  %steal  %guest  %gnice   %idle
09:01:16     all   59.47    0.00   32.37    0.88    0.00    0.00    0.00    0.00    0.00    7.28
09:01:16       0   59.18    0.00   32.65    1.02    0.00    0.00    0.00    0.00    0.00    7.14
09:01:16       1   60.00    0.00   32.00    1.00    0.00    0.00    0.00    0.00    0.00    7.00
09:01:16       2   60.00    0.00   31.00    1.00    0.00    0.00    0.00    0.00    0.00    8.00
09:01:16       3   61.00    0.00   31.00    1.00    0.00    0.00    0.00    0.00    0.00    7.00
09:01:16       4   60.61    0.00   31.31    1.01    0.00    0.00    0.00    0.00    0.00    7.07
09:01:16       5   58.59    0.00   34.34    0.00    0.00    0.00    0.00    0.00    0.00    7.07
09:01:16       6   59.00    0.00   33.00    1.00    0.00    0.00    0.00    0.00    0.00    7.00
09:01:16       7   57.43    0.00   33.66    0.99    0.00    0.00    0.00    0.00    0.00    7.92

09:01:16     CPU    %usr   %nice    %sys %iowait    %irq   %soft  %steal  %guest  %gnice   %idle
09:01:17     all   58.86    0.00   32.15    1.14    0.00    0.00    0.00    0.00    0.00    7.85
09:01:17       0   59.00    0.00   32.00    1.00    0.00    0.00    0.00    0.00    0.00    8.00
09:01:17       1   59.60    0.00   32.32    1.01    0.00    0.00    0.00    0.00    0.00    7.07
09:01:17       2   57.73    0.00   34.02    1.03    0.00    0.00    0.00    0.00    0.00    7.22
09:01:17       3   58.59    0.00   33.33    1.01    0.00    0.00    0.00    0.00    0.00    7.07
09:01:17       4   58.59    0.00   31.31    1.01    0.00    0.00    0.00    0.00    0.00    9.09
09:01:17       5   58.16    0.00   32.65    1.02    0.00    0.00    0.00    0.00    0.00    8.16
09:01:17       6   57.58    0.00   32.32    1.01    0.00    0.00    0.00    0.00    0.00    9.09
09:01:17       7   61.62    0.00   29.29    2.02    0.00    0.00    0.00    0.00    0.00    7.07

09:01:17     CPU    %usr   %nice    %sys %iowait    %irq   %soft  %steal  %guest  %gnice   %idle
09:01:18     all   60.38    0.00   31.57    0.75    0.00    0.00    0.00    0.00    0.00    7.30
09:01:18       0   60.40    0.00   30.69    0.99    0.00    0.00    0.00    0.00    0.00    7.92
09:01:18       1   59.79    0.00   32.99    0.00    0.00    0.00    0.00    0.00    0.00    7.22
09:01:18       2   62.00    0.00   30.00    1.00    0.00    0.00    0.00    0.00    0.00    7.00
09:01:18       3   61.22    0.00   31.63    1.02    0.00    0.00    0.00    0.00    0.00    6.12
09:01:18       4   58.42    0.00   33.66    0.99    0.00    0.00    0.00    0.00    0.00    6.93
09:01:18       5   60.61    0.00   30.30    1.01    0.00    0.00    0.00    0.00    0.00    8.08
09:01:18       6   60.40    0.00   31.68    0.99    0.00    0.00    0.00    0.00    0.00    6.93
09:01:18       7   60.20    0.00   31.63    0.00    0.00    0.00    0.00    0.00    0.00    8.16

09:01:18     CPU    %usr   %nice    %sys %iowait    %irq   %soft  %steal  %guest  %gnice   %idle
09:01:19     all   59.24    0.00   32.41    0.89    0.00    0.00    0.00    0.00    0.00    7.47
09:01:19       0   59.18    0.00   32.65    1.02    0.00    0.00    0.00    0.00    0.00    7.14
09:01:19       1   58.59    0.00   32.32    1.01    0.00    0.00    0.00    0.00    0.00    8.08
09:01:19       2   61.00    0.00   30.00    1.00    0.00    0.00    0.00    0.00    0.00    8.00
09:01:19       3   57.00    0.00   36.00    1.00    0.00    0.00    0.00    0.00    0.00    6.00
09:01:19       4   61.22    0.00   30.61    1.02    0.00    0.00    0.00    0.00    0.00    7.14
09:01:19       5   58.00    0.00   33.00    1.00    0.00    0.00    0.00    0.00    0.00    8.00
09:01:19       6   60.20    0.00   31.63    0.00    0.00    0.00    0.00    0.00    0.00    8.16
09:01:19       7   58.76    0.00   32.99    1.03    0.00    0.00    0.00    0.00    0.00    7.22

09:01:19     CPU    %usr   %nice    %sys %iowait    %irq   %soft  %steal  %guest  %gnice   %idle
09:01:20     all   57.05    0.00   33.29    1.02    0.00    0.00    0.00    0.00    0.00    8.64
09:01:20       0   56.57    0.00   33.33    1.01    0.00    0.00    0.00    0.00    0.00    9.09
09:01:20       1   57.58    0.00   32.32    1.01    0.00    0.00    0.00    0.00    0.00    9.09
09:01:20       2   57.73    0.00   34.02    0.00    0.00    0.00    0.00    0.00    0.00    8.25
09:01:20       3   55.56    0.00   34.34    1.01    0.00    0.00    0.00    0.00    0.00    9.09
09:01:20       4   57.58    0.00   32.32    1.01    0.00    0.00    0.00    0.00    0.00    9.09
09:01:20       5   58.16    0.00   33.67    1.02    0.00    0.00    0.00    0.00    0.00    7.14
09:01:20       6   57.14    0.00   32.65    2.04    0.00    0.00    0.00    0.00    0.00    8.16
09:01:20       7   56.12    0.00   33.67    1.02    0.00    0.00    0.00    0.00    0.00    9.18

09:01:20     CPU    %usr   %nice    %sys %iowait    %irq   %soft  %steal  %guest  %gnice   %idle
09:01:21     all   57.86    0.00   33.46    1.01    0.00    0.00    0.00    0.00    0.00    7.67
09:01:21       0   59.60    0.00   32.32    1.01    0.00    0.00    0.00    0.00    0.00    7.07
09:01:21       1   56.00    0.00   35.00    1.00    0.00    0.00    0.00    0.00    0.00    8.00
09:01:21       2   58.00    0.00   33.00    1.00    0.00    0.00    0.00    0.00    0.00    8.00
09:01:21       3   57.58    0.00   34.34    1.01    0.00    0.00    0.00    0.00    0.00    7.07
09:01:21       4   59.60    0.00   32.32    1.01    0.00    0.00    0.00    0.00    0.00    7.07
09:01:21       5   55.56    0.00   35.35    1.01    0.00    0.00    0.00    0.00    0.00    8.08
09:01:21       6   59.60    0.00   31.31    1.01    0.00    0.00    0.00    0.00    0.00    8.08
09:01:21       7   57.00    0.00   34.00    1.00    0.00    0.00    0.00    0.00    0.00    8.00

09:01:21     CPU    %usr   %nice    %sys %iowait    %irq   %soft  %steal  %guest  %gnice   %idle
09:01:22     all   57.67    0.00   32.95    1.14    0.00    0.00    0.00    0.00    0.00    8.24
09:01:22       0   59.18    0.00   31.63    1.02    0.00    0.00    0.00    0.00    0.00    8.16
09:01:22       1   55.67    0.00   36.08    1.03    0.00    0.00    0.00    0.00    0.00    7.22
09:01:22       2   55.10    0.00   34.69    2.04    0.00    0.00    0.00    0.00    0.00    8.16
09:01:22       3   57.00    0.00   33.00    1.00    0.00    0.00    0.00    0.00    0.00    9.00
09:01:22       4   58.16    0.00   32.65    1.02    0.00    0.00    0.00    0.00    0.00    8.16
09:01:22       5   58.00    0.00   33.00    1.00    0.00    0.00    0.00    0.00    0.00    8.00
09:01:22       6   58.00    0.00   32.00    1.00    0.00    0.00    0.00    0.00    0.00    9.00
09:01:22       7   60.20    0.00   30.61    1.02    0.00    0.00    0.00    0.00    0.00    8.16

09:01:22     CPU    %usr   %nice    %sys %iowait    %irq   %soft  %steal  %guest  %gnice   %idle
09:01:23     all   56.85    0.00   33.88    0.76    0.00    0.00    0.00    0.00    0.00    8.50
09:01:23       0   58.00    0.00   33.00    1.00    0.00    0.00    0.00    0.00    0.00    8.00
09:01:23       1   58.00    0.00   32.00    1.00    0.00    0.00    0.00    0.00    0.00    9.00
09:01:23       2   56.70    0.00   34.02    1.03    0.00    0.00    0.00    0.00    0.00    8.25
09:01:23       3   57.14    0.00   33.67    1.02    0.00    0.00    0.00    0.00    0.00    8.16
09:01:23       4   56.57    0.00   35.35    0.00    0.00    0.00    0.00    0.00    0.00    8.08
09:01:23       5   56.57    0.00   33.33    1.01    0.00    0.00    0.00    0.00    0.00    9.09
09:01:23       6   56.25    0.00   35.42    0.00    0.00    0.00    0.00    0.00    0.00    8.33
09:01:23       7   55.56    0.00   34.34    1.01    0.00    0.00    0.00    0.00    0.00    9.09

09:01:23     CPU    %usr   %nice    %sys %iowait    %irq   %soft  %steal  %guest  %gnice   %idle
09:01:24     all   58.93    0.00   32.33    1.25    0.00    0.00    0.00    0.00    0.00    7.49
09:01:24       0   58.00    0.00   34.00    1.00    0.00    0.00    0.00    0.00    0.00    7.00
09:01:24       1   59.60    0.00   30.30    2.02    0.00    0.00    0.00    0.00    0.00    8.08
09:01:24       2   59.80    0.00   31.37    1.96    0.00    0.00    0.00    0.00    0.00    6.86
09:01:24       3   59.00    0.00   32.00    1.00    0.00    0.00    0.00    0.00    0.00    8.00
09:01:24       4   59.00    0.00   32.00    1.00    0.00    0.00    0.00    0.00    0.00    8.00
09:01:24       5   59.00    0.00   33.00    1.00    0.00    0.00    0.00    0.00    0.00    7.00
09:01:24       6   58.00    0.00   33.00    1.00    0.00    0.00    0.00    0.00    0.00    8.00
09:01:24       7   59.00    0.00   33.00    1.00    0.00    0.00    0.00    0.00    0.00    7.00

09:01:24     CPU    %usr   %nice    %sys %iowait    %irq   %soft  %steal  %guest  %gnice   %idle
09:01:25     all   59.95    0.00   32.07    0.89    0.00    0.00    0.00    0.00    0.00    7.10
09:01:25       0   59.18    0.00   32.65    1.02    0.00    0.00    0.00    0.00    0.00    7.14
09:01:25       1   61.22    0.00   33.67    0.00    0.00    0.00    0.00    0.00    0.00    5.10
09:01:25       2   59.60    0.00   32.32    0.00    0.00    0.00    0.00    0.00    0.00    8.08
09:01:25       3   59.60    0.00   33.33    2.02    0.00    0.00    0.00    0.00    0.00    5.05
09:01:25       4   61.00    0.00   30.00    1.00    0.00    0.00    0.00    0.00    0.00    8.00
09:01:25       5   59.79    0.00   30.93    1.03    0.00    0.00    0.00    0.00    0.00    8.25
09:01:25       6   59.60    0.00   31.31    1.01    0.00    0.00    0.00    0.00    0.00    8.08
09:01:25       7   59.60    0.00   32.32    1.01    0.00    0.00    0.00    0.00    0.00    7.07

09:01:25     CPU    %usr   %nice    %sys %iowait    %irq   %soft  %steal  %guest  %gnice   %idle
09:01:26     all   59.24    0.00   33.67    0.51    0.00    0.00    0.00    0.00    0.00    6.58
09:01:26       0   60.20    0.00   33.67    0.00    0.00    0.00    0.00    0.00    0.00    6.12
09:01:26       1   56.00    0.00   36.00    1.00    0.00    0.00    0.00    0.00    0.00    7.00
09:01:26       2   58.00    0.00   34.00    1.00    0.00    0.00    0.00    0.00    0.00    7.00
09:01:26       3   60.61    0.00   33.33    0.00    0.00    0.00    0.00    0.00    0.00    6.06
09:01:26       4   59.79    0.00   32.99    1.03    0.00    0.00    0.00    0.00    0.00    6.19
09:01:26       5   58.00    0.00   34.00    0.00    0.00    0.00    0.00    0.00    0.00    8.00
09:01:26       6   60.20    0.00   33.67    0.00    0.00    0.00    0.00    0.00    0.00    6.12
09:01:26       7   61.22    0.00   31.63    1.02    0.00    0.00    0.00    0.00    0.00    6.12

09:01:26     CPU    %usr   %nice    %sys %iowait    %irq   %soft  %steal  %guest  %gnice   %idle
09:01:27     all   58.92    0.00   33.04    1.01    0.00    0.00    0.00    0.00    0.00    7.04
09:01:27       0   61.39    0.00   29.70    0.99    0.00    0.00    0.00    0.00    0.00    7.92
09:01:27       1   56.57    0.00   35.35    1.01    0.00    0.00    0.00    0.00    0.00    7.07
09:01:27       2   60.82    0.00   31.96    1.03    0.00    0.00    0.00    0.00    0.00    6.19
09:01:27       3   58.00    0.00   34.00    1.00    0.00    0.00    0.00    0.00    0.00    7.00
09:01:27       4   60.00    0.00   33.00    1.00    0.00    0.00    0.00    0.00    0.00    6.00
09:01:27       5   57.58    0.00   34.34    1.01    0.00    0.00    0.00    0.00    0.00    7.07
09:01:27       6   59.00    0.00   32.00    1.00    0.00    0.00    0.00    0.00    0.00    8.00
09:01:27       7   58.00    0.00   34.00    1.00    0.00    0.00    0.00    0.00    0.00    7.00

09:01:27     CPU    %usr   %nice    %sys %iowait    %irq   %soft  %steal  %guest  %gnice   %idle
09:01:28     all   61.13    0.00   31.19    1.01    0.00    0.00    0.00    0.00    0.00    6.67
09:01:28       0   59.60    0.00   32.32    1.01    0.00    0.00    0.00    0.00    0.00    7.07
09:01:28       1   61.00    0.00   32.00    1.00    0.00    0.00    0.00    0.00    0.00    6.00
09:01:28       2   62.00    0.00   31.00    1.00    0.00    0.00    0.00    0.00    0.00    6.00
09:01:28       3   61.62    0.00   30.30    1.01    0.00    0.00    0.00    0.00    0.00    7.07
09:01:28       4   63.00    0.00   30.00    1.00    0.00    0.00    0.00    0.00    0.00    6.00
09:01:28       5   60.61    0.00   31.31    1.01    0.00    0.00    0.00    0.00    0.00    7.07
09:01:28       6   60.61    0.00   31.31    1.01    0.00    0.00    0.00    0.00    0.00    7.07
09:01:28       7   60.61    0.00   31.31    1.01    0.00    0.00    0.00    0.00    0.00    7.07

09:01:28     CPU    %usr   %nice    %sys %iowait    %irq   %soft  %steal  %guest  %gnice   %idle
09:01:29     all   60.45    0.00   31.61    0.76    0.00    0.00    0.00    0.00    0.00    7.18
09:01:29       0   60.61    0.00   31.31    1.01    0.00    0.00    0.00    0.00    0.00    7.07
09:01:29       1   62.00    0.00   30.00    1.00    0.00    0.00    0.00    0.00    0.00    7.00
09:01:29       2   57.58    0.00   33.33    1.01    0.00    0.00    0.00    0.00    0.00    8.08
09:01:29       3   59.79    0.00   32.99    0.00    0.00    0.00    0.00    0.00    0.00    7.22
09:01:29       4   62.00    0.00   30.00    1.00    0.00    0.00    0.00    0.00    0.00    7.00
09:01:29       5   59.00    0.00   33.00    1.00    0.00    0.00    0.00    0.00    0.00    7.00
09:01:29       6   61.00    0.00   31.00    1.00    0.00    0.00    0.00    0.00    0.00    7.00
09:01:29       7   61.62    0.00   31.31    0.00    0.00    0.00    0.00    0.00    0.00    7.07

09:01:29     CPU    %usr   %nice    %sys %iowait    %irq   %soft  %steal  %guest  %gnice   %idle
09:01:30     all   60.20    0.00   32.75    0.63    0.00    0.00    0.00    0.00    0.00    6.42
09:01:30       0   61.62    0.00   31.31    0.00    0.00    0.00    0.00    0.00    0.00    7.07
09:01:30       1   59.00    0.00   34.00    1.00    0.00    0.00    0.00    0.00    0.00    6.00
09:01:30       2   61.00    0.00   32.00    1.00    0.00    0.00    0.00    0.00    0.00    6.00
09:01:30       3   59.41    0.00   32.67    0.99    0.00    0.00    0.00    0.00    0.00    6.93
09:01:30       4   60.20    0.00   32.65    0.00    0.00    0.00    0.00    0.00    0.00    7.14
09:01:30       5   60.20    0.00   32.65    1.02    0.00    0.00    0.00    0.00    0.00    6.12
09:01:30       6   58.59    0.00   34.34    0.00    0.00    0.00    0.00    0.00    0.00    7.07
09:01:30       7   61.62    0.00   32.32    1.01    0.00    0.00    0.00    0.00    0.00    5.05

09:01:30     CPU    %usr   %nice    %sys %iowait    %irq   %soft  %steal  %guest  %gnice   %idle
09:01:31     all   60.13    0.00   31.19    1.13    0.00    0.00    0.00    0.00    0.00    7.55
09:01:31       0   62.63    0.00   29.29    1.01    0.00    0.00    0.00    0.00    0.00    7.07
09:01:31       1   59.18    0.00   31.63    1.02    0.00    0.00    0.00    0.00    0.00    8.16
09:01:31       2   61.00    0.00   30.00    1.00    0.00    0.00    0.00    0.00    0.00    8.00
09:01:31       3   60.61    0.00   31.31    1.01    0.00    0.00    0.00    0.00    0.00    7.07
09:01:31       4   60.78    0.00   30.39    1.96    0.00    0.00    0.00    0.00    0.00    6.86
09:01:31       5   58.59    0.00   33.33    1.01    0.00    0.00    0.00    0.00    0.00    7.07
09:01:31       6   58.59    0.00   31.31    1.01    0.00    0.00    0.00    0.00    0.00    9.09
09:01:31       7   59.60    0.00   32.32    1.01    0.00    0.00    0.00    0.00    0.00    7.07

09:01:31     CPU    %usr   %nice    %sys %iowait    %irq   %soft  %steal  %guest  %gnice   %idle
09:01:32     all   59.57    0.00   32.62    0.76    0.00    0.00    0.00    0.00    0.00    7.05
09:01:32       0   60.00    0.00   32.00    1.00    0.00    0.00    0.00    0.00    0.00    7.00
09:01:32       1   60.61    0.00   31.31    1.01    0.00    0.00    0.00    0.00    0.00    7.07
09:01:32       2   58.59    0.00   35.35    0.00    0.00    0.00    0.00    0.00    0.00    6.06
09:01:32       3   59.60    0.00   32.32    1.01    0.00    0.00    0.00    0.00    0.00    7.07
09:01:32       4   59.60    0.00   32.32    1.01    0.00    0.00    0.00    0.00    0.00    7.07
09:01:32       5   57.00    0.00   35.00    1.00    0.00    0.00    0.00    0.00    0.00    7.00
09:01:32       6   61.62    0.00   30.30    1.01    0.00    0.00    0.00    0.00    0.00    7.07
09:01:32       7   59.60    0.00   32.32    0.00    0.00    0.00    0.00    0.00    0.00    8.08

09:01:32     CPU    %usr   %nice    %sys %iowait    %irq   %soft  %steal  %guest  %gnice   %idle
09:01:33     all   57.11    0.00   33.08    1.26    0.00    0.00    0.00    0.00    0.00    8.55
09:01:33       0   55.00    0.00   35.00    1.00    0.00    0.00    0.00    0.00    0.00    9.00
09:01:33       1   59.60    0.00   31.31    1.01    0.00    0.00    0.00    0.00    0.00    8.08
09:01:33       2   58.00    0.00   31.00    2.00    0.00    0.00    0.00    0.00    0.00    9.00
09:01:33       3   57.58    0.00   33.33    1.01    0.00    0.00    0.00    0.00    0.00    8.08
09:01:33       4   56.57    0.00   33.33    1.01    0.00    0.00    0.00    0.00    0.00    9.09
09:01:33       5   57.58    0.00   33.33    1.01    0.00    0.00    0.00    0.00    0.00    8.08
09:01:33       6   56.57    0.00   33.33    1.01    0.00    0.00    0.00    0.00    0.00    9.09
09:01:33       7   56.00    0.00   34.00    2.00    0.00    0.00    0.00    0.00    0.00    8.00

09:01:33     CPU    %usr   %nice    %sys %iowait    %irq   %soft  %steal  %guest  %gnice   %idle
09:01:34     all   59.65    0.00   32.16    1.01    0.00    0.00    0.00    0.00    0.00    7.19
09:01:34       0   61.62    0.00   30.30    1.01    0.00    0.00    0.00    0.00    0.00    7.07
09:01:34       1   60.00    0.00   32.00    1.00    0.00    0.00    0.00    0.00    0.00    7.00
09:01:34       2   58.16    0.00   34.69    1.02    0.00    0.00    0.00    0.00    0.00    6.12
09:01:34       3   57.58    0.00   34.34    1.01    0.00    0.00    0.00    0.00    0.00    7.07
09:01:34       4   58.16    0.00   33.67    1.02    0.00    0.00    0.00    0.00    0.00    7.14
09:01:34       5   61.62    0.00   30.30    1.01    0.00    0.00    0.00    0.00    0.00    7.07
09:01:34       6   58.59    0.00   33.33    1.01    0.00    0.00    0.00    0.00    0.00    7.07
09:01:34       7   61.39    0.00   28.71    0.99    0.00    0.00    0.00    0.00    0.00    8.91

09:01:34     CPU    %usr   %nice    %sys %iowait    %irq   %soft  %steal  %guest  %gnice   %idle
09:01:35     all   60.63    0.00   32.03    0.63    0.00    0.00    0.00    0.00    0.00    6.71
09:01:35       0   62.63    0.00   30.30    0.00    0.00    0.00    0.00    0.00    0.00    7.07
09:01:35       1   60.20    0.00   32.65    1.02    0.00    0.00    0.00    0.00    0.00    6.12
09:01:35       2   60.00    0.00   32.00    1.00    0.00    0.00    0.00    0.00    0.00    7.00
09:01:35       3   60.61    0.00   31.31    1.01    0.00    0.00    0.00    0.00    0.00    7.07
09:01:35       4   60.20    0.00   33.67    0.00    0.00    0.00    0.00    0.00    0.00    6.12
09:01:35       5   58.59    0.00   33.33    1.01    0.00    0.00    0.00    0.00    0.00    7.07
09:01:35       6   61.00    0.00   31.00    1.00    0.00    0.00    0.00    0.00    0.00    7.00
09:01:35       7   61.86    0.00   31.96    0.00    0.00    0.00    0.00    0.00    0.00    6.19

09:01:35     CPU    %usr   %nice    %sys %iowait    %irq   %soft  %steal  %guest  %gnice   %idle
09:01:36     all   59.24    0.00   32.03    0.76    0.00    0.00    0.00    0.00    0.00    7.97
09:01:36       0   57.14    0.00   32.65    1.02    0.00    0.00    0.00    0.00    0.00    9.18
09:01:36       1   59.00    0.00   32.00    1.00    0.00    0.00    0.00    0.00    0.00    8.00
09:01:36       2   59.18    0.00   33.67    0.00    0.00    0.00    0.00    0.00    0.00    7.14
09:01:36       3   59.60    0.00   31.31    1.01    0.00    0.00    0.00    0.00    0.00    8.08
09:01:36       4   59.18    0.00   31.63    1.02    0.00    0.00    0.00    0.00    0.00    8.16
09:01:36       5   62.24    0.00   29.59    1.02    0.00    0.00    0.00    0.00    0.00    7.14
09:01:36       6   58.00    0.00   33.00    1.00    0.00    0.00    0.00    0.00    0.00    8.00
09:01:36       7   59.60    0.00   32.32    0.00    0.00    0.00    0.00    0.00    0.00    8.08

09:01:36     CPU    %usr   %nice    %sys %iowait    %irq   %soft  %steal  %guest  %gnice   %idle
09:01:37     all   59.57    0.00   31.74    1.13    0.00    0.00    0.00    0.00    0.00    7.56
09:01:37       0   60.40    0.00   31.68    0.99    0.00    0.00    0.00    0.00    0.00    6.93
09:01:37       1   60.61    0.00   30.30    1.01    0.00    0.00    0.00    0.00    0.00    8.08
09:01:37       2   59.00    0.00   32.00    2.00    0.00    0.00    0.00    0.00    0.00    7.00
09:01:37       3   59.18    0.00   31.63    1.02    0.00    0.00    0.00    0.00    0.00    8.16
09:01:37       4   58.59    0.00   32.32    1.01    0.00    0.00    0.00    0.00    0.00    8.08
09:01:37       5   57.58    0.00   34.34    1.01    0.00    0.00    0.00    0.00    0.00    7.07
09:01:37       6   61.00    0.00   31.00    1.00    0.00    0.00    0.00    0.00    0.00    7.00
09:01:37       7   60.20    0.00   30.61    1.02    0.00    0.00    0.00    0.00    0.00    8.16

09:01:37     CPU    %usr   %nice    %sys %iowait    %irq   %soft  %steal  %guest  %gnice   %idle
09:01:38     all   59.39    0.00   31.53    0.88    0.00    0.00    0.00    0.00    0.00    8.20
09:01:38       0   57.00    0.00   34.00    1.00    0.00    0.00    0.00    0.00    0.00    8.00
09:01:38       1   60.82    0.00   30.93    1.03    0.00    0.00    0.00    0.00    0.00    7.22
09:01:38       2   58.59    0.00   33.33    0.00    0.00    0.00    0.00    0.00    0.00    8.08
09:01:38       3   59.00    0.00   32.00    1.00    0.00    0.00    0.00    0.00    0.00    8.00
09:01:38       4   62.63    0.00   28.28    1.01    0.00    0.00    0.00    0.00    0.00    8.08
09:01:38       5   61.62    0.00   29.29    1.01    0.00    0.00    0.00    0.00    0.00    8.08
09:01:38       6   57.58    0.00   32.32    1.01    0.00    0.00    0.00    0.00    0.00    9.09
09:01:38       7   58.00    0.00   32.00    1.00    0.00    0.00    0.00    0.00    0.00    9.00

09:01:38     CPU    %usr   %nice    %sys %iowait    %irq   %soft  %steal  %guest  %gnice   %idle
09:01:39     all   59.45    0.00   32.49    1.13    0.00    0.00    0.00    0.00    0.00    6.93
09:01:39       0   57.14    0.00   34.69    1.02    0.00    0.00    0.00    0.00    0.00    7.14
09:01:39       1   62.00    0.00   30.00    1.00    0.00    0.00    0.00    0.00    0.00    7.00
09:01:39       2   59.41    0.00   31.68    1.98    0.00    0.00    0.00    0.00    0.00    6.93
09:01:39       3   57.58    0.00   34.34    1.01    0.00    0.00    0.00    0.00    0.00    7.07
09:01:39       4   59.60    0.00   32.32    1.01    0.00    0.00    0.00    0.00    0.00    7.07
09:01:39       5   57.00    0.00   35.00    1.00    0.00    0.00    0.00    0.00    0.00    7.00
09:01:39       6   62.24    0.00   29.59    1.02    0.00    0.00    0.00    0.00    0.00    7.14
09:01:39       7   60.61    0.00   32.32    1.01    0.00    0.00    0.00    0.00    0.00    6.06

09:01:39     CPU    %usr   %nice    %sys %iowait    %irq   %soft  %steal  %guest  %gnice   %idle
09:01:40     all   60.83    0.00   31.61    0.38    0.00    0.00    0.00    0.00    0.00    7.18
09:01:40       0   61.00    0.00   31.00    0.00    0.00    0.00    0.00    0.00    0.00    8.00
09:01:40       1   61.39    0.00   30.69    0.99    0.00    0.00    0.00    0.00    0.00    6.93
09:01:40       2   61.86    0.00   30.93    0.00    0.00    0.00    0.00    0.00    0.00    7.22
09:01:40       3   63.27    0.00   30.61    0.00    0.00    0.00    0.00    0.00    0.00    6.12
09:01:40       4   59.00    0.00   33.00    0.00    0.00    0.00    0.00    0.00    0.00    8.00
09:01:40       5   59.60    0.00   32.32    1.01    0.00    0.00    0.00    0.00    0.00    7.07
09:01:40       6   59.60    0.00   33.33    0.00    0.00    0.00    0.00    0.00    0.00    7.07
09:01:40       7   61.00    0.00   31.00    1.00    0.00    0.00    0.00    0.00    0.00    7.00

09:01:40     CPU    %usr   %nice    %sys %iowait    %irq   %soft  %steal  %guest  %gnice   %idle
09:01:41     all   57.54    0.00   32.41    1.38    0.00    0.00    0.00    0.00    0.00    8.67
09:01:41       0   56.57    0.00   34.34    1.01    0.00    0.00    0.00    0.00    0.00    8.08
09:01:41       1   60.20    0.00   30.61    1.02    0.00    0.00    0.00    0.00    0.00    8.16
09:01:41       2   56.00    0.00   33.00    2.00    0.00    0.00    0.00    0.00    0.00    9.00
09:01:41       3   57.00    0.00   33.00    2.00    0.00    0.00    0.00    0.00    0.00    8.00
09:01:41       4   56.57    0.00   33.33    1.01    0.00    0.00    0.00    0.00    0.00    9.09
09:01:41       5   57.58    0.00   32.32    1.01    0.00    0.00    0.00    0.00    0.00    9.09
09:01:41       6   59.00    0.00   30.00    2.00    0.00    0.00    0.00    0.00    0.00    9.00
09:01:41       7   57.43    0.00   32.67    0.99    0.00    0.00    0.00    0.00    0.00    8.91

09:01:41     CPU    %usr   %nice    %sys %iowait    %irq   %soft  %steal  %guest  %gnice   %idle
09:01:42     all   59.11    0.00   32.36    0.38    0.00    0.00    0.00    0.00    0.00    8.15
09:01:42       0   60.61    0.00   31.31    0.00    0.00    0.00    0.00    0.00    0.00    8.08
09:01:42       1   60.00    0.00   32.00    1.00    0.00    0.00    0.00    0.00    0.00    7.00
09:01:42       2   59.18    0.00   32.65    0.00    0.00    0.00    0.00    0.00    0.00    8.16
09:01:42       3   59.79    0.00   32.99    0.00    0.00    0.00    0.00    0.00    0.00    7.22
09:01:42       4   59.60    0.00   31.31    1.01    0.00    0.00    0.00    0.00    0.00    8.08
09:01:42       5   59.38    0.00   31.25    0.00    0.00    0.00    0.00    0.00    0.00    9.38
09:01:42       6   56.70    0.00   34.02    0.00    0.00    0.00    0.00    0.00    0.00    9.28
09:01:42       7   57.58    0.00   33.33    1.01    0.00    0.00    0.00    0.00    0.00    8.08

09:01:42     CPU    %usr   %nice    %sys %iowait    %irq   %soft  %steal  %guest  %gnice   %idle
09:01:43     all   59.37    0.00   31.95    1.13    0.00    0.00    0.00    0.00    0.00    7.55
09:01:43       0   59.00    0.00   33.00    1.00    0.00    0.00    0.00    0.00    0.00    7.00
09:01:43       1   58.59    0.00   32.32    1.01    0.00    0.00    0.00    0.00    0.00    8.08
09:01:43       2   60.61    0.00   31.31    1.01    0.00    0.00    0.00    0.00    0.00    7.07
09:01:43       3   57.00    0.00   33.00    2.00    0.00    0.00    0.00    0.00    0.00    8.00
09:01:43       4   61.22    0.00   30.61    1.02    0.00    0.00    0.00    0.00    0.00    7.14
09:01:43       5   58.59    0.00   32.32    1.01    0.00    0.00    0.00    0.00    0.00    8.08
09:01:43       6   58.00    0.00   33.00    1.00    0.00    0.00    0.00    0.00    0.00    8.00
09:01:43       7   62.00    0.00   30.00    1.00    0.00    0.00    0.00    0.00    0.00    7.00

09:01:43     CPU    %usr   %nice    %sys %iowait    %irq   %soft  %steal  %guest  %gnice   %idle
09:01:44     all   58.68    0.00   31.69    1.01    0.00    0.00    0.00    0.00    0.00    8.62
09:01:44       0   55.67    0.00   34.02    2.06    0.00    0.00    0.00    0.00    0.00    8.25
09:01:44       1   59.60    0.00   31.31    1.01    0.00    0.00    0.00    0.00    0.00    8.08
09:01:44       2   61.62    0.00   28.28    1.01    0.00    0.00    0.00    0.00    0.00    9.09
09:01:44       3   56.00    0.00   34.00    1.00    0.00    0.00    0.00    0.00    0.00    9.00
09:01:44       4   59.60    0.00   31.31    0.00    0.00    0.00    0.00    0.00    0.00    9.09
09:01:44       5   58.59    0.00   31.31    1.01    0.00    0.00    0.00    0.00    0.00    9.09
09:01:44       6   58.59    0.00   32.32    1.01    0.00    0.00    0.00    0.00    0.00    8.08
09:01:44       7   59.79    0.00   30.93    1.03    0.00    0.00    0.00    0.00    0.00    8.25

09:01:44     CPU    %usr   %nice    %sys %iowait    %irq   %soft  %steal  %guest  %gnice   %idle
09:01:45     all   59.82    0.00   32.29    0.75    0.00    0.00    0.00    0.00    0.00    7.13
09:01:45       0   61.62    0.00   31.31    1.01    0.00    0.00    0.00    0.00    0.00    6.06
09:01:45       1   59.00    0.00   33.00    0.00    0.00    0.00    0.00    0.00    0.00    8.00
09:01:45       2   60.40    0.00   31.68    0.99    0.00    0.00    0.00    0.00    0.00    6.93
09:01:45       3   59.60    0.00   33.33    0.00    0.00    0.00    0.00    0.00    0.00    7.07
09:01:45       4   59.60    0.00   32.32    1.01    0.00    0.00    0.00    0.00    0.00    7.07
09:01:45       5   59.41    0.00   32.67    0.99    0.00    0.00    0.00    0.00    0.00    6.93
09:01:45       6   59.60    0.00   31.31    1.01    0.00    0.00    0.00    0.00    0.00    8.08
09:01:45       7   59.41    0.00   32.67    0.99    0.00    0.00    0.00    0.00    0.00    6.93

09:01:45     CPU    %usr   %nice    %sys %iowait    %irq   %soft  %steal  %guest  %gnice   %idle
09:01:46     all   60.20    0.00   32.12    0.76    0.00    0.00    0.00    0.00    0.00    6.93
09:01:46       0   62.00    0.00   31.00    0.00    0.00    0.00    0.00    0.00    0.00    7.00
09:01:46       1   61.62    0.00   30.30    1.01    0.00    0.00    0.00    0.00    0.00    7.07
09:01:46       2   59.60    0.00   32.32    1.01    0.00    0.00    0.00    0.00    0.00    7.07
09:01:46       3   60.61    0.00   32.32    1.01    0.00    0.00    0.00    0.00    0.00    6.06
09:01:46       4   59.60    0.00   32.32    1.01    0.00    0.00    0.00    0.00    0.00    7.07
09:01:46       5   59.00    0.00   33.00    1.00    0.00    0.00    0.00    0.00    0.00    7.00
09:01:46       6   61.00    0.00   31.00    1.00    0.00    0.00    0.00    0.00    0.00    7.00
09:01:46       7   58.16    0.00   34.69    0.00    0.00    0.00    0.00    0.00    0.00    7.14

09:01:46     CPU    %usr   %nice    %sys %iowait    %irq   %soft  %steal  %guest  %gnice   %idle
09:01:47     all   60.75    0.00   31.57    0.88    0.00    0.00    0.00    0.00    0.00    6.79
09:01:47       0   61.00    0.00   32.00    1.00    0.00    0.00    0.00    0.00    0.00    6.00
09:01:47       1   60.00    0.00   33.00    1.00    0.00    0.00    0.00    0.00    0.00    6.00
09:01:47       2   60.00    0.00   32.00    1.00    0.00    0.00    0.00    0.00    0.00    7.00
09:01:47       3   62.00    0.00   30.00    0.00    0.00    0.00    0.00    0.00    0.00    8.00
09:01:47       4   61.00    0.00   32.00    1.00    0.00    0.00    0.00    0.00    0.00    6.00
09:01:47       5   60.20    0.00   31.63    1.02    0.00    0.00    0.00    0.00    0.00    7.14
09:01:47       6   61.62    0.00   30.30    1.01    0.00    0.00    0.00    0.00    0.00    7.07
09:01:47       7   60.20    0.00   31.63    1.02    0.00    0.00    0.00    0.00    0.00    7.14

09:01:47     CPU    %usr   %nice    %sys %iowait    %irq   %soft  %steal  %guest  %gnice   %idle
09:01:48     all   59.50    0.00   32.38    0.88    0.00    0.00    0.00    0.00    0.00    7.25
09:01:48       0   59.60    0.00   32.32    1.01    0.00    0.00    0.00    0.00    0.00    7.07
09:01:48       1   58.00    0.00   34.00    1.00    0.00    0.00    0.00    0.00    0.00    7.00
09:01:48       2   62.00    0.00   30.00    1.00    0.00    0.00    0.00    0.00    0.00    7.00
09:01:48       3   61.00    0.00   32.00    1.00    0.00    0.00    0.00    0.00    0.00    6.00
09:01:48       4   55.00    0.00   36.00    1.00    0.00    0.00    0.00    0.00    0.00    8.00
09:01:48       5   61.00    0.00   31.00    0.00    0.00    0.00    0.00    0.00    0.00    8.00
09:01:48       6   57.43    0.00   33.66    0.99    0.00    0.00    0.00    0.00    0.00    7.92
09:01:48       7   62.00    0.00   30.00    1.00    0.00    0.00    0.00    0.00    0.00    7.00

09:01:48     CPU    %usr   %nice    %sys %iowait    %irq   %soft  %steal  %guest  %gnice   %idle
09:01:49     all   60.23    0.00   31.82    1.01    0.00    0.00    0.00    0.00    0.00    6.94
09:01:49       0   60.61    0.00   30.30    1.01    0.00    0.00    0.00    0.00    0.00    8.08
09:01:49       1   59.60    0.00   32.32    2.02    0.00    0.00    0.00    0.00    0.00    6.06
09:01:49       2   58.59    0.00   33.33    1.01    0.00    0.00    0.00    0.00    0.00    7.07
09:01:49       3   59.18    0.00   33.67    0.00    0.00    0.00    0.00    0.00    0.00    7.14
09:01:49       4   60.61    0.00   32.32    1.01    0.00    0.00    0.00    0.00    0.00    6.06
09:01:49       5   63.00    0.00   29.00    1.00    0.00    0.00    0.00    0.00    0.00    7.00
09:01:49       6   59.60    0.00   31.31    1.01    0.00    0.00    0.00    0.00    0.00    8.08
09:01:49       7   60.61    0.00   32.32    1.01    0.00    0.00    0.00    0.00    0.00    6.06

09:01:49     CPU    %usr   %nice    %sys %iowait    %irq   %soft  %steal  %guest  %gnice   %idle
09:01:50     all   60.18    0.00   32.24    0.76    0.00    0.00    0.00    0.00    0.00    6.83
09:01:50       0   60.00    0.00   32.00    1.00    0.00    0.00    0.00    0.00    0.00    7.00
09:01:50       1   59.60    0.00   33.33    1.01    0.00    0.00    0.00    0.00    0.00    6.06
09:01:50       2   62.89    0.00   30.93    0.00    0.00    0.00    0.00    0.00    0.00    6.19
09:01:50       3   60.00    0.00   31.00    1.00    0.00    0.00    0.00    0.00    0.00    8.00
09:01:50       4   61.22    0.00   31.63    1.02    0.00    0.00    0.00    0.00    0.00    6.12
09:01:50       5   59.00    0.00   34.00    1.00    0.00    0.00    0.00    0.00    0.00    6.00
09:01:50       6   60.20    0.00   32.65    0.00    0.00    0.00    0.00    0.00    0.00    7.14
09:01:50       7   58.59    0.00   32.32    1.01    0.00    0.00    0.00    0.00    0.00    8.08

09:01:50     CPU    %usr   %nice    %sys %iowait    %irq   %soft  %steal  %guest  %gnice   %idle
09:01:51     all   60.33    0.00   31.94    0.63    0.00    0.00    0.00    0.00    0.00    7.10
09:01:51       0   60.61    0.00   32.32    0.00    0.00    0.00    0.00    0.00    0.00    7.07
09:01:51       1   60.00    0.00   31.00    1.00    0.00    0.00    0.00    0.00    0.00    8.00
09:01:51       2   59.60    0.00   32.32    1.01    0.00    0.00    0.00    0.00    0.00    7.07
09:01:51       3   59.18    0.00   33.67    1.02    0.00    0.00    0.00    0.00    0.00    6.12
09:01:51       4   60.20    0.00   31.63    0.00    0.00    0.00    0.00    0.00    0.00    8.16
09:01:51       5   60.82    0.00   31.96    1.03    0.00    0.00    0.00    0.00    0.00    6.19
09:01:51       6   58.59    0.00   32.32    1.01    0.00    0.00    0.00    0.00    0.00    8.08
09:01:51       7   63.64    0.00   30.30    0.00    0.00    0.00    0.00    0.00    0.00    6.06

09:01:51     CPU    %usr   %nice    %sys %iowait    %irq   %soft  %steal  %guest  %gnice   %idle
09:01:52     all   59.95    0.00   31.99    0.76    0.00    0.00    0.00    0.00    0.00    7.30
09:01:52       0   61.62    0.00   29.29    1.01    0.00    0.00    0.00    0.00    0.00    8.08
09:01:52       1   63.64    0.00   29.29    0.00    0.00    0.00    0.00    0.00    0.00    7.07
09:01:52       2   57.58    0.00   33.33    1.01    0.00    0.00    0.00    0.00    0.00    8.08
09:01:52       3   60.00    0.00   33.00    1.00    0.00    0.00    0.00    0.00    0.00    6.00
09:01:52       4   58.59    0.00   32.32    1.01    0.00    0.00    0.00    0.00    0.00    8.08
09:01:52       5   61.00    0.00   31.00    1.00    0.00    0.00    0.00    0.00    0.00    7.00
09:01:52       6   58.16    0.00   34.69    0.00    0.00    0.00    0.00    0.00    0.00    7.14
09:01:52       7   59.00    0.00   33.00    1.00    0.00    0.00    0.00    0.00    0.00    7.00

09:01:52     CPU    %usr   %nice    %sys %iowait    %irq   %soft  %steal  %guest  %gnice   %idle
09:01:53     all   59.27    0.00   32.58    1.00    0.00    0.00    0.00    0.00    0.00    7.14
09:01:53       0   59.00    0.00   34.00    0.00    0.00    0.00    0.00    0.00    0.00    7.00
09:01:53       1   59.60    0.00   33.33    1.01    0.00    0.00    0.00    0.00    0.00    6.06
09:01:53       2   62.00    0.00   30.00    1.00    0.00    0.00    0.00    0.00    0.00    7.00
09:01:53       3   59.18    0.00   32.65    1.02    0.00    0.00    0.00    0.00    0.00    7.14
09:01:53       4   57.43    0.00   33.66    0.99    0.00    0.00    0.00    0.00    0.00    7.92
09:01:53       5   59.00    0.00   33.00    1.00    0.00    0.00    0.00    0.00    0.00    7.00
09:01:53       6   62.00    0.00   30.00    1.00    0.00    0.00    0.00    0.00    0.00    7.00
09:01:53       7   56.00    0.00   34.00    2.00    0.00    0.00    0.00    0.00    0.00    8.00

09:01:53     CPU    %usr   %nice    %sys %iowait    %irq   %soft  %steal  %guest  %gnice   %idle
09:01:54     all   60.00    0.00   32.61    0.38    0.00    0.00    0.00    0.00    0.00    7.01
09:01:54       0   59.79    0.00   32.99    1.03    0.00    0.00    0.00    0.00    0.00    6.19
09:01:54       1   57.43    0.00   33.66    0.99    0.00    0.00    0.00    0.00    0.00    7.92
09:01:54       2   61.22    0.00   30.61    0.00    0.00    0.00    0.00    0.00    0.00    8.16
09:01:54       3   60.20    0.00   32.65    0.00    0.00    0.00    0.00    0.00    0.00    7.14
09:01:54       4   56.70    0.00   37.11    0.00    0.00    0.00    0.00    0.00    0.00    6.19
09:01:54       5   59.18    0.00   33.67    0.00    0.00    0.00    0.00    0.00    0.00    7.14
09:01:54       6   61.22    0.00   31.63    0.00    0.00    0.00    0.00    0.00    0.00    7.14
09:01:54       7   64.29    0.00   28.57    1.02    0.00    0.00    0.00    0.00    0.00    6.12

09:01:54     CPU    %usr   %nice    %sys %iowait    %irq   %soft  %steal  %guest  %gnice   %idle
09:01:55     all   60.00    0.00   31.19    1.01    0.00    0.00    0.00    0.00    0.00    7.80
09:01:55       0   58.00    0.00   33.00    1.00    0.00    0.00    0.00    0.00    0.00    8.00
09:01:55       1   59.18    0.00   32.65    1.02    0.00    0.00    0.00    0.00    0.00    7.14
09:01:55       2   63.00    0.00   29.00    1.00    0.00    0.00    0.00    0.00    0.00    7.00
09:01:55       3   59.00    0.00   31.00    1.00    0.00    0.00    0.00    0.00    0.00    9.00
09:01:55       4   60.40    0.00   30.69    0.99    0.00    0.00    0.00    0.00    0.00    7.92
09:01:55       5   61.22    0.00   30.61    1.02    0.00    0.00    0.00    0.00    0.00    7.14
09:01:55       6   60.20    0.00   31.63    1.02    0.00    0.00    0.00    0.00    0.00    7.14
09:01:55       7   59.00    0.00   31.00    1.00    0.00    0.00    0.00    0.00    0.00    9.00

09:01:55     CPU    %usr   %nice    %sys %iowait    %irq   %soft  %steal  %guest  %gnice   %idle
09:01:56     all   59.97    0.00   32.70    0.76    0.00    0.00    0.00    0.00    0.00    6.57
09:01:56       0   60.20    0.00   32.65    0.00    0.00    0.00    0.00    0.00    0.00    7.14
09:01:56       1   59.60    0.00   32.32    1.01    0.00    0.00    0.00    0.00    0.00    7.07
09:01:56       2   58.59    0.00   34.34    1.01    0.00    0.00    0.00    0.00    0.00    6.06
09:01:56       3   59.60    0.00   33.33    1.01    0.00    0.00    0.00    0.00    0.00    6.06
09:01:56       4   60.20    0.00   31.63    1.02    0.00    0.00    0.00    0.00    0.00    7.14
09:01:56       5   61.62    0.00   31.31    1.01    0.00    0.00    0.00    0.00    0.00    6.06
09:01:56       6   60.00    0.00   33.00    1.00    0.00    0.00    0.00    0.00    0.00    6.00
09:01:56       7   60.00    0.00   33.00    0.00    0.00    0.00    0.00    0.00    0.00    7.00

09:01:56     CPU    %usr   %nice    %sys %iowait    %irq   %soft  %steal  %guest  %gnice   %idle
09:01:57     all   59.45    0.00   32.37    0.88    0.00    0.00    0.00    0.00    0.00    7.30
09:01:57       0   60.00    0.00   33.00    1.00    0.00    0.00    0.00    0.00    0.00    6.00
09:01:57       1   60.00    0.00   31.00    1.00    0.00    0.00    0.00    0.00    0.00    8.00
09:01:57       2   60.20    0.00   31.63    1.02    0.00    0.00    0.00    0.00    0.00    7.14
09:01:57       3   58.59    0.00   33.33    1.01    0.00    0.00    0.00    0.00    0.00    7.07
09:01:57       4   58.59    0.00   32.32    1.01    0.00    0.00    0.00    0.00    0.00    8.08
09:01:57       5   59.00    0.00   32.00    1.00    0.00    0.00    0.00    0.00    0.00    8.00
09:01:57       6   59.60    0.00   33.33    0.00    0.00    0.00    0.00    0.00    0.00    7.07
09:01:57       7   59.60    0.00   32.32    1.01    0.00    0.00    0.00    0.00    0.00    7.07

09:01:57     CPU    %usr   %nice    %sys %iowait    %irq   %soft  %steal  %guest  %gnice   %idle
09:01:58     all   58.28    0.00   34.01    0.76    0.00    0.00    0.00    0.00    0.00    6.95
09:01:58       0   57.14    0.00   34.69    1.02    0.00    0.00    0.00    0.00    0.00    7.14
09:01:58       1   59.60    0.00   32.32    0.00    0.00    0.00    0.00    0.00    0.00    8.08
09:01:58       2   56.57    0.00   36.36    1.01    0.00    0.00    0.00    0.00    0.00    6.06
09:01:58       3   60.61    0.00   33.33    0.00    0.00    0.00    0.00    0.00    0.00    6.06
09:01:58       4   59.00    0.00   33.00    1.00    0.00    0.00    0.00    0.00    0.00    7.00
09:01:58       5   59.18    0.00   33.67    0.00    0.00    0.00    0.00    0.00    0.00    7.14
09:01:58       6   56.00    0.00   34.00    2.00    0.00    0.00    0.00    0.00    0.00    8.00
09:01:58       7   58.16    0.00   34.69    1.02    0.00    0.00    0.00    0.00    0.00    6.12

09:01:58     CPU    %usr   %nice    %sys %iowait    %irq   %soft  %steal  %guest  %gnice   %idle
09:01:59     all   60.20    0.00   31.54    0.75    0.00    0.00    0.00    0.00    0.00    7.51
09:01:59       0   60.40    0.00   30.69    0.99    0.00    0.00    0.00    0.00    0.00    7.92
09:01:59       1   58.59    0.00   32.32    1.01    0.00    0.00    0.00    0.00    0.00    8.08
09:01:59       2   59.00    0.00   32.00    1.00    0.00    0.00    0.00    0.00    0.00    8.00
09:01:59       3   63.00    0.00   29.00    1.00    0.00    0.00    0.00    0.00    0.00    7.00
09:01:59       4   60.61    0.00   33.33    0.00    0.00    0.00    0.00    0.00    0.00    6.06
09:01:59       5   60.40    0.00   30.69    0.99    0.00    0.00    0.00    0.00    0.00    7.92
09:01:59       6   60.61    0.00   32.32    0.00    0.00    0.00    0.00    0.00    0.00    7.07
09:01:59       7   59.00    0.00   32.00    1.00    0.00    0.00    0.00    0.00    0.00    8.00

09:01:59     CPU    %usr   %nice    %sys %iowait    %irq   %soft  %steal  %guest  %gnice   %idle
09:02:00     all   60.61    0.00   31.89    0.76    0.00    0.00    0.00    0.00    0.00    6.73
09:02:00       0   61.22    0.00   33.67    0.00    0.00    0.00    0.00    0.00    0.00    5.10
09:02:00       1   61.22    0.00   32.65    0.00    0.00    0.00    0.00    0.00    0.00    6.12
09:02:00       2   64.95    0.00   26.80    1.03    0.00    0.00    0.00    0.00    0.00    7.22
09:02:00       3   60.61    0.00   31.31    1.01    0.00    0.00    0.00    0.00    0.00    7.07
09:02:00       4   60.61    0.00   31.31    1.01    0.00    0.00    0.00    0.00    0.00    7.07
09:02:00       5   60.61    0.00   31.31    1.01    0.00    0.00    0.00    0.00    0.00    7.07
09:02:00       6   57.14    0.00   34.69    1.02    0.00    0.00    0.00    0.00    0.00    7.14
09:02:00       7   58.59    0.00   33.33    1.01    0.00    0.00    0.00    0.00    0.00    7.07

09:02:00     CPU    %usr   %nice    %sys %iowait    %irq   %soft  %steal  %guest  %gnice   %idle
09:02:01     all   58.86    0.00   33.16    0.76    0.00    0.00    0.00    0.00    0.00    7.22
09:02:01       0   58.59    0.00   33.33    1.01    0.00    0.00    0.00    0.00    0.00    7.07
09:02:01       1   60.40    0.00   31.68    0.99    0.00    0.00    0.00    0.00    0.00    6.93
09:02:01       2   60.00    0.00   33.00    0.00    0.00    0.00    0.00    0.00    0.00    7.00
09:02:01       3   60.20    0.00   32.65    1.02    0.00    0.00    0.00    0.00    0.00    6.12
09:02:01       4   57.73    0.00   34.02    1.03    0.00    0.00    0.00    0.00    0.00    7.22
09:02:01       5   57.14    0.00   33.67    1.02    0.00    0.00    0.00    0.00    0.00    8.16
09:02:01       6   58.59    0.00   32.32    1.01    0.00    0.00    0.00    0.00    0.00    8.08
09:02:01       7   58.16    0.00   34.69    0.00    0.00    0.00    0.00    0.00    0.00    7.14

09:02:01     CPU    %usr   %nice    %sys %iowait    %irq   %soft  %steal  %guest  %gnice   %idle
09:02:02     all   59.24    0.00   31.90    0.76    0.00    0.00    0.00    0.00    0.00    8.10
09:02:02       0   60.61    0.00   30.30    1.01    0.00    0.00    0.00    0.00    0.00    8.08
09:02:02       1   58.16    0.00   32.65    1.02    0.00    0.00    0.00    0.00    0.00    8.16
09:02:02       2   60.82    0.00   30.93    1.03    0.00    0.00    0.00    0.00    0.00    7.22
09:02:02       3   59.60    0.00   31.31    1.01    0.00    0.00    0.00    0.00    0.00    8.08
09:02:02       4   59.00    0.00   32.00    0.00    0.00    0.00    0.00    0.00    0.00    9.00
09:02:02       5   59.60    0.00   31.31    0.00    0.00    0.00    0.00    0.00    0.00    9.09
09:02:02       6   58.76    0.00   32.99    1.03    0.00    0.00    0.00    0.00    0.00    7.22
09:02:02       7   57.43    0.00   33.66    0.99    0.00    0.00    0.00    0.00    0.00    7.92

09:02:02     CPU    %usr   %nice    %sys %iowait    %irq   %soft  %steal  %guest  %gnice   %idle
09:02:03     all   59.87    0.00   32.03    0.76    0.00    0.00    0.00    0.00    0.00    7.34
09:02:03       0   59.60    0.00   32.32    0.00    0.00    0.00    0.00    0.00    0.00    8.08
09:02:03       1   57.58    0.00   34.34    1.01    0.00    0.00    0.00    0.00    0.00    7.07
09:02:03       2   59.18    0.00   31.63    1.02    0.00    0.00    0.00    0.00    0.00    8.16
09:02:03       3   61.62    0.00   30.30    1.01    0.00    0.00    0.00    0.00    0.00    7.07
09:02:03       4   58.59    0.00   33.33    1.01    0.00    0.00    0.00    0.00    0.00    7.07
09:02:03       5   60.00    0.00   32.00    1.00    0.00    0.00    0.00    0.00    0.00    7.00
09:02:03       6   59.60    0.00   33.33    0.00    0.00    0.00    0.00    0.00    0.00    7.07
09:02:03       7   62.89    0.00   28.87    1.03    0.00    0.00    0.00    0.00    0.00    7.22

09:02:03     CPU    %usr   %nice    %sys %iowait    %irq   %soft  %steal  %guest  %gnice   %idle
09:02:04     all   57.50    0.00   33.50    1.12    0.00    0.00    0.00    0.00    0.00    7.88
09:02:04       0   59.00    0.00   32.00    1.00    0.00    0.00    0.00    0.00    0.00    8.00
09:02:04       1   58.00    0.00   33.00    1.00    0.00    0.00    0.00    0.00    0.00    8.00
09:02:04       2   58.00    0.00   33.00    1.00    0.00    0.00    0.00    0.00    0.00    8.00
09:02:04       3   59.00    0.00   32.00    1.00    0.00    0.00    0.00    0.00    0.00    8.00
09:02:04       4   54.00    0.00   36.00    2.00    0.00    0.00    0.00    0.00    0.00    8.00
09:02:04       5   57.00    0.00   34.00    1.00    0.00    0.00    0.00    0.00    0.00    8.00
09:02:04       6   58.00    0.00   33.00    1.00    0.00    0.00    0.00    0.00    0.00    8.00
09:02:04       7   57.00    0.00   35.00    1.00    0.00    0.00    0.00    0.00    0.00    7.00

09:02:04     CPU    %usr   %nice    %sys %iowait    %irq   %soft  %steal  %guest  %gnice   %idle
09:02:05     all    2.63    0.00    3.63    0.00    0.00    0.00    0.00    0.00    0.00   93.73
09:02:05       0    4.00    0.00    4.00    0.00    0.00    0.00    0.00    0.00    0.00   92.00
09:02:05       1    3.00    0.00    3.00    0.00    0.00    0.00    0.00    0.00    0.00   94.00
09:02:05       2    3.00    0.00    3.00    0.00    0.00    0.00    0.00    0.00    0.00   94.00
09:02:05       3    2.00    0.00    4.00    0.00    0.00    0.00    0.00    0.00    0.00   94.00
09:02:05       4    2.02    0.00    4.04    0.00    0.00    0.00    0.00    0.00    0.00   93.94
09:02:05       5    2.00    0.00    5.00    0.00    0.00    0.00    0.00    0.00    0.00   93.00
09:02:05       6    2.02    0.00    3.03    0.00    0.00    0.00    0.00    0.00    0.00   94.95
09:02:05       7    3.00    0.00    3.00    0.00    0.00    0.00    0.00    0.00    0.00   94.00

09:02:05     CPU    %usr   %nice    %sys %iowait    %irq   %soft  %steal  %guest  %gnice   %idle
09:02:06     all    0.38    0.00    0.38    0.00    0.00    0.00    0.00    0.00    0.00   99.25
09:02:06       0    2.02    0.00    0.00    0.00    0.00    0.00    0.00    0.00    0.00   97.98
09:02:06       1    0.00    0.00    1.00    0.00    0.00    0.00    0.00    0.00    0.00   99.00
09:02:06       2    0.00    0.00    0.00    0.00    0.00    0.00    0.00    0.00    0.00  100.00
09:02:06       3    1.00    0.00    0.00    0.00    0.00    0.00    0.00    0.00    0.00   99.00
09:02:06       4    0.00    0.00    0.00    0.00    0.00    0.00    0.00    0.00    0.00  100.00
09:02:06       5    0.00    0.00    0.00    0.00    0.00    0.00    0.00    0.00    0.00  100.00
09:02:06       6    0.00    0.00    0.99    0.00    0.00    0.00    0.00    0.00    0.00   99.01
09:02:06       7    0.00    0.00    1.00    0.00    0.00    0.00    0.00    0.00    0.00   99.00

```

---

## Command 11: pg_wait_events

### Command
```bash
bash -c 'for i in $(seq 1 70); do echo "=== $(date '"'"'+%H:%M:%S'"'"') ==="; sudo -u postgres psql -t -c "SELECT coalesce(wait_event_type,'"'"'CPU'"'"') as type, coalesce(wait_event,'"'"'Running'"'"') as event, count(*) as cnt FROM pg_stat_activity WHERE state='"'"'active'"'"' AND pid<>pg_backend_pid() GROUP BY 1,2 ORDER BY 3 DESC LIMIT 10"; sleep 1; done'
```

### Output
```
=== 09:01:02 ===

=== 09:01:03 ===

=== 09:01:04 ===
 CPU    | Running    |   9
 Client | ClientRead |   1
 IO     | WALSync    |   1
 IPC    | BufferIO   |   1
 LWLock | WALWrite   |   1

=== 09:01:05 ===
 LWLock | WALWrite      |  60
 CPU    | Running       |  10
 LWLock | WALInsert     |   3
 Client | ClientRead    |   1
 IO     | WALSync       |   1
 Lock   | transactionid |   1

=== 09:01:07 ===
 LWLock | WALWrite      |  49
 CPU    | Running       |   9
 Client | ClientRead    |   7
 Lock   | transactionid |   3
 IO     | WALSync       |   1

=== 09:01:08 ===
 LWLock | WALWrite      |  66
 Client | ClientRead    |   3
 CPU    | Running       |   2
 Lock   | transactionid |   2
 IO     | WALWrite      |   1

=== 09:01:09 ===
 LWLock | WALWrite        |  55
 CPU    | Running         |  15
 Lock   | transactionid   |   3
 LWLock | LockManager     |   2
 IPC    | XactGroupUpdate |   1
 Client | ClientRead      |   1
 IO     | WALSync         |   1

=== 09:01:10 ===
 LWLock | WALWrite      |  55
 Client | ClientRead    |   2
 Lock   | transactionid |   2
 CPU    | Running       |   1
 IO     | WALSync       |   1

=== 09:01:11 ===
 LWLock | WALWrite             |  23
 CPU    | Running              |  13
 IPC    | ProcArrayGroupUpdate |   4
 IO     | DataFileRead         |   4
 Lock   | transactionid        |   2
 IO     | WALSync              |   1
 LWLock | ProcArray            |   1
 Client | ClientRead           |   1

=== 09:01:12 ===
 LWLock | WALWrite      |  34
 Client | ClientRead    |   7
 LWLock | WALInsert     |   4
 CPU    | Running       |   3
 Lock   | transactionid |   2
 IO     | WALSync       |   1
 IO     | DataFileRead  |   1

=== 09:01:13 ===
 LWLock | WALWrite      |  95
 Lock   | transactionid |   4
 IO     | WALSync       |   1

=== 09:01:14 ===
 LWLock | WALWrite      |  41
 LWLock | WALInsert     |  40
 CPU    | Running       |   6
 Client | ClientRead    |   2
 LWLock | BufferContent |   2

=== 09:01:15 ===
 LWLock | WALWrite      |  58
 Lock   | transactionid |   5
 CPU    | Running       |   3
 LWLock | WALInsert     |   3
 IO     | DataFileRead  |   2
 IO     | WALSync       |   1
 Client | ClientRead    |   1

=== 09:01:16 ===
 LWLock | WALWrite      |  93
 Lock   | transactionid |   5
 CPU    | Running       |   2

=== 09:01:17 ===
 LWLock | WALWrite      |  18
 CPU    | Running       |  10
 Client | ClientRead    |   3
 IO     | DataFileRead  |   2
 IO     | WALSync       |   1
 Lock   | transactionid |   1

=== 09:01:18 ===
 LWLock  | WALInsert            |  60
 IPC     | ProcArrayGroupUpdate |   9
 CPU     | Running              |   6
 Timeout | SpinDelay            |   3
 Client  | ClientRead           |   2
 LWLock  | ProcArray            |   1
 IO      | DataFileRead         |   1
 LWLock  | WALWrite             |   1

=== 09:01:19 ===
 LWLock | WALWrite             |  45
 IPC    | ProcArrayGroupUpdate |  13
 CPU    | Running              |   9
 Lock   | transactionid        |   4
 Client | ClientRead           |   3
 IO     | DataFileRead         |   2
 IO     | WALSync              |   1
 LWLock | LockManager          |   1
 LWLock | ProcArray            |   1

=== 09:01:20 ===
 LWLock | WALWrite      |  46
 LWLock | WALInsert     |  32
 CPU    | Running       |   7
 Lock   | transactionid |   4
 IO     | WALSync       |   1
 Lock   | tuple         |   1

=== 09:01:21 ===
 LWLock | WALWrite      |  92
 Lock   | transactionid |   4
 CPU    | Running       |   1

=== 09:01:22 ===
 LWLock | WALWrite      |  66
 Lock   | transactionid |   4
 CPU    | Running       |   3
 Client | ClientRead    |   1
 IO     | WALSync       |   1

=== 09:01:23 ===
 LWLock | WALWrite      |  42
 CPU    | Running       |  10
 Client | ClientRead    |   4
 Lock   | transactionid |   1

=== 09:01:24 ===
 LWLock | WALWrite      |  42
 CPU    | Running       |  10
 Client | ClientRead    |   2
 Lock   | transactionid |   1

=== 09:01:25 ===
 LWLock | WALWrite      |  20
 CPU    | Running       |   8
 Client | ClientRead    |   1
 IO     | DataFileRead  |   1
 IO     | WALSync       |   1
 LWLock | BufferContent |   1

=== 09:01:26 ===
 LWLock | WALWrite      |  31
 CPU    | Running       |   5
 Client | ClientRead    |   3
 IO     | WALSync       |   1
 Lock   | transactionid |   1

=== 09:01:27 ===
 LWLock | WALWrite      |  55
 CPU    | Running       |   8
 Client | ClientRead    |   4
 Lock   | transactionid |   3
 IO     | DataFileRead  |   1
 IO     | WALSync       |   1

=== 09:01:28 ===
 LWLock | WALWrite      |  27
 CPU    | Running       |  14
 Client | ClientRead    |   5
 Lock   | transactionid |   3
 IO     | WALSync       |   1

=== 09:01:29 ===
 LWLock | WALWrite      |  79
 CPU    | Running       |   3
 Lock   | transactionid |   3
 Client | ClientRead    |   1
 IO     | WALSync       |   1

=== 09:01:30 ===
 LWLock | WALWrite             |  26
 CPU    | Running              |  13
 Client | ClientRead           |   5
 Lock   | transactionid        |   4
 IPC    | ProcArrayGroupUpdate |   4
 LWLock | WALInsert            |   3
 LWLock | ProcArray            |   1
 IO     | WALSync              |   1
 IO     | DataFileRead         |   1

=== 09:01:31 ===
 LWLock  | WALWrite      |  37
 LWLock  | WALInsert     |  25
 Timeout | SpinDelay     |   8
 Client  | ClientRead    |   4
 CPU     | Running       |   3
 Lock    | transactionid |   3
 IO      | WALSync       |   1

=== 09:01:32 ===
 LWLock | WALWrite      |  50
 CPU    | Running       |  10
 Client | ClientRead    |   7
 IO     | WALSync       |   1
 Lock   | transactionid |   1

=== 09:01:33 ===
 LWLock | WALWrite      |  30
 CPU    | Running       |  11
 Client | ClientRead    |   3
 IO     | DataFileRead  |   1
 IO     | WALSync       |   1
 Lock   | transactionid |   1

=== 09:01:35 ===
 LWLock | WALWrite      |  41
 CPU    | Running       |  10
 Client | ClientRead    |   5
 IO     | WALSync       |   1
 LWLock | ProcArray     |   1
 Lock   | transactionid |   1

=== 09:01:36 ===
 LWLock | WALWrite     |  34
 CPU    | Running      |   8
 Client | ClientRead   |   2
 IO     | DataFileRead |   2

=== 09:01:37 ===
 LWLock | WALWrite      |  50
 CPU    | Running       |   5
 Client | ClientRead    |   3
 Lock   | transactionid |   2
 IO     | WALSync       |   1

=== 09:01:38 ===
 LWLock | WALWrite   |  52
 CPU    | Running    |   8
 Client | ClientRead |   1
 IO     | WALSync    |   1

=== 09:01:39 ===
 LWLock | WALWrite      |  21
 CPU    | Running       |   7
 Client | ClientRead    |   4
 IO     | DataFileRead  |   1
 IO     | WALSync       |   1
 Lock   | transactionid |   1

=== 09:01:40 ===
 LWLock | WALWrite      |  25
 CPU    | Running       |   8
 Client | ClientRead    |   3
 Lock   | transactionid |   3
 IO     | DataFileRead  |   1
 IO     | WALSync       |   1

=== 09:01:41 ===
 LWLock | WALWrite      |  70
 CPU    | Running       |   5
 Client | ClientRead    |   4
 Lock   | transactionid |   4
 IO     | WALWrite      |   1

=== 09:01:42 ===
 LWLock | WALWrite             |  43
 CPU    | Running              |   6
 IPC    | ProcArrayGroupUpdate |   6
 Client | ClientRead           |   3
 IO     | WALSync              |   1
 LWLock | ProcArray            |   1

=== 09:01:43 ===
 LWLock | WALWrite      |  59
 CPU    | Running       |   7
 LWLock | WALInsert     |   6
 Lock   | transactionid |   2
 LWLock | BufferContent |   1
 Client | ClientRead    |   1
 IO     | WALSync       |   1

=== 09:01:44 ===
 LWLock  | WALWrite      |  50
 CPU     | Running       |  10
 Timeout | SpinDelay     |   6
 Lock    | transactionid |   2
 IO      | WALSync       |   1
 Lock    | tuple         |   1

=== 09:01:45 ===
 LWLock  | WALWrite   |  59
 CPU     | Running    |   5
 Timeout | SpinDelay  |   3
 Client  | ClientRead |   1

=== 09:01:46 ===
 LWLock | WALWrite      |  71
 CPU    | Running       |   6
 Lock   | transactionid |   2
 Client | ClientRead    |   1
 IO     | DataFileRead  |   1
 IO     | WALSync       |   1

=== 09:01:47 ===
 LWLock | WALWrite      |  83
 Lock   | transactionid |   6
 CPU    | Running       |   1
 Client | ClientRead    |   1
 IO     | WALSync       |   1

=== 09:01:48 ===
 LWLock | WALWrite      |  79
 Lock   | transactionid |   5
 CPU    | Running       |   3
 Client | ClientRead    |   3
 IO     | WALSync       |   1

=== 09:01:49 ===
 LWLock | WALWrite      |  44
 CPU    | Running       |   9
 Client | ClientRead    |   2
 Lock   | transactionid |   2
 IO     | WALSync       |   1

=== 09:01:50 ===
 LWLock | WALWrite      |  38
 CPU    | Running       |   8
 Lock   | transactionid |   3
 Client | ClientRead    |   2
 LWLock | LockManager   |   2
 IO     | WALSync       |   1

=== 09:01:51 ===
 LWLock | WALWrite      |  61
 CPU    | Running       |   4
 Client | ClientRead    |   2
 Lock   | transactionid |   2
 IO     | DataFileRead  |   1
 IO     | WALSync       |   1

=== 09:01:52 ===
 LWLock | WALWrite      |  25
 CPU    | Running       |   8
 LWLock | WALInsert     |   5
 Client | ClientRead    |   2
 Lock   | transactionid |   2

=== 09:01:53 ===
 LWLock | WALWrite      |  55
 CPU    | Running       |   6
 Lock   | transactionid |   5
 IO     | WALSync       |   1

=== 09:01:54 ===
 LWLock | WALWrite      |  49
 CPU    | Running       |  11
 Lock   | transactionid |   4
 Client | ClientRead    |   1
 IO     | WALSync       |   1

=== 09:01:55 ===
 LWLock | WALWrite             |  23
 CPU    | Running              |   8
 Client | ClientRead           |   3
 Lock   | transactionid        |   2
 IO     | DataFileRead         |   2
 IPC    | ProcArrayGroupUpdate |   2
 LWLock | ProcArray            |   1
 IO     | WALSync              |   1

=== 09:01:56 ===
 LWLock | WALWrite      |  47
 CPU    | Running       |   5
 Client | ClientRead    |   4
 Lock   | transactionid |   3
 IO     | DataFileRead  |   1
 IO     | WALSync       |   1

=== 09:01:57 ===
 LWLock | WALWrite      |  46
 CPU    | Running       |   9
 Client | ClientRead    |   4
 IO     | DataFileRead  |   1
 IO     | WALSync       |   1
 Lock   | transactionid |   1

=== 09:01:58 ===
 LWLock  | WALWrite      |  44
 LWLock  | WALInsert     |  19
 Lock    | transactionid |   3
 Client  | ClientRead    |   3
 Timeout | SpinDelay     |   1
 IO      | DataFileRead  |   1
 IO      | WALSync       |   1
 CPU     | Running       |   1

=== 09:01:59 ===
 LWLock | WALWrite      |  62
 CPU    | Running       |   4
 Client | ClientRead    |   3
 Lock   | transactionid |   2
 IO     | WALSync       |   1
 LWLock | WALInsert     |   1

=== 09:02:00 ===
 LWLock | WALWrite        |  13
