# Benchmark: [POSTGRES DISK] pgbench TPC-B - PostgreSQL OLTP

**Date:** 2026-01-04 08:44:23
**Scenario:** PostgreSQL OLTP - 100 clients, TPC-B like workload with full monitoring

---

## Target Disk

| Property | Value |
|----------|-------|
| **Name** | **POSTGRES** |
| **Mount Point** | `/data,/wal` |
| **Device** | `/dev/md0,/dev/md1` |
| **Volumes** | `nvme1n1, nvme2n1, nvme3n1, nvme4n1, nvme5n1, nvme6n1, nvme7n1, nvme8n1, nvme9n1, nvme10n1, nvme11n1, nvme12n1, nvme13n1, nvme14n1, nvme15n1, nvme16n1, md0, md1` |

---

## System Configuration

```
=== INSTANCE ===

Linux ip-10-0-1-210 6.14.0-1018-aws #18~24.04.1-Ubuntu SMP Mon Nov 24 19:32:52 UTC 2025 aarch64 aarch64 aarch64 GNU/Linux
Architecture:                            aarch64
CPU(s):                                  8
Model name:                              Neoverse-V2
total        used        free      shared  buff/cache   available
Mem:            61Gi        22Gi        38Gi       2.4Mi       390Mi        38Gi
Swap:             0B          0B          0B

=== OS TUNING ===
vm.swappiness = 1
vm.dirty_ratio = 10
vm.dirty_background_ratio = 5
vm.dirty_expire_centisecs = 3000
vm.dirty_writeback_centisecs = 500
always madvise [never]

=== NETWORK ===
net.core.somaxconn = 4096
net.core.rmem_max = 16777216
net.core.wmem_max = 16777216
net.ipv4.tcp_tw_reuse = 1
net.ipv4.tcp_fin_timeout = 15

=== DISK - RAID ===
Personalities : [raid10] 
md0 : active raid10 nvme7n1[2] nvme3n1[5] nvme5n1[1] nvme2n1[7] nvme8n1[0] nvme0n1[4] nvme6n1[3] nvme4n1[6]
      209580032 blocks super 1.2 64K chunks 2 near-copies [8/8] [UUUUUUUU]
      [===================>.]  resync = 99.6% (208850880/209580032) finish=0.1min speed=105055K/sec
      
md1 : active raid10 nvme12n1[0] nvme14n1[4] nvme16n1[5] nvme15n1[1] nvme10n1[3] nvme11n1[7] nvme9n1[6] nvme13n1[2]
      125759488 blocks super 1.2 256K chunks 2 near-copies [8/8] [UUUUUUUU]
      
unused devices: <none>
/dev/md0:
           Version : 1.2
     Creation Time : Sat Jan  3 08:26:08 2026
        Raid Level : raid10
        Array Size : 209580032 (199.87 GiB 214.61 GB)
     Used Dev Size : 52395008 (49.97 GiB 53.65 GB)
      Raid Devices : 8
     Total Devices : 8
       Persistence : Superblock is persistent

       Update Time : Sun Jan  4 08:43:11 2026
             State : clean, resyncing 
    Active Devices : 8
   Working Devices : 8
    Failed Devices : 0
     Spare Devices : 0

            Layout : near=2
        Chunk Size : 64K

Consistency Policy : resync

     Resync Status : 99% complete

              Name : ip-10-0-1-227:0
              UUID : ec94b08e:1ec1acd2:a24076ab:c0b61faa
            Events : 306

    Number   Major   Minor   RaidDevice State
       0     259       13        0      active sync set-A   /dev/nvme8n1
       1     259        5        1      active sync set-B   /dev/nvme5n1
       2     259       12        2      active sync set-A   /dev/nvme7n1
       3     259        6        3      active sync set-B   /dev/nvme6n1
       4     259        1        4      active sync set-A   /dev/nvme0n1
       5     259        2        5      active sync set-B   /dev/nvme3n1
       6     259        3        6      active sync set-A   /dev/nvme4n1
       7     259        4        7      active sync set-B   /dev/nvme2n1
/dev/md1:
           Version : 1.2
     Creation Time : Sat Jan  3 08:26:08 2026
        Raid Level : raid10
        Array Size : 125759488 (119.93 GiB 128.78 GB)
     Used Dev Size : 31439872 (29.98 GiB 32.19 GB)
      Raid Devices : 8
     Total Devices : 8
       Persistence : Superblock is persistent

       Update Time : Sun Jan  4 08:42:03 2026
             State : clean 
    Active Devices : 8
   Working Devices : 8
    Failed Devices : 0
     Spare Devices : 0

            Layout : near=2
        Chunk Size : 256K

Consistency Policy : resync

              Name : ip-10-0-1-227:1
              UUID : 4920b43f:4424608d:2e163255:f781c5ec
            Events : 19

    Number   Major   Minor   RaidDevice State
       0     259       11        0      active sync set-A   /dev/nvme12n1
       1     259       15        1      active sync set-B   /dev/nvme15n1
       2     259        7        2      active sync set-A   /dev/nvme13n1
       3     259        8        3      active sync set-B   /dev/nvme10n1
       4     259       10        4      active sync set-A   /dev/nvme14n1
       5     259       16        5      active sync set-B   /dev/nvme16n1
       6     259        9        6      active sync set-A   /dev/nvme9n1
       7     259       14        7      active sync set-B   /dev/nvme11n1

=== DISK - BLOCK TUNING ===
--- md0 ---
scheduler: 
read_ahead_kb: 512
nr_requests: 
--- md1 ---
scheduler: 
read_ahead_kb: 4096
nr_requests: 

=== DISK - MOUNT ===
/dev/md1 on /wal type xfs (rw,noatime,nodiratime,attr2,inode64,logbufs=8,logbsize=256k,sunit=512,swidth=2048,noquota)
/dev/md0 on /data type xfs (rw,noatime,nodiratime,attr2,inode64,allocsize=65536k,logbufs=8,logbsize=256k,sunit=128,swidth=512,noquota)
Filesystem      Size  Used Avail Use% Mounted on
/dev/md0        200G   40G  161G  20% /data
/dev/md1        120G   25G   96G  21% /wal

=== DISK - XFS ===
meta-data=/dev/md0               isize=512    agcount=16, agsize=3274688 blks
         =                       sectsz=4096  attr=2, projid32bit=1
         =                       crc=1        finobt=1, sparse=1, rmapbt=1
         =                       reflink=1    bigtime=1 inobtcount=1 nrext64=0
data     =                       bsize=4096   blocks=52395008, imaxpct=25
         =                       sunit=16     swidth=64 blks
naming   =version 2              bsize=4096   ascii-ci=0, ftype=1
log      =internal log           bsize=4096   blocks=25583, version=2
         =                       sectsz=4096  sunit=1 blks, lazy-count=1
realtime =none                   extsz=4096   blocks=0, rtextents=0
meta-data=/dev/md1               isize=512    agcount=8, agsize=3929984 blks
         =                       sectsz=4096  attr=2, projid32bit=1
         =                       crc=1        finobt=1, sparse=1, rmapbt=1
         =                       reflink=1    bigtime=1 inobtcount=1 nrext64=0
data     =                       bsize=4096   blocks=31439872, imaxpct=25
         =                       sunit=64     swidth=256 blks
naming   =version 2              bsize=4096   ascii-ci=0, ftype=1
log      =internal log           bsize=4096   blocks=16384, version=2
         =                       sectsz=4096  sunit=1 blks, lazy-count=1
realtime =none                   extsz=4096   blocks=0, rtextents=0
```

---

## Command 1: Begin:sysctl_swappiness

### Command
```bash
sysctl -w vm.swappiness=1
```

### Output
```
vm.swappiness = 1

```

---

## Command 2: Begin:sysctl_dirty_background

### Command
```bash
sysctl -w vm.dirty_background_ratio=1
```

### Output
```
vm.dirty_background_ratio = 1

```

---

## Command 3: Begin:sysctl_dirty_ratio

### Command
```bash
sysctl -w vm.dirty_ratio=4
```

### Output
```
vm.dirty_ratio = 4

```

---

## Command 4: Begin:sysctl_dirty_expire

### Command
```bash
sysctl -w vm.dirty_expire_centisecs=200
```

### Output
```
vm.dirty_expire_centisecs = 200

```

---

## Command 5: Begin:sysctl_dirty_writeback

### Command
```bash
sysctl -w vm.dirty_writeback_centisecs=100
```

### Output
```
vm.dirty_writeback_centisecs = 100

```

---

## Command 6: Begin:pg_stat_reset

### Command
```bash
sudo -u postgres psql -c 'SELECT pg_stat_reset(); SELECT pg_stat_reset_shared('"'"'bgwriter'"'"');'
```

### Output
```
 pg_stat_reset 
---------------
 
(1 row)

 pg_stat_reset_shared 
----------------------
 
(1 row)


```

---

## Command 7: pgbench

### Command
```bash
sudo -u postgres pgbench -c 100 -j 6 -T 60 -P 5 -b tpcb-like pgbench
```

### Output
```
pgbench (16.11 (Ubuntu 16.11-1.pgdg24.04+1))
transaction type: <builtin: TPC-B (sort of)>
scaling factor: 1250
query mode: simple
number of clients: 100
number of threads: 6
maximum number of tries: 1
duration: 60 s
number of transactions actually processed: 26624
number of failed transactions: 0 (0.000%)
latency average = 225.478 ms
latency stddev = 110.768 ms
initial connection time = 45.868 ms
tps = 442.305255 (without initial connection time)
starting vacuum...end.
progress: 5.0 s, 248.2 tps, lat 383.894 ms stddev 218.228, 0 failed
progress: 10.0 s, 397.4 tps, lat 256.295 ms stddev 101.886, 0 failed
progress: 15.0 s, 429.0 tps, lat 233.784 ms stddev 89.961, 0 failed
progress: 20.0 s, 458.8 tps, lat 216.126 ms stddev 96.061, 0 failed
progress: 25.0 s, 457.6 tps, lat 208.092 ms stddev 95.475, 0 failed
progress: 30.0 s, 452.4 tps, lat 232.021 ms stddev 109.427, 0 failed
progress: 35.0 s, 434.2 tps, lat 228.738 ms stddev 81.517, 0 failed
progress: 40.0 s, 506.8 tps, lat 199.908 ms stddev 93.672, 0 failed
progress: 45.0 s, 434.6 tps, lat 224.692 ms stddev 82.894, 0 failed
progress: 50.0 s, 461.2 tps, lat 220.228 ms stddev 103.493, 0 failed
progress: 55.0 s, 535.2 tps, lat 186.288 ms stddev 91.442, 0 failed
progress: 60.0 s, 489.4 tps, lat 203.949 ms stddev 90.288, 0 failed

```

---

## Command 8: meminfo

### Command
```bash
bash -c 'for i in $(seq 1 70); do date '"'"'+%H:%M:%S'"'"'; grep -E '"'"'Dirty|Writeback'"'"' /proc/meminfo; echo '"'"'---'"'"'; sleep 1; done'
```

### Output
```
08:43:16
Dirty:                72 kB
Writeback:             0 kB
WritebackTmp:          0 kB
---
08:43:17
Dirty:               124 kB
Writeback:             0 kB
WritebackTmp:          0 kB
---
08:43:18
Dirty:               136 kB
Writeback:             0 kB
WritebackTmp:          0 kB
---
08:43:19
Dirty:                20 kB
Writeback:             0 kB
WritebackTmp:          0 kB
---
08:43:20
Dirty:               104 kB
Writeback:             0 kB
WritebackTmp:          0 kB
---
08:43:21
Dirty:               128 kB
Writeback:             0 kB
WritebackTmp:          0 kB
---
08:43:22
Dirty:               112 kB
Writeback:            16 kB
WritebackTmp:          0 kB
---
08:43:23
Dirty:               152 kB
Writeback:             8 kB
WritebackTmp:          0 kB
---
08:43:24
Dirty:               124 kB
Writeback:             0 kB
WritebackTmp:          0 kB
---
08:43:25
Dirty:               128 kB
Writeback:             0 kB
WritebackTmp:          0 kB
---
08:43:26
Dirty:               188 kB
Writeback:             0 kB
WritebackTmp:          0 kB
---
08:43:27
Dirty:               208 kB
Writeback:             8 kB
WritebackTmp:          0 kB
---
08:43:28
Dirty:               108 kB
Writeback:            24 kB
WritebackTmp:          0 kB
---
08:43:29
Dirty:               136 kB
Writeback:             0 kB
WritebackTmp:          0 kB
---
08:43:30
Dirty:               272 kB
Writeback:            16 kB
WritebackTmp:          0 kB
---
08:43:31
Dirty:               288 kB
Writeback:           244 kB
WritebackTmp:          0 kB
---
08:43:32
Dirty:               120 kB
Writeback:             8 kB
WritebackTmp:          0 kB
---
08:43:33
Dirty:               140 kB
Writeback:             0 kB
WritebackTmp:          0 kB
---
08:43:34
Dirty:                92 kB
Writeback:             0 kB
WritebackTmp:          0 kB
---
08:43:35
Dirty:                92 kB
Writeback:            64 kB
WritebackTmp:          0 kB
---
08:43:36
Dirty:               116 kB
Writeback:           120 kB
WritebackTmp:          0 kB
---
08:43:37
Dirty:               132 kB
Writeback:             0 kB
WritebackTmp:          0 kB
---
08:43:38
Dirty:                28 kB
Writeback:           208 kB
WritebackTmp:          0 kB
---
08:43:39
Dirty:               152 kB
Writeback:           152 kB
WritebackTmp:          0 kB
---
08:43:40
Dirty:                96 kB
Writeback:           172 kB
WritebackTmp:          0 kB
---
08:43:41
Dirty:               124 kB
Writeback:             0 kB
WritebackTmp:          0 kB
---
08:43:42
Dirty:               104 kB
Writeback:             0 kB
WritebackTmp:          0 kB
---
08:43:43
Dirty:               136 kB
Writeback:           488 kB
WritebackTmp:          0 kB
---
08:43:44
Dirty:               120 kB
Writeback:             8 kB
WritebackTmp:          0 kB
---
08:43:45
Dirty:               148 kB
Writeback:             8 kB
WritebackTmp:          0 kB
---
08:43:46
Dirty:               196 kB
Writeback:           268 kB
WritebackTmp:          0 kB
---
08:43:47
Dirty:               216 kB
Writeback:             0 kB
WritebackTmp:          0 kB
---
08:43:48
Dirty:               340 kB
Writeback:             0 kB
WritebackTmp:          0 kB
---
08:43:49
Dirty:               288 kB
Writeback:            48 kB
WritebackTmp:          0 kB
---
08:43:50
Dirty:               324 kB
Writeback:            76 kB
WritebackTmp:          0 kB
---
08:43:51
Dirty:               100 kB
Writeback:             0 kB
WritebackTmp:          0 kB
---
08:43:52
Dirty:               108 kB
Writeback:           320 kB
WritebackTmp:          0 kB
---
08:43:53
Dirty:               128 kB
Writeback:             0 kB
WritebackTmp:          0 kB
---
08:43:54
Dirty:               132 kB
Writeback:             0 kB
WritebackTmp:          0 kB
---
08:43:55
Dirty:               128 kB
Writeback:             0 kB
WritebackTmp:          0 kB
---
08:43:56
Dirty:               136 kB
Writeback:             0 kB
WritebackTmp:          0 kB
---
08:43:57
Dirty:               180 kB
Writeback:            24 kB
WritebackTmp:          0 kB
---
08:43:58
Dirty:               204 kB
Writeback:            24 kB
WritebackTmp:          0 kB
---
08:43:59
Dirty:               328 kB
Writeback:             0 kB
WritebackTmp:          0 kB
---
08:44:00
Dirty:               120 kB
Writeback:             0 kB
WritebackTmp:          0 kB
---
08:44:01
Dirty:               120 kB
Writeback:             0 kB
WritebackTmp:          0 kB
---
08:44:02
Dirty:               148 kB
Writeback:           248 kB
WritebackTmp:          0 kB
---
08:44:03
Dirty:               132 kB
Writeback:             0 kB
WritebackTmp:          0 kB
---
08:44:04
Dirty:               156 kB
Writeback:             0 kB
WritebackTmp:          0 kB
---
08:44:05
Dirty:               116 kB
Writeback:             0 kB
WritebackTmp:          0 kB
---
08:44:06
Dirty:               140 kB
Writeback:             8 kB
WritebackTmp:          0 kB
---
08:44:07
Dirty:               116 kB
Writeback:           200 kB
WritebackTmp:          0 kB
---
08:44:08
Dirty:               208 kB
Writeback:             0 kB
WritebackTmp:          0 kB
---
08:44:09
Dirty:               240 kB
Writeback:             0 kB
WritebackTmp:          0 kB
---
08:44:10
Dirty:               148 kB
Writeback:           244 kB
WritebackTmp:          0 kB
---
08:44:11
Dirty:               136 kB
Writeback:            32 kB
WritebackTmp:          0 kB
---
08:44:12
Dirty:               152 kB
Writeback:             0 kB
WritebackTmp:          0 kB
---
08:44:13
Dirty:               148 kB
Writeback:            96 kB
WritebackTmp:          0 kB
---
08:44:14
Dirty:               184 kB
Writeback:            16 kB
WritebackTmp:          0 kB
---
08:44:15
Dirty:               244 kB
Writeback:             0 kB
WritebackTmp:          0 kB
---
08:44:16
Dirty:               260 kB
Writeback:             0 kB
WritebackTmp:          0 kB
---
08:44:17
Dirty:               132 kB
Writeback:            16 kB
WritebackTmp:          0 kB
---
08:44:18
Dirty:               176 kB
Writeback:             0 kB
WritebackTmp:          0 kB
---
08:44:19
Dirty:               212 kB
Writeback:             0 kB
WritebackTmp:          0 kB
---
08:44:20
Dirty:               236 kB
Writeback:             0 kB
WritebackTmp:          0 kB
---
08:44:21
Dirty:               112 kB
Writeback:             0 kB
WritebackTmp:          0 kB
---
08:44:22
Dirty:               148 kB
Writeback:             0 kB
WritebackTmp:          0 kB
---

```

---

## Command 9: dstat

### Command
```bash
dstat -tcmdr --disk-util 1 70
```

### Output
```
----system---- ----total-usage---- ------memory-usage----- -dsk/total- --io/total- nvme nvme nvme nvme nvme nvme nvme nvme nvme nvme nvme nvme nvme nvme nvme nvme nvme
     time     |usr sys idl wai stl| used  free  buf   cach| read  writ| read  writ|util:util:util:util:util:util:util:util:util:util:util:util:util:util:util:util:util
04-01 08:43:16|                   |  22G   39G   44M  317M|           |           |    :    :    :    :    :    :    :    :    :    :    :    :    :    :    :    :    
04-01 08:43:17|  0   1  93   6   0|  22G   39G   44M  317M| 232M    0 |1916     0 |11.7:0.10:99.7:99.7:12.1:99.7:99.7:11.5:11.6:   0:   0:   0:   0:   0:   0:   0:   0
04-01 08:43:18|  0   1  92   7   0|  22G   39G   44M  318M| 206M   28k|1882  1.50 |10.7:0.50: 100: 100:10.4: 100: 100:10.7:10.7:   0:   0:   0:   0:   0:   0:   0:   0
04-01 08:43:19|  0   0  94   5   0|  22G   39G   44M  318M|  27M  156k| 282  29.0 |1.10:0.20:41.3:30.1:10.0:47.1:44.9:0.90:42.5:   0:   0:   0:   0:   0:   0:   0:   0
04-01 08:43:20|  0   0  91   9   0|  22G   39G   44M  319M|5184k 8192B| 116  2.00 |4.20:0.10:16.3:8.20:30.7:15.9:21.4:4.80:24.3:   0:   0:   0:   0:   0:   0:   0:   0
04-01 08:43:21|  1   2  87  10   0|  22G   39G   44M  320M|7120k   80k| 118  22.0 |31.9:0.20:17.2:0.30:20.1:15.6:31.8:26.5:21.9:0.10:0.30:0.10:0.10:0.30:0.10:0.10:0.10
04-01 08:43:22|  1   1  26  71   0|  22G   39G   44M  328M|7888k 1520k| 817   141 |70.2:0.10:80.4:69.0:67.7:64.8:63.6:70.4:70.3:0.50:1.30:0.60:0.10:1.30:3.40:0.10:3.40
04-01 08:43:23|  1   1  17  79   0|  22G   39G   44M  336M|8940k 4168k| 971   353 |82.6:   0:82.6:70.9:83.7:81.4:80.2:87.6:81.1:5.10:3.80:5.10:6.70:3.60:   0:6.70:   0
04-01 08:43:24|  1   1  17  80   0|  22G   39G   44M  344M|8412k 4400k| 923   434 |88.2:0.10:83.6:78.5:86.9:80.6:84.6:85.6:83.2:5.10:4.30:5.10:   0:4.20:9.60:   0:9.50
04-01 08:43:25|  1   2  23  75   0|  22G   39G   44M  351M|7756k 4500k| 864   453 |71.2:   0:80.1:66.2:73.1:85.0:76.6:73.2:83.1:4.80:5.80:4.70:8.50:5.60:   0:8.50:   0
04-01 08:43:26|  2   2  32  64   0|  22G   39G   44M  358M|7320k 4064k| 779   401 |65.7:12.1:77.9:65.1:66.5:64.0:81.0:62.0:68.7:3.70:4.70:3.80:   0:4.50:8.70:   0:9.00
04-01 08:43:27|  2   1  17  80   0|  22G   39G   44M  366M|9044k 5136k| 981   491 |76.8:   0:84.3:78.5:83.6:82.8:82.1:86.6:86.6:4.90:8.30:5.10:9.10:8.50:   0:9.40:   0
04-01 08:43:28|  2   1  20  76   0|  22G   39G   44M  374M|8128k 5188k| 904   505 |75.3:0.20:79.5:75.4:86.4:82.8:82.8:82.8:73.8:8.60:1.60:8.80:3.10:1.40:8.60:3.00:8.60
04-01 08:43:29|  1   2  22  75   0|  22G   39G   44M  382M|8128k 4952k| 899   474 |76.0:   0:85.6:71.4:75.9:87.0:71.3:78.7:75.7:   0:8.80:   0:6.80:8.80:6.10:6.60:5.90
04-01 08:43:30|  2   1  29  68   0|  22G   39G   44M  388M|7028k 4632k| 772   449 |64.7:1.00:80.5:65.6:72.2:74.5:86.0:69.1:70.1:9.70:   0:9.30:6.50:   0:3.30:6.40:3.40
04-01 08:43:31|  1   1  18  78   0|  22G   39G   44M  396M|8460k 4864k| 921   450 |79.7:   0:82.9:71.2:74.3:82.3:79.8:79.0:84.6:0.40:7.60:0.40:3.60:7.60:9.90:3.60:9.70
04-01 08:43:32|  2   2  16  81   0|  22G   39G   44M  404M|8708k 5608k| 962   546 |78.6:0.20:83.8:75.6:88.2:86.7:81.8:77.1:83.0:5.50:7.90:5.50:9.50:8.00:   0:9.40:   0
04-01 08:43:33|  2   2  17  80   0|  22G   39G   44M  412M|8544k 5552k| 947   531 |82.0:   0:84.6:77.0:82.4:79.8:79.3:84.6:86.2:7.00:0.50:7.10:5.90:0.50:9.70:5.70:10.1
04-01 08:43:34|  1   1  34  62   0|  22G   39G   44M  418M|6848k 3968k| 763   369 |63.5:0.10:75.2:63.4:62.4:74.4:72.8:66.6:70.1:   0:8.20:   0:1.00:7.90:7.70:1.00:7.60
04-01 08:43:35|  2   2  19  77   0|  22G   39G   44M  427M|8724k 5272k| 979   492 |80.1:   0:82.1:79.2:79.9:77.9:81.3:81.9:82.5:9.40:3.60:9.30:7.70:3.60:2.00:7.80:2.00
04-01 08:43:36|  2   2  14  82   0|  22G   39G   44M  435M|9692k 5792k|1028   535 |84.5:0.10:84.3:77.2:81.9:84.1:85.9:89.0:87.1:9.80:3.50:9.70:2.90:3.50:9.00:3.20:8.70
04-01 08:43:37|  2   1  19  77   0|  22G   39G   44M  444M|9016k 5356k|1000   497 |79.4:   0:80.5:76.2:78.5:77.0:89.9:77.9:75.2:3.50:9.60:3.40:3.50:9.70:7.00:3.30:6.70
04-01 08:43:38|  1   1  33  64   0|  22G   39G   44M  451M|7864k 4872k| 885   453 |61.5:0.10:78.2:60.4:63.9:75.8:76.0:66.8:69.0:4.50:7.30:4.60:7.80:7.30:   0:7.80:   0
04-01 08:43:39|  2   2  15  81   0|  22G   39G   44M  460M|9512k 5608k|1060   510 |88.7:   0:86.1:79.6:88.6:82.9:86.0:74.4:85.5:7.10:0.60:7.30:8.30:0.60:7.60:8.30:7.40
04-01 08:43:40|  2   1  22  74   0|  22G   39G   44M  468M|8144k 5164k| 909   488 |75.4:0.10:81.4:71.1:71.9:71.4:92.6:72.1:72.4:6.80:7.00:6.70:   0:7.10:8.00:   0:8.00
04-01 08:43:41|  2   2  23  74   0|  22G   39G   44M  476M|8344k 5040k| 931   454 |75.2:   0:83.9:61.0:78.7:76.4:75.4:81.4:74.8:0.80:5.80:0.80:7.80:5.90:5.30:7.70:5.40
04-01 08:43:42|  1   2  37  60   0|  22G   39G   44M  483M|7440k 4696k| 828   455 |65.9:0.10:74.7:51.8:59.9:71.2:66.7:63.7:62.7:8.00:0.30:7.90:8.40:0.30:1.40:8.60:1.40
04-01 08:43:43|  2   2  16  80   0|  22G   39G   44M  492M|9960k 5772k|1055   526 |82.6:   0:80.4:80.8:84.8:79.9:88.1:80.7:82.9:7.00:7.20:7.00:1.70:7.10:7.40:1.80:7.70
04-01 08:43:44|  2   1  20  75   0|  22G   39G   44M  502M|9436k 5684k|1049   514 |83.4:0.10:80.6:70.1:65.4:82.0:82.9:76.6:76.6:1.90:8.50:1.90:6.60:8.40:7.40:6.50:7.40
04-01 08:43:45|  2   2  16  79   0|  22G   39G   44M  511M|9960k 6248k|1128   572 |77.7:   0:85.2:78.8:86.2:88.8:84.4:83.4:84.0:5.20:6.50:5.30:7.60:6.60:6.30:7.60:6.40
04-01 08:43:46|  1   1  39  58   0|  22G   39G   44M  516M|5720k 3388k| 631   310 |57.1:0.10:70.6:34.6:58.2:76.3:66.6:58.3:59.8:7.20:   0:7.20:6.20:   0:0.50:6.20:0.50
04-01 08:43:47|  2   2  23  73   0|  22G   39G   44M  525M|8640k 4868k| 967   437 |80.2:   0:76.9:59.2:80.9:73.4:78.5:68.7:63.6:5.30:7.70:5.20:1.30:7.70:5.40:1.20:5.70
04-01 08:43:48|  2   2  17  78   0|  22G   39G   44M  537M|  10M 5464k|1046   508 |83.9:1.50:87.4:69.2:85.4:85.0:80.3:74.2:82.2:4.40:7.70:4.50:8.60:7.70:3.30:8.90:3.30
04-01 08:43:49|  2   2  18  77   0|  22G   39G   45M  547M|  10M 6340k|1138   578 |82.0:0.70:85.4:75.2:79.3:82.5:77.2:88.8:75.7:8.50:6.20:8.30:6.40:6.30:3.20:6.50:3.30
04-01 08:43:50|  1   1  34  63   0|  22G   39G   45M  553M|6232k 3684k| 688   349 |69.6:   0:74.9:57.5:62.5:77.6:77.8:62.7:61.3:4.50:2.30:4.60:   0:2.30:8.50:   0:8.60
04-01 08:43:51|  2   1  25  72   0|  22G   39G   45M  560M|7752k 5212k| 864   505 |74.9:0.20:94.0:69.3:73.3:76.3:76.1:65.8:63.5:2.90:8.50:3.00:7.90:8.50:1.40:8.00:1.40
04-01 08:43:52|  1   2  22  74   0|  22G   39G   45M  567M|7820k 4556k| 866   424 |80.2:   0:77.8:71.2:77.4:75.6:84.5:73.1:74.3:9.20:   0:9.30:4.30:   0:6.30:4.30:6.50
04-01 08:43:53|  2   1  29  68   0|  22G   39G   45M  574M|7488k 4804k| 836   449 |75.0:0.10:84.7:54.8:73.7:66.4:65.9:57.7:67.0:   0:8.10:   0:3.50:7.90:8.80:3.50:9.10
04-01 08:43:54|  1   2  27  70   0|  22G   39G   45M  581M|7592k 4424k| 835   408 |73.0:   0:69.3:71.7:79.3:76.6:82.7:67.4:72.7:8.40:2.40:8.60:7.80:2.20:0.20:7.80:0.20
04-01 08:43:55|  2   2  23  73   0|  22G   39G   45M  589M|8736k 4944k| 964   457 |75.2:0.20:86.0:68.6:73.6:76.9:87.4:78.9:76.9:7.70:6.30:7.60:   0:6.40:6.70:   0:6.50
04-01 08:43:56|  1   2  21  75   0|  22G   39G   45M  597M|8560k 4980k| 957   457 |76.9:   0:84.1:80.4:81.8:74.4:80.0:75.2:74.0:0.40:8.00:0.40:7.60:8.20:5.20:7.50:5.20
04-01 08:43:57|  2   2  20  76   0|  22G   39G   45M  607M|9198k 5998k|1029   574 |79.2:0.10:86.6:80.8:72.5:84.5:81.8:83.8:75.9:8.20:5.20:8.20:8.60:5.20:3.20:8.50:3.10
04-01 08:43:58|  2   1  34  63   0|  22G   39G   45M  614M|7594k 4313k| 817   398 |53.6:   0:70.3:42.3:65.5:78.0:74.3:62.1:66.1:8.60:2.20:8.60:0.30:2.20:8.10:0.30:7.90
04-01 08:43:59|  2   2  22  74   0|  22G   39G   45M  622M|9672k 5956k|1095   540 |77.7:0.20:88.1:77.6:73.5:77.2:77.6:64.7:77.7:1.20:7.50:1.30:7.30:7.60:7.50:7.50:7.60
04-01 08:44:00|  2   2  23  73   0|  22G   39G   45M  631M|9017k 5164k| 988   480 |78.5:   0:75.2:76.5:81.8:79.2:73.5:84.1:78.6:6.20:8.49:6.10:6.29:8.59:0.80:6.29:0.80
04-01 08:44:01|  2   2  16  80   0|  22G   39G   45M  641M|  10M 6077k|1214   559 |82.4:0.10:86.8:63.2:88.5:87.1:86.9:81.1:83.0:7.31:3.30:7.41:8.91:3.30:6.21:8.91:6.21
04-01 08:44:02|  2   1  37  60   0|  22G   39G   45M  648M|7640k 4100k| 849   369 |68.0:   0:73.7:50.0:64.4:69.4:72.0:68.0:62.6:5.90:4.70:5.90:   0:4.70:6.70:   0:6.50
04-01 08:44:03|  2   2  26  70   0|  22G   39G   45M  657M|9528k 4328k|1069   384 |70.4:0.20:85.9:71.0:73.5:80.9:55.4:76.8:77.1:1.30:7.80:1.30:7.30:7.70:0.80:7.40:0.80
04-01 08:44:04|  2   2  22  74   0|  22G   39G   45M  665M|8344k 4648k| 929   436 |81.2:   0:89.4:66.2:76.7:78.5:84.9:68.2:75.8:7.70:0.10:7.50:6.50:0.10:5.10:6.60:5.20
04-01 08:44:05|  2   1  26  70   0|  22G   39G   45M  674M|9792k 5144k|1094   488 |78.5:0.30:80.1:65.1:72.3:79.3:64.6:79.3:77.8:3.40:8.30:3.40:3.30:8.30:6.50:3.20:6.60
04-01 08:44:06|  1   2  40  58   0|  22G   39G   45M  679M|6184k 3432k| 682   310 |60.5:   0:73.6:56.3:63.6:67.7:72.5:53.8:57.1:4.70:2.10:4.70:7.40:2.30:   0:7.40:   0
04-01 08:44:07|  2   1  19  76   0|  22G   39G   45M  691M|  11M 5956k|1254   540 |84.4:0.10:90.7:76.0:82.5:66.5:73.0:70.9:83.8:6.80:4.40:6.90:5.20:4.60:7.90:5.30:8.00
04-01 08:44:08|  2   2  18  78   0|  22G   39G   45M  701M|  11M 5452k|1154   471 |58.5:   0:84.5:66.5:84.1:82.0:89.3:80.3:82.7:5.70:6.80:5.60:2.10:6.90:6.90:2.10:7.00
04-01 08:44:09|  2   2  23  73   0|  22G   39G   45M  710M|9936k 5244k|1115   474 |66.5:0.10:78.1:58.7:70.2:86.1:83.4:77.2:73.3:0.30:6.70:0.30:6.20:6.50:7.00:6.40:7.20
04-01 08:44:10|  1   1  44  53   0|  22G   39G   45M  716M|6224k 3572k| 701   343 |60.2:   0:61.0:42.9:53.6:61.5:67.5:49.5:68.4:7.80:   0:7.60:7.90:   0:   0:7.80:   0
04-01 08:44:11|  2   2  26  70   0|  22G   39G   45M  725M|8888k 4856k|1003   456 |73.3:0.10:79.2:56.9:70.2:72.3:75.2:76.2:93.6:4.80:4.60:4.40:0.50:4.50:8.90:0.40:8.80
04-01 08:44:12|  2   2  23  72   0|  22G   39G   45M  735M|  11M 5888k|1311   544 |68.0:   0:86.0:73.0:75.6:83.5:77.0:73.3:89.5:4.10:6.40:3.90:6.90:6.20:6.90:6.80:6.70
04-01 08:44:13|  3   2  20  75   0|  22G   39G   45M  746M|  10M 5928k|1125   535 |79.2:0.10:82.8:69.8:75.9:82.7:90.4:68.1:82.7:6.60:8.30:6.80:5.30:8.60:2.60:5.00:2.70
04-01 08:44:14|  2   1  39  58   0|  22G   39G   45M  753M|8212k 4364k| 912   389 |60.3:0.10:71.5:60.3:59.5:73.5:76.0:51.7:60.8:6.80:   0:6.90:5.90:   0:4.50:6.20:4.10
04-01 08:44:15|  2   2  17  79   0|  22G   39G   45M  762M|9832k 5852k|1101   544 |83.1:0.10:86.5:79.7:83.5:87.5:81.6:78.8:82.6:8.30:7.00:8.20:2.00:7.00:6.90:1.90:6.80
04-01 08:44:16|  2   2  21  75   0|  22G   39G   45M  772M|9688k 5644k|1081   531 |69.0:   0:82.1:89.0:69.9:86.4:82.4:62.2:78.4:2.20:7.00:2.10:6.10:6.90:7.70:6.10:7.80
04-01 08:44:17|  2   2  25  71   0|  22G   39G   45M  779M|8168k 5212k| 880   492 |66.9:0.10:89.1:72.1:63.8:85.3:72.5:50.4:72.9:6.40:7.80:6.20:6.50:7.80:   0:6.60:   0
04-01 08:44:18|  2   2  34  63   0|  22G   39G   45M  788M|8912k 4888k|1004   442 |56.2:   0:72.7:67.8:65.8:69.0:81.8:54.1:66.3:7.50:0.20:7.50:5.30:0.20:7.90:4.90:7.80
04-01 08:44:19|  1   1  24  72   0|  22G   39G   45M  795M|8008k 4868k| 887   446 |88.2:0.30:90.1:71.7:69.6:74.9:72.1:61.3:77.9:1.60:8.20:1.60:1.40:8.60:8.10:1.40:7.90
04-01 08:44:20|  2   2  25  72   0|  22G   39G   45M  803M|9096k 5116k|1001   463 |78.6:   0:85.1:70.6:85.2:77.4:69.0:71.5:80.2:5.70:7.80:5.80:7.90:7.70:0.60:7.90:0.60
04-01 08:44:21|  2   3  40  54   0|  22G   39G   45M  808M|  78M 4324k|1114   406 |59.9:   0:80.2:57.0:61.1:78.9:77.3:50.5:51.0:7.10:   0:7.10:3.70:   0:7.70:3.80:7.70
04-01 08:44:22|  0   1  93   5   0|  22G   39G   45M  809M| 202M  168k|1284  32.0 |3.90:0.10:92.8:5.70:3.60:96.5:95.4:3.50:3.50:   0:   0:   0:   0:   0:   0:   0:   0

```

---

## Command 10: mpstat

### Command
```bash
mpstat -P ALL 1 70
```

### Output
```
Linux 6.14.0-1018-aws (ip-10-0-1-210) 	01/04/26 	_aarch64_	(8 CPU)

08:43:16     CPU    %usr   %nice    %sys %iowait    %irq   %soft  %steal  %guest  %gnice   %idle
08:43:17     all    0.88    0.00    1.01    6.16    0.00    0.00    0.00    0.00    0.00   91.96
08:43:17       0    0.00    0.00    0.00    0.00    0.00    0.00    0.00    0.00    0.00  100.00
08:43:17       1    4.04    0.00    2.02   24.24    0.00    0.00    0.00    0.00    0.00   69.70
08:43:17       2    0.99    0.00    0.99    0.99    0.00    0.00    0.00    0.00    0.00   97.03
08:43:17       3    0.00    0.00    0.00    0.00    0.00    0.00    0.00    0.00    0.00  100.00
08:43:17       4    0.00    0.00    1.00    0.00    0.00    0.00    0.00    0.00    0.00   99.00
08:43:17       5    0.00    0.00    2.04    0.00    0.00    0.00    0.00    0.00    0.00   97.96
08:43:17       6    0.00    0.00    1.01   24.24    0.00    0.00    0.00    0.00    0.00   74.75
08:43:17       7    1.98    0.00    0.99    0.00    0.00    0.00    0.00    0.00    0.00   97.03

08:43:17     CPU    %usr   %nice    %sys %iowait    %irq   %soft  %steal  %guest  %gnice   %idle
08:43:18     all    0.25    0.00    0.87    6.49    0.00    0.00    0.00    0.00    0.00   92.38
08:43:18       0    1.98    0.00    1.98   32.67    0.00    0.00    0.00    0.00    0.00   63.37
08:43:18       1    0.00    0.00    1.00    0.00    0.00    0.00    0.00    0.00    0.00   99.00
08:43:18       2    0.00    0.00    0.00    0.00    0.00    0.00    0.00    0.00    0.00  100.00
08:43:18       3    0.00    0.00    0.00    0.00    0.00    0.00    0.00    0.00    0.00  100.00
08:43:18       4    0.00    0.00    0.00    0.00    0.00    0.00    0.00    0.00    0.00  100.00
08:43:18       5    0.00    0.00    1.00    0.00    0.00    0.00    0.00    0.00    0.00   99.00
08:43:18       6    0.00    0.00    1.00   19.00    0.00    0.00    0.00    0.00    0.00   80.00
08:43:18       7    0.00    0.00    2.00    0.00    0.00    0.00    0.00    0.00    0.00   98.00

08:43:18     CPU    %usr   %nice    %sys %iowait    %irq   %soft  %steal  %guest  %gnice   %idle
08:43:19     all    0.50    0.00    0.13    4.89    0.00    0.00    0.00    0.00    0.00   94.49
08:43:19       0    0.00    0.00    0.00    4.04    0.00    0.00    0.00    0.00    0.00   95.96
08:43:19       1    0.00    0.00    0.00   34.00    0.00    0.00    0.00    0.00    0.00   66.00
08:43:19       2    0.00    0.00    0.00    0.00    0.00    0.00    0.00    0.00    0.00  100.00
08:43:19       3    2.00    0.00    1.00    0.00    0.00    0.00    0.00    0.00    0.00   97.00
08:43:19       4    2.00    0.00    0.00    0.00    0.00    0.00    0.00    0.00    0.00   98.00
08:43:19       5    0.00    0.00    0.00    0.99    0.00    0.00    0.00    0.00    0.00   99.01
08:43:19       6    0.00    0.00    0.00    0.00    0.00    0.00    0.00    0.00    0.00  100.00
08:43:19       7    0.00    0.00    0.00    0.00    0.00    0.00    0.00    0.00    0.00  100.00

08:43:19     CPU    %usr   %nice    %sys %iowait    %irq   %soft  %steal  %guest  %gnice   %idle
08:43:20     all    0.37    0.00    0.50    8.35    0.00    0.00    0.00    0.00    0.00   90.77
08:43:20       0    0.00    0.00    0.99    0.00    0.00    0.00    0.00    0.00    0.00   99.01
08:43:20       1    0.00    0.00    0.00   67.68    0.00    0.00    0.00    0.00    0.00   32.32
08:43:20       2    0.99    0.00    0.00    0.00    0.00    0.00    0.00    0.00    0.00   99.01
08:43:20       3    0.00    0.00    0.00    0.00    0.00    0.00    0.00    0.00    0.00  100.00
08:43:20       4    0.00    0.00    1.00    0.00    0.00    0.00    0.00    0.00    0.00   99.00
08:43:20       5    0.99    0.00    0.99    0.00    0.00    0.00    0.00    0.00    0.00   98.02
08:43:20       6    0.00    0.00    0.00    0.00    0.00    0.00    0.00    0.00    0.00  100.00
08:43:20       7    1.00    0.00    1.00    0.00    0.00    0.00    0.00    0.00    0.00   98.00

08:43:20     CPU    %usr   %nice    %sys %iowait    %irq   %soft  %steal  %guest  %gnice   %idle
08:43:21     all    1.13    0.00    2.01    7.89    0.00    0.00    0.00    0.00    0.00   88.97
08:43:21       0    1.01    0.00    1.01    8.08    0.00    0.00    0.00    0.00    0.00   89.90
08:43:21       1    1.96    0.00    2.94   44.12    0.00    0.00    0.00    0.00    0.00   50.98
08:43:21       2    0.00    0.00    1.01    0.00    0.00    0.00    0.00    0.00    0.00   98.99
08:43:21       3    1.00    0.00    3.00    0.00    0.00    0.00    0.00    0.00    0.00   96.00
08:43:21       4    1.00    0.00    2.00    0.00    0.00    0.00    0.00    0.00    0.00   97.00
08:43:21       5    1.01    0.00    2.02    7.07    0.00    0.00    0.00    0.00    0.00   89.90
08:43:21       6    1.00    0.00    2.00    3.00    0.00    0.00    0.00    0.00    0.00   94.00
08:43:21       7    2.02    0.00    2.02    0.00    0.00    0.00    0.00    0.00    0.00   95.96

08:43:21     CPU    %usr   %nice    %sys %iowait    %irq   %soft  %steal  %guest  %gnice   %idle
08:43:22     all    1.25    0.00    1.00   67.29    0.00    0.00    0.00    0.00    0.00   30.45
08:43:22       0    0.99    0.00    0.99   71.29    0.00    0.00    0.00    0.00    0.00   26.73
08:43:22       1    1.00    0.00    1.00   78.00    0.00    0.00    0.00    0.00    0.00   20.00
08:43:22       2    1.00    0.00    1.00   59.00    0.00    0.00    0.00    0.00    0.00   39.00
08:43:22       3    1.01    0.00    1.01   73.74    0.00    0.00    0.00    0.00    0.00   24.24
08:43:22       4    1.01    0.00    1.01   63.64    0.00    0.00    0.00    0.00    0.00   34.34
08:43:22       5    2.02    0.00    1.01   68.69    0.00    0.00    0.00    0.00    0.00   28.28
08:43:22       6    1.01    0.00    1.01   64.65    0.00    0.00    0.00    0.00    0.00   33.33
08:43:22       7    1.98    0.00    0.99   59.41    0.00    0.00    0.00    0.00    0.00   37.62

08:43:22     CPU    %usr   %nice    %sys %iowait    %irq   %soft  %steal  %guest  %gnice   %idle
08:43:23     all    1.13    0.00    1.26   80.08    0.00    0.00    0.00    0.00    0.00   17.53
08:43:23       0    1.02    0.00    1.02   82.65    0.00    0.00    0.00    0.00    0.00   15.31
08:43:23       1    1.01    0.00    1.01   81.82    0.00    0.00    0.00    0.00    0.00   16.16
08:43:23       2    1.00    0.00    1.00   82.00    0.00    0.00    0.00    0.00    0.00   16.00
08:43:23       3    1.00    0.00    2.00   81.00    0.00    0.00    0.00    0.00    0.00   16.00
08:43:23       4    1.01    0.00    1.01   75.76    0.00    0.00    0.00    0.00    0.00   22.22
08:43:23       5    1.00    0.00    2.00   79.00    0.00    0.00    0.00    0.00    0.00   18.00
08:43:23       6    2.02    0.00    1.01   70.71    0.00    0.00    0.00    0.00    0.00   26.26
08:43:23       7    1.02    0.00    1.02   87.76    0.00    0.00    0.00    0.00    0.00   10.20

08:43:23     CPU    %usr   %nice    %sys %iowait    %irq   %soft  %steal  %guest  %gnice   %idle
08:43:24     all    1.39    0.00    1.01   82.87    0.00    0.00    0.00    0.00    0.00   14.74
08:43:24       0    1.00    0.00    1.00   82.00    0.00    0.00    0.00    0.00    0.00   16.00
08:43:24       1    1.02    0.00    1.02   86.73    0.00    0.00    0.00    0.00    0.00   11.22
08:43:24       2    2.02    0.00    1.01   79.80    0.00    0.00    0.00    0.00    0.00   17.17
08:43:24       3    1.00    0.00    1.00   80.00    0.00    0.00    0.00    0.00    0.00   18.00
08:43:24       4    1.00    0.00    1.00   87.00    0.00    0.00    0.00    0.00    0.00   11.00
08:43:24       5    1.02    0.00    1.02   82.65    0.00    0.00    0.00    0.00    0.00   15.31
08:43:24       6    3.03    0.00    1.01   77.78    0.00    0.00    0.00    0.00    0.00   18.18
08:43:24       7    1.00    0.00    1.00   87.00    0.00    0.00    0.00    0.00    0.00   11.00

08:43:24     CPU    %usr   %nice    %sys %iowait    %irq   %soft  %steal  %guest  %gnice   %idle
08:43:25     all    1.38    0.00    1.51   72.15    0.00    0.00    0.00    0.00    0.00   24.97
08:43:25       0    2.00    0.00    1.00   69.00    0.00    0.00    0.00    0.00    0.00   28.00
08:43:25       1    0.00    0.00    1.02   74.49    0.00    0.00    0.00    0.00    0.00   24.49
08:43:25       2    2.00    0.00    2.00   69.00    0.00    0.00    0.00    0.00    0.00   27.00
08:43:25       3    1.01    0.00    1.01   69.70    0.00    0.00    0.00    0.00    0.00   28.28
08:43:25       4    2.00    0.00    2.00   75.00    0.00    0.00    0.00    0.00    0.00   21.00
08:43:25       5    1.98    0.00    0.99   74.26    0.00    0.00    0.00    0.00    0.00   22.77
08:43:25       6    1.00    0.00    2.00   74.00    0.00    0.00    0.00    0.00    0.00   23.00
08:43:25       7    1.01    0.00    2.02   71.72    0.00    0.00    0.00    0.00    0.00   25.25

08:43:25     CPU    %usr   %nice    %sys %iowait    %irq   %soft  %steal  %guest  %gnice   %idle
08:43:26     all    2.38    0.00    1.38   63.36    0.00    0.00    0.00    0.00    0.00   32.87
08:43:26       0    2.02    0.00    1.01   65.66    0.00    0.00    0.00    0.00    0.00   31.31
08:43:26       1    1.98    0.00    1.98   65.35    0.00    0.00    0.00    0.00    0.00   30.69
08:43:26       2    7.00    0.00    3.00   69.00    0.00    0.00    0.00    0.00    0.00   21.00
08:43:26       3    2.00    0.00    1.00   61.00    0.00    0.00    0.00    0.00    0.00   36.00
08:43:26       4    2.00    0.00    1.00   63.00    0.00    0.00    0.00    0.00    0.00   34.00
08:43:26       5    2.04    0.00    1.02   59.18    0.00    0.00    0.00    0.00    0.00   37.76
08:43:26       6    1.01    0.00    1.01   59.60    0.00    0.00    0.00    0.00    0.00   38.38
08:43:26       7    1.00    0.00    1.00   64.00    0.00    0.00    0.00    0.00    0.00   34.00

08:43:26     CPU    %usr   %nice    %sys %iowait    %irq   %soft  %steal  %guest  %gnice   %idle
08:43:27     all    1.62    0.00    1.75   80.52    0.00    0.00    0.00    0.00    0.00   16.10
08:43:27       0    1.00    0.00    2.00   84.00    0.00    0.00    0.00    0.00    0.00   13.00
08:43:27       1    1.00    0.00    1.00   81.00    0.00    0.00    0.00    0.00    0.00   17.00
08:43:27       2    2.00    0.00    1.00   81.00    0.00    0.00    0.00    0.00    0.00   16.00
08:43:27       3    1.98    0.00    1.98   81.19    0.00    0.00    0.00    0.00    0.00   14.85
08:43:27       4    1.01    0.00    2.02   76.77    0.00    0.00    0.00    0.00    0.00   20.20
08:43:27       5    1.00    0.00    2.00   84.00    0.00    0.00    0.00    0.00    0.00   13.00
08:43:27       6    1.98    0.00    1.98   79.21    0.00    0.00    0.00    0.00    0.00   16.83
08:43:27       7    3.00    0.00    2.00   77.00    0.00    0.00    0.00    0.00    0.00   18.00

08:43:27     CPU    %usr   %nice    %sys %iowait    %irq   %soft  %steal  %guest  %gnice   %idle
08:43:28     all    1.39    0.00    1.39   77.71    0.00    0.00    0.00    0.00    0.00   19.52
08:43:28       0    2.00    0.00    1.00   80.00    0.00    0.00    0.00    0.00    0.00   17.00
08:43:28       1    1.02    0.00    1.02   79.59    0.00    0.00    0.00    0.00    0.00   18.37
08:43:28       2    1.01    0.00    1.01   78.79    0.00    0.00    0.00    0.00    0.00   19.19
08:43:28       3    1.01    0.00    2.02   76.77    0.00    0.00    0.00    0.00    0.00   20.20
08:43:28       4    2.00    0.00    2.00   76.00    0.00    0.00    0.00    0.00    0.00   20.00
08:43:28       5    1.00    0.00    1.00   78.00    0.00    0.00    0.00    0.00    0.00   20.00
08:43:28       6    2.02    0.00    2.02   77.78    0.00    0.00    0.00    0.00    0.00   18.18
08:43:28       7    1.01    0.00    1.01   74.75    0.00    0.00    0.00    0.00    0.00   23.23

08:43:28     CPU    %usr   %nice    %sys %iowait    %irq   %soft  %steal  %guest  %gnice   %idle
08:43:29     all    1.75    0.00    1.63   80.70    0.00    0.00    0.00    0.00    0.00   15.91
08:43:29       0    2.00    0.00    1.00   78.00    0.00    0.00    0.00    0.00    0.00   19.00
08:43:29       1    2.00    0.00    2.00   84.00    0.00    0.00    0.00    0.00    0.00   12.00
08:43:29       2    2.00    0.00    3.00   81.00    0.00    0.00    0.00    0.00    0.00   14.00
08:43:29       3    0.99    0.00    1.98   78.22    0.00    0.00    0.00    0.00    0.00   18.81
08:43:29       4    1.01    0.00    1.01   79.80    0.00    0.00    0.00    0.00    0.00   18.18
08:43:29       5    2.00    0.00    2.00   80.00    0.00    0.00    0.00    0.00    0.00   16.00
08:43:29       6    2.02    0.00    1.01   80.81    0.00    0.00    0.00    0.00    0.00   16.16
08:43:29       7    2.02    0.00    1.01   83.84    0.00    0.00    0.00    0.00    0.00   13.13

08:43:29     CPU    %usr   %nice    %sys %iowait    %irq   %soft  %steal  %guest  %gnice   %idle
08:43:30     all    1.63    0.00    1.00   60.95    0.00    0.00    0.00    0.00    0.00   36.42
08:43:30       0    1.01    0.00    1.01   59.60    0.00    0.00    0.00    0.00    0.00   38.38
08:43:30       1    2.97    0.00    0.99   57.43    0.00    0.00    0.00    0.00    0.00   38.61
08:43:30       2    1.98    0.00    0.99   58.42    0.00    0.00    0.00    0.00    0.00   38.61
08:43:30       3    1.01    0.00    1.01   61.62    0.00    0.00    0.00    0.00    0.00   36.36
08:43:30       4    1.00    0.00    2.00   63.00    0.00    0.00    0.00    0.00    0.00   34.00
08:43:30       5    1.02    0.00    0.00   65.31    0.00    0.00    0.00    0.00    0.00   33.67
08:43:30       6    2.00    0.00    1.00   62.00    0.00    0.00    0.00    0.00    0.00   35.00
08:43:30       7    1.98    0.00    0.99   60.40    0.00    0.00    0.00    0.00    0.00   36.63

08:43:30     CPU    %usr   %nice    %sys %iowait    %irq   %soft  %steal  %guest  %gnice   %idle
08:43:31     all    1.51    0.00    1.63   80.43    0.00    0.00    0.00    0.00    0.00   16.44
08:43:31       0    1.00    0.00    2.00   78.00    0.00    0.00    0.00    0.00    0.00   19.00
08:43:31       1    1.00    0.00    2.00   80.00    0.00    0.00    0.00    0.00    0.00   17.00
08:43:31       2    2.04    0.00    2.04   75.51    0.00    0.00    0.00    0.00    0.00   20.41
08:43:31       3    2.00    0.00    1.00   80.00    0.00    0.00    0.00    0.00    0.00   17.00
08:43:31       4    2.02    0.00    1.01   77.78    0.00    0.00    0.00    0.00    0.00   19.19
08:43:31       5    1.00    0.00    2.00   85.00    0.00    0.00    0.00    0.00    0.00   12.00
08:43:31       6    1.00    0.00    2.00   77.00    0.00    0.00    0.00    0.00    0.00   20.00
08:43:31       7    2.00    0.00    1.00   90.00    0.00    0.00    0.00    0.00    0.00    7.00

08:43:31     CPU    %usr   %nice    %sys %iowait    %irq   %soft  %steal  %guest  %gnice   %idle
08:43:32     all    1.39    0.00    1.39   81.50    0.00    0.00    0.00    0.00    0.00   15.72
08:43:32       0    1.02    0.00    1.02   84.69    0.00    0.00    0.00    0.00    0.00   13.27
08:43:32       1    1.03    0.00    1.03   80.41    0.00    0.00    0.00    0.00    0.00   17.53
08:43:32       2    1.00    0.00    2.00   84.00    0.00    0.00    0.00    0.00    0.00   13.00
08:43:32       3    1.02    0.00    1.02   83.67    0.00    0.00    0.00    0.00    0.00   14.29
08:43:32       4    2.02    0.00    1.01   84.85    0.00    0.00    0.00    0.00    0.00   12.12
08:43:32       5    1.00    0.00    2.00   78.00    0.00    0.00    0.00    0.00    0.00   19.00
08:43:32       6    2.02    0.00    1.01   77.78    0.00    0.00    0.00    0.00    0.00   19.19
08:43:32       7    2.04    0.00    2.04   78.57    0.00    0.00    0.00    0.00    0.00   17.35

08:43:32     CPU    %usr   %nice    %sys %iowait    %irq   %soft  %steal  %guest  %gnice   %idle
08:43:33     all    2.13    0.00    1.50   80.73    0.00    0.00    0.00    0.00    0.00   15.64
08:43:33       0    2.00    0.00    1.00   85.00    0.00    0.00    0.00    0.00    0.00   12.00
08:43:33       1    2.00    0.00    2.00   80.00    0.00    0.00    0.00    0.00    0.00   16.00
08:43:33       2    2.02    0.00    1.01   82.83    0.00    0.00    0.00    0.00    0.00   14.14
08:43:33       3    2.00    0.00    2.00   77.00    0.00    0.00    0.00    0.00    0.00   19.00
08:43:33       4    2.00    0.00    2.00   78.00    0.00    0.00    0.00    0.00    0.00   18.00
08:43:33       5    2.02    0.00    1.01   87.88    0.00    0.00    0.00    0.00    0.00    9.09
08:43:33       6    1.00    0.00    1.00   78.00    0.00    0.00    0.00    0.00    0.00   20.00
08:43:33       7    3.96    0.00    1.98   77.23    0.00    0.00    0.00    0.00    0.00   16.83

08:43:33     CPU    %usr   %nice    %sys %iowait    %irq   %soft  %steal  %guest  %gnice   %idle
08:43:34     all    1.26    0.00    1.38   61.51    0.00    0.00    0.00    0.00    0.00   35.85
08:43:34       0    1.01    0.00    1.01   64.65    0.00    0.00    0.00    0.00    0.00   33.33
08:43:34       1    1.01    0.00    2.02   57.58    0.00    0.00    0.00    0.00    0.00   39.39
08:43:34       2    1.98    0.00    0.99   61.39    0.00    0.00    0.00    0.00    0.00   35.64
08:43:34       3    0.00    0.00    1.02   58.16    0.00    0.00    0.00    0.00    0.00   40.82
08:43:34       4    3.00    0.00    1.00   49.00    0.00    0.00    0.00    0.00    0.00   47.00
08:43:34       5    1.00    0.00    2.00   64.00    0.00    0.00    0.00    0.00    0.00   33.00
08:43:34       6    2.00    0.00    2.00   67.00    0.00    0.00    0.00    0.00    0.00   29.00
08:43:34       7    0.00    0.00    1.02   70.41    0.00    0.00    0.00    0.00    0.00   28.57

08:43:34     CPU    %usr   %nice    %sys %iowait    %irq   %soft  %steal  %guest  %gnice   %idle
08:43:35     all    2.00    0.00    1.63   75.84    0.00    0.00    0.00    0.00    0.00   20.53
08:43:35       0    2.02    0.00    1.01   81.82    0.00    0.00    0.00    0.00    0.00   15.15
08:43:35       1    2.00    0.00    2.00   77.00    0.00    0.00    0.00    0.00    0.00   19.00
08:43:35       2    2.00    0.00    2.00   73.00    0.00    0.00    0.00    0.00    0.00   23.00
08:43:35       3    1.98    0.00    1.98   71.29    0.00    0.00    0.00    0.00    0.00   24.75
08:43:35       4    1.00    0.00    2.00   78.00    0.00    0.00    0.00    0.00    0.00   19.00
08:43:35       5    2.00    0.00    1.00   74.00    0.00    0.00    0.00    0.00    0.00   23.00
08:43:35       6    1.02    0.00    1.02   80.61    0.00    0.00    0.00    0.00    0.00   17.35
08:43:35       7    3.96    0.00    1.98   71.29    0.00    0.00    0.00    0.00    0.00   22.77

08:43:35     CPU    %usr   %nice    %sys %iowait    %irq   %soft  %steal  %guest  %gnice   %idle
08:43:36     all    1.89    0.00    1.39   84.11    0.00    0.00    0.00    0.00    0.00   12.61
08:43:36       0    1.98    0.00    1.98   85.15    0.00    0.00    0.00    0.00    0.00   10.89
08:43:36       1    2.02    0.00    1.01   81.82    0.00    0.00    0.00    0.00    0.00   15.15
08:43:36       2    1.02    0.00    1.02   83.67    0.00    0.00    0.00    0.00    0.00   14.29
08:43:36       3    2.02    0.00    1.01   87.88    0.00    0.00    0.00    0.00    0.00    9.09
08:43:36       4    1.03    0.00    1.03   77.32    0.00    0.00    0.00    0.00    0.00   20.62
08:43:36       5    4.00    0.00    2.00   86.00    0.00    0.00    0.00    0.00    0.00    8.00
08:43:36       6    1.98    0.00    1.98   85.15    0.00    0.00    0.00    0.00    0.00   10.89
08:43:36       7    1.02    0.00    1.02   85.71    0.00    0.00    0.00    0.00    0.00   12.24

08:43:36     CPU    %usr   %nice    %sys %iowait    %irq   %soft  %steal  %guest  %gnice   %idle
08:43:37     all    1.64    0.00    1.39   76.45    0.00    0.00    0.00    0.00    0.00   20.53
08:43:37       0    2.02    0.00    1.01   87.88    0.00    0.00    0.00    0.00    0.00    9.09
08:43:37       1    1.01    0.00    1.01   73.74    0.00    0.00    0.00    0.00    0.00   24.24
08:43:37       2    3.00    0.00    2.00   80.00    0.00    0.00    0.00    0.00    0.00   15.00
08:43:37       3    1.03    0.00    1.03   74.23    0.00    0.00    0.00    0.00    0.00   23.71
08:43:37       4    1.98    0.00    1.98   73.27    0.00    0.00    0.00    0.00    0.00   22.77
08:43:37       5    1.02    0.00    1.02   70.41    0.00    0.00    0.00    0.00    0.00   27.55
08:43:37       6    1.01    0.00    1.01   80.81    0.00    0.00    0.00    0.00    0.00   17.17
08:43:37       7    1.98    0.00    1.98   71.29    0.00    0.00    0.00    0.00    0.00   24.75

08:43:37     CPU    %usr   %nice    %sys %iowait    %irq   %soft  %steal  %guest  %gnice   %idle
08:43:38     all    1.63    0.00    1.50   64.16    0.00    0.00    0.00    0.00    0.00   32.71
08:43:38       0    0.99    0.00    1.98   62.38    0.00    0.00    0.00    0.00    0.00   34.65
08:43:38       1    2.00    0.00    2.00   63.00    0.00    0.00    0.00    0.00    0.00   33.00
08:43:38       2    2.00    0.00    1.00   64.00    0.00    0.00    0.00    0.00    0.00   33.00
08:43:38       3    1.98    0.00    1.98   60.40    0.00    0.00    0.00    0.00    0.00   35.64
08:43:38       4    2.04    0.00    2.04   65.31    0.00    0.00    0.00    0.00    0.00   30.61
08:43:38       5    1.00    0.00    1.00   67.00    0.00    0.00    0.00    0.00    0.00   31.00
08:43:38       6    2.02    0.00    1.01   64.65    0.00    0.00    0.00    0.00    0.00   32.32
08:43:38       7    1.01    0.00    1.01   66.67    0.00    0.00    0.00    0.00    0.00   31.31

08:43:38     CPU    %usr   %nice    %sys %iowait    %irq   %soft  %steal  %guest  %gnice   %idle
08:43:39     all    2.01    0.00    1.63   84.05    0.00    0.00    0.00    0.00    0.00   12.31
08:43:39       0    2.04    0.00    1.02   84.69    0.00    0.00    0.00    0.00    0.00   12.24
08:43:39       1    1.00    0.00    2.00   81.00    0.00    0.00    0.00    0.00    0.00   16.00
08:43:39       2    3.03    0.00    2.02   83.84    0.00    0.00    0.00    0.00    0.00   11.11
08:43:39       3    2.02    0.00    1.01   83.84    0.00    0.00    0.00    0.00    0.00   13.13
08:43:39       4    1.98    0.00    1.98   85.15    0.00    0.00    0.00    0.00    0.00   10.89
08:43:39       5    3.00    0.00    1.00   84.00    0.00    0.00    0.00    0.00    0.00   12.00
08:43:39       6    2.00    0.00    2.00   83.00    0.00    0.00    0.00    0.00    0.00   13.00
08:43:39       7    1.01    0.00    2.02   86.87    0.00    0.00    0.00    0.00    0.00   10.10

08:43:39     CPU    %usr   %nice    %sys %iowait    %irq   %soft  %steal  %guest  %gnice   %idle
08:43:40     all    1.88    0.00    1.26   72.36    0.00    0.00    0.00    0.00    0.00   24.50
08:43:40       0    1.01    0.00    1.01   69.70    0.00    0.00    0.00    0.00    0.00   28.28
08:43:40       1    2.02    0.00    1.01   68.69    0.00    0.00    0.00    0.00    0.00   28.28
08:43:40       2    3.00    0.00    2.00   77.00    0.00    0.00    0.00    0.00    0.00   18.00
08:43:40       3    1.98    0.00    1.98   75.25    0.00    0.00    0.00    0.00    0.00   20.79
08:43:40       4    2.02    0.00    1.01   71.72    0.00    0.00    0.00    0.00    0.00   25.25
08:43:40       5    1.02    0.00    1.02   73.47    0.00    0.00    0.00    0.00    0.00   24.49
08:43:40       6    2.00    0.00    1.00   68.00    0.00    0.00    0.00    0.00    0.00   29.00
08:43:40       7    2.00    0.00    1.00   75.00    0.00    0.00    0.00    0.00    0.00   22.00

08:43:40     CPU    %usr   %nice    %sys %iowait    %irq   %soft  %steal  %guest  %gnice   %idle
08:43:41     all    2.00    0.00    1.62   74.88    0.00    0.00    0.00    0.00    0.00   21.50
08:43:41       0    2.00    0.00    1.00   78.00    0.00    0.00    0.00    0.00    0.00   19.00
08:43:41       1    2.00    0.00    1.00   78.00    0.00    0.00    0.00    0.00    0.00   19.00
08:43:41       2    1.00    0.00    2.00   76.00    0.00    0.00    0.00    0.00    0.00   21.00
08:43:41       3    2.00    0.00    2.00   71.00    0.00    0.00    0.00    0.00    0.00   25.00
08:43:41       4    2.00    0.00    1.00   76.00    0.00    0.00    0.00    0.00    0.00   21.00
08:43:41       5    1.98    0.00    1.98   77.23    0.00    0.00    0.00    0.00    0.00   18.81
08:43:41       6    2.00    0.00    2.00   73.00    0.00    0.00    0.00    0.00    0.00   23.00
08:43:41       7    3.03    0.00    2.02   69.70    0.00    0.00    0.00    0.00    0.00   25.25

08:43:41     CPU    %usr   %nice    %sys %iowait    %irq   %soft  %steal  %guest  %gnice   %idle
08:43:42     all    1.14    0.00    1.26   62.25    0.00    0.00    0.00    0.00    0.00   35.35
08:43:42       0    1.02    0.00    1.02   66.33    0.00    0.00    0.00    0.00    0.00   31.63
08:43:42       1    0.00    0.00    1.02   63.27    0.00    0.00    0.00    0.00    0.00   35.71
08:43:42       2    1.01    0.00    1.01   61.62    0.00    0.00    0.00    0.00    0.00   36.36
08:43:42       3    1.01    0.00    1.01   59.60    0.00    0.00    0.00    0.00    0.00   38.38
08:43:42       4    1.01    0.00    1.01   66.67    0.00    0.00    0.00    0.00    0.00   31.31
08:43:42       5    1.01    0.00    2.02   59.60    0.00    0.00    0.00    0.00    0.00   37.37
08:43:42       6    2.00    0.00    1.00   59.00    0.00    0.00    0.00    0.00    0.00   38.00
08:43:42       7    2.00    0.00    2.00   62.00    0.00    0.00    0.00    0.00    0.00   34.00

08:43:42     CPU    %usr   %nice    %sys %iowait    %irq   %soft  %steal  %guest  %gnice   %idle
08:43:43     all    2.26    0.00    1.63   78.32    0.00    0.00    0.00    0.00    0.00   17.79
08:43:43       0    1.96    0.00    2.94   73.53    0.00    0.00    0.00    0.00    0.00   21.57
08:43:43       1    2.02    0.00    1.01   72.73    0.00    0.00    0.00    0.00    0.00   24.24
08:43:43       2    3.00    0.00    1.00   79.00    0.00    0.00    0.00    0.00    0.00   17.00
08:43:43       3    2.02    0.00    2.02   83.84    0.00    0.00    0.00    0.00    0.00   12.12
08:43:43       4    2.02    0.00    1.01   79.80    0.00    0.00    0.00    0.00    0.00   17.17
08:43:43       5    2.00    0.00    1.00   82.00    0.00    0.00    0.00    0.00    0.00   15.00
08:43:43       6    3.00    0.00    2.00   77.00    0.00    0.00    0.00    0.00    0.00   18.00
08:43:43       7    2.02    0.00    2.02   78.79    0.00    0.00    0.00    0.00    0.00   17.17

08:43:43     CPU    %usr   %nice    %sys %iowait    %irq   %soft  %steal  %guest  %gnice   %idle
08:43:44     all    2.02    0.00    1.51   76.29    0.00    0.00    0.00    0.00    0.00   20.18
08:43:44       0    2.04    0.00    1.02   77.55    0.00    0.00    0.00    0.00    0.00   19.39
08:43:44       1    1.01    0.00    2.02   72.73    0.00    0.00    0.00    0.00    0.00   24.24
08:43:44       2    1.01    0.00    1.01   81.82    0.00    0.00    0.00    0.00    0.00   16.16
08:43:44       3    2.00    0.00    1.00   74.00    0.00    0.00    0.00    0.00    0.00   23.00
08:43:44       4    2.00    0.00    2.00   78.00    0.00    0.00    0.00    0.00    0.00   18.00
08:43:44       5    3.03    0.00    1.01   77.78    0.00    0.00    0.00    0.00    0.00   18.18
08:43:44       6    3.06    0.00    2.04   74.49    0.00    0.00    0.00    0.00    0.00   20.41
08:43:44       7    2.00    0.00    2.00   74.00    0.00    0.00    0.00    0.00    0.00   22.00

08:43:44     CPU    %usr   %nice    %sys %iowait    %irq   %soft  %steal  %guest  %gnice   %idle
08:43:45     all    2.37    0.00    2.00   79.18    0.00    0.00    0.00    0.00    0.00   16.46
08:43:45       0    1.98    0.00    2.97   78.22    0.00    0.00    0.00    0.00    0.00   16.83
08:43:45       1    2.00    0.00    1.00   78.00    0.00    0.00    0.00    0.00    0.00   19.00
08:43:45       2    2.02    0.00    2.02   77.78    0.00    0.00    0.00    0.00    0.00   18.18
08:43:45       3    2.02    0.00    2.02   80.81    0.00    0.00    0.00    0.00    0.00   15.15
08:43:45       4    1.98    0.00    1.98   80.20    0.00    0.00    0.00    0.00    0.00   15.84
08:43:45       5    2.00    0.00    2.00   75.00    0.00    0.00    0.00    0.00    0.00   21.00
08:43:45       6    1.98    0.00    1.98   88.12    0.00    0.00    0.00    0.00    0.00    7.92
08:43:45       7    4.95    0.00    1.98   75.25    0.00    0.00    0.00    0.00    0.00   17.82

08:43:45     CPU    %usr   %nice    %sys %iowait    %irq   %soft  %steal  %guest  %gnice   %idle
08:43:46     all    0.63    0.00    1.13   57.25    0.00    0.00    0.00    0.00    0.00   40.98
08:43:46       0    1.01    0.00    1.01   58.59    0.00    0.00    0.00    0.00    0.00   39.39
08:43:46       1    1.01    0.00    1.01   57.58    0.00    0.00    0.00    0.00    0.00   40.40
08:43:46       2    1.00    0.00    1.00   53.00    0.00    0.00    0.00    0.00    0.00   45.00
08:43:46       3    0.99    0.00    0.99   58.42    0.00    0.00    0.00    0.00    0.00   39.60
08:43:46       4    1.01    0.00    1.01   58.59    0.00    0.00    0.00    0.00    0.00   39.39
08:43:46       5    0.00    0.00    1.02   64.29    0.00    0.00    0.00    0.00    0.00   34.69
08:43:46       6    0.00    0.00    2.02   57.58    0.00    0.00    0.00    0.00    0.00   40.40
08:43:46       7    0.00    0.00    1.02   50.00    0.00    0.00    0.00    0.00    0.00   48.98

08:43:46     CPU    %usr   %nice    %sys %iowait    %irq   %soft  %steal  %guest  %gnice   %idle
08:43:47     all    2.12    0.00    1.50   75.16    0.00    0.00    0.00    0.00    0.00   21.22
08:43:47       0    1.98    0.00    0.99   78.22    0.00    0.00    0.00    0.00    0.00   18.81
08:43:47       1    0.99    0.00    1.98   70.30    0.00    0.00    0.00    0.00    0.00   26.73
08:43:47       2    2.02    0.00    1.01   73.74    0.00    0.00    0.00    0.00    0.00   23.23
08:43:47       3    4.04    0.00    2.02   81.82    0.00    0.00    0.00    0.00    0.00   12.12
08:43:47       4    2.02    0.00    1.01   75.76    0.00    0.00    0.00    0.00    0.00   21.21
08:43:47       5    1.98    0.00    1.98   77.23    0.00    0.00    0.00    0.00    0.00   18.81
08:43:47       6    2.00    0.00    1.00   73.00    0.00    0.00    0.00    0.00    0.00   24.00
08:43:47       7    1.98    0.00    1.98   71.29    0.00    0.00    0.00    0.00    0.00   24.75

08:43:47     CPU    %usr   %nice    %sys %iowait    %irq   %soft  %steal  %guest  %gnice   %idle
08:43:48     all    1.90    0.00    2.66   76.30    0.00    0.00    0.00    0.00    0.00   19.14
08:43:48       0    1.03    0.00    2.06   75.26    0.00    0.00    0.00    0.00    0.00   21.65
08:43:48       1    2.06    0.00    1.03   79.38    0.00    0.00    0.00    0.00    0.00   17.53
08:43:48       2    2.00    0.00    2.00   78.00    0.00    0.00    0.00    0.00    0.00   18.00
08:43:48       3    1.01    0.00    2.02   79.80    0.00    0.00    0.00    0.00    0.00   17.17
08:43:48       4    2.02    0.00    2.02   68.69    0.00    0.00    0.00    0.00    0.00   27.27
08:43:48       5    3.03    0.00    8.08   70.71    0.00    0.00    0.00    0.00    0.00   18.18
08:43:48       6    2.02    0.00    2.02   78.79    0.00    0.00    0.00    0.00    0.00   17.17
08:43:48       7    2.02    0.00    2.02   79.80    0.00    0.00    0.00    0.00    0.00   16.16

08:43:48     CPU    %usr   %nice    %sys %iowait    %irq   %soft  %steal  %guest  %gnice   %idle
08:43:49     all    2.38    0.00    1.63   79.60    0.00    0.00    0.00    0.00    0.00   16.40
08:43:49       0    2.97    0.00    0.99   82.18    0.00    0.00    0.00    0.00    0.00   13.86
08:43:49       1    2.00    0.00    2.00   80.00    0.00    0.00    0.00    0.00    0.00   16.00
08:43:49       2    2.00    0.00    2.00   79.00    0.00    0.00    0.00    0.00    0.00   17.00
08:43:49       3    4.00    0.00    1.00   73.00    0.00    0.00    0.00    0.00    0.00   22.00
08:43:49       4    2.00    0.00    2.00   83.00    0.00    0.00    0.00    0.00    0.00   13.00
08:43:49       5    3.00    0.00    2.00   77.00    0.00    0.00    0.00    0.00    0.00   18.00
08:43:49       6    2.02    0.00    1.01   80.81    0.00    0.00    0.00    0.00    0.00   16.16
08:43:49       7    1.01    0.00    2.02   81.82    0.00    0.00    0.00    0.00    0.00   15.15

08:43:49     CPU    %usr   %nice    %sys %iowait    %irq   %soft  %steal  %guest  %gnice   %idle
08:43:50     all    1.51    0.00    1.13   65.03    0.00    0.00    0.00    0.00    0.00   32.33
08:43:50       0    1.01    0.00    1.01   67.68    0.00    0.00    0.00    0.00    0.00   30.30
08:43:50       1    2.00    0.00    1.00   63.00    0.00    0.00    0.00    0.00    0.00   34.00
08:43:50       2    1.00    0.00    1.00   68.00    0.00    0.00    0.00    0.00    0.00   30.00
08:43:50       3    1.01    0.00    2.02   68.69    0.00    0.00    0.00    0.00    0.00   28.28
08:43:50       4    1.02    0.00    1.02   64.29    0.00    0.00    0.00    0.00    0.00   33.67
08:43:50       5    1.02    0.00    0.00   64.29    0.00    0.00    0.00    0.00    0.00   34.69
08:43:50       6    0.99    0.00    1.98   57.43    0.00    0.00    0.00    0.00    0.00   39.60
08:43:50       7    4.00    0.00    1.00   67.00    0.00    0.00    0.00    0.00    0.00   28.00

08:43:50     CPU    %usr   %nice    %sys %iowait    %irq   %soft  %steal  %guest  %gnice   %idle
08:43:51     all    1.88    0.00    1.25   69.05    0.00    0.00    0.00    0.00    0.00   27.82
08:43:51       0    1.00    0.00    2.00   74.00    0.00    0.00    0.00    0.00    0.00   23.00
08:43:51       1    3.00    0.00    2.00   64.00    0.00    0.00    0.00    0.00    0.00   31.00
08:43:51       2    2.02    0.00    0.00   71.72    0.00    0.00    0.00    0.00    0.00   26.26
08:43:51       3    2.00    0.00    1.00   75.00    0.00    0.00    0.00    0.00    0.00   22.00
08:43:51       4    1.01    0.00    1.01   64.65    0.00    0.00    0.00    0.00    0.00   33.33
08:43:51       5    1.98    0.00    1.98   61.39    0.00    0.00    0.00    0.00    0.00   34.65
08:43:51       6    2.02    0.00    1.01   73.74    0.00    0.00    0.00    0.00    0.00   23.23
08:43:51       7    2.00    0.00    1.00   68.00    0.00    0.00    0.00    0.00    0.00   29.00

08:43:51     CPU    %usr   %nice    %sys %iowait    %irq   %soft  %steal  %guest  %gnice   %idle
08:43:52     all    1.51    0.00    1.63   74.28    0.00    0.00    0.00    0.00    0.00   22.58
08:43:52       0    1.01    0.00    2.02   76.77    0.00    0.00    0.00    0.00    0.00   20.20
08:43:52       1    1.00    0.00    2.00   68.00    0.00    0.00    0.00    0.00    0.00   29.00
08:43:52       2    1.01    0.00    2.02   77.78    0.00    0.00    0.00    0.00    0.00   19.19
08:43:52       3    3.00    0.00    2.00   71.00    0.00    0.00    0.00    0.00    0.00   24.00
08:43:52       4    1.98    0.00    1.98   80.20    0.00    0.00    0.00    0.00    0.00   15.84
08:43:52       5    1.01    0.00    1.01   73.74    0.00    0.00    0.00    0.00    0.00   24.24
08:43:52       6    2.00    0.00    1.00   68.00    0.00    0.00    0.00    0.00    0.00   29.00
08:43:52       7    1.01    0.00    1.01   78.79    0.00    0.00    0.00    0.00    0.00   19.19

08:43:52     CPU    %usr   %nice    %sys %iowait    %irq   %soft  %steal  %guest  %gnice   %idle
08:43:53     all    1.88    0.00    1.38   69.67    0.00    0.00    0.00    0.00    0.00   27.07
08:43:53       0    3.03    0.00    1.01   71.72    0.00    0.00    0.00    0.00    0.00   24.24
08:43:53       1    1.00    0.00    2.00   71.00    0.00    0.00    0.00    0.00    0.00   26.00
08:43:53       2    2.00    0.00    1.00   73.00    0.00    0.00    0.00    0.00    0.00   24.00
08:43:53       3    2.00    0.00    1.00   72.00    0.00    0.00    0.00    0.00    0.00   25.00
08:43:53       4    1.01    0.00    2.02   64.65    0.00    0.00    0.00    0.00    0.00   32.32
08:43:53       5    1.98    0.00    1.98   74.26    0.00    0.00    0.00    0.00    0.00   21.78
08:43:53       6    2.02    0.00    1.01   56.57    0.00    0.00    0.00    0.00    0.00   40.40
08:43:53       7    2.00    0.00    1.00   74.00    0.00    0.00    0.00    0.00    0.00   23.00

08:43:53     CPU    %usr   %nice    %sys %iowait    %irq   %soft  %steal  %guest  %gnice   %idle
08:43:54     all    1.14    0.00    1.39   68.90    0.00    0.00    0.00    0.00    0.00   28.57
08:43:54       0    1.00    0.00    2.00   70.00    0.00    0.00    0.00    0.00    0.00   27.00
08:43:54       1    1.01    0.00    2.02   67.68    0.00    0.00    0.00    0.00    0.00   29.29
08:43:54       2    1.01    0.00    1.01   65.66    0.00    0.00    0.00    0.00    0.00   32.32
08:43:54       3    1.02    0.00    1.02   73.47    0.00    0.00    0.00    0.00    0.00   24.49
08:43:54       4    1.01    0.00    1.01   73.74    0.00    0.00    0.00    0.00    0.00   24.24
08:43:54       5    1.02    0.00    1.02   66.33    0.00    0.00    0.00    0.00    0.00   31.63
08:43:54       6    1.01    0.00    1.01   66.67    0.00    0.00    0.00    0.00    0.00   31.31
08:43:54       7    2.02    0.00    2.02   67.68    0.00    0.00    0.00    0.00    0.00   28.28

08:43:54     CPU    %usr   %nice    %sys %iowait    %irq   %soft  %steal  %guest  %gnice   %idle
08:43:55     all    2.12    0.00    1.75   74.88    0.00    0.00    0.00    0.00    0.00   21.25
08:43:55       0    2.04    0.00    1.02   76.53    0.00    0.00    0.00    0.00    0.00   20.41
08:43:55       1    2.00    0.00    1.00   77.00    0.00    0.00    0.00    0.00    0.00   20.00
08:43:55       2    1.98    0.00    1.98   74.26    0.00    0.00    0.00    0.00    0.00   21.78
08:43:55       3    2.00    0.00    2.00   73.00    0.00    0.00    0.00    0.00    0.00   23.00
08:43:55       4    1.98    0.00    1.98   74.26    0.00    0.00    0.00    0.00    0.00   21.78
08:43:55       5    1.00    0.00    2.00   73.00    0.00    0.00    0.00    0.00    0.00   24.00
08:43:55       6    1.98    0.00    1.98   73.27    0.00    0.00    0.00    0.00    0.00   22.77
08:43:55       7    4.04    0.00    2.02   77.78    0.00    0.00    0.00    0.00    0.00   16.16

08:43:55     CPU    %usr   %nice    %sys %iowait    %irq   %soft  %steal  %guest  %gnice   %idle
08:43:56     all    1.39    0.00    1.51   74.81    0.00    0.00    0.00    0.00    0.00   22.29
08:43:56       0    1.00    0.00    2.00   79.00    0.00    0.00    0.00    0.00    0.00   18.00
08:43:56       1    2.00    0.00    2.00   78.00    0.00    0.00    0.00    0.00    0.00   18.00
08:43:56       2    1.01    0.00    1.01   75.76    0.00    0.00    0.00    0.00    0.00   22.22
08:43:56       3    3.00    0.00    2.00   68.00    0.00    0.00    0.00    0.00    0.00   27.00
08:43:56       4    1.01    0.00    1.01   76.77    0.00    0.00    0.00    0.00    0.00   21.21
08:43:56       5    2.02    0.00    1.01   71.72    0.00    0.00    0.00    0.00    0.00   25.25
08:43:56       6    0.00    0.00    1.03   64.95    0.00    0.00    0.00    0.00    0.00   34.02
08:43:56       7    1.00    0.00    2.00   84.00    0.00    0.00    0.00    0.00    0.00   13.00

08:43:56     CPU    %usr   %nice    %sys %iowait    %irq   %soft  %steal  %guest  %gnice   %idle
08:43:57     all    2.25    0.00    2.13   77.35    0.00    0.00    0.00    0.00    0.00   18.27
08:43:57       0    2.02    0.00    2.02   78.79    0.00    0.00    0.00    0.00    0.00   17.17
08:43:57       1    2.00    0.00    2.00   78.00    0.00    0.00    0.00    0.00    0.00   18.00
08:43:57       2    2.02    0.00    2.02   73.74    0.00    0.00    0.00    0.00    0.00   22.22
08:43:57       3    2.00    0.00    2.00   82.00    0.00    0.00    0.00    0.00    0.00   14.00
08:43:57       4    1.98    0.00    2.97   69.31    0.00    0.00    0.00    0.00    0.00   25.74
08:43:57       5    1.01    0.00    2.02   77.78    0.00    0.00    0.00    0.00    0.00   19.19
08:43:57       6    2.97    0.00    1.98   81.19    0.00    0.00    0.00    0.00    0.00   13.86
08:43:57       7    4.00    0.00    2.00   78.00    0.00    0.00    0.00    0.00    0.00   16.00

08:43:57     CPU    %usr   %nice    %sys %iowait    %irq   %soft  %steal  %guest  %gnice   %idle
08:43:58     all    1.64    0.00    1.01   62.64    0.00    0.00    0.00    0.00    0.00   34.72
08:43:58       0    2.02    0.00    0.00   70.71    0.00    0.00    0.00    0.00    0.00   27.27
08:43:58       1    1.02    0.00    0.00   66.33    0.00    0.00    0.00    0.00    0.00   32.65
08:43:58       2    1.00    0.00    2.00   55.00    0.00    0.00    0.00    0.00    0.00   42.00
08:43:58       3    2.00    0.00    0.00   55.00    0.00    0.00    0.00    0.00    0.00   43.00
08:43:58       4    1.01    0.00    1.01   70.71    0.00    0.00    0.00    0.00    0.00   27.27
08:43:58       5    3.00    0.00    2.00   57.00    0.00    0.00    0.00    0.00    0.00   38.00
08:43:58       6    2.00    0.00    1.00   64.00    0.00    0.00    0.00    0.00    0.00   33.00
08:43:58       7    1.01    0.00    2.02   62.63    0.00    0.00    0.00    0.00    0.00   34.34

08:43:58     CPU    %usr   %nice    %sys %iowait    %irq   %soft  %steal  %guest  %gnice   %idle
08:43:59     all    2.01    0.00    1.89   73.84    0.00    0.00    0.00    0.00    0.00   22.26
08:43:59       0    1.01    0.00    2.02   68.69    0.00    0.00    0.00    0.00    0.00   28.28
08:43:59       1    2.00    0.00    3.00   73.00    0.00    0.00    0.00    0.00    0.00   22.00
08:43:59       2    3.00    0.00    1.00   74.00    0.00    0.00    0.00    0.00    0.00   22.00
08:43:59       3    3.03    0.00    3.03   76.77    0.00    0.00    0.00    0.00    0.00   17.17
08:43:59       4    2.00    0.00    2.00   74.00    0.00    0.00    0.00    0.00    0.00   22.00
08:43:59       5    1.98    0.00    1.98   75.25    0.00    0.00    0.00    0.00    0.00   20.79
08:43:59       6    1.03    0.00    1.03   75.26    0.00    0.00    0.00    0.00    0.00   22.68
08:43:59       7    2.02    0.00    1.01   73.74    0.00    0.00    0.00    0.00    0.00   23.23

08:43:59     CPU    %usr   %nice    %sys %iowait    %irq   %soft  %steal  %guest  %gnice   %idle
08:44:00     all    2.12    0.00    2.00   74.41    0.00    0.00    0.00    0.00    0.00   21.47
08:44:00       0    1.98    0.00    2.97   74.26    0.00    0.00    0.00    0.00    0.00   20.79
08:44:00       1    2.00    0.00    2.00   82.00    0.00    0.00    0.00    0.00    0.00   14.00
08:44:00       2    1.00    0.00    2.00   71.00    0.00    0.00    0.00    0.00    0.00   26.00
08:44:00       3    2.00    0.00    2.00   77.00    0.00    0.00    0.00    0.00    0.00   19.00
08:44:00       4    2.02    0.00    1.01   80.81    0.00    0.00    0.00    0.00    0.00   16.16
08:44:00       5    3.00    0.00    1.00   64.00    0.00    0.00    0.00    0.00    0.00   32.00
08:44:00       6    2.00    0.00    2.00   78.00    0.00    0.00    0.00    0.00    0.00   18.00
08:44:00       7    2.97    0.00    2.97   68.32    0.00    0.00    0.00    0.00    0.00   25.74

08:44:00     CPU    %usr   %nice    %sys %iowait    %irq   %soft  %steal  %guest  %gnice   %idle
08:44:01     all    2.14    0.00    1.77   77.18    0.00    0.00    0.00    0.00    0.00   18.92
08:44:01       0    2.02    0.00    1.01   81.82    0.00    0.00    0.00    0.00    0.00   15.15
08:44:01       1    2.02    0.00    2.02   78.79    0.00    0.00    0.00    0.00    0.00   17.17
08:44:01       2    2.02    0.00    2.02   70.71    0.00    0.00    0.00    0.00    0.00   25.25
08:44:01       3    2.00    0.00    3.00   80.00    0.00    0.00    0.00    0.00    0.00   15.00
08:44:01       4    2.02    0.00    1.01   74.75    0.00    0.00    0.00    0.00    0.00   22.22
08:44:01       5    2.02    0.00    2.02   80.81    0.00    0.00    0.00    0.00    0.00   15.15
08:44:01       6    3.03    0.00    2.02   74.75    0.00    0.00    0.00    0.00    0.00   20.20
08:44:01       7    2.02    0.00    1.01   75.76    0.00    0.00    0.00    0.00    0.00   21.21

08:44:01     CPU    %usr   %nice    %sys %iowait    %irq   %soft  %steal  %guest  %gnice   %idle
08:44:02     all    1.76    0.00    1.38   62.36    0.00    0.00    0.00    0.00    0.00   34.50
08:44:02       0    2.00    0.00    1.00   50.00    0.00    0.00    0.00    0.00    0.00   47.00
08:44:02       1    1.01    0.00    1.01   52.53    0.00    0.00    0.00    0.00    0.00   45.45
08:44:02       2    2.00    0.00    1.00   71.00    0.00    0.00    0.00    0.00    0.00   26.00
08:44:02       3    1.01    0.00    1.01   65.66    0.00    0.00    0.00    0.00    0.00   32.32
08:44:02       4    2.00    0.00    2.00   67.00    0.00    0.00    0.00    0.00    0.00   29.00
08:44:02       5    1.01    0.00    1.01   62.63    0.00    0.00    0.00    0.00    0.00   35.35
08:44:02       6    2.97    0.00    1.98   61.39    0.00    0.00    0.00    0.00    0.00   33.66
08:44:02       7    2.02    0.00    2.02   68.69    0.00    0.00    0.00    0.00    0.00   27.27

08:44:02     CPU    %usr   %nice    %sys %iowait    %irq   %soft  %steal  %guest  %gnice   %idle
08:44:03     all    1.88    0.00    1.50   69.92    0.00    0.00    0.00    0.00    0.00   26.69
08:44:03       0    2.00    0.00    2.00   70.00    0.00    0.00    0.00    0.00    0.00   26.00
08:44:03       1    4.00    0.00    1.00   77.00    0.00    0.00    0.00    0.00    0.00   18.00
08:44:03       2    2.00    0.00    2.00   63.00    0.00    0.00    0.00    0.00    0.00   33.00
08:44:03       3    1.01    0.00    2.02   62.63    0.00    0.00    0.00    0.00    0.00   34.34
08:44:03       4    1.01    0.00    1.01   74.75    0.00    0.00    0.00    0.00    0.00   23.23
08:44:03       5    2.00    0.00    2.00   72.00    0.00    0.00    0.00    0.00    0.00   24.00
08:44:03       6    2.00    0.00    1.00   67.00    0.00    0.00    0.00    0.00    0.00   30.00
08:44:03       7    1.00    0.00    1.00   73.00    0.00    0.00    0.00    0.00    0.00   25.00

08:44:03     CPU    %usr   %nice    %sys %iowait    %irq   %soft  %steal  %guest  %gnice   %idle
08:44:04     all    1.51    0.00    1.51   72.90    0.00    0.00    0.00    0.00    0.00   24.09
08:44:04       0    1.00    0.00    1.00   86.00    0.00    0.00    0.00    0.00    0.00   12.00
08:44:04       1    1.00    0.00    2.00   77.00    0.00    0.00    0.00    0.00    0.00   20.00
08:44:04       2    1.00    0.00    2.00   68.00    0.00    0.00    0.00    0.00    0.00   29.00
08:44:04       3    2.00    0.00    2.00   73.00    0.00    0.00    0.00    0.00    0.00   23.00
08:44:04       4    1.02    0.00    1.02   63.27    0.00    0.00    0.00    0.00    0.00   34.69
08:44:04       5    2.97    0.00    1.98   77.23    0.00    0.00    0.00    0.00    0.00   17.82
08:44:04       6    2.02    0.00    1.01   60.61    0.00    0.00    0.00    0.00    0.00   36.36
08:44:04       7    1.01    0.00    1.01   77.78    0.00    0.00    0.00    0.00    0.00   20.20

08:44:04     CPU    %usr   %nice    %sys %iowait    %irq   %soft  %steal  %guest  %gnice   %idle
08:44:05     all    2.25    0.00    1.62   72.75    0.00    0.00    0.00    0.00    0.00   23.38
08:44:05       0    2.02    0.00    2.02   68.69    0.00    0.00    0.00    0.00    0.00   27.27
08:44:05       1    2.02    0.00    1.01   74.75    0.00    0.00    0.00    0.00    0.00   22.22
08:44:05       2    2.00    0.00    1.00   85.00    0.00    0.00    0.00    0.00    0.00   12.00
08:44:05       3    2.00    0.00    1.00   66.00    0.00    0.00    0.00    0.00    0.00   31.00
08:44:05       4    1.98    0.00    1.98   75.25    0.00    0.00    0.00    0.00    0.00   20.79
08:44:05       5    2.00    0.00    2.00   67.00    0.00    0.00    0.00    0.00    0.00   29.00
08:44:05       6    1.98    0.00    1.98   69.31    0.00    0.00    0.00    0.00    0.00   26.73
08:44:05       7    4.00    0.00    2.00   76.00    0.00    0.00    0.00    0.00    0.00   18.00

08:44:05     CPU    %usr   %nice    %sys %iowait    %irq   %soft  %steal  %guest  %gnice   %idle
08:44:06     all    1.38    0.00    1.63   62.11    0.00    0.00    0.00    0.00    0.00   34.88
08:44:06       0    1.00    0.00    1.00   60.00    0.00    0.00    0.00    0.00    0.00   38.00
08:44:06       1    1.98    0.00    1.98   64.36    0.00    0.00    0.00    0.00    0.00   31.68
08:44:06       2    1.01    0.00    1.01   54.55    0.00    0.00    0.00    0.00    0.00   43.43
08:44:06       3    1.01    0.00    2.02   61.62    0.00    0.00    0.00    0.00    0.00   35.35
08:44:06       4    1.01    0.00    2.02   64.65    0.00    0.00    0.00    0.00    0.00   32.32
08:44:06       5    1.01    0.00    1.01   67.68    0.00    0.00    0.00    0.00    0.00   30.30
08:44:06       6    1.00    0.00    2.00   57.00    0.00    0.00    0.00    0.00    0.00   40.00
08:44:06       7    3.00    0.00    2.00   67.00    0.00    0.00    0.00    0.00    0.00   28.00

08:44:06     CPU    %usr   %nice    %sys %iowait    %irq   %soft  %steal  %guest  %gnice   %idle
08:44:07     all    2.14    0.00    1.26   70.24    0.00    0.00    0.00    0.00    0.00   26.36
08:44:07       0    2.04    0.00    1.02   61.22    0.00    0.00    0.00    0.00    0.00   35.71
08:44:07       1    2.02    0.00    1.01   64.65    0.00    0.00    0.00    0.00    0.00   32.32
08:44:07       2    1.01    0.00    2.02   65.66    0.00    0.00    0.00    0.00    0.00   31.31
08:44:07       3    2.00    0.00    2.00   67.00    0.00    0.00    0.00    0.00    0.00   29.00
08:44:07       4    4.04    0.00    1.01   75.76    0.00    0.00    0.00    0.00    0.00   19.19
08:44:07       5    2.00    0.00    1.00   81.00    0.00    0.00    0.00    0.00    0.00   16.00
08:44:07       6    2.02    0.00    1.01   71.72    0.00    0.00    0.00    0.00    0.00   25.25
08:44:07       7    2.02    0.00    1.01   74.75    0.00    0.00    0.00    0.00    0.00   22.22

08:44:07     CPU    %usr   %nice    %sys %iowait    %irq   %soft  %steal  %guest  %gnice   %idle
08:44:08     all    2.49    0.00    2.37   79.18    0.00    0.00    0.00    0.00    0.00   15.96
08:44:08       0    2.00    0.00    3.00   83.00    0.00    0.00    0.00    0.00    0.00   12.00
08:44:08       1    2.00    0.00    2.00   83.00    0.00    0.00    0.00    0.00    0.00   13.00
08:44:08       2    2.00    0.00    2.00   77.00    0.00    0.00    0.00    0.00    0.00   19.00
08:44:08       3    2.97    0.00    1.98   79.21    0.00    0.00    0.00    0.00    0.00   15.84
08:44:08       4    2.00    0.00    2.00   81.00    0.00    0.00    0.00    0.00    0.00   15.00
08:44:08       5    3.96    0.00    2.97   80.20    0.00    0.00    0.00    0.00    0.00   12.87
08:44:08       6    2.02    0.00    2.02   72.73    0.00    0.00    0.00    0.00    0.00   23.23
08:44:08       7    2.97    0.00    2.97   77.23    0.00    0.00    0.00    0.00    0.00   16.83

08:44:08     CPU    %usr   %nice    %sys %iowait    %irq   %soft  %steal  %guest  %gnice   %idle
08:44:09     all    2.38    0.00    1.88   73.75    0.00    0.00    0.00    0.00    0.00   22.00
08:44:09       0    2.00    0.00    1.00   79.00    0.00    0.00    0.00    0.00    0.00   18.00
08:44:09       1    3.00    0.00    3.00   74.00    0.00    0.00    0.00    0.00    0.00   20.00
08:44:09       2    2.00    0.00    2.00   73.00    0.00    0.00    0.00    0.00    0.00   23.00
08:44:09       3    2.97    0.00    1.98   83.17    0.00    0.00    0.00    0.00    0.00   11.88
08:44:09       4    2.97    0.00    1.98   61.39    0.00    0.00    0.00    0.00    0.00   33.66
08:44:09       5    2.02    0.00    2.02   71.72    0.00    0.00    0.00    0.00    0.00   24.24
08:44:09       6    2.00    0.00    2.00   74.00    0.00    0.00    0.00    0.00    0.00   22.00
08:44:09       7    2.02    0.00    1.01   73.74    0.00    0.00    0.00    0.00    0.00   23.23

08:44:09     CPU    %usr   %nice    %sys %iowait    %irq   %soft  %steal  %guest  %gnice   %idle
08:44:10     all    1.25    0.00    1.38   52.38    0.00    0.00    0.00    0.00    0.00   44.99
08:44:10       0    1.00    0.00    1.00   52.00    0.00    0.00    0.00    0.00    0.00   46.00
08:44:10       1    1.01    0.00    1.01   53.54    0.00    0.00    0.00    0.00    0.00   44.44
08:44:10       2    1.01    0.00    1.01   66.67    0.00    0.00    0.00    0.00    0.00   31.31
08:44:10       3    2.00    0.00    2.00   50.00    0.00    0.00    0.00    0.00    0.00   46.00
08:44:10       4    1.00    0.00    2.00   52.00    0.00    0.00    0.00    0.00    0.00   45.00
08:44:10       5    1.00    0.00    1.00   50.00    0.00    0.00    0.00    0.00    0.00   48.00
08:44:10       6    2.00    0.00    1.00   45.00    0.00    0.00    0.00    0.00    0.00   52.00
08:44:10       7    1.00    0.00    2.00   50.00    0.00    0.00    0.00    0.00    0.00   47.00

08:44:10     CPU    %usr   %nice    %sys %iowait    %irq   %soft  %steal  %guest  %gnice   %idle
08:44:11     all    2.13    0.00    1.75   69.05    0.00    0.00    0.00    0.00    0.00   27.07
08:44:11       0    2.00    0.00    2.00   64.00    0.00    0.00    0.00    0.00    0.00   32.00
08:44:11       1    1.98    0.00    1.98   67.33    0.00    0.00    0.00    0.00    0.00   28.71
08:44:11       2    2.02    0.00    2.02   72.73    0.00    0.00    0.00    0.00    0.00   23.23
08:44:11       3    2.02    0.00    1.01   70.71    0.00    0.00    0.00    0.00    0.00   26.26
08:44:11       4    3.06    0.00    1.02   69.39    0.00    0.00    0.00    0.00    0.00   26.53
08:44:11       5    2.00    0.00    2.00   73.00    0.00    0.00    0.00    0.00    0.00   23.00
08:44:11       6    2.00    0.00    2.00   67.00    0.00    0.00    0.00    0.00    0.00   29.00
08:44:11       7    1.98    0.00    1.98   68.32    0.00    0.00    0.00    0.00    0.00   27.72

08:44:11     CPU    %usr   %nice    %sys %iowait    %irq   %soft  %steal  %guest  %gnice   %idle
08:44:12     all    2.15    0.00    1.77   75.13    0.00    0.00    0.00    0.00    0.00   20.96
08:44:12       0    3.03    0.00    2.02   82.83    0.00    0.00    0.00    0.00    0.00   12.12
08:44:12       1    1.02    0.00    2.04   80.61    0.00    0.00    0.00    0.00    0.00   16.33
08:44:12       2    2.02    0.00    1.01   71.72    0.00    0.00    0.00    0.00    0.00   25.25
08:44:12       3    2.02    0.00    2.02   78.79    0.00    0.00    0.00    0.00    0.00   17.17
08:44:12       4    2.97    0.00    1.98   74.26    0.00    0.00    0.00    0.00    0.00   20.79
08:44:12       5    2.00    0.00    2.00   63.00    0.00    0.00    0.00    0.00    0.00   33.00
08:44:12       6    1.02    0.00    1.02   80.61    0.00    0.00    0.00    0.00    0.00   17.35
08:44:12       7    3.06    0.00    2.04   69.39    0.00    0.00    0.00    0.00    0.00   25.51

08:44:12     CPU    %usr   %nice    %sys %iowait    %irq   %soft  %steal  %guest  %gnice   %idle
08:44:13     all    2.76    0.00    1.50   71.68    0.00    0.00    0.00    0.00    0.00   24.06
08:44:13       0    2.02    0.00    1.01   80.81    0.00    0.00    0.00    0.00    0.00   16.16
08:44:13       1    2.00    0.00    2.00   51.00    0.00    0.00    0.00    0.00    0.00   45.00
08:44:13       2    4.04    0.00    1.01   75.76    0.00    0.00    0.00    0.00    0.00   19.19
08:44:13       3    2.94    0.00    1.96   74.51    0.00    0.00    0.00    0.00    0.00   20.59
08:44:13       4    2.00    0.00    1.00   79.00    0.00    0.00    0.00    0.00    0.00   18.00
08:44:13       5    3.03    0.00    3.03   72.73    0.00    0.00    0.00    0.00    0.00   21.21
08:44:13       6    3.03    0.00    1.01   71.72    0.00    0.00    0.00    0.00    0.00   24.24
08:44:13       7    3.00    0.00    1.00   68.00    0.00    0.00    0.00    0.00    0.00   28.00

08:44:13     CPU    %usr   %nice    %sys %iowait    %irq   %soft  %steal  %guest  %gnice   %idle
08:44:14     all    1.88    0.00    1.38   58.77    0.00    0.00    0.00    0.00    0.00   37.97
08:44:14       0    1.02    0.00    1.02   59.18    0.00    0.00    0.00    0.00    0.00   38.78
08:44:14       1    3.96    0.00    1.98   45.54    0.00    0.00    0.00    0.00    0.00   48.51
08:44:14       2    1.98    0.00    0.99   53.47    0.00    0.00    0.00    0.00    0.00   43.56
08:44:14       3    2.02    0.00    1.01   64.65    0.00    0.00    0.00    0.00    0.00   32.32
08:44:14       4    1.02    0.00    2.04   65.31    0.00    0.00    0.00    0.00    0.00   31.63
08:44:14       5    2.00    0.00    1.00   63.00    0.00    0.00    0.00    0.00    0.00   34.00
08:44:14       6    0.99    0.00    1.98   62.38    0.00    0.00    0.00    0.00    0.00   34.65
08:44:14       7    2.00    0.00    1.00   57.00    0.00    0.00    0.00    0.00    0.00   40.00

08:44:14     CPU    %usr   %nice    %sys %iowait    %irq   %soft  %steal  %guest  %gnice   %idle
08:44:15     all    2.15    0.00    1.52   80.93    0.00    0.00    0.00    0.00    0.00   15.40
08:44:15       0    2.00    0.00    2.00   83.00    0.00    0.00    0.00    0.00    0.00   13.00
08:44:15       1    2.02    0.00    2.02   81.82    0.00    0.00    0.00    0.00    0.00   14.14
08:44:15       2    2.02    0.00    1.01   82.83    0.00    0.00    0.00    0.00    0.00   14.14
08:44:15       3    2.00    0.00    2.00   73.00    0.00    0.00    0.00    0.00    0.00   23.00
08:44:15       4    4.00    0.00    2.00   79.00    0.00    0.00    0.00    0.00    0.00   15.00
08:44:15       5    2.02    0.00    1.01   85.86    0.00    0.00    0.00    0.00    0.00   11.11
08:44:15       6    2.02    0.00    1.01   82.83    0.00    0.00    0.00    0.00    0.00   14.14
08:44:15       7    1.04    0.00    1.04   79.17    0.00    0.00    0.00    0.00    0.00   18.75

08:44:15     CPU    %usr   %nice    %sys %iowait    %irq   %soft  %steal  %guest  %gnice   %idle
08:44:16     all    2.37    0.00    2.24   73.57    0.00    0.00    0.00    0.00    0.00   21.82
08:44:16       0    1.02    0.00    1.02   68.37    0.00    0.00    0.00    0.00    0.00   29.59
08:44:16       1    3.00    0.00    2.00   79.00    0.00    0.00    0.00    0.00    0.00   16.00
08:44:16       2    2.00    0.00    3.00   79.00    0.00    0.00    0.00    0.00    0.00   16.00
08:44:16       3    2.02    0.00    2.02   80.81    0.00    0.00    0.00    0.00    0.00   15.15
08:44:16       4    2.97    0.00    1.98   69.31    0.00    0.00    0.00    0.00    0.00   25.74
08:44:16       5    1.98    0.00    2.97   66.34    0.00    0.00    0.00    0.00    0.00   28.71
08:44:16       6    3.00    0.00    2.00   72.00    0.00    0.00    0.00    0.00    0.00   23.00
08:44:16       7    2.91    0.00    2.91   73.79    0.00    0.00    0.00    0.00    0.00   20.39

08:44:16     CPU    %usr   %nice    %sys %iowait    %irq   %soft  %steal  %guest  %gnice   %idle
08:44:17     all    2.02    0.00    1.51   77.55    0.00    0.00    0.00    0.00    0.00   18.92
08:44:17       0    2.00    0.00    2.00   76.00    0.00    0.00    0.00    0.00    0.00   20.00
08:44:17       1    3.00    0.00    1.00   78.00    0.00    0.00    0.00    0.00    0.00   18.00
08:44:17       2    2.02    0.00    1.01   75.76    0.00    0.00    0.00    0.00    0.00   21.21
08:44:17       3    3.03    0.00    2.02   80.81    0.00    0.00    0.00    0.00    0.00   14.14
08:44:17       4    1.01    0.00    2.02   69.70    0.00    0.00    0.00    0.00    0.00   27.27
08:44:17       5    2.02    0.00    1.01   77.78    0.00    0.00    0.00    0.00    0.00   19.19
08:44:17       6    2.02    0.00    1.01   83.84    0.00    0.00    0.00    0.00    0.00   13.13
08:44:17       7    1.02    0.00    2.04   78.57    0.00    0.00    0.00    0.00    0.00   18.37

08:44:17     CPU    %usr   %nice    %sys %iowait    %irq   %soft  %steal  %guest  %gnice   %idle
08:44:18     all    1.50    0.00    1.38   58.02    0.00    0.00    0.00    0.00    0.00   39.10
08:44:18       0    1.02    0.00    1.02   56.12    0.00    0.00    0.00    0.00    0.00   41.84
08:44:18       1    1.00    0.00    2.00   60.00    0.00    0.00    0.00    0.00    0.00   37.00
08:44:18       2    1.01    0.00    1.01   57.58    0.00    0.00    0.00    0.00    0.00   40.40
08:44:18       3    1.00    0.00    1.00   59.00    0.00    0.00    0.00    0.00    0.00   39.00
08:44:18       4    2.00    0.00    1.00   53.00    0.00    0.00    0.00    0.00    0.00   44.00
08:44:18       5    2.00    0.00    1.00   60.00    0.00    0.00    0.00    0.00    0.00   37.00
08:44:18       6    2.00    0.00    2.00   56.00    0.00    0.00    0.00    0.00    0.00   40.00
08:44:18       7    1.98    0.00    1.98   62.38    0.00    0.00    0.00    0.00    0.00   33.66

08:44:18     CPU    %usr   %nice    %sys %iowait    %irq   %soft  %steal  %guest  %gnice   %idle
08:44:19     all    1.75    0.00    1.75   70.68    0.00    0.00    0.00    0.00    0.00   25.81
08:44:19       0    1.98    0.00    1.98   65.35    0.00    0.00    0.00    0.00    0.00   30.69
08:44:19       1    1.01    0.00    2.02   66.67    0.00    0.00    0.00    0.00    0.00   30.30
08:44:19       2    1.98    0.00    1.98   81.19    0.00    0.00    0.00    0.00    0.00   14.85
08:44:19       3    4.00    0.00    2.00   59.00    0.00    0.00    0.00    0.00    0.00   35.00
08:44:19       4    1.00    0.00    2.00   69.00    0.00    0.00    0.00    0.00    0.00   28.00
08:44:19       5    1.01    0.00    2.02   72.73    0.00    0.00    0.00    0.00    0.00   24.24
08:44:19       6    2.00    0.00    1.00   80.00    0.00    0.00    0.00    0.00    0.00   17.00
08:44:19       7    1.02    0.00    1.02   71.43    0.00    0.00    0.00    0.00    0.00   26.53

08:44:19     CPU    %usr   %nice    %sys %iowait    %irq   %soft  %steal  %guest  %gnice   %idle
08:44:20     all    1.88    0.00    1.88   72.84    0.00    0.00    0.00    0.00    0.00   23.40
08:44:20       0    2.00    0.00    2.00   58.00    0.00    0.00    0.00    0.00    0.00   38.00
08:44:20       1    2.02    0.00    1.01   62.63    0.00    0.00    0.00    0.00    0.00   34.34
08:44:20       2    1.00    0.00    2.00   75.00    0.00    0.00    0.00    0.00    0.00   22.00
08:44:20       3    2.00    0.00    1.00   77.00    0.00    0.00    0.00    0.00    0.00   20.00
08:44:20       4    2.00    0.00    2.00   76.00    0.00    0.00    0.00    0.00    0.00   20.00
08:44:20       5    2.02    0.00    3.03   80.81    0.00    0.00    0.00    0.00    0.00   14.14
08:44:20       6    2.00    0.00    1.00   88.00    0.00    0.00    0.00    0.00    0.00    9.00
08:44:20       7    1.98    0.00    2.97   65.35    0.00    0.00    0.00    0.00    0.00   29.70

08:44:20     CPU    %usr   %nice    %sys %iowait    %irq   %soft  %steal  %guest  %gnice   %idle
08:44:21     all    2.26    0.00    3.64   60.35    0.00    0.00    0.00    0.00    0.00   33.75
08:44:21       0    2.97    0.00    2.97   57.43    0.00    0.00    0.00    0.00    0.00   36.63
08:44:21       1    2.02    0.00    4.04   63.64    0.00    0.00    0.00    0.00    0.00   30.30
08:44:21       2    2.00    0.00    4.00   58.00    0.00    0.00    0.00    0.00    0.00   36.00
08:44:21       3    1.02    0.00    3.06   64.29    0.00    0.00    0.00    0.00    0.00   31.63
08:44:21       4    2.02    0.00    3.03   54.55    0.00    0.00    0.00    0.00    0.00   40.40
08:44:21       5    3.96    0.00    4.95   57.43    0.00    0.00    0.00    0.00    0.00   33.66
08:44:21       6    2.02    0.00    4.04   70.71    0.00    0.00    0.00    0.00    0.00   23.23
08:44:21       7    2.00    0.00    3.00   57.00    0.00    0.00    0.00    0.00    0.00   38.00

08:44:21     CPU    %usr   %nice    %sys %iowait    %irq   %soft  %steal  %guest  %gnice   %idle
08:44:22     all    0.13    0.00    0.63    5.13    0.00    0.00    0.00    0.00    0.00   94.12
08:44:22       0    0.00    0.00    0.00    0.00    0.00    0.00    0.00    0.00    0.00  100.00
08:44:22       1    0.00    0.00    2.00    0.00    0.00    0.00    0.00    0.00    0.00   98.00
08:44:22       2    0.00    0.00    2.00   41.00    0.00    0.00    0.00    0.00    0.00   57.00
08:44:22       3    0.00    0.00    0.00    0.00    0.00    0.00    0.00    0.00    0.00  100.00
08:44:22       4    0.00    0.00    0.99    0.00    0.00    0.00    0.00    0.00    0.00   99.01
08:44:22       5    1.01    0.00    0.00    0.00    0.00    0.00    0.00    0.00    0.00   98.99
08:44:22       6    0.00    0.00    0.00    0.00    0.00    0.00    0.00    0.00    0.00  100.00
08:44:22       7    0.00    0.00    0.00    0.00    0.00    0.00    0.00    0.00    0.00  100.00

```

---

## Command 11: pg_wait_events

### Command
```bash
bash -c 'for i in $(seq 1 70); do echo "=== $(date '"'"'+%H:%M:%S'"'"') ==="; sudo -u postgres psql -t -c "SELECT coalesce(wait_event_type,'"'"'CPU'"'"') as type, coalesce(wait_event,'"'"'Running'"'"') as event, count(*) as cnt FROM pg_stat_activity WHERE state='"'"'active'"'"' AND pid<>pg_backend_pid() GROUP BY 1,2 ORDER BY 3 DESC LIMIT 10"; sleep 1; done'
```

### Output
```
=== 08:43:16 ===

=== 08:43:17 ===

=== 08:43:18 ===
 IO   | DataFileRead |   1

=== 08:43:19 ===
 IO   | DataFileRead |   1

=== 08:43:20 ===
 IO   | DataFileRead |   1

=== 08:43:21 ===
 IO   | DataFileRead |  98
 IPC  | BufferIO     |   2

=== 08:43:22 ===
 IO   | DataFileRead |  99
 IPC  | BufferIO     |   1

=== 08:43:23 ===
 IO   | DataFileRead |  98
 IPC  | BufferIO     |   2

=== 08:43:24 ===
 IO   | DataFileRead |  99
 IO   | WALSync      |   1

=== 08:43:25 ===
 IO   | DataFileRead | 100

=== 08:43:26 ===
 IO   | DataFileRead |  99
 IO   | WALSync      |   1

=== 08:43:27 ===
 IO   | DataFileRead | 100

=== 08:43:28 ===
 IO   | DataFileRead | 100

=== 08:43:29 ===
 IO   | DataFileRead | 100

=== 08:43:30 ===
 IO   | DataFileRead | 100

=== 08:43:31 ===
 IO   | DataFileRead | 100

=== 08:43:32 ===
 IO     | DataFileRead |  96
 LWLock | WALWrite     |   3
 IO     | WALSync      |   1

=== 08:43:34 ===
 IO   | DataFileRead | 100

=== 08:43:35 ===
 IO   | DataFileRead | 100

=== 08:43:36 ===
 IO   | DataFileRead | 100

=== 08:43:37 ===
 IO   | DataFileRead | 100

=== 08:43:38 ===
 IO   | DataFileRead | 100

=== 08:43:39 ===
 IO   | DataFileRead | 100

=== 08:43:40 ===
 IO   | DataFileRead | 100

=== 08:43:41 ===
 IO   | DataFileRead |  99

=== 08:43:42 ===
 IO     | DataFileRead |  97
 CPU    | Running      |   1
 IO     | WALSync      |   1
 LWLock | WALWrite     |   1

=== 08:43:43 ===
 IO   | DataFileRead | 100

=== 08:43:44 ===
 IO     | DataFileRead |  98
 IO     | WALSync      |   1
 LWLock | WALWrite     |   1

=== 08:43:45 ===
 IO   | DataFileRead | 100

=== 08:43:46 ===
 IO   | DataFileRead | 100

=== 08:43:47 ===
 IO   | DataFileRead | 100

=== 08:43:48 ===
 IO   | DataFileRead |  99
 IO   | WALSync      |   1

=== 08:43:49 ===
 IO   | DataFileRead | 100

=== 08:43:50 ===
 IO   | DataFileRead | 100

=== 08:43:51 ===
 IO   | DataFileRead | 100

=== 08:43:52 ===
 IO   | DataFileRead |  99
 IO   | WALSync      |   1

=== 08:43:53 ===
 IO   | DataFileRead | 100

=== 08:43:54 ===
 IO     | DataFileRead |  67
 LWLock | WALWrite     |  32
 IO     | WALSync      |   1

=== 08:43:55 ===
 IO   | DataFileRead | 100

=== 08:43:56 ===
 IO   | DataFileRead |  98
 IO   | WALSync      |   1

=== 08:43:57 ===
 IO     | DataFileRead |  97
 LWLock | WALWrite     |   2
 IO     | WALSync      |   1

=== 08:43:58 ===
 IO   | DataFileRead | 100

=== 08:43:59 ===
 IO   | DataFileRead | 100

=== 08:44:00 ===
 IO   | DataFileRead     | 100
 IO   | DataFilePrefetch |   1

=== 08:44:01 ===
 IO   | DataFileRead     | 100
 IO   | DataFilePrefetch |   1

=== 08:44:02 ===
 IO   | DataFileRead     | 100
 IO   | DataFilePrefetch |   1

=== 08:44:03 ===
 IO   | DataFileRead     | 100
 IO   | DataFilePrefetch |   1

=== 08:44:04 ===
 IO   | DataFileRead     | 100
 IO   | DataFilePrefetch |   1

=== 08:44:06 ===
 IO   | DataFileRead     | 100
 IO   | DataFilePrefetch |   1

=== 08:44:07 ===
 IO   | DataFileRead     | 100
 IO   | DataFilePrefetch |   1

=== 08:44:08 ===
 IO   | DataFileRead | 101

=== 08:44:09 ===
 IO   | DataFileRead     | 100
 IO   | DataFilePrefetch |   1

=== 08:44:10 ===
 IO   | DataFileRead     | 100
 IO   | DataFilePrefetch |   1

=== 08:44:11 ===
 IO   | DataFileRead     |  99
 IO   | DataFilePrefetch |   1
 IO   | WALSync          |   1

=== 08:44:12 ===
 IO   | DataFileRead     |  99
 IO   | DataFilePrefetch |   1

=== 08:44:13 ===
 IO   | DataFileRead |  99
 CPU  | Running      |   1

=== 08:44:14 ===
 IO   | DataFileRead | 100

=== 08:44:15 ===
 IO   | DataFileRead | 100

=== 08:44:16 ===
 IO   | DataFileRead | 100

=== 08:44:17 ===
 IO   | DataFileRead |  98
 IO   | WALSync      |   1

=== 08:44:18 ===
 IO     | DataFileRead |  97
 CPU    | Running      |   1
 IO     | WALSync      |   1
 LWLock | WALWrite     |   1

=== 08:44:19 ===
 IO   | DataFileRead |  98
 CPU  | Running      |   1
 IO   | WALSync      |   1

=== 08:44:20 ===
 IO     | DataFileRead |  98
 IO     | WALSync      |   1
 LWLock | WALWrite     |   1

=== 08:44:21 ===

=== 08:44:22 ===


```

---

## Command 12: pg_checkpoint_log

### Command
```bash
bash -c 'timeout 70s tail -f /var/log/postgresql/postgresql-16-main.log 2>/dev/null | grep --line-buffered -i checkpoint || true'
```

### Output
```

```

---

## Command 13: End:pg_stat_bgwriter

### Command
```bash
sudo -u postgres psql -c 'SELECT buffers_checkpoint, buffers_clean, buffers_backend, buffers_alloc FROM pg_stat_bgwriter'
```

### Output
```
 buffers_checkpoint | buffers_clean | buffers_backend | buffers_alloc 
--------------------+---------------+-----------------+---------------
                  0 |             0 |               0 |         55596
(1 row)


```

---
