# Benchmark: [POSTGRES DISK] pgbench TPC-B - PostgreSQL OLTP

**Date:** 2026-01-04 08:48:33
**Scenario:** PostgreSQL OLTP - 100 clients, TPC-B like workload with full monitoring

---

## Target Disk

| Property | Value |
|----------|-------|
| **Name** | **POSTGRES** |
| **Mount Point** | `/data,/wal` |
| **Device** | `/dev/md0,/dev/md1` |
| **Volumes** | `nvme1n1, nvme2n1, nvme3n1, nvme4n1, nvme5n1, nvme6n1, nvme7n1, nvme8n1, nvme9n1, nvme10n1, nvme11n1, nvme12n1, nvme13n1, nvme14n1, nvme15n1, nvme16n1, md0, md1` |

---

## System Configuration

```
=== INSTANCE ===

Linux ip-10-0-1-210 6.14.0-1018-aws #18~24.04.1-Ubuntu SMP Mon Nov 24 19:32:52 UTC 2025 aarch64 aarch64 aarch64 GNU/Linux
Architecture:                            aarch64
CPU(s):                                  8
Model name:                              Neoverse-V2
total        used        free      shared  buff/cache   available
Mem:            61Gi        22Gi        23Gi       2.4Mi        16Gi        39Gi
Swap:             0B          0B          0B

=== OS TUNING ===
vm.swappiness = 1
vm.dirty_ratio = 4
vm.dirty_background_ratio = 1
vm.dirty_expire_centisecs = 200
vm.dirty_writeback_centisecs = 100
always madvise [never]

=== NETWORK ===
net.core.somaxconn = 4096
net.core.rmem_max = 16777216
net.core.wmem_max = 16777216
net.ipv4.tcp_tw_reuse = 1
net.ipv4.tcp_fin_timeout = 15

=== DISK - RAID ===
Personalities : [raid10] 
md0 : active raid10 nvme7n1[2] nvme3n1[5] nvme5n1[1] nvme2n1[7] nvme8n1[0] nvme0n1[4] nvme6n1[3] nvme4n1[6]
      209580032 blocks super 1.2 64K chunks 2 near-copies [8/8] [UUUUUUUU]
      
md1 : active raid10 nvme12n1[0] nvme14n1[4] nvme16n1[5] nvme15n1[1] nvme10n1[3] nvme11n1[7] nvme9n1[6] nvme13n1[2]
      125759488 blocks super 1.2 256K chunks 2 near-copies [8/8] [UUUUUUUU]
      
unused devices: <none>
/dev/md0:
           Version : 1.2
     Creation Time : Sat Jan  3 08:26:08 2026
        Raid Level : raid10
        Array Size : 209580032 (199.87 GiB 214.61 GB)
     Used Dev Size : 52395008 (49.97 GiB 53.65 GB)
      Raid Devices : 8
     Total Devices : 8
       Persistence : Superblock is persistent

       Update Time : Sun Jan  4 08:47:13 2026
             State : clean 
    Active Devices : 8
   Working Devices : 8
    Failed Devices : 0
     Spare Devices : 0

            Layout : near=2
        Chunk Size : 64K

Consistency Policy : resync

              Name : ip-10-0-1-227:0
              UUID : ec94b08e:1ec1acd2:a24076ab:c0b61faa
            Events : 330

    Number   Major   Minor   RaidDevice State
       0     259       13        0      active sync set-A   /dev/nvme8n1
       1     259        5        1      active sync set-B   /dev/nvme5n1
       2     259       12        2      active sync set-A   /dev/nvme7n1
       3     259        6        3      active sync set-B   /dev/nvme6n1
       4     259        1        4      active sync set-A   /dev/nvme0n1
       5     259        2        5      active sync set-B   /dev/nvme3n1
       6     259        3        6      active sync set-A   /dev/nvme4n1
       7     259        4        7      active sync set-B   /dev/nvme2n1
/dev/md1:
           Version : 1.2
     Creation Time : Sat Jan  3 08:26:08 2026
        Raid Level : raid10
        Array Size : 125759488 (119.93 GiB 128.78 GB)
     Used Dev Size : 31439872 (29.98 GiB 32.19 GB)
      Raid Devices : 8
     Total Devices : 8
       Persistence : Superblock is persistent

       Update Time : Sun Jan  4 08:47:07 2026
             State : clean 
    Active Devices : 8
   Working Devices : 8
    Failed Devices : 0
     Spare Devices : 0

            Layout : near=2
        Chunk Size : 256K

Consistency Policy : resync

              Name : ip-10-0-1-227:1
              UUID : 4920b43f:4424608d:2e163255:f781c5ec
            Events : 19

    Number   Major   Minor   RaidDevice State
       0     259       11        0      active sync set-A   /dev/nvme12n1
       1     259       15        1      active sync set-B   /dev/nvme15n1
       2     259        7        2      active sync set-A   /dev/nvme13n1
       3     259        8        3      active sync set-B   /dev/nvme10n1
       4     259       10        4      active sync set-A   /dev/nvme14n1
       5     259       16        5      active sync set-B   /dev/nvme16n1
       6     259        9        6      active sync set-A   /dev/nvme9n1
       7     259       14        7      active sync set-B   /dev/nvme11n1

=== DISK - BLOCK TUNING ===
--- md0 ---
scheduler: 
read_ahead_kb: 512
nr_requests: 
--- md1 ---
scheduler: 
read_ahead_kb: 4096
nr_requests: 

=== DISK - MOUNT ===
/dev/md1 on /wal type xfs (rw,noatime,nodiratime,attr2,inode64,logbufs=8,logbsize=256k,sunit=512,swidth=2048,noquota)
/dev/md0 on /data type xfs (rw,noatime,nodiratime,attr2,inode64,allocsize=65536k,logbufs=8,logbsize=256k,sunit=128,swidth=512,noquota)
Filesystem      Size  Used Avail Use% Mounted on
/dev/md0        200G   41G  159G  21% /data
/dev/md1        120G   25G   96G  21% /wal

=== DISK - XFS ===
meta-data=/dev/md0               isize=512    agcount=16, agsize=3274688 blks
         =                       sectsz=4096  attr=2, projid32bit=1
         =                       crc=1        finobt=1, sparse=1, rmapbt=1
         =                       reflink=1    bigtime=1 inobtcount=1 nrext64=0
data     =                       bsize=4096   blocks=52395008, imaxpct=25
         =                       sunit=16     swidth=64 blks
naming   =version 2              bsize=4096   ascii-ci=0, ftype=1
log      =internal log           bsize=4096   blocks=25583, version=2
         =                       sectsz=4096  sunit=1 blks, lazy-count=1
realtime =none                   extsz=4096   blocks=0, rtextents=0
meta-data=/dev/md1               isize=512    agcount=8, agsize=3929984 blks
         =                       sectsz=4096  attr=2, projid32bit=1
         =                       crc=1        finobt=1, sparse=1, rmapbt=1
         =                       reflink=1    bigtime=1 inobtcount=1 nrext64=0
data     =                       bsize=4096   blocks=31439872, imaxpct=25
         =                       sunit=64     swidth=256 blks
naming   =version 2              bsize=4096   ascii-ci=0, ftype=1
log      =internal log           bsize=4096   blocks=16384, version=2
         =                       sectsz=4096  sunit=1 blks, lazy-count=1
realtime =none                   extsz=4096   blocks=0, rtextents=0
```

---

## Command 1: Begin:sysctl_swappiness

### Command
```bash
sysctl -w vm.swappiness=1
```

### Output
```
vm.swappiness = 1

```

---

## Command 2: Begin:sysctl_dirty_background

### Command
```bash
sysctl -w vm.dirty_background_ratio=1
```

### Output
```
vm.dirty_background_ratio = 1

```

---

## Command 3: Begin:sysctl_dirty_ratio

### Command
```bash
sysctl -w vm.dirty_ratio=4
```

### Output
```
vm.dirty_ratio = 4

```

---

## Command 4: Begin:sysctl_dirty_expire

### Command
```bash
sysctl -w vm.dirty_expire_centisecs=200
```

### Output
```
vm.dirty_expire_centisecs = 200

```

---

## Command 5: Begin:sysctl_dirty_writeback

### Command
```bash
sysctl -w vm.dirty_writeback_centisecs=100
```

### Output
```
vm.dirty_writeback_centisecs = 100

```

---

## Command 6: Begin:pg_stat_reset

### Command
```bash
sudo -u postgres psql -c 'SELECT pg_stat_reset(); SELECT pg_stat_reset_shared('"'"'bgwriter'"'"');'
```

### Output
```
 pg_stat_reset 
---------------
 
(1 row)

 pg_stat_reset_shared 
----------------------
 
(1 row)


```

---

## Command 7: pgbench

### Command
```bash
sudo -u postgres pgbench -c 100 -j 8 -T 60 -P 5 -b tpcb-like pgbench
```

### Output
```
pgbench (16.11 (Ubuntu 16.11-1.pgdg24.04+1))
transaction type: <builtin: TPC-B (sort of)>
scaling factor: 1250
query mode: simple
number of clients: 100
number of threads: 8
maximum number of tries: 1
duration: 60 s
number of transactions actually processed: 1071029
number of failed transactions: 0 (0.000%)
latency average = 5.597 ms
latency stddev = 1.478 ms
initial connection time = 47.070 ms
tps = 17856.731404 (without initial connection time)
starting vacuum...end.
progress: 5.0 s, 18003.4 tps, lat 5.497 ms stddev 1.515, 0 failed
progress: 10.0 s, 18824.6 tps, lat 5.310 ms stddev 1.328, 0 failed
progress: 15.0 s, 18235.8 tps, lat 5.482 ms stddev 1.380, 0 failed
progress: 20.0 s, 18710.2 tps, lat 5.344 ms stddev 1.353, 0 failed
progress: 25.0 s, 18713.0 tps, lat 5.343 ms stddev 1.339, 0 failed
progress: 30.0 s, 18467.0 tps, lat 5.413 ms stddev 1.396, 0 failed
progress: 35.0 s, 17481.8 tps, lat 5.718 ms stddev 1.487, 0 failed
progress: 40.0 s, 17490.4 tps, lat 5.714 ms stddev 1.479, 0 failed
progress: 45.0 s, 17950.9 tps, lat 5.568 ms stddev 1.429, 0 failed
progress: 50.0 s, 16825.8 tps, lat 5.939 ms stddev 1.590, 0 failed
progress: 55.0 s, 16457.2 tps, lat 6.074 ms stddev 1.610, 0 failed
progress: 60.0 s, 17025.9 tps, lat 5.874 ms stddev 1.557, 0 failed

```

---

## Command 8: meminfo

### Command
```bash
bash -c 'for i in $(seq 1 70); do date '"'"'+%H:%M:%S'"'"'; grep -E '"'"'Dirty|Writeback'"'"' /proc/meminfo; echo '"'"'---'"'"'; sleep 1; done'
```

### Output
```
08:47:29
Dirty:               736 kB
Writeback:             0 kB
WritebackTmp:          0 kB
---
08:47:30
Dirty:               796 kB
Writeback:             4 kB
WritebackTmp:          0 kB
---
08:47:31
Dirty:               412 kB
Writeback:             0 kB
WritebackTmp:          0 kB
---
08:47:32
Dirty:               652 kB
Writeback:             0 kB
WritebackTmp:          0 kB
---
08:47:33
Dirty:               740 kB
Writeback:            80 kB
WritebackTmp:          0 kB
---
08:47:34
Dirty:               680 kB
Writeback:           128 kB
WritebackTmp:          0 kB
---
08:47:35
Dirty:               380 kB
Writeback:            40 kB
WritebackTmp:          0 kB
---
08:47:36
Dirty:               384 kB
Writeback:             0 kB
WritebackTmp:          0 kB
---
08:47:37
Dirty:               576 kB
Writeback:            48 kB
WritebackTmp:          0 kB
---
08:47:38
Dirty:                92 kB
Writeback:           112 kB
WritebackTmp:          0 kB
---
08:47:39
Dirty:               384 kB
Writeback:           104 kB
WritebackTmp:          0 kB
---
08:47:40
Dirty:               464 kB
Writeback:           104 kB
WritebackTmp:          0 kB
---
08:47:41
Dirty:               228 kB
Writeback:           160 kB
WritebackTmp:          0 kB
---
08:47:42
Dirty:               332 kB
Writeback:            24 kB
WritebackTmp:          0 kB
---
08:47:43
Dirty:               336 kB
Writeback:             0 kB
WritebackTmp:          0 kB
---
08:47:44
Dirty:               360 kB
Writeback:           168 kB
WritebackTmp:          0 kB
---
08:47:45
Dirty:                76 kB
Writeback:             0 kB
WritebackTmp:          0 kB
---
08:47:46
Dirty:               404 kB
Writeback:            96 kB
WritebackTmp:          0 kB
---
08:47:47
Dirty:               208 kB
Writeback:             0 kB
WritebackTmp:          0 kB
---
08:47:48
Dirty:               280 kB
Writeback:            48 kB
WritebackTmp:          0 kB
---
08:47:49
Dirty:               456 kB
Writeback:             0 kB
WritebackTmp:          0 kB
---
08:47:50
Dirty:               320 kB
Writeback:            56 kB
WritebackTmp:          0 kB
---
08:47:51
Dirty:               528 kB
Writeback:            48 kB
WritebackTmp:          0 kB
---
08:47:52
Dirty:               396 kB
Writeback:            72 kB
WritebackTmp:          0 kB
---
08:47:53
Dirty:               304 kB
Writeback:            72 kB
WritebackTmp:          0 kB
---
08:47:54
Dirty:               400 kB
Writeback:           104 kB
WritebackTmp:          0 kB
---
08:47:55
Dirty:               352 kB
Writeback:            40 kB
WritebackTmp:          0 kB
---
08:47:56
Dirty:               392 kB
Writeback:            56 kB
WritebackTmp:          0 kB
---
08:47:57
Dirty:               552 kB
Writeback:             0 kB
WritebackTmp:          0 kB
---
08:47:58
Dirty:               268 kB
Writeback:            88 kB
WritebackTmp:          0 kB
---
08:47:59
Dirty:               276 kB
Writeback:             0 kB
WritebackTmp:          0 kB
---
08:48:00
Dirty:               372 kB
Writeback:           112 kB
WritebackTmp:          0 kB
---
08:48:01
Dirty:               364 kB
Writeback:             0 kB
WritebackTmp:          0 kB
---
08:48:02
Dirty:               212 kB
Writeback:           136 kB
WritebackTmp:          0 kB
---
08:48:03
Dirty:               260 kB
Writeback:            88 kB
WritebackTmp:          0 kB
---
08:48:04
Dirty:               296 kB
Writeback:            80 kB
WritebackTmp:          0 kB
---
08:48:05
Dirty:               192 kB
Writeback:             0 kB
WritebackTmp:          0 kB
---
08:48:06
Dirty:               296 kB
Writeback:            64 kB
WritebackTmp:          0 kB
---
08:48:07
Dirty:               324 kB
Writeback:             8 kB
WritebackTmp:          0 kB
---
08:48:08
Dirty:               476 kB
Writeback:             0 kB
WritebackTmp:          0 kB
---
08:48:09
Dirty:               444 kB
Writeback:             0 kB
WritebackTmp:          0 kB
---
08:48:10
Dirty:               432 kB
Writeback:           104 kB
WritebackTmp:          0 kB
---
08:48:11
Dirty:               404 kB
Writeback:            24 kB
WritebackTmp:          0 kB
---
08:48:12
Dirty:               476 kB
Writeback:            24 kB
WritebackTmp:          0 kB
---
08:48:13
Dirty:               428 kB
Writeback:            48 kB
WritebackTmp:          0 kB
---
08:48:14
Dirty:               348 kB
Writeback:            56 kB
WritebackTmp:          0 kB
---
08:48:15
Dirty:               472 kB
Writeback:            72 kB
WritebackTmp:          0 kB
---
08:48:16
Dirty:               384 kB
Writeback:            24 kB
WritebackTmp:          0 kB
---
08:48:17
Dirty:               300 kB
Writeback:             0 kB
WritebackTmp:          0 kB
---
08:48:18
Dirty:               404 kB
Writeback:           128 kB
WritebackTmp:          0 kB
---
08:48:19
Dirty:               304 kB
Writeback:            88 kB
WritebackTmp:          0 kB
---
08:48:20
Dirty:              1216 kB
Writeback:            32 kB
WritebackTmp:          0 kB
---
08:48:21
Dirty:               272 kB
Writeback:            48 kB
WritebackTmp:          0 kB
---
08:48:22
Dirty:               356 kB
Writeback:            88 kB
WritebackTmp:          0 kB
---
08:48:23
Dirty:               444 kB
Writeback:           104 kB
WritebackTmp:          0 kB
---
08:48:24
Dirty:               356 kB
Writeback:            88 kB
WritebackTmp:          0 kB
---
08:48:25
Dirty:               256 kB
Writeback:            32 kB
WritebackTmp:          0 kB
---
08:48:26
Dirty:               936 kB
Writeback:             0 kB
WritebackTmp:          0 kB
---
08:48:27
Dirty:               432 kB
Writeback:             0 kB
WritebackTmp:          0 kB
---
08:48:28
Dirty:               240 kB
Writeback:           112 kB
WritebackTmp:          0 kB
---
08:48:29
Dirty:               360 kB
Writeback:            16 kB
WritebackTmp:          0 kB
---
08:48:30
Dirty:               280 kB
Writeback:           120 kB
WritebackTmp:          0 kB
---
08:48:31
Dirty:              1376 kB
Writeback:           172 kB
WritebackTmp:          0 kB
---
08:48:32
Dirty:              1228 kB
Writeback:           112 kB
WritebackTmp:          0 kB
---

```

---

## Command 9: dstat

### Command
```bash
dstat -tcmdr --disk-util 1 70
```

### Output
```
----system---- ----total-usage---- ------memory-usage----- -dsk/total- --io/total- nvme nvme nvme nvme nvme nvme nvme nvme nvme nvme nvme nvme nvme nvme nvme nvme nvme
     time     |usr sys idl wai stl| used  free  buf   cach| read  writ| read  writ|util:util:util:util:util:util:util:util:util:util:util:util:util:util:util:util:util
04-01 08:47:29|                   |  22G   24G   45M   16G|           |           |    :    :    :    :    :    :    :    :    :    :    :    :    :    :    :    :    
04-01 08:47:30|  0   0 100   0   0|  22G   24G   45M   16G|   0  4095B|   0  1.00 |   0:   0:   0:   0:   0:   0:   0:   0:   0:   0:   0:   0:   0:   0:   0:   0:   0
04-01 08:47:31|  1   0  99   0   0|  22G   24G   45M   16G|   0   872k|   0  41.0 |   0:0.40:   0:   0:   0:   0:   0:   0:   0:0.10:0.20:   0:0.40:0.20:0.10:0.40:   0
04-01 08:47:32| 55  36   7   2   0|  22G   23G   45M   16G| 100M   39M|9974  1375 |53.4:0.30:40.7:40.4:53.5:40.6:39.8:50.5:53.2:17.0:18.1:16.9:17.2:18.5:18.3:17.0:18.4
04-01 08:47:33| 58  35   4   1   0|  22G   23G   45M   16G| 104M   40M|10.4k 1346 |56.6:   0:43.4:43.9:56.5:41.5:43.6:58.4:54.5:19.6:18.1:19.9:18.9:17.9:19.0:18.8:19.0
04-01 08:47:34| 59  35   4   2   0|  22G   23G   45M   16G| 108M   41M|10.7k 1421 |58.3:0.20:43.7:43.4:58.7:43.5:42.9:58.3:59.7:17.9:19.2:17.7:18.5:19.6:18.8:18.4:18.8
04-01 08:47:35| 59  35   4   1   0|  22G   23G   45M   17G| 107M   42M|10.5k 1426 |55.7:   0:43.8:41.3:56.2:43.0:40.4:57.2:56.0:20.3:17.6:20.2:19.6:17.8:19.5:19.9:20.0
04-01 08:47:36| 59  35   4   2   0|  22G   23G   45M   17G| 106M   42M|10.6k 1426 |55.1:0.10:45.6:41.2:58.2:44.4:42.1:53.1:58.2:19.0:18.8:19.6:20.4:18.7:18.6:20.0:18.6
04-01 08:47:37| 59  35   4   1   0|  22G   23G   45M   17G| 109M   42M|10.9k 1423 |58.6:   0:42.5:43.0:55.9:42.9:43.3:58.4:59.3:19.2:19.2:19.1:19.2:19.1:19.3:19.6:19.4
04-01 08:47:38| 56  37   4   2   0|  22G   23G   45M   17G| 104M   43M|10.5k 1477 |57.4:0.10:44.9:43.1:58.2:41.1:41.6:55.3:55.6:19.5:19.9:19.4:19.3:19.7:19.3:19.2:19.4
04-01 08:47:39| 57  37   4   1   0|  22G   23G   45M   17G| 107M   42M|10.6k 1386 |56.5:   0:39.4:42.2:57.4:43.6:42.3:57.8:55.9:18.7:19.0:18.7:19.3:18.7:18.6:19.3:19.0
04-01 08:47:40| 59  35   4   1   0|  22G   22G   45M   17G| 102M   40M|10.1k 1393 |53.1:   0:38.9:39.4:58.2:39.7:39.4:53.7:55.9:19.5:19.1:19.4:18.3:19.0:18.7:18.4:18.4
04-01 08:47:41| 59  35   3   1   0|  22G   22G   45M   17G|  96M   40M|9697  1435 |54.1:0.20:38.6:39.5:54.7:40.9:39.8:55.8:53.1:18.5:18.8:18.7:18.7:18.7:18.5:18.8:18.5
04-01 08:47:42| 58  36   5   2   0|  22G   22G   45M   17G|  88M   39M|9060  1342 |52.8:   0:36.1:38.6:51.1:38.2:37.2:50.7:52.7:18.5:17.9:18.3:18.4:18.1:18.2:18.1:18.6
04-01 08:47:43| 59  35   4   1   0|  22G   22G   45M   17G|  98M   40M|9751  1400 |52.1:0.20:39.2:38.9:53.5:38.7:37.1:51.0:53.2:18.7:19.0:18.7:17.5:18.6:18.1:17.9:18.5
04-01 08:47:44| 60  34   4   2   0|  22G   22G   45M   18G|  92M   39M|9165  1375 |50.6:   0:37.8:39.9:50.8:37.0:37.0:51.7:51.0:18.0:18.1:18.0:17.8:18.3:18.7:17.8:18.7
04-01 08:47:45| 59  35   4   1   0|  22G   22G   45M   18G|  89M   40M|8956  1404 |47.5:0.10:36.7:36.4:51.2:36.2:36.5:49.8:49.4:18.4:18.9:18.6:18.6:18.8:19.1:18.2:19.1
04-01 08:47:46| 60  35   4   1   0|  22G   22G   45M   18G|  86M   39M|8719  1351 |49.5:   0:35.2:35.3:50.3:35.1:35.4:50.3:49.4:17.8:19.6:18.2:19.1:19.7:18.6:19.1:18.3
04-01 08:47:47| 59  35   4   1   0|  22G   22G   45M   18G|  84M   39M|8530  1377 |50.2:0.10:36.5:35.4:49.0:35.2:36.6:48.3:48.6:18.9:17.8:18.7:17.0:18.0:19.4:16.9:19.4
04-01 08:47:48| 59  35   4   1   0|  22G   22G   45M   18G|  89M   40M|8987  1405 |50.4:0.10:38.3:36.8:52.2:38.8:38.2:52.2:52.3:17.9:20.4:17.8:18.6:20.0:18.7:19.2:18.8
04-01 08:47:49| 58  35   4   1   0|  22G   21G   45M   18G|  85M   40M|8700  1407 |50.5:   0:34.9:37.0:49.0:36.5:36.4:51.1:53.1:20.0:19.0:19.9:18.6:18.9:19.0:18.7:18.8
04-01 08:47:50| 57  37   4   1   0|  22G   21G   45M   18G|  89M   41M|9056  1440 |52.1:0.20:37.7:35.8:50.8:38.2:38.6:52.5:51.9:19.2:19.0:19.3:19.4:18.6:19.2:18.9:18.9
04-01 08:47:51| 59  35   4   1   0|  22G   21G   45M   18G|  83M   39M|8364  1370 |46.2:   0:35.0:32.3:49.6:32.1:33.8:47.3:45.8:17.5:18.6:17.8:18.8:18.8:18.9:18.9:18.8
04-01 08:47:52| 60  34   4   1   0|  22G   21G   45M   18G|  77M   39M|7967  1419 |47.0:0.20:32.9:32.0:47.4:33.0:33.4:46.6:46.0:18.0:18.9:18.3:19.0:18.9:19.5:19.1:19.3
04-01 08:47:53| 60  34   4   1   0|  22G   21G   45M   18G|  81M   39M|8249  1386 |49.2:   0:34.3:33.6:49.1:32.8:34.0:49.4:46.9:18.7:17.5:18.6:19.5:17.2:18.6:19.6:18.6
04-01 08:47:54| 60  34   4   1   0|  22G   21G   45M   18G|  76M   38M|7719  1388 |44.7:   0:32.7:30.9:46.6:32.0:33.1:46.0:46.1:18.0:18.9:18.1:17.9:18.8:17.9:17.9:18.3
04-01 08:47:55| 60  34   5   1   0|  22G   21G   45M   19G|  80M   40M|8223  1400 |48.7:   0:33.6:33.2:47.0:35.6:33.7:46.7:47.2:19.2:18.3:19.5:19.4:17.7:18.6:18.6:18.6
04-01 08:47:56| 58  36   5   1   0|  22G   21G   45M   19G|  76M   40M|7809  1423 |45.9:0.40:29.6:32.2:43.5:32.8:33.6:47.4:49.4:17.8:19.8:17.9:18.3:19.7:18.8:18.0:19.0
04-01 08:47:57| 58  36   5   1   0|  22G   21G   45M   19G|  77M   39M|7892  1385 |45.5:0.10:30.8:32.8:45.9:31.6:34.1:47.3:44.5:18.3:17.9:18.0:18.9:18.0:19.2:19.3:19.2
04-01 08:47:58| 60  34   4   1   0|  22G   21G   45M   19G|  73M   39M|7544  1436 |46.4:0.20:31.1:31.2:45.0:31.3:30.1:47.1:44.0:17.9:18.2:17.9:18.8:18.4:19.3:18.8:19.3
04-01 08:47:59| 61  34   4   1   0|  22G   21G   45M   19G|  72M   38M|7450  1358 |44.1:   0:29.9:31.2:44.9:28.7:30.3:43.3:43.3:18.8:17.3:18.7:17.8:17.1:18.0:17.7:18.1
04-01 08:48:00| 59  35   5   1   0|  22G   21G   45M   19G|  71M   38M|7289  1358 |43.5:   0:29.6:29.7:44.1:29.3:29.8:44.8:42.7:19.0:18.3:19.2:17.8:18.2:17.8:17.7:17.8
04-01 08:48:01| 60  35   4   1   0|  22G   20G   45M   19G|  62M   36M|6437  1354 |42.1:0.10:25.3:26.9:40.7:27.5:28.5:41.9:41.8:17.8:17.7:18.0:18.4:17.9:17.5:17.8:17.6
04-01 08:48:02| 60  35   4   1   0|  22G   20G   45M   19G|  64M   36M|6604  1346 |42.2:   0:28.4:27.5:44.3:29.0:27.2:41.3:42.5:18.0:18.6:17.8:17.7:18.3:17.4:17.7:17.3
04-01 08:48:03| 60  35   3   1   0|  22G   20G   45M   19G|  59M   36M|6221  1346 |40.4:0.20:28.1:26.3:41.0:27.3:27.0:40.6:43.5:18.3:17.3:18.2:17.6:17.6:17.8:17.8:18.0
04-01 08:48:04| 60  34   4   1   0|  22G   20G   45M   19G|  56M   35M|5851  1296 |38.5:   0:23.3:24.6:35.4:25.3:23.6:37.7:38.6:17.6:17.3:17.1:16.9:16.9:17.3:16.9:17.3
04-01 08:48:05| 61  32   5   1   0|  22G   20G   45M   19G|  58M   35M|6051  1320 |40.1:0.30:26.5:28.1:42.8:23.3:26.1:40.6:39.8:16.7:16.2:16.9:17.7:16.7:17.7:17.7:17.6
04-01 08:48:06| 61  34   4   1   0|  22G   20G   45M   19G|  57M   36M|5881  1334 |37.4:   0:24.5:23.7:37.1:23.7:25.3:38.7:37.1:17.6:17.4:17.9:17.5:17.3:18.7:17.7:18.4
04-01 08:48:07| 60  34   4   1   0|  22G   20G   45M   20G|  57M   36M|6060  1347 |38.0:0.20:25.1:23.8:38.2:23.7:26.4:39.2:37.5:18.3:19.1:18.4:17.3:18.5:16.8:17.4:17.3
04-01 08:48:08| 61  33   4   1   0|  22G   20G   45M   20G|  51M   35M|5415  1324 |34.4:   0:21.5:24.7:35.2:21.6:23.6:37.6:36.1:18.2:16.8:18.0:16.4:17.0:18.0:16.8:18.4
04-01 08:48:09| 61  33   4   1   0|  22G   20G   45M   20G|  49M   35M|5241  1345 |37.2:   0:21.1:20.7:35.1:19.6:25.7:37.8:33.8:16.9:18.5:17.4:17.4:18.4:16.9:17.2:17.0
04-01 08:48:10| 62  32   4   1   0|  22G   20G   45M   20G|  47M   34M|5031  1310 |33.6:   0:21.0:22.0:34.2:22.0:23.1:35.0:35.2:18.0:17.4:17.9:16.6:17.5:17.0:16.8:16.6
04-01 08:48:11| 62  33   5   1   0|  22G   20G   45M   20G|  51M   35M|5305  1342 |33.1:0.10:22.9:20.5:34.9:22.6:24.7:35.7:39.0:17.1:18.6:17.3:16.6:18.5:16.9:16.8:16.9
04-01 08:48:12| 61  34   4   1   0|  22G   20G   45M   20G|  46M   35M|4891  1335 |34.1:   0:19.7:21.6:34.4:20.7:23.1:34.8:33.3:18.0:17.4:18.2:17.9:16.9:17.0:18.2:17.2
04-01 08:48:13| 60  35   4   1   0|  22G   20G   45M   20G|  52M   36M|5477  1396 |34.2:0.20:22.5:22.8:34.5:21.5:23.8:36.5:36.1:17.8:17.7:17.9:17.6:17.5:17.7:17.4:18.0
04-01 08:48:14| 60  35   4   1   0|  22G   20G   45M   20G|  48M   37M|5140  1390 |35.9:   0:21.6:22.4:35.7:20.7:21.3:34.3:34.0:17.7:18.3:17.5:17.4:18.2:18.7:17.5:18.8
04-01 08:48:15| 61  33   4   1   0|  22G   20G   45M   20G|  46M   37M|4887  1389 |38.1:0.10:24.0:23.0:36.2:21.1:20.7:35.4:34.0:18.1:17.2:18.4:17.7:17.0:17.7:17.8:17.7
04-01 08:48:16| 59  35   4   1   0|  22G   19G   45M   20G|  47M   36M|4970  1372 |32.6:   0:19.9:19.4:34.7:19.5:19.7:33.3:34.4:17.1:18.8:17.5:16.2:18.8:18.9:16.4:18.7
04-01 08:48:17| 59  35   4   1   0|  22G   19G   45M   20G|  46M   37M|4835  1415 |32.9:0.20:20.4:22.3:34.8:18.7:20.7:32.4:30.6:17.9:17.9:17.8:17.7:18.0:17.6:18.1:17.5
04-01 08:48:18| 63  32   4   0   0|  22G   19G   45M   20G|  36M   34M|3918  1316 |28.2:   0:16.7:17.2:27.8:15.5:17.4:28.7:30.7:15.6:17.8:15.8:16.7:17.8:16.8:16.7:17.2
04-01 08:48:19| 62  32   5   1   0|  22G   19G   45M   20G|  38M   33M|4101  1322 |29.4:0.10:18.0:15.8:29.3:17.3:16.5:30.2:29.4:17.4:15.7:17.5:17.4:15.8:16.0:17.4:15.7
04-01 08:48:20| 61  33   5   1   0|  22G   19G   45M   20G|  36M   31M|3882  1243 |29.2:0.10:16.2:17.0:27.6:16.5:16.9:26.2:29.1:16.7:16.5:16.6:16.6:16.6:15.7:16.3:15.6
04-01 08:48:21| 63  32   4   1   0|  22G   19G   45M   20G|  37M   35M|3982  1322 |27.9:   0:15.9:16.0:28.7:16.3:16.7:30.0:29.6:16.9:15.4:16.7:15.4:15.4:16.8:15.4:16.5
04-01 08:48:22| 63  31   4   1   0|  22G   19G   45M   20G|  34M   33M|3705  1291 |27.4:0.20:16.8:15.6:29.1:15.7:16.5:27.4:27.2:16.8:16.2:16.6:17.3:16.3:16.6:17.4:16.4
04-01 08:48:23| 63  32   4   1   0|  22G   19G   45M   20G|  33M   32M|3587  1268 |28.2:   0:13.3:17.0:23.5:14.8:15.7:25.7:27.2:16.4:18.0:15.8:16.6:18.1:17.1:16.5:17.1
04-01 08:48:24| 63  33   4   1   0|  22G   19G   45M   20G|  31M   33M|3410  1330 |24.9:0.20:15.5:14.3:25.7:13.3:14.4:25.6:25.6:16.2:16.3:16.5:15.7:16.2:16.6:15.7:16.5
04-01 08:48:25| 63  32   4   1   0|  22G   19G   45M   20G|  31M   32M|3359  1267 |27.0:   0:14.2:13.7:26.3:13.8:14.2:26.6:27.7:17.1:16.1:17.2:17.3:16.0:16.0:17.2:16.3
04-01 08:48:26| 62  32   4   0   0|  22G   19G   45M   21G|  30M   33M|3287  1315 |23.4:0.40:13.7:14.0:24.2:16.4:12.6:23.1:25.5:15.9:17.0:15.9:17.2:17.3:16.7:17.3:16.9
04-01 08:48:27| 62  32   5   1   0|  22G   19G   45M   21G|  30M   35M|3282  1344 |25.7:   0:14.1:13.2:24.9:14.7:13.9:23.5:24.1:17.0:16.2:16.7:17.3:16.1:16.3:17.8:16.3
04-01 08:48:28| 61  33   4   1   0|  22G   19G   45M   21G|  32M   33M|3515  1315 |25.5:   0:13.8:13.9:24.2:13.9:14.2:24.7:25.7:18.5:16.9:18.3:16.5:17.1:17.2:16.5:17.4
04-01 08:48:29| 61  34   4   1   0|  22G   19G   45M   21G|  32M   33M|3460  1316 |26.0:0.20:13.1:14.3:26.7:14.6:14.4:26.1:25.1:16.5:17.2:17.0:16.7:17.5:16.5:16.2:16.3
04-01 08:48:30| 62  33   4   1   0|  22G   19G   45M   21G|  27M   33M|2940  1340 |23.9:0.90:12.5:12.2:21.8:13.6:13.0:22.3:25.1:16.3:17.0:16.2:16.9:17.3:16.4:16.8:16.4
04-01 08:48:31| 61  34   4   0   0|  22G   19G   45M   21G|  25M   31M|2717  1247 |21.5:0.30:11.0:12.0:18.9:11.6:12.6:20.3:23.2:17.1:16.4:16.8:15.9:16.9:16.7:15.8:15.9
04-01 08:48:32|  0   2  98   0   0|  22G   19G   45M   21G|   0   535k|   0  66.4 |0.10:0.10:   0:   0:0.20:   0:   0:   0:0.20:   0:   0:   0:   0:   0:0.50:   0:0.50
04-01 08:48:33|  1   0 100   0   0|  22G   19G   45M   21G|   0  2128k|   0  34.0 |0.40:   0:   0:0.10:0.10:0.10:0.10:0.30:0.30:   0:   0:   0:   0:   0:   0:   0:   0

```

---

## Command 10: mpstat

### Command
```bash
mpstat -P ALL 1 70
```

### Output
```
Linux 6.14.0-1018-aws (ip-10-0-1-210) 	01/04/26 	_aarch64_	(8 CPU)

08:47:29     CPU    %usr   %nice    %sys %iowait    %irq   %soft  %steal  %guest  %gnice   %idle
08:47:30     all    0.63    0.00    0.50    0.00    0.00    0.00    0.00    0.00    0.00   98.87
08:47:30       0    1.02    0.00    0.00    0.00    0.00    0.00    0.00    0.00    0.00   98.98
08:47:30       1    0.00    0.00    0.00    0.00    0.00    0.00    0.00    0.00    0.00  100.00
08:47:30       2    4.00    0.00    1.00    0.00    0.00    0.00    0.00    0.00    0.00   95.00
08:47:30       3    0.00    0.00    0.00    0.00    0.00    0.00    0.00    0.00    0.00  100.00
08:47:30       4    0.00    0.00    1.00    0.00    0.00    0.00    0.00    0.00    0.00   99.00
08:47:30       5    0.00    0.00    0.99    0.00    0.00    0.00    0.00    0.00    0.00   99.01
08:47:30       6    0.00    0.00    0.00    0.00    0.00    0.00    0.00    0.00    0.00  100.00
08:47:30       7    0.00    0.00    1.00    0.00    0.00    0.00    0.00    0.00    0.00   99.00

08:47:30     CPU    %usr   %nice    %sys %iowait    %irq   %soft  %steal  %guest  %gnice   %idle
08:47:31     all    0.12    0.00    0.25    0.00    0.00    0.00    0.00    0.00    0.00   99.63
08:47:31       0    0.00    0.00    0.99    0.00    0.00    0.00    0.00    0.00    0.00   99.01
08:47:31       1    0.00    0.00    0.00    0.00    0.00    0.00    0.00    0.00    0.00  100.00
08:47:31       2    1.00    0.00    1.00    0.00    0.00    0.00    0.00    0.00    0.00   98.00
08:47:31       3    0.00    0.00    0.00    0.00    0.00    0.00    0.00    0.00    0.00  100.00
08:47:31       4    0.00    0.00    0.00    0.00    0.00    0.00    0.00    0.00    0.00  100.00
08:47:31       5    0.00    0.00    0.00    0.00    0.00    0.00    0.00    0.00    0.00  100.00
08:47:31       6    0.00    0.00    0.00    0.00    0.00    0.00    0.00    0.00    0.00  100.00
08:47:31       7    0.00    0.00    0.00    0.00    0.00    0.00    0.00    0.00    0.00  100.00

08:47:31     CPU    %usr   %nice    %sys %iowait    %irq   %soft  %steal  %guest  %gnice   %idle
08:47:32     all   52.95    0.00   34.88    1.63    0.00    0.00    0.00    0.00    0.00   10.54
08:47:32       0   52.00    0.00   35.00    2.00    0.00    0.00    0.00    0.00    0.00   11.00
08:47:32       1   53.06    0.00   33.67    1.02    0.00    0.00    0.00    0.00    0.00   12.24
08:47:32       2   53.00    0.00   38.00    2.00    0.00    0.00    0.00    0.00    0.00    7.00
08:47:32       3   53.00    0.00   35.00    1.00    0.00    0.00    0.00    0.00    0.00   11.00
08:47:32       4   52.00    0.00   35.00    2.00    0.00    0.00    0.00    0.00    0.00   11.00
08:47:32       5   54.00    0.00   33.00    2.00    0.00    0.00    0.00    0.00    0.00   11.00
08:47:32       6   51.49    0.00   34.65    1.98    0.00    0.00    0.00    0.00    0.00   11.88
08:47:32       7   55.10    0.00   34.69    1.02    0.00    0.00    0.00    0.00    0.00    9.18

08:47:32     CPU    %usr   %nice    %sys %iowait    %irq   %soft  %steal  %guest  %gnice   %idle
08:47:33     all   58.84    0.00   35.48    1.52    0.00    0.00    0.00    0.00    0.00    4.17
08:47:33       0   60.20    0.00   33.67    2.04    0.00    0.00    0.00    0.00    0.00    4.08
08:47:33       1   58.59    0.00   36.36    1.01    0.00    0.00    0.00    0.00    0.00    4.04
08:47:33       2   57.00    0.00   37.00    2.00    0.00    0.00    0.00    0.00    0.00    4.00
08:47:33       3   58.59    0.00   35.35    2.02    0.00    0.00    0.00    0.00    0.00    4.04
08:47:33       4   58.59    0.00   36.36    1.01    0.00    0.00    0.00    0.00    0.00    4.04
08:47:33       5   57.58    0.00   36.36    1.01    0.00    0.00    0.00    0.00    0.00    5.05
08:47:33       6   60.61    0.00   34.34    1.01    0.00    0.00    0.00    0.00    0.00    4.04
08:47:33       7   59.60    0.00   34.34    2.02    0.00    0.00    0.00    0.00    0.00    4.04

08:47:33     CPU    %usr   %nice    %sys %iowait    %irq   %soft  %steal  %guest  %gnice   %idle
08:47:34     all   59.07    0.00   35.26    1.51    0.00    0.00    0.00    0.00    0.00    4.16
08:47:34       0   58.59    0.00   36.36    1.01    0.00    0.00    0.00    0.00    0.00    4.04
08:47:34       1   58.00    0.00   35.00    2.00    0.00    0.00    0.00    0.00    0.00    5.00
08:47:34       2   60.00    0.00   34.00    2.00    0.00    0.00    0.00    0.00    0.00    4.00
08:47:34       3   59.60    0.00   35.35    1.01    0.00    0.00    0.00    0.00    0.00    4.04
08:47:34       4   55.00    0.00   38.00    2.00    0.00    0.00    0.00    0.00    0.00    5.00
08:47:34       5   59.00    0.00   35.00    2.00    0.00    0.00    0.00    0.00    0.00    4.00
08:47:34       6   60.20    0.00   34.69    1.02    0.00    0.00    0.00    0.00    0.00    4.08
08:47:34       7   62.24    0.00   33.67    1.02    0.00    0.00    0.00    0.00    0.00    3.06

08:47:34     CPU    %usr   %nice    %sys %iowait    %irq   %soft  %steal  %guest  %gnice   %idle
08:47:35     all   60.03    0.00   34.93    1.39    0.00    0.00    0.00    0.00    0.00    3.66
08:47:35       0   59.60    0.00   34.34    2.02    0.00    0.00    0.00    0.00    0.00    4.04
08:47:35       1   59.60    0.00   36.36    1.01    0.00    0.00    0.00    0.00    0.00    3.03
08:47:35       2   62.24    0.00   32.65    1.02    0.00    0.00    0.00    0.00    0.00    4.08
08:47:35       3   58.00    0.00   36.00    2.00    0.00    0.00    0.00    0.00    0.00    4.00
08:47:35       4   63.27    0.00   32.65    1.02    0.00    0.00    0.00    0.00    0.00    3.06
08:47:35       5   62.63    0.00   32.32    1.01    0.00    0.00    0.00    0.00    0.00    4.04
08:47:35       6   59.00    0.00   36.00    1.00    0.00    0.00    0.00    0.00    0.00    4.00
08:47:35       7   56.00    0.00   39.00    2.00    0.00    0.00    0.00    0.00    0.00    3.00

08:47:35     CPU    %usr   %nice    %sys %iowait    %irq   %soft  %steal  %guest  %gnice   %idle
08:47:36     all   58.69    0.00   35.14    1.76    0.00    0.00    0.00    0.00    0.00    4.41
08:47:36       0   57.00    0.00   37.00    2.00    0.00    0.00    0.00    0.00    0.00    4.00
08:47:36       1   59.00    0.00   35.00    2.00    0.00    0.00    0.00    0.00    0.00    4.00
08:47:36       2   57.00    0.00   36.00    2.00    0.00    0.00    0.00    0.00    0.00    5.00
08:47:36       3   61.22    0.00   33.67    1.02    0.00    0.00    0.00    0.00    0.00    4.08
08:47:36       4   56.44    0.00   36.63    1.98    0.00    0.00    0.00    0.00    0.00    4.95
08:47:36       5   58.59    0.00   35.35    2.02    0.00    0.00    0.00    0.00    0.00    4.04
08:47:36       6   61.22    0.00   32.65    2.04    0.00    0.00    0.00    0.00    0.00    4.08
08:47:36       7   59.18    0.00   34.69    1.02    0.00    0.00    0.00    0.00    0.00    5.10

08:47:36     CPU    %usr   %nice    %sys %iowait    %irq   %soft  %steal  %guest  %gnice   %idle
08:47:37     all   59.00    0.00   35.00    1.38    0.00    0.00    0.00    0.00    0.00    4.62
08:47:37       0   61.62    0.00   32.32    1.01    0.00    0.00    0.00    0.00    0.00    5.05
08:47:37       1   59.60    0.00   34.34    1.01    0.00    0.00    0.00    0.00    0.00    5.05
08:47:37       2   58.59    0.00   35.35    2.02    0.00    0.00    0.00    0.00    0.00    4.04
08:47:37       3   56.86    0.00   36.27    1.96    0.00    0.00    0.00    0.00    0.00    4.90
08:47:37       4   58.00    0.00   37.00    1.00    0.00    0.00    0.00    0.00    0.00    4.00
08:47:37       5   58.00    0.00   36.00    2.00    0.00    0.00    0.00    0.00    0.00    4.00
08:47:37       6   58.42    0.00   35.64    0.99    0.00    0.00    0.00    0.00    0.00    4.95
08:47:37       7   61.00    0.00   33.00    1.00    0.00    0.00    0.00    0.00    0.00    5.00

08:47:37     CPU    %usr   %nice    %sys %iowait    %irq   %soft  %steal  %guest  %gnice   %idle
08:47:38     all   56.87    0.00   37.20    1.64    0.00    0.00    0.00    0.00    0.00    4.29
08:47:38       0   57.00    0.00   37.00    2.00    0.00    0.00    0.00    0.00    0.00    4.00
08:47:38       1   58.00    0.00   36.00    2.00    0.00    0.00    0.00    0.00    0.00    4.00
08:47:38       2   57.58    0.00   37.37    1.01    0.00    0.00    0.00    0.00    0.00    4.04
08:47:38       3   57.58    0.00   37.37    1.01    0.00    0.00    0.00    0.00    0.00    4.04
08:47:38       4   58.76    0.00   35.05    2.06    0.00    0.00    0.00    0.00    0.00    4.12
08:47:38       5   54.55    0.00   39.39    1.01    0.00    0.00    0.00    0.00    0.00    5.05
08:47:38       6   57.00    0.00   36.00    2.00    0.00    0.00    0.00    0.00    0.00    5.00
08:47:38       7   54.55    0.00   39.39    2.02    0.00    0.00    0.00    0.00    0.00    4.04

08:47:38     CPU    %usr   %nice    %sys %iowait    %irq   %soft  %steal  %guest  %gnice   %idle
08:47:39     all   57.58    0.00   37.12    1.39    0.00    0.00    0.00    0.00    0.00    3.91
08:47:39       0   57.14    0.00   37.76    1.02    0.00    0.00    0.00    0.00    0.00    4.08
08:47:39       1   57.00    0.00   38.00    1.00    0.00    0.00    0.00    0.00    0.00    4.00
08:47:39       2   55.56    0.00   38.38    2.02    0.00    0.00    0.00    0.00    0.00    4.04
08:47:39       3   58.59    0.00   36.36    1.01    0.00    0.00    0.00    0.00    0.00    4.04
08:47:39       4   54.55    0.00   38.38    2.02    0.00    0.00    0.00    0.00    0.00    5.05
08:47:39       5   59.00    0.00   36.00    2.00    0.00    0.00    0.00    0.00    0.00    3.00
08:47:39       6   59.18    0.00   35.71    1.02    0.00    0.00    0.00    0.00    0.00    4.08
08:47:39       7   59.60    0.00   36.36    1.01    0.00    0.00    0.00    0.00    0.00    3.03

08:47:39     CPU    %usr   %nice    %sys %iowait    %irq   %soft  %steal  %guest  %gnice   %idle
08:47:40     all   58.89    0.00   35.31    1.39    0.00    0.00    0.00    0.00    0.00    4.41
08:47:40       0   59.60    0.00   34.34    1.01    0.00    0.00    0.00    0.00    0.00    5.05
08:47:40       1   60.00    0.00   34.00    2.00    0.00    0.00    0.00    0.00    0.00    4.00
08:47:40       2   58.59    0.00   36.36    1.01    0.00    0.00    0.00    0.00    0.00    4.04
08:47:40       3   60.20    0.00   34.69    1.02    0.00    0.00    0.00    0.00    0.00    4.08
08:47:40       4   58.00    0.00   36.00    1.00    0.00    0.00    0.00    0.00    0.00    5.00
08:47:40       5   57.58    0.00   36.36    1.01    0.00    0.00    0.00    0.00    0.00    5.05
08:47:40       6   58.59    0.00   35.35    2.02    0.00    0.00    0.00    0.00    0.00    4.04
08:47:40       7   58.59    0.00   35.35    2.02    0.00    0.00    0.00    0.00    0.00    4.04

08:47:40     CPU    %usr   %nice    %sys %iowait    %irq   %soft  %steal  %guest  %gnice   %idle
08:47:41     all   59.55    0.00   35.80    1.01    0.00    0.00    0.00    0.00    0.00    3.64
08:47:41       0   59.60    0.00   35.35    1.01    0.00    0.00    0.00    0.00    0.00    4.04
08:47:41       1   60.61    0.00   35.35    0.00    0.00    0.00    0.00    0.00    0.00    4.04
08:47:41       2   57.84    0.00   36.27    1.96    0.00    0.00    0.00    0.00    0.00    3.92
08:47:41       3   59.60    0.00   36.36    1.01    0.00    0.00    0.00    0.00    0.00    3.03
08:47:41       4   60.61    0.00   35.35    1.01    0.00    0.00    0.00    0.00    0.00    3.03
08:47:41       5   60.61    0.00   34.34    1.01    0.00    0.00    0.00    0.00    0.00    4.04
08:47:41       6   57.43    0.00   37.62    0.99    0.00    0.00    0.00    0.00    0.00    3.96
08:47:41       7   60.20    0.00   35.71    1.02    0.00    0.00    0.00    0.00    0.00    3.06

08:47:41     CPU    %usr   %nice    %sys %iowait    %irq   %soft  %steal  %guest  %gnice   %idle
08:47:42     all   58.47    0.00   35.63    1.76    0.00    0.00    0.00    0.00    0.00    4.14
08:47:42       0   57.00    0.00   37.00    2.00    0.00    0.00    0.00    0.00    0.00    4.00
08:47:42       1   59.60    0.00   34.34    2.02    0.00    0.00    0.00    0.00    0.00    4.04
08:47:42       2   59.18    0.00   35.71    1.02    0.00    0.00    0.00    0.00    0.00    4.08
08:47:42       3   60.00    0.00   34.00    2.00    0.00    0.00    0.00    0.00    0.00    4.00
08:47:42       4   54.46    0.00   38.61    1.98    0.00    0.00    0.00    0.00    0.00    4.95
08:47:42       5   56.00    0.00   37.00    2.00    0.00    0.00    0.00    0.00    0.00    5.00
08:47:42       6   61.62    0.00   34.34    1.01    0.00    0.00    0.00    0.00    0.00    3.03
08:47:42       7   60.00    0.00   34.00    2.00    0.00    0.00    0.00    0.00    0.00    4.00

08:47:42     CPU    %usr   %nice    %sys %iowait    %irq   %soft  %steal  %guest  %gnice   %idle
08:47:43     all   59.72    0.00   35.07    1.02    0.00    0.00    0.00    0.00    0.00    4.19
08:47:43       0   59.79    0.00   35.05    1.03    0.00    0.00    0.00    0.00    0.00    4.12
08:47:43       1   59.18    0.00   35.71    1.02    0.00    0.00    0.00    0.00    0.00    4.08
08:47:43       2   60.61    0.00   34.34    1.01    0.00    0.00    0.00    0.00    0.00    4.04
08:47:43       3   59.60    0.00   35.35    1.01    0.00    0.00    0.00    0.00    0.00    4.04
08:47:43       4   58.16    0.00   36.73    1.02    0.00    0.00    0.00    0.00    0.00    4.08
08:47:43       5   60.82    0.00   34.02    1.03    0.00    0.00    0.00    0.00    0.00    4.12
08:47:43       6   58.00    0.00   36.00    1.00    0.00    0.00    0.00    0.00    0.00    5.00
08:47:43       7   61.62    0.00   33.33    1.01    0.00    0.00    0.00    0.00    0.00    4.04

08:47:43     CPU    %usr   %nice    %sys %iowait    %irq   %soft  %steal  %guest  %gnice   %idle
08:47:44     all   60.03    0.00   34.71    1.13    0.00    0.00    0.00    0.00    0.00    4.14
08:47:44       0   58.82    0.00   34.31    1.96    0.00    0.00    0.00    0.00    0.00    4.90
08:47:44       1   59.00    0.00   36.00    0.00    0.00    0.00    0.00    0.00    0.00    5.00
08:47:44       2   60.61    0.00   34.34    1.01    0.00    0.00    0.00    0.00    0.00    4.04
08:47:44       3   60.61    0.00   34.34    1.01    0.00    0.00    0.00    0.00    0.00    4.04
08:47:44       4   62.63    0.00   33.33    1.01    0.00    0.00    0.00    0.00    0.00    3.03
08:47:44       5   62.38    0.00   32.67    0.99    0.00    0.00    0.00    0.00    0.00    3.96
08:47:44       6   59.60    0.00   35.35    1.01    0.00    0.00    0.00    0.00    0.00    4.04
08:47:44       7   56.57    0.00   37.37    2.02    0.00    0.00    0.00    0.00    0.00    4.04

08:47:44     CPU    %usr   %nice    %sys %iowait    %irq   %soft  %steal  %guest  %gnice   %idle
08:47:45     all   60.10    0.00   34.76    1.38    0.00    0.00    0.00    0.00    0.00    3.76
08:47:45       0   62.24    0.00   33.67    1.02    0.00    0.00    0.00    0.00    0.00    3.06
08:47:45       1   61.39    0.00   33.66    1.98    0.00    0.00    0.00    0.00    0.00    2.97
08:47:45       2   59.41    0.00   34.65    1.98    0.00    0.00    0.00    0.00    0.00    3.96
08:47:45       3   61.00    0.00   34.00    1.00    0.00    0.00    0.00    0.00    0.00    4.00
08:47:45       4   57.58    0.00   37.37    1.01    0.00    0.00    0.00    0.00    0.00    4.04
08:47:45       5   61.62    0.00   33.33    2.02    0.00    0.00    0.00    0.00    0.00    3.03
08:47:45       6   60.61    0.00   34.34    1.01    0.00    0.00    0.00    0.00    0.00    4.04
08:47:45       7   57.00    0.00   37.00    1.00    0.00    0.00    0.00    0.00    0.00    5.00

08:47:45     CPU    %usr   %nice    %sys %iowait    %irq   %soft  %steal  %guest  %gnice   %idle
08:47:46     all   59.92    0.00   34.89    1.14    0.00    0.00    0.00    0.00    0.00    4.05
08:47:46       0   60.20    0.00   34.69    1.02    0.00    0.00    0.00    0.00    0.00    4.08
08:47:46       1   59.60    0.00   35.35    1.01    0.00    0.00    0.00    0.00    0.00    4.04
08:47:46       2   59.18    0.00   35.71    1.02    0.00    0.00    0.00    0.00    0.00    4.08
08:47:46       3   61.00    0.00   33.00    1.00    0.00    0.00    0.00    0.00    0.00    5.00
08:47:46       4   58.59    0.00   35.35    2.02    0.00    0.00    0.00    0.00    0.00    4.04
08:47:46       5   59.60    0.00   35.35    1.01    0.00    0.00    0.00    0.00    0.00    4.04
08:47:46       6   61.62    0.00   33.33    1.01    0.00    0.00    0.00    0.00    0.00    4.04
08:47:46       7   59.60    0.00   36.36    1.01    0.00    0.00    0.00    0.00    0.00    3.03

08:47:46     CPU    %usr   %nice    %sys %iowait    %irq   %soft  %steal  %guest  %gnice   %idle
08:47:47     all   59.32    0.00   34.76    1.13    0.00    0.00    0.00    0.00    0.00    4.79
08:47:47       0   59.00    0.00   35.00    2.00    0.00    0.00    0.00    0.00    0.00    4.00
08:47:47       1   58.00    0.00   36.00    1.00    0.00    0.00    0.00    0.00    0.00    5.00
08:47:47       2   60.61    0.00   33.33    1.01    0.00    0.00    0.00    0.00    0.00    5.05
08:47:47       3   57.58    0.00   36.36    1.01    0.00    0.00    0.00    0.00    0.00    5.05
08:47:47       4   59.80    0.00   34.31    0.98    0.00    0.00    0.00    0.00    0.00    4.90
08:47:47       5   62.50    0.00   32.29    1.04    0.00    0.00    0.00    0.00    0.00    4.17
08:47:47       6   57.58    0.00   36.36    1.01    0.00    0.00    0.00    0.00    0.00    5.05
08:47:47       7   59.60    0.00   34.34    1.01    0.00    0.00    0.00    0.00    0.00    5.05

08:47:47     CPU    %usr   %nice    %sys %iowait    %irq   %soft  %steal  %guest  %gnice   %idle
08:47:48     all   58.42    0.00   36.06    1.26    0.00    0.00    0.00    0.00    0.00    4.27
08:47:48       0   60.61    0.00   34.34    1.01    0.00    0.00    0.00    0.00    0.00    4.04
08:47:48       1   60.20    0.00   34.69    1.02    0.00    0.00    0.00    0.00    0.00    4.08
08:47:48       2   56.44    0.00   38.61    0.99    0.00    0.00    0.00    0.00    0.00    3.96
08:47:48       3   58.16    0.00   36.73    1.02    0.00    0.00    0.00    0.00    0.00    4.08
08:47:48       4   56.12    0.00   38.78    1.02    0.00    0.00    0.00    0.00    0.00    4.08
08:47:48       5   57.43    0.00   35.64    1.98    0.00    0.00    0.00    0.00    0.00    4.95
08:47:48       6   61.39    0.00   32.67    0.99    0.00    0.00    0.00    0.00    0.00    4.95
08:47:48       7   57.00    0.00   37.00    2.00    0.00    0.00    0.00    0.00    0.00    4.00

08:47:48     CPU    %usr   %nice    %sys %iowait    %irq   %soft  %steal  %guest  %gnice   %idle
08:47:49     all   59.34    0.00   35.32    1.40    0.00    0.00    0.00    0.00    0.00    3.94
08:47:49       0   60.20    0.00   34.69    1.02    0.00    0.00    0.00    0.00    0.00    4.08
08:47:49       1   62.00    0.00   32.00    2.00    0.00    0.00    0.00    0.00    0.00    4.00
08:47:49       2   59.79    0.00   36.08    1.03    0.00    0.00    0.00    0.00    0.00    3.09
08:47:49       3   60.61    0.00   32.32    2.02    0.00    0.00    0.00    0.00    0.00    5.05
08:47:49       4   58.16    0.00   36.73    1.02    0.00    0.00    0.00    0.00    0.00    4.08
08:47:49       5   58.16    0.00   37.76    1.02    0.00    0.00    0.00    0.00    0.00    3.06
08:47:49       6   56.12    0.00   37.76    2.04    0.00    0.00    0.00    0.00    0.00    4.08
08:47:49       7   59.60    0.00   35.35    1.01    0.00    0.00    0.00    0.00    0.00    4.04

08:47:49     CPU    %usr   %nice    %sys %iowait    %irq   %soft  %steal  %guest  %gnice   %idle
08:47:50     all   57.34    0.00   36.51    1.38    0.00    0.00    0.00    0.00    0.00    4.77
08:47:50       0   58.00    0.00   36.00    1.00    0.00    0.00    0.00    0.00    0.00    5.00
08:47:50       1   58.59    0.00   36.36    1.01    0.00    0.00    0.00    0.00    0.00    4.04
08:47:50       2   55.45    0.00   37.62    1.98    0.00    0.00    0.00    0.00    0.00    4.95
08:47:50       3   57.14    0.00   37.76    1.02    0.00    0.00    0.00    0.00    0.00    4.08
08:47:50       4   59.00    0.00   34.00    2.00    0.00    0.00    0.00    0.00    0.00    5.00
08:47:50       5   57.00    0.00   36.00    2.00    0.00    0.00    0.00    0.00    0.00    5.00
08:47:50       6   57.00    0.00   37.00    1.00    0.00    0.00    0.00    0.00    0.00    5.00
08:47:50       7   56.57    0.00   37.37    1.01    0.00    0.00    0.00    0.00    0.00    5.05

08:47:50     CPU    %usr   %nice    %sys %iowait    %irq   %soft  %steal  %guest  %gnice   %idle
08:47:51     all   59.52    0.00   35.31    1.13    0.00    0.00    0.00    0.00    0.00    4.04
08:47:51       0   59.00    0.00   35.00    2.00    0.00    0.00    0.00    0.00    0.00    4.00
08:47:51       1   60.61    0.00   34.34    1.01    0.00    0.00    0.00    0.00    0.00    4.04
08:47:51       2   62.63    0.00   33.33    1.01    0.00    0.00    0.00    0.00    0.00    3.03
08:47:51       3   57.58    0.00   37.37    1.01    0.00    0.00    0.00    0.00    0.00    4.04
08:47:51       4   58.59    0.00   36.36    1.01    0.00    0.00    0.00    0.00    0.00    4.04
08:47:51       5   58.16    0.00   35.71    1.02    0.00    0.00    0.00    0.00    0.00    5.10
08:47:51       6   58.59    0.00   36.36    1.01    0.00    0.00    0.00    0.00    0.00    4.04
08:47:51       7   61.00    0.00   34.00    1.00    0.00    0.00    0.00    0.00    0.00    4.00

08:47:51     CPU    %usr   %nice    %sys %iowait    %irq   %soft  %steal  %guest  %gnice   %idle
08:47:52     all   60.10    0.00   34.60    1.01    0.00    0.00    0.00    0.00    0.00    4.29
08:47:52       0   60.20    0.00   34.69    1.02    0.00    0.00    0.00    0.00    0.00    4.08
08:47:52       1   60.61    0.00   33.33    1.01    0.00    0.00    0.00    0.00    0.00    5.05
08:47:52       2   59.18    0.00   35.71    1.02    0.00    0.00    0.00    0.00    0.00    4.08
08:47:52       3   62.00    0.00   33.00    1.00    0.00    0.00    0.00    0.00    0.00    4.00
08:47:52       4   59.18    0.00   35.71    1.02    0.00    0.00    0.00    0.00    0.00    4.08
08:47:52       5   59.60    0.00   34.34    1.01    0.00    0.00    0.00    0.00    0.00    5.05
08:47:52       6   60.00    0.00   35.00    1.00    0.00    0.00    0.00    0.00    0.00    4.00
08:47:52       7   60.00    0.00   35.00    1.00    0.00    0.00    0.00    0.00    0.00    4.00

08:47:52     CPU    %usr   %nice    %sys %iowait    %irq   %soft  %steal  %guest  %gnice   %idle
08:47:53     all   60.58    0.00   34.29    1.13    0.00    0.00    0.00    0.00    0.00    4.01
08:47:53       0   61.00    0.00   34.00    1.00    0.00    0.00    0.00    0.00    0.00    4.00
08:47:53       1   59.00    0.00   36.00    1.00    0.00    0.00    0.00    0.00    0.00    4.00
08:47:53       2   59.80    0.00   34.31    0.98    0.00    0.00    0.00    0.00    0.00    4.90
08:47:53       3   61.00    0.00   34.00    2.00    0.00    0.00    0.00    0.00    0.00    3.00
08:47:53       4   61.00    0.00   34.00    1.00    0.00    0.00    0.00    0.00    0.00    4.00
08:47:53       5   61.62    0.00   33.33    1.01    0.00    0.00    0.00    0.00    0.00    4.04
08:47:53       6   61.62    0.00   33.33    1.01    0.00    0.00    0.00    0.00    0.00    4.04
08:47:53       7   59.60    0.00   35.35    1.01    0.00    0.00    0.00    0.00    0.00    4.04

08:47:53     CPU    %usr   %nice    %sys %iowait    %irq   %soft  %steal  %guest  %gnice   %idle
08:47:54     all   60.30    0.00   34.42    1.01    0.00    0.00    0.00    0.00    0.00    4.27
08:47:54       0   61.62    0.00   33.33    1.01    0.00    0.00    0.00    0.00    0.00    4.04
08:47:54       1   60.61    0.00   34.34    1.01    0.00    0.00    0.00    0.00    0.00    4.04
08:47:54       2   60.00    0.00   35.00    1.00    0.00    0.00    0.00    0.00    0.00    4.00
08:47:54       3   60.00    0.00   35.00    1.00    0.00    0.00    0.00    0.00    0.00    4.00
08:47:54       4   61.22    0.00   33.67    1.02    0.00    0.00    0.00    0.00    0.00    4.08
08:47:54       5   60.00    0.00   34.00    1.00    0.00    0.00    0.00    0.00    0.00    5.00
08:47:54       6   60.00    0.00   35.00    1.00    0.00    0.00    0.00    0.00    0.00    4.00
08:47:54       7   59.00    0.00   35.00    1.00    0.00    0.00    0.00    0.00    0.00    5.00

08:47:54     CPU    %usr   %nice    %sys %iowait    %irq   %soft  %steal  %guest  %gnice   %idle
08:47:55     all   59.82    0.00   34.26    1.39    0.00    0.00    0.00    0.00    0.00    4.53
08:47:55       0   58.00    0.00   35.00    2.00    0.00    0.00    0.00    0.00    0.00    5.00
08:47:55       1   61.00    0.00   33.00    2.00    0.00    0.00    0.00    0.00    0.00    4.00
08:47:55       2   60.61    0.00   33.33    1.01    0.00    0.00    0.00    0.00    0.00    5.05
08:47:55       3   59.60    0.00   35.35    1.01    0.00    0.00    0.00    0.00    0.00    4.04
08:47:55       4   60.61    0.00   32.32    1.01    0.00    0.00    0.00    0.00    0.00    6.06
08:47:55       5   59.60    0.00   34.34    2.02    0.00    0.00    0.00    0.00    0.00    4.04
08:47:55       6   59.18    0.00   35.71    1.02    0.00    0.00    0.00    0.00    0.00    4.08
08:47:55       7   60.00    0.00   35.00    1.00    0.00    0.00    0.00    0.00    0.00    4.00

08:47:55     CPU    %usr   %nice    %sys %iowait    %irq   %soft  %steal  %guest  %gnice   %idle
08:47:56     all   58.25    0.00   35.75    1.25    0.00    0.00    0.00    0.00    0.00    4.75
08:47:56       0   58.00    0.00   37.00    1.00    0.00    0.00    0.00    0.00    0.00    4.00
08:47:56       1   57.43    0.00   37.62    0.99    0.00    0.00    0.00    0.00    0.00    3.96
08:47:56       2   58.00    0.00   36.00    2.00    0.00    0.00    0.00    0.00    0.00    4.00
08:47:56       3   57.43    0.00   36.63    0.99    0.00    0.00    0.00    0.00    0.00    4.95
08:47:56       4   55.45    0.00   36.63    1.98    0.00    0.00    0.00    0.00    0.00    5.94
08:47:56       5   61.22    0.00   32.65    1.02    0.00    0.00    0.00    0.00    0.00    5.10
08:47:56       6   60.00    0.00   34.00    1.00    0.00    0.00    0.00    0.00    0.00    5.00
08:47:56       7   58.59    0.00   35.35    1.01    0.00    0.00    0.00    0.00    0.00    5.05

08:47:56     CPU    %usr   %nice    %sys %iowait    %irq   %soft  %steal  %guest  %gnice   %idle
08:47:57     all   58.59    0.00   35.61    1.14    0.00    0.00    0.00    0.00    0.00    4.67
08:47:57       0   59.00    0.00   35.00    1.00    0.00    0.00    0.00    0.00    0.00    5.00
08:47:57       1   60.20    0.00   33.67    1.02    0.00    0.00    0.00    0.00    0.00    5.10
08:47:57       2   58.16    0.00   35.71    1.02    0.00    0.00    0.00    0.00    0.00    5.10
08:47:57       3   57.58    0.00   36.36    1.01    0.00    0.00    0.00    0.00    0.00    5.05
08:47:57       4   58.16    0.00   36.73    1.02    0.00    0.00    0.00    0.00    0.00    4.08
08:47:57       5   55.45    0.00   37.62    1.98    0.00    0.00    0.00    0.00    0.00    4.95
08:47:57       6   60.20    0.00   34.69    1.02    0.00    0.00    0.00    0.00    0.00    4.08
08:47:57       7   60.00    0.00   35.00    1.00    0.00    0.00    0.00    0.00    0.00    4.00

08:47:57     CPU    %usr   %nice    %sys %iowait    %irq   %soft  %steal  %guest  %gnice   %idle
08:47:58     all   59.75    0.00   34.47    1.13    0.00    0.00    0.00    0.00    0.00    4.65
08:47:58       0   59.00    0.00   35.00    1.00    0.00    0.00    0.00    0.00    0.00    5.00
08:47:58       1   60.00    0.00   35.00    1.00    0.00    0.00    0.00    0.00    0.00    4.00
08:47:58       2   59.60    0.00   34.34    1.01    0.00    0.00    0.00    0.00    0.00    5.05
08:47:58       3   56.57    0.00   37.37    2.02    0.00    0.00    0.00    0.00    0.00    4.04
08:47:58       4   59.60    0.00   34.34    1.01    0.00    0.00    0.00    0.00    0.00    5.05
08:47:58       5   61.62    0.00   33.33    1.01    0.00    0.00    0.00    0.00    0.00    4.04
08:47:58       6   61.00    0.00   33.00    1.00    0.00    0.00    0.00    0.00    0.00    5.00
08:47:58       7   60.61    0.00   33.33    1.01    0.00    0.00    0.00    0.00    0.00    5.05

08:47:58     CPU    %usr   %nice    %sys %iowait    %irq   %soft  %steal  %guest  %gnice   %idle
08:47:59     all   61.08    0.00   34.01    1.01    0.00    0.00    0.00    0.00    0.00    3.90
08:47:59       0   60.40    0.00   34.65    0.99    0.00    0.00    0.00    0.00    0.00    3.96
08:47:59       1   59.60    0.00   35.35    1.01    0.00    0.00    0.00    0.00    0.00    4.04
08:47:59       2   61.62    0.00   33.33    1.01    0.00    0.00    0.00    0.00    0.00    4.04
08:47:59       3   61.62    0.00   33.33    1.01    0.00    0.00    0.00    0.00    0.00    4.04
08:47:59       4   65.31    0.00   31.63    0.00    0.00    0.00    0.00    0.00    0.00    3.06
08:47:59       5   60.00    0.00   35.00    1.00    0.00    0.00    0.00    0.00    0.00    4.00
08:47:59       6   60.61    0.00   33.33    2.02    0.00    0.00    0.00    0.00    0.00    4.04
08:47:59       7   59.60    0.00   35.35    1.01    0.00    0.00    0.00    0.00    0.00    4.04

08:47:59     CPU    %usr   %nice    %sys %iowait    %irq   %soft  %steal  %guest  %gnice   %idle
08:48:00     all   59.77    0.00   34.96    0.88    0.00    0.00    0.00    0.00    0.00    4.39
08:48:00       0   59.60    0.00   35.35    1.01    0.00    0.00    0.00    0.00    0.00    4.04
08:48:00       1   60.61    0.00   33.33    1.01    0.00    0.00    0.00    0.00    0.00    5.05
08:48:00       2   60.00    0.00   35.00    1.00    0.00    0.00    0.00    0.00    0.00    4.00
08:48:00       3   58.00    0.00   37.00    1.00    0.00    0.00    0.00    0.00    0.00    4.00
08:48:00       4   56.44    0.00   36.63    1.98    0.00    0.00    0.00    0.00    0.00    4.95
08:48:00       5   60.61    0.00   34.34    0.00    0.00    0.00    0.00    0.00    0.00    5.05
08:48:00       6   62.00    0.00   34.00    0.00    0.00    0.00    0.00    0.00    0.00    4.00
08:48:00       7   61.00    0.00   34.00    1.00    0.00    0.00    0.00    0.00    0.00    4.00

08:48:00     CPU    %usr   %nice    %sys %iowait    %irq   %soft  %steal  %guest  %gnice   %idle
08:48:01     all   60.28    0.00   35.09    1.00    0.00    0.00    0.00    0.00    0.00    3.63
08:48:01       0   60.40    0.00   34.65    0.99    0.00    0.00    0.00    0.00    0.00    3.96
08:48:01       1   61.39    0.00   33.66    0.99    0.00    0.00    0.00    0.00    0.00    3.96
08:48:01       2   63.00    0.00   32.00    1.00    0.00    0.00    0.00    0.00    0.00    4.00
08:48:01       3   58.00    0.00   37.00    1.00    0.00    0.00    0.00    0.00    0.00    4.00
08:48:01       4   59.60    0.00   36.36    1.01    0.00    0.00    0.00    0.00    0.00    3.03
08:48:01       5   60.00    0.00   35.00    1.00    0.00    0.00    0.00    0.00    0.00    4.00
08:48:01       6   60.61    0.00   35.35    1.01    0.00    0.00    0.00    0.00    0.00    3.03
08:48:01       7   59.18    0.00   36.73    1.02    0.00    0.00    0.00    0.00    0.00    3.06

08:48:01     CPU    %usr   %nice    %sys %iowait    %irq   %soft  %steal  %guest  %gnice   %idle
08:48:02     all   60.88    0.00   34.59    0.88    0.00    0.00    0.00    0.00    0.00    3.65
08:48:02       0   61.22    0.00   36.73    0.00    0.00    0.00    0.00    0.00    0.00    2.04
08:48:02       1   60.20    0.00   35.71    1.02    0.00    0.00    0.00    0.00    0.00    3.06
08:48:02       2   61.62    0.00   33.33    1.01    0.00    0.00    0.00    0.00    0.00    4.04
08:48:02       3   59.41    0.00   35.64    0.99    0.00    0.00    0.00    0.00    0.00    3.96
08:48:02       4   63.27    0.00   32.65    1.02    0.00    0.00    0.00    0.00    0.00    3.06
08:48:02       5   60.00    0.00   35.00    1.00    0.00    0.00    0.00    0.00    0.00    4.00
08:48:02       6   61.00    0.00   34.00    1.00    0.00    0.00    0.00    0.00    0.00    4.00
08:48:02       7   60.40    0.00   33.66    0.99    0.00    0.00    0.00    0.00    0.00    4.95

08:48:02     CPU    %usr   %nice    %sys %iowait    %irq   %soft  %steal  %guest  %gnice   %idle
08:48:03     all   60.78    0.00   35.21    0.75    0.00    0.00    0.00    0.00    0.00    3.26
08:48:03       0   60.00    0.00   35.00    1.00    0.00    0.00    0.00    0.00    0.00    4.00
08:48:03       1   60.00    0.00   36.00    1.00    0.00    0.00    0.00    0.00    0.00    3.00
08:48:03       2   61.00    0.00   35.00    1.00    0.00    0.00    0.00    0.00    0.00    3.00
08:48:03       3   62.63    0.00   34.34    0.00    0.00    0.00    0.00    0.00    0.00    3.03
08:48:03       4   60.40    0.00   34.65    0.99    0.00    0.00    0.00    0.00    0.00    3.96
08:48:03       5   62.00    0.00   34.00    1.00    0.00    0.00    0.00    0.00    0.00    3.00
08:48:03       6   59.60    0.00   36.36    1.01    0.00    0.00    0.00    0.00    0.00    3.03
08:48:03       7   60.61    0.00   36.36    0.00    0.00    0.00    0.00    0.00    0.00    3.03

08:48:03     CPU    %usr   %nice    %sys %iowait    %irq   %soft  %steal  %guest  %gnice   %idle
08:48:04     all   60.71    0.00   33.75    1.01    0.00    0.00    0.00    0.00    0.00    4.53
08:48:04       0   60.61    0.00   33.33    1.01    0.00    0.00    0.00    0.00    0.00    5.05
08:48:04       1   61.00    0.00   34.00    1.00    0.00    0.00    0.00    0.00    0.00    4.00
08:48:04       2   62.24    0.00   32.65    1.02    0.00    0.00    0.00    0.00    0.00    4.08
08:48:04       3   58.59    0.00   36.36    1.01    0.00    0.00    0.00    0.00    0.00    4.04
08:48:04       4   62.24    0.00   33.67    0.00    0.00    0.00    0.00    0.00    0.00    4.08
08:48:04       5   62.00    0.00   32.00    1.00    0.00    0.00    0.00    0.00    0.00    5.00
08:48:04       6   60.00    0.00   34.00    1.00    0.00    0.00    0.00    0.00    0.00    5.00
08:48:04       7   59.00    0.00   34.00    2.00    0.00    0.00    0.00    0.00    0.00    5.00

08:48:04     CPU    %usr   %nice    %sys %iowait    %irq   %soft  %steal  %guest  %gnice   %idle
08:48:05     all   61.41    0.00   32.66    1.13    0.00    0.00    0.00    0.00    0.00    4.79
08:48:05       0   61.00    0.00   33.00    1.00    0.00    0.00    0.00    0.00    0.00    5.00
08:48:05       1   62.00    0.00   32.00    1.00    0.00    0.00    0.00    0.00    0.00    5.00
08:48:05       2   60.61    0.00   33.33    1.01    0.00    0.00    0.00    0.00    0.00    5.05
08:48:05       3   61.22    0.00   32.65    1.02    0.00    0.00    0.00    0.00    0.00    5.10
08:48:05       4   61.00    0.00   32.00    2.00    0.00    0.00    0.00    0.00    0.00    5.00
08:48:05       5   61.22    0.00   32.65    1.02    0.00    0.00    0.00    0.00    0.00    5.10
08:48:05       6   61.62    0.00   33.33    1.01    0.00    0.00    0.00    0.00    0.00    4.04
08:48:05       7   62.63    0.00   32.32    1.01    0.00    0.00    0.00    0.00    0.00    4.04

08:48:05     CPU    %usr   %nice    %sys %iowait    %irq   %soft  %steal  %guest  %gnice   %idle
08:48:06     all   61.59    0.00   33.88    0.63    0.00    0.00    0.00    0.00    0.00    3.90
08:48:06       0   61.62    0.00   34.34    0.00    0.00    0.00    0.00    0.00    0.00    4.04
08:48:06       1   62.63    0.00   32.32    1.01    0.00    0.00    0.00    0.00    0.00    4.04
08:48:06       2   61.22    0.00   34.69    0.00    0.00    0.00    0.00    0.00    0.00    4.08
08:48:06       3   60.40    0.00   34.65    0.99    0.00    0.00    0.00    0.00    0.00    3.96
08:48:06       4   60.61    0.00   35.35    0.00    0.00    0.00    0.00    0.00    0.00    4.04
08:48:06       5   62.38    0.00   33.66    0.99    0.00    0.00    0.00    0.00    0.00    2.97
08:48:06       6   63.00    0.00   32.00    1.00    0.00    0.00    0.00    0.00    0.00    4.00
08:48:06       7   60.82    0.00   34.02    1.03    0.00    0.00    0.00    0.00    0.00    4.12

08:48:06     CPU    %usr   %nice    %sys %iowait    %irq   %soft  %steal  %guest  %gnice   %idle
08:48:07     all   60.78    0.00   33.96    0.88    0.00    0.00    0.00    0.00    0.00    4.39
08:48:07       0   62.63    0.00   32.32    1.01    0.00    0.00    0.00    0.00    0.00    4.04
08:48:07       1   60.78    0.00   33.33    0.98    0.00    0.00    0.00    0.00    0.00    4.90
08:48:07       2   61.00    0.00   33.00    1.00    0.00    0.00    0.00    0.00    0.00    5.00
08:48:07       3   61.22    0.00   34.69    1.02    0.00    0.00    0.00    0.00    0.00    3.06
08:48:07       4   58.00    0.00   37.00    1.00    0.00    0.00    0.00    0.00    0.00    4.00
08:48:07       5   61.62    0.00   33.33    1.01    0.00    0.00    0.00    0.00    0.00    4.04
08:48:07       6   60.00    0.00   34.00    1.00    0.00    0.00    0.00    0.00    0.00    5.00
08:48:07       7   61.00    0.00   34.00    0.00    0.00    0.00    0.00    0.00    0.00    5.00

08:48:07     CPU    %usr   %nice    %sys %iowait    %irq   %soft  %steal  %guest  %gnice   %idle
08:48:08     all   61.26    0.00   33.46    1.01    0.00    0.00    0.00    0.00    0.00    4.28
08:48:08       0   63.64    0.00   31.31    1.01    0.00    0.00    0.00    0.00    0.00    4.04
08:48:08       1   60.61    0.00   34.34    1.01    0.00    0.00    0.00    0.00    0.00    4.04
08:48:08       2   60.61    0.00   34.34    1.01    0.00    0.00    0.00    0.00    0.00    4.04
08:48:08       3   60.40    0.00   33.66    0.99    0.00    0.00    0.00    0.00    0.00    4.95
08:48:08       4   61.62    0.00   33.33    1.01    0.00    0.00    0.00    0.00    0.00    4.04
08:48:08       5   61.00    0.00   33.00    1.00    0.00    0.00    0.00    0.00    0.00    5.00
08:48:08       6   60.00    0.00   35.00    1.00    0.00    0.00    0.00    0.00    0.00    4.00
08:48:08       7   62.24    0.00   32.65    1.02    0.00    0.00    0.00    0.00    0.00    4.08

08:48:08     CPU    %usr   %nice    %sys %iowait    %irq   %soft  %steal  %guest  %gnice   %idle
08:48:09     all   61.71    0.00   33.50    0.63    0.00    0.00    0.00    0.00    0.00    4.16
08:48:09       0   62.00    0.00   33.00    1.00    0.00    0.00    0.00    0.00    0.00    4.00
08:48:09       1   61.22    0.00   33.67    0.00    0.00    0.00    0.00    0.00    0.00    5.10
08:48:09       2   61.62    0.00   33.33    1.01    0.00    0.00    0.00    0.00    0.00    4.04
08:48:09       3   62.38    0.00   32.67    0.99    0.00    0.00    0.00    0.00    0.00    3.96
08:48:09       4   60.61    0.00   34.34    1.01    0.00    0.00    0.00    0.00    0.00    4.04
08:48:09       5   63.27    0.00   32.65    0.00    0.00    0.00    0.00    0.00    0.00    4.08
08:48:09       6   62.63    0.00   33.33    0.00    0.00    0.00    0.00    0.00    0.00    4.04
08:48:09       7   60.00    0.00   35.00    1.00    0.00    0.00    0.00    0.00    0.00    4.00

08:48:09     CPU    %usr   %nice    %sys %iowait    %irq   %soft  %steal  %guest  %gnice   %idle
08:48:10     all   62.42    0.00   32.66    0.76    0.00    0.00    0.00    0.00    0.00    4.16
08:48:10       0   64.65    0.00   31.31    1.01    0.00    0.00    0.00    0.00    0.00    3.03
08:48:10       1   61.62    0.00   33.33    1.01    0.00    0.00    0.00    0.00    0.00    4.04
08:48:10       2   61.62    0.00   34.34    0.00    0.00    0.00    0.00    0.00    0.00    4.04
08:48:10       3   62.24    0.00   33.67    0.00    0.00    0.00    0.00    0.00    0.00    4.08
08:48:10       4   63.64    0.00   30.30    1.01    0.00    0.00    0.00    0.00    0.00    5.05
08:48:10       5   61.62    0.00   33.33    1.01    0.00    0.00    0.00    0.00    0.00    4.04
08:48:10       6   63.00    0.00   31.00    1.00    0.00    0.00    0.00    0.00    0.00    5.00
08:48:10       7   61.00    0.00   34.00    1.00    0.00    0.00    0.00    0.00    0.00    4.00

08:48:10     CPU    %usr   %nice    %sys %iowait    %irq   %soft  %steal  %guest  %gnice   %idle
08:48:11     all   61.92    0.00   32.53    1.01    0.00    0.00    0.00    0.00    0.00    4.54
08:48:11       0   61.22    0.00   33.67    0.00    0.00    0.00    0.00    0.00    0.00    5.10
08:48:11       1   63.00    0.00   31.00    1.00    0.00    0.00    0.00    0.00    0.00    5.00
08:48:11       2   63.64    0.00   30.30    1.01    0.00    0.00    0.00    0.00    0.00    5.05
08:48:11       3   62.00    0.00   32.00    1.00    0.00    0.00    0.00    0.00    0.00    5.00
08:48:11       4   60.61    0.00   33.33    2.02    0.00    0.00    0.00    0.00    0.00    4.04
08:48:11       5   61.00    0.00   34.00    1.00    0.00    0.00    0.00    0.00    0.00    4.00
08:48:11       6   60.61    0.00   34.34    1.01    0.00    0.00    0.00    0.00    0.00    4.04
08:48:11       7   63.27    0.00   31.63    1.02    0.00    0.00    0.00    0.00    0.00    4.08

08:48:11     CPU    %usr   %nice    %sys %iowait    %irq   %soft  %steal  %guest  %gnice   %idle
08:48:12     all   60.92    0.00   34.08    1.00    0.00    0.00    0.00    0.00    0.00    4.00
08:48:12       0   62.38    0.00   33.66    0.99    0.00    0.00    0.00    0.00    0.00    2.97
08:48:12       1   59.00    0.00   37.00    1.00    0.00    0.00    0.00    0.00    0.00    3.00
08:48:12       2   60.00    0.00   35.00    1.00    0.00    0.00    0.00    0.00    0.00    4.00
08:48:12       3   63.00    0.00   32.00    1.00    0.00    0.00    0.00    0.00    0.00    4.00
08:48:12       4   61.62    0.00   33.33    1.01    0.00    0.00    0.00    0.00    0.00    4.04
08:48:12       5   60.00    0.00   34.00    1.00    0.00    0.00    0.00    0.00    0.00    5.00
08:48:12       6   60.40    0.00   34.65    0.99    0.00    0.00    0.00    0.00    0.00    3.96
08:48:12       7   61.00    0.00   33.00    1.00    0.00    0.00    0.00    0.00    0.00    5.00

08:48:12     CPU    %usr   %nice    %sys %iowait    %irq   %soft  %steal  %guest  %gnice   %idle
08:48:13     all   60.45    0.00   34.89    0.76    0.00    0.00    0.00    0.00    0.00    3.90
08:48:13       0   61.62    0.00   34.34    1.01    0.00    0.00    0.00    0.00    0.00    3.03
08:48:13       1   59.60    0.00   35.35    1.01    0.00    0.00    0.00    0.00    0.00    4.04
08:48:13       2   60.61    0.00   34.34    1.01    0.00    0.00    0.00    0.00    0.00    4.04
08:48:13       3   60.00    0.00   35.00    1.00    0.00    0.00    0.00    0.00    0.00    4.00
08:48:13       4   64.00    0.00   32.00    0.00    0.00    0.00    0.00    0.00    0.00    4.00
08:48:13       5   59.00    0.00   36.00    1.00    0.00    0.00    0.00    0.00    0.00    4.00
08:48:13       6   58.16    0.00   36.73    1.02    0.00    0.00    0.00    0.00    0.00    4.08
08:48:13       7   60.61    0.00   35.35    0.00    0.00    0.00    0.00    0.00    0.00    4.04

08:48:13     CPU    %usr   %nice    %sys %iowait    %irq   %soft  %steal  %guest  %gnice   %idle
08:48:14     all   59.72    0.00   35.51    0.63    0.00    0.00    0.00    0.00    0.00    4.14
08:48:14       0   60.00    0.00   35.00    1.00    0.00    0.00    0.00    0.00    0.00    4.00
08:48:14       1   61.62    0.00   34.34    0.00    0.00    0.00    0.00    0.00    0.00    4.04
08:48:14       2   58.59    0.00   37.37    0.00    0.00    0.00    0.00    0.00    0.00    4.04
08:48:14       3   60.61    0.00   34.34    1.01    0.00    0.00    0.00    0.00    0.00    4.04
08:48:14       4   59.00    0.00   36.00    1.00    0.00    0.00    0.00    0.00    0.00    4.00
08:48:14       5   60.20    0.00   35.71    0.00    0.00    0.00    0.00    0.00    0.00    4.08
08:48:14       6   58.42    0.00   36.63    0.99    0.00    0.00    0.00    0.00    0.00    3.96
08:48:14       7   59.41    0.00   34.65    0.99    0.00    0.00    0.00    0.00    0.00    4.95

08:48:14     CPU    %usr   %nice    %sys %iowait    %irq   %soft  %steal  %guest  %gnice   %idle
08:48:15     all   61.61    0.00   33.38    0.63    0.00    0.00    0.00    0.00    0.00    4.39
08:48:15       0   61.62    0.00   34.34    0.00    0.00    0.00    0.00    0.00    0.00    4.04
08:48:15       1   62.38    0.00   32.67    0.99    0.00    0.00    0.00    0.00    0.00    3.96
08:48:15       2   60.40    0.00   34.65    0.99    0.00    0.00    0.00    0.00    0.00    3.96
08:48:15       3   62.63    0.00   33.33    0.00    0.00    0.00    0.00    0.00    0.00    4.04
08:48:15       4   59.60    0.00   34.34    1.01    0.00    0.00    0.00    0.00    0.00    5.05
08:48:15       5   62.38    0.00   31.68    0.99    0.00    0.00    0.00    0.00    0.00    4.95
08:48:15       6   62.24    0.00   32.65    0.00    0.00    0.00    0.00    0.00    0.00    5.10
08:48:15       7   61.62    0.00   33.33    1.01    0.00    0.00    0.00    0.00    0.00    4.04

08:48:15     CPU    %usr   %nice    %sys %iowait    %irq   %soft  %steal  %guest  %gnice   %idle
08:48:16     all   60.00    0.00   34.84    1.01    0.00    0.00    0.00    0.00    0.00    4.15
08:48:16       0   61.00    0.00   34.00    1.00    0.00    0.00    0.00    0.00    0.00    4.00
08:48:16       1   59.41    0.00   34.65    0.99    0.00    0.00    0.00    0.00    0.00    4.95
08:48:16       2   58.59    0.00   36.36    1.01    0.00    0.00    0.00    0.00    0.00    4.04
08:48:16       3   62.00    0.00   33.00    1.00    0.00    0.00    0.00    0.00    0.00    4.00
08:48:16       4   58.00    0.00   36.00    1.00    0.00    0.00    0.00    0.00    0.00    5.00
08:48:16       5   60.20    0.00   34.69    1.02    0.00    0.00    0.00    0.00    0.00    4.08
08:48:16       6   59.60    0.00   36.36    1.01    0.00    0.00    0.00    0.00    0.00    3.03
08:48:16       7   61.22    0.00   33.67    1.02    0.00    0.00    0.00    0.00    0.00    4.08

08:48:16     CPU    %usr   %nice    %sys %iowait    %irq   %soft  %steal  %guest  %gnice   %idle
08:48:17     all   59.95    0.00   35.39    0.76    0.00    0.00    0.00    0.00    0.00    3.90
08:48:17       0   59.60    0.00   36.36    1.01    0.00    0.00    0.00    0.00    0.00    3.03
08:48:17       1   58.59    0.00   37.37    1.01    0.00    0.00    0.00    0.00    0.00    3.03
08:48:17       2   62.00    0.00   34.00    0.00    0.00    0.00    0.00    0.00    0.00    4.00
08:48:17       3   58.59    0.00   36.36    1.01    0.00    0.00    0.00    0.00    0.00    4.04
08:48:17       4   59.60    0.00   35.35    1.01    0.00    0.00    0.00    0.00    0.00    4.04
08:48:17       5   59.60    0.00   35.35    1.01    0.00    0.00    0.00    0.00    0.00    4.04
08:48:17       6   61.62    0.00   33.33    0.00    0.00    0.00    0.00    0.00    0.00    5.05
08:48:17       7   60.00    0.00   35.00    1.00    0.00    0.00    0.00    0.00    0.00    4.00

08:48:17     CPU    %usr   %nice    %sys %iowait    %irq   %soft  %steal  %guest  %gnice   %idle
08:48:18     all   62.47    0.00   33.12    0.50    0.00    0.00    0.00    0.00    0.00    3.90
08:48:18       0   63.00    0.00   32.00    1.00    0.00    0.00    0.00    0.00    0.00    4.00
08:48:18       1   59.60    0.00   36.36    0.00    0.00    0.00    0.00    0.00    0.00    4.04
08:48:18       2   62.00    0.00   33.00    1.00    0.00    0.00    0.00    0.00    0.00    4.00
08:48:18       3   64.65    0.00   31.31    0.00    0.00    0.00    0.00    0.00    0.00    4.04
08:48:18       4   65.35    0.00   30.69    0.99    0.00    0.00    0.00    0.00    0.00    2.97
08:48:18       5   61.22    0.00   34.69    0.00    0.00    0.00    0.00    0.00    0.00    4.08
08:48:18       6   61.62    0.00   33.33    1.01    0.00    0.00    0.00    0.00    0.00    4.04
08:48:18       7   62.24    0.00   33.67    0.00    0.00    0.00    0.00    0.00    0.00    4.08

08:48:18     CPU    %usr   %nice    %sys %iowait    %irq   %soft  %steal  %guest  %gnice   %idle
08:48:19     all   62.37    0.00   32.20    1.14    0.00    0.00    0.00    0.00    0.00    4.29
08:48:19       0   61.62    0.00   33.33    1.01    0.00    0.00    0.00    0.00    0.00    4.04
08:48:19       1   60.61    0.00   33.33    1.01    0.00    0.00    0.00    0.00    0.00    5.05
08:48:19       2   62.63    0.00   32.32    1.01    0.00    0.00    0.00    0.00    0.00    4.04
08:48:19       3   62.63    0.00   31.31    1.01    0.00    0.00    0.00    0.00    0.00    5.05
08:48:19       4   62.00    0.00   32.00    1.00    0.00    0.00    0.00    0.00    0.00    5.00
08:48:19       5   62.63    0.00   32.32    2.02    0.00    0.00    0.00    0.00    0.00    3.03
08:48:19       6   63.64    0.00   31.31    1.01    0.00    0.00    0.00    0.00    0.00    4.04
08:48:19       7   63.27    0.00   31.63    1.02    0.00    0.00    0.00    0.00    0.00    4.08

08:48:19     CPU    %usr   %nice    %sys %iowait    %irq   %soft  %steal  %guest  %gnice   %idle
08:48:20     all   61.17    0.00   33.33    0.50    0.00    0.00    0.00    0.00    0.00    4.99
08:48:20       0   61.00    0.00   33.00    0.00    0.00    0.00    0.00    0.00    0.00    6.00
08:48:20       1   63.00    0.00   31.00    1.00    0.00    0.00    0.00    0.00    0.00    5.00
08:48:20       2   57.58    0.00   37.37    0.00    0.00    0.00    0.00    0.00    0.00    5.05
08:48:20       3   63.00    0.00   32.00    1.00    0.00    0.00    0.00    0.00    0.00    4.00
08:48:20       4   62.63    0.00   34.34    0.00    0.00    0.00    0.00    0.00    0.00    3.03
08:48:20       5   60.00    0.00   33.00    0.00    0.00    0.00    0.00    0.00    0.00    7.00
08:48:20       6   61.39    0.00   32.67    0.99    0.00    0.00    0.00    0.00    0.00    4.95
08:48:20       7   60.78    0.00   33.33    0.98    0.00    0.00    0.00    0.00    0.00    4.90

08:48:20     CPU    %usr   %nice    %sys %iowait    %irq   %soft  %steal  %guest  %gnice   %idle
08:48:21     all   63.53    0.00   31.70    0.75    0.00    0.00    0.00    0.00    0.00    4.01
08:48:21       0   62.00    0.00   33.00    1.00    0.00    0.00    0.00    0.00    0.00    4.00
08:48:21       1   64.65    0.00   31.31    0.00    0.00    0.00    0.00    0.00    0.00    4.04
08:48:21       2   63.64    0.00   32.32    1.01    0.00    0.00    0.00    0.00    0.00    3.03
08:48:21       3   64.00    0.00   31.00    1.00    0.00    0.00    0.00    0.00    0.00    4.00
08:48:21       4   62.38    0.00   31.68    0.99    0.00    0.00    0.00    0.00    0.00    4.95
08:48:21       5   63.00    0.00   32.00    1.00    0.00    0.00    0.00    0.00    0.00    4.00
08:48:21       6   64.65    0.00   30.30    1.01    0.00    0.00    0.00    0.00    0.00    4.04
08:48:21       7   64.00    0.00   32.00    0.00    0.00    0.00    0.00    0.00    0.00    4.00

08:48:21     CPU    %usr   %nice    %sys %iowait    %irq   %soft  %steal  %guest  %gnice   %idle
08:48:22     all   63.77    0.00   31.45    0.75    0.00    0.00    0.00    0.00    0.00    4.03
08:48:22       0   61.00    0.00   35.00    1.00    0.00    0.00    0.00    0.00    0.00    3.00
08:48:22       1   64.00    0.00   31.00    1.00    0.00    0.00    0.00    0.00    0.00    4.00
08:48:22       2   62.38    0.00   32.67    0.99    0.00    0.00    0.00    0.00    0.00    3.96
08:48:22       3   65.31    0.00   30.61    0.00    0.00    0.00    0.00    0.00    0.00    4.08
08:48:22       4   63.00    0.00   32.00    1.00    0.00    0.00    0.00    0.00    0.00    4.00
08:48:22       5   63.27    0.00   31.63    1.02    0.00    0.00    0.00    0.00    0.00    4.08
08:48:22       6   65.66    0.00   29.29    0.00    0.00    0.00    0.00    0.00    0.00    5.05
08:48:22       7   65.66    0.00   29.29    1.01    0.00    0.00    0.00    0.00    0.00    4.04

08:48:22     CPU    %usr   %nice    %sys %iowait    %irq   %soft  %steal  %guest  %gnice   %idle
08:48:23     all   63.10    0.00   32.62    0.38    0.00    0.00    0.00    0.00    0.00    3.90
08:48:23       0   61.62    0.00   34.34    0.00    0.00    0.00    0.00    0.00    0.00    4.04
08:48:23       1   62.00    0.00   33.00    1.00    0.00    0.00    0.00    0.00    0.00    4.00
08:48:23       2   65.31    0.00   31.63    0.00    0.00    0.00    0.00    0.00    0.00    3.06
08:48:23       3   61.00    0.00   34.00    1.00    0.00    0.00    0.00    0.00    0.00    4.00
08:48:23       4   64.65    0.00   31.31    0.00    0.00    0.00    0.00    0.00    0.00    4.04
08:48:23       5   63.64    0.00   32.32    0.00    0.00    0.00    0.00    0.00    0.00    4.04
08:48:23       6   62.38    0.00   32.67    0.99    0.00    0.00    0.00    0.00    0.00    3.96
08:48:23       7   64.29    0.00   31.63    0.00    0.00    0.00    0.00    0.00    0.00    4.08

08:48:23     CPU    %usr   %nice    %sys %iowait    %irq   %soft  %steal  %guest  %gnice   %idle
08:48:24     all   62.33    0.00   33.29    0.63    0.00    0.00    0.00    0.00    0.00    3.75
08:48:24       0   61.00    0.00   34.00    1.00    0.00    0.00    0.00    0.00    0.00    4.00
08:48:24       1   63.64    0.00   33.33    0.00    0.00    0.00    0.00    0.00    0.00    3.03
08:48:24       2   62.00    0.00   33.00    1.00    0.00    0.00    0.00    0.00    0.00    4.00
08:48:24       3   61.00    0.00   36.00    0.00    0.00    0.00    0.00    0.00    0.00    3.00
08:48:24       4   62.38    0.00   32.67    0.99    0.00    0.00    0.00    0.00    0.00    3.96
08:48:24       5   62.63    0.00   32.32    1.01    0.00    0.00    0.00    0.00    0.00    4.04
08:48:24       6   65.66    0.00   30.30    0.00    0.00    0.00    0.00    0.00    0.00    4.04
08:48:24       7   60.40    0.00   34.65    0.99    0.00    0.00    0.00    0.00    0.00    3.96

08:48:24     CPU    %usr   %nice    %sys %iowait    %irq   %soft  %steal  %guest  %gnice   %idle
08:48:25     all   63.02    0.00   32.58    0.75    0.00    0.00    0.00    0.00    0.00    3.65
08:48:25       0   65.00    0.00   31.00    1.00    0.00    0.00    0.00    0.00    0.00    3.00
08:48:25       1   62.00    0.00   33.00    1.00    0.00    0.00    0.00    0.00    0.00    4.00
08:48:25       2   61.22    0.00   34.69    1.02    0.00    0.00    0.00    0.00    0.00    3.06
08:48:25       3   63.64    0.00   31.31    1.01    0.00    0.00    0.00    0.00    0.00    4.04
08:48:25       4   65.00    0.00   31.00    1.00    0.00    0.00    0.00    0.00    0.00    3.00
08:48:25       5   61.62    0.00   34.34    0.00    0.00    0.00    0.00    0.00    0.00    4.04
08:48:25       6   64.00    0.00   32.00    1.00    0.00    0.00    0.00    0.00    0.00    3.00
08:48:25       7   61.62    0.00   33.33    0.00    0.00    0.00    0.00    0.00    0.00    5.05

08:48:25     CPU    %usr   %nice    %sys %iowait    %irq   %soft  %steal  %guest  %gnice   %idle
08:48:26     all   62.58    0.00   32.67    0.50    0.00    0.00    0.00    0.00    0.00    4.26
08:48:26       0   64.65    0.00   31.31    0.00    0.00    0.00    0.00    0.00    0.00    4.04
08:48:26       1   62.00    0.00   34.00    0.00    0.00    0.00    0.00    0.00    0.00    4.00
08:48:26       2   64.00    0.00   31.00    0.00    0.00    0.00    0.00    0.00    0.00    5.00
08:48:26       3   62.38    0.00   32.67    0.99    0.00    0.00    0.00    0.00    0.00    3.96
08:48:26       4   61.62    0.00   34.34    0.00    0.00    0.00    0.00    0.00    0.00    4.04
08:48:26       5   61.00    0.00   34.00    1.00    0.00    0.00    0.00    0.00    0.00    4.00
08:48:26       6   62.38    0.00   31.68    0.99    0.00    0.00    0.00    0.00    0.00    4.95
08:48:26       7   62.63    0.00   32.32    1.01    0.00    0.00    0.00    0.00    0.00    4.04

08:48:26     CPU    %usr   %nice    %sys %iowait    %irq   %soft  %steal  %guest  %gnice   %idle
08:48:27     all   61.81    0.00   32.29    1.01    0.00    0.00    0.00    0.00    0.00    4.90
08:48:27       0   61.00    0.00   34.00    1.00    0.00    0.00    0.00    0.00    0.00    4.00
08:48:27       1   62.00    0.00   32.00    1.00    0.00    0.00    0.00    0.00    0.00    5.00
08:48:27       2   60.61    0.00   32.32    1.01    0.00    0.00    0.00    0.00    0.00    6.06
08:48:27       3   62.63    0.00   30.30    1.01    0.00    0.00    0.00    0.00    0.00    6.06
08:48:27       4   62.00    0.00   33.00    1.00    0.00    0.00    0.00    0.00    0.00    4.00
08:48:27       5   62.00    0.00   33.00    1.00    0.00    0.00    0.00    0.00    0.00    4.00
08:48:27       6   61.62    0.00   32.32    1.01    0.00    0.00    0.00    0.00    0.00    5.05
08:48:27       7   62.63    0.00   31.31    1.01    0.00    0.00    0.00    0.00    0.00    5.05

08:48:27     CPU    %usr   %nice    %sys %iowait    %irq   %soft  %steal  %guest  %gnice   %idle
08:48:28     all   61.54    0.00   33.42    0.50    0.00    0.00    0.00    0.00    0.00    4.54
08:48:28       0   65.66    0.00   29.29    0.00    0.00    0.00    0.00    0.00    0.00    5.05
08:48:28       1   61.00    0.00   33.00    1.00    0.00    0.00    0.00    0.00    0.00    5.00
08:48:28       2   61.39    0.00   32.67    0.99    0.00    0.00    0.00    0.00    0.00    4.95
08:48:28       3   60.61    0.00   35.35    0.00    0.00    0.00    0.00    0.00    0.00    4.04
08:48:28       4   61.22    0.00   34.69    0.00    0.00    0.00    0.00    0.00    0.00    4.08
08:48:28       5   61.22    0.00   33.67    1.02    0.00    0.00    0.00    0.00    0.00    4.08
08:48:28       6   59.60    0.00   35.35    1.01    0.00    0.00    0.00    0.00    0.00    4.04
08:48:28       7   61.62    0.00   33.33    0.00    0.00    0.00    0.00    0.00    0.00    5.05

08:48:28     CPU    %usr   %nice    %sys %iowait    %irq   %soft  %steal  %guest  %gnice   %idle
08:48:29     all   61.15    0.00   34.21    0.50    0.00    0.00    0.00    0.00    0.00    4.14
08:48:29       0   59.60    0.00   34.34    1.01    0.00    0.00    0.00    0.00    0.00    5.05
08:48:29       1   62.63    0.00   34.34    0.00    0.00    0.00    0.00    0.00    0.00    3.03
08:48:29       2   59.00    0.00   37.00    0.00    0.00    0.00    0.00    0.00    0.00    4.00
08:48:29       3   62.00    0.00   33.00    1.00    0.00    0.00    0.00    0.00    0.00    4.00
08:48:29       4   60.40    0.00   34.65    0.99    0.00    0.00    0.00    0.00    0.00    3.96
08:48:29       5   62.00    0.00   34.00    0.00    0.00    0.00    0.00    0.00    0.00    4.00
08:48:29       6   61.62    0.00   33.33    0.00    0.00    0.00    0.00    0.00    0.00    5.05
08:48:29       7   62.00    0.00   33.00    1.00    0.00    0.00    0.00    0.00    0.00    4.00

08:48:29     CPU    %usr   %nice    %sys %iowait    %irq   %soft  %steal  %guest  %gnice   %idle
08:48:30     all   61.61    0.00   33.12    0.88    0.00    0.00    0.00    0.00    0.00    4.39
08:48:30       0   62.63    0.00   32.32    1.01    0.00    0.00    0.00    0.00    0.00    4.04
08:48:30       1   59.00    0.00   35.00    1.00    0.00    0.00    0.00    0.00    0.00    5.00
08:48:30       2   59.60    0.00   35.35    1.01    0.00    0.00    0.00    0.00    0.00    4.04
08:48:30       3   66.67    0.00   29.29    0.00    0.00    0.00    0.00    0.00    0.00    4.04
08:48:30       4   64.65    0.00   30.30    1.01    0.00    0.00    0.00    0.00    0.00    4.04
08:48:30       5   58.42    0.00   35.64    0.99    0.00    0.00    0.00    0.00    0.00    4.95
08:48:30       6   59.60    0.00   34.34    1.01    0.00    0.00    0.00    0.00    0.00    5.05
08:48:30       7   62.38    0.00   32.67    0.99    0.00    0.00    0.00    0.00    0.00    3.96

08:48:30     CPU    %usr   %nice    %sys %iowait    %irq   %soft  %steal  %guest  %gnice   %idle
08:48:31     all   61.48    0.00   33.63    0.50    0.00    0.00    0.00    0.00    0.00    4.39
08:48:31       0   61.39    0.00   33.66    0.99    0.00    0.00    0.00    0.00    0.00    3.96
08:48:31       1   62.00    0.00   33.00    1.00    0.00    0.00    0.00    0.00    0.00    4.00
08:48:31       2   62.63    0.00   32.32    0.00    0.00    0.00    0.00    0.00    0.00    5.05
08:48:31       3   59.41    0.00   34.65    0.99    0.00    0.00    0.00    0.00    0.00    4.95
08:48:31       4   60.40    0.00   34.65    0.00    0.00    0.00    0.00    0.00    0.00    4.95
08:48:31       5   62.24    0.00   33.67    0.00    0.00    0.00    0.00    0.00    0.00    4.08
08:48:31       6   63.00    0.00   32.00    1.00    0.00    0.00    0.00    0.00    0.00    4.00
08:48:31       7   60.82    0.00   35.05    0.00    0.00    0.00    0.00    0.00    0.00    4.12

08:48:31     CPU    %usr   %nice    %sys %iowait    %irq   %soft  %steal  %guest  %gnice   %idle
08:48:32     all    3.27    0.00    3.77    0.00    0.00    0.00    0.00    0.00    0.00   92.96
08:48:32       0    3.03    0.00    4.04    0.00    0.00    0.00    0.00    0.00    0.00   92.93
08:48:32       1    2.02    0.00    4.04    0.00    0.00    0.00    0.00    0.00    0.00   93.94
08:48:32       2    3.03    0.00    3.03    0.00    0.00    0.00    0.00    0.00    0.00   93.94
08:48:32       3    4.00    0.00    3.00    0.00    0.00    0.00    0.00    0.00    0.00   93.00
08:48:32       4    5.05    0.00    4.04    0.00    0.00    0.00    0.00    0.00    0.00   90.91
08:48:32       5    3.96    0.00    3.96    0.00    0.00    0.00    0.00    0.00    0.00   92.08
08:48:32       6    2.02    0.00    4.04    0.00    0.00    0.00    0.00    0.00    0.00   93.94
08:48:32       7    3.00    0.00    4.00    0.00    0.00    0.00    0.00    0.00    0.00   93.00

08:48:32     CPU    %usr   %nice    %sys %iowait    %irq   %soft  %steal  %guest  %gnice   %idle
08:48:33     all    0.62    0.00    0.00    0.00    0.00    0.00    0.00    0.00    0.00   99.38
08:48:33       0    0.99    0.00    0.00    0.00    0.00    0.00    0.00    0.00    0.00   99.01
08:48:33       1    0.00    0.00    0.00    0.00    0.00    0.00    0.00    0.00    0.00  100.00
08:48:33       2    0.00    0.00    0.00    0.00    0.00    0.00    0.00    0.00    0.00  100.00
08:48:33       3    0.00    0.00    0.00    0.00    0.00    0.00    0.00    0.00    0.00  100.00
08:48:33       4    0.99    0.00    0.00    0.00    0.00    0.00    0.00    0.00    0.00   99.01
08:48:33       5    2.00    0.00    0.00    0.00    0.00    0.00    0.00    0.00    0.00   98.00
08:48:33       6    0.00    0.00    0.00    0.00    0.00    0.00    0.00    0.00    0.00  100.00
08:48:33       7    0.99    0.00    0.00    0.00    0.00    0.00    0.00    0.00    0.00   99.01

```

---

## Command 11: pg_wait_events

### Command
```bash
bash -c 'for i in $(seq 1 70); do echo "=== $(date '"'"'+%H:%M:%S'"'"') ==="; sudo -u postgres psql -t -c "SELECT coalesce(wait_event_type,'"'"'CPU'"'"') as type, coalesce(wait_event,'"'"'Running'"'"') as event, count(*) as cnt FROM pg_stat_activity WHERE state='"'"'active'"'"' AND pid<>pg_backend_pid() GROUP BY 1,2 ORDER BY 3 DESC LIMIT 10"; sleep 1; done'
```

### Output
```
=== 08:47:29 ===

=== 08:47:30 ===

=== 08:47:31 ===

=== 08:47:32 ===
 LWLock | WALWrite      |  51
 LWLock | WALInsert     |  15
 CPU    | Running       |  11
 Client | ClientRead    |   6
 Lock   | transactionid |   3
 IO     | DataFileRead  |   2
 LWLock | BufferContent |   1
 IO     | WALSync       |   1

=== 08:47:33 ===
 LWLock | WALWrite      |  76
 IO     | DataFileRead  |   5
 CPU    | Running       |   3
 Client | ClientRead    |   1
 IO     | WALWrite      |   1
 Lock   | transactionid |   1

=== 08:47:34 ===
 LWLock | WALWrite        |  28
 IPC    | XactGroupUpdate |  15
 CPU    | Running         |   7
 Lock   | transactionid   |   6
 Client | ClientRead      |   2
 IO     | WALSync         |   1
 IO     | DataFileRead    |   1

=== 08:47:35 ===
 LWLock | WALWrite             |  19
 CPU    | Running              |  10
 IO     | DataFileRead         |   9
 IPC    | ProcArrayGroupUpdate |   6
 Client | ClientRead           |   5
 Lock   | transactionid        |   3

=== 08:47:36 ===
 LWLock | WALWrite      |  55
 CPU    | Running       |  10
 Lock   | transactionid |   4
 IO     | DataFileRead  |   2
 IO     | WALSync       |   1
 Client | ClientRead    |   1
 LWLock | WALInsert     |   1

=== 08:47:37 ===
 LWLock | WALInsert       |  18
 LWLock | WALWrite        |  15
 IO     | DataFileRead    |   9
 CPU    | Running         |   6
 Client | ClientRead      |   3
 Lock   | transactionid   |   1
 IO     | WALWrite        |   1
 IPC    | XactGroupUpdate |   1

=== 08:47:38 ===
 LWLock | WALWrite      |  54
 CPU    | Running       |   7
 IO     | DataFileRead  |   6
 Lock   | transactionid |   2
 Client | ClientRead    |   1
 IO     | WALSync       |   1

=== 08:47:39 ===
 LWLock | WALWrite      |  48
 CPU    | Running       |   5
 Client | ClientRead    |   4
 IO     | DataFileRead  |   3
 Lock   | transactionid |   3
 IO     | WALSync       |   1

=== 08:47:40 ===
 LWLock | WALWrite      |  39
 CPU    | Running       |   9
 IO     | DataFileRead  |   7
 LWLock | WALInsert     |   4
 IO     | WALSync       |   1
 Client | ClientRead    |   1
 Lock   | transactionid |   1

=== 08:47:41 ===
 LWLock  | WALWrite      |  43
 LWLock  | WALInsert     |  32
 Timeout | SpinDelay     |   7
 Lock    | transactionid |   6
 CPU     | Running       |   4
 IO      | WALSync       |   1
 IO      | DataFileRead  |   1

=== 08:47:42 ===
 LWLock | WALWrite      |  59
 CPU    | Running       |   9
 Client | ClientRead    |   4
 IO     | DataFileRead  |   4
 Lock   | transactionid |   2
 IO     | WALSync       |   1

=== 08:47:43 ===
 LWLock | WALWrite      |  61
 CPU    | Running       |   5
 Lock   | transactionid |   4
 Client | ClientRead    |   2
 IO     | WALSync       |   1

=== 08:47:44 ===
 LWLock | WALWrite      |  56
 CPU    | Running       |   7
 IO     | DataFileRead  |   3
 Lock   | transactionid |   3
 Client | ClientRead    |   1
 IO     | WALSync       |   1

=== 08:47:45 ===
 LWLock | WALWrite      |  42
 CPU    | Running       |  12
 IO     | DataFileRead  |   5
 Lock   | transactionid |   4
 Client | ClientRead    |   2
 LWLock | BufferContent |   1
 LWLock | WALInsert     |   1
 IO     | WALSync       |   1

=== 08:47:46 ===
 LWLock | WALWrite             |  25
 IPC    | ProcArrayGroupUpdate |  17
 Client | ClientRead           |  10
 CPU    | Running              |   6
 IO     | DataFileRead         |   4
 Lock   | transactionid        |   2
 IO     | WALSync              |   1
 Lock   | tuple                |   1

=== 08:47:47 ===
 LWLock  | WALWrite      |  36
 CPU     | Running       |   6
 IO      | DataFileRead  |   4
 Lock    | transactionid |   3
 IO      | WALSync       |   1
 Client  | ClientRead    |   1
 Timeout | SpinDelay     |   1

=== 08:47:48 ===
 LWLock | WALWrite      |  63
 CPU    | Running       |   6
 IO     | DataFileRead  |   5
 Lock   | transactionid |   2
 Client | ClientRead    |   1
 IO     | WALSync       |   1

=== 08:47:50 ===
 LWLock | WALWrite      |  68
 CPU    | Running       |   3
 IO     | DataFileRead  |   3
 Client | ClientRead    |   2
 Lock   | transactionid |   2
 IO     | WALSync       |   1

=== 08:47:51 ===
 LWLock | WALWrite      |  62
 Lock   | transactionid |   2
 IO     | DataFileRead  |   1
 IO     | WALSync       |   1

=== 08:47:52 ===
 LWLock | WALWrite      |  51
 Client | ClientRead    |   4
 CPU    | Running       |   3
 Lock   | transactionid |   2
 IO     | WALSync       |   1

=== 08:47:53 ===
 LWLock | WALWrite      |  78
 Lock   | transactionid |   7
 CPU    | Running       |   3
 Client | ClientRead    |   3
 IO     | WALSync       |   1

=== 08:47:54 ===
 LWLock  | WALWrite      |  23
 IO      | DataFileRead  |   9
 CPU     | Running       |   8
 Lock    | transactionid |   4
 Client  | ClientRead    |   2
 IO      | WALSync       |   1
 Timeout | SpinDelay     |   1

=== 08:47:55 ===
 LWLock | WALWrite      |  41
 CPU    | Running       |   5
 IO     | DataFileRead  |   5
 Client | ClientRead    |   4
 IO     | WALSync       |   1
 Lock   | transactionid |   1

=== 08:47:56 ===
 LWLock | WALWrite     |  11
 Client | ClientRead   |   6
 CPU    | Running      |   5
 IO     | DataFileRead |   5
 IO     | WALSync      |   1

=== 08:47:57 ===
 LWLock | WALWrite      |  33
 CPU    | Running       |   6
 IO     | DataFileRead  |   4
 Lock   | transactionid |   2
 IO     | WALSync       |   1

=== 08:47:58 ===
 LWLock | WALWrite      |  48
 CPU    | Running       |   5
 Client | ClientRead    |   3
 IO     | WALSync       |   1
 Lock   | transactionid |   1

=== 08:47:59 ===
 LWLock | WALWrite             |  67
 IO     | DataFileRead         |   5
 CPU    | Running              |   5
 Lock   | transactionid        |   4
 Client | ClientRead           |   3
 IO     | WALSync              |   1
 IPC    | ProcArrayGroupUpdate |   1

=== 08:48:00 ===
 LWLock | WALWrite      |  62
 CPU    | Running       |   9
 Client | ClientRead    |   7
 IO     | DataFileRead  |   3
 IO     | WALSync       |   1
 Lock   | transactionid |   1

=== 08:48:01 ===
 LWLock | WALWrite      |  28
 LWLock | XidGen        |  14
 IO     | DataFileRead  |   7
 CPU    | Running       |   7
 Client | ClientRead    |   2
 IO     | WALSync       |   1
 Lock   | transactionid |   1

=== 08:48:02 ===
 LWLock  | WALInsert     |  47
 LWLock  | WALWrite      |  26
 CPU     | Running       |   7
 Timeout | SpinDelay     |   5
 Client  | ClientRead    |   3
 LWLock  | BufferContent |   2
 Lock    | transactionid |   2
 IO      | WALSync       |   1
 IO      | DataFileRead  |   1

=== 08:48:03 ===
 LWLock | WALWrite     |  50
 CPU    | Running      |  10
 IO     | DataFileRead |   6
 Client | ClientRead   |   2
 IO     | WALWrite     |   1

=== 08:48:04 ===
 LWLock | WALWrite      |  76
 CPU    | Running       |   6
 Client | ClientRead    |   2
 IO     | DataFileRead  |   2
 IO     | WALSync       |   1
 Lock   | transactionid |   1

=== 08:48:05 ===
 LWLock | WALWrite      |  39
 CPU    | Running       |  14
 LWLock | LockManager   |   3
 Lock   | transactionid |   3
 IO     | DataFileRead  |   1
 IO     | WALSync       |   1

=== 08:48:06 ===
 LWLock | WALWrite             |  19
 IO     | DataFileRead         |   4
 Client | ClientRead           |   4
 CPU    | Running              |   3
 Lock   | transactionid        |   3
 IPC    | ProcArrayGroupUpdate |   2
 IO     | DataFileExtend       |   1
 IO     | WALSync              |   1

=== 08:48:07 ===
 LWLock | WALWrite             |  45
 CPU    | Running              |   6
 IO     | DataFileRead         |   2
 Lock   | transactionid        |   2
 Client | ClientRead           |   2
 LWLock | ProcArray            |   1
 IPC    | ProcArrayGroupUpdate |   1
 IO     | WALSync              |   1

=== 08:48:08 ===
 LWLock | WALWrite      |  48
 CPU    | Running       |   6
 Lock   | transactionid |   3
 LWLock | WALInsert     |   3
 Client | ClientRead    |   2
 LWLock | BufferContent |   1
 IO     | DataFileRead  |   1
 IO     | WALSync       |   1

=== 08:48:09 ===
 LWLock | WALWrite      |  43
 CPU    | Running       |   7
 Lock   | transactionid |   3
 Client | ClientRead    |   2
 IO     | DataFileRead  |   2
 IO     | WALSync       |   1
 LWLock | XidGen        |   1

=== 08:48:10 ===
 LWLock | WALWrite      |  19
 CPU    | Running       |  10
 Client | ClientRead    |   5
 Lock   | transactionid |   1
 IO     | WALSync       |   1
 IO     | DataFileRead  |   1
 LWLock | LockManager   |   1

=== 08:48:11 ===
 LWLock | WALWrite      |  26
 CPU    | Running       |  10
 Lock   | transactionid |   3
 Client | ClientRead    |   2
 IO     | DataFileRead  |   1
 IO     | WALSync       |   1

=== 08:48:12 ===
 LWLock  | WALWrite      |  46
 Timeout | SpinDelay     |  13
 Lock    | transactionid |   6
 LWLock  | WALInsert     |   4
 CPU     | Running       |   2
 IO      | DataFileRead  |   2
 LWLock  | BufferContent |   1
 IO      | WALSync       |   1
 Lock    | tuple         |   1

=== 08:48:13 ===
 LWLock | WALWrite      |  80
 CPU    | Running       |   9
 Lock   | transactionid |   3
 IO     | WALSync       |   1

=== 08:48:14 ===
 LWLock | WALWrite      |  20
 CPU    | Running       |   9
 Client | ClientRead    |   3
 IO     | DataFileRead  |   2
 IO     | WALSync       |   1
 Lock   | transactionid |   1

=== 08:48:15 ===
 LWLock | WALWrite        |  52
 IPC    | XactGroupUpdate |   7
 CPU    | Running         |   7
 Client | ClientRead      |   3
 LWLock | XactSLRU        |   3
 Lock   | transactionid   |   2
 IO     | WALSync         |   1

=== 08:48:16 ===
 LWLock | WALWrite             |  48
 IPC    | ProcArrayGroupUpdate |  19
 CPU    | Running              |   6
 Lock   | transactionid        |   4
 IPC    | XactGroupUpdate      |   1
 IO     | WALSync              |   1
 LWLock | ProcArray            |   1

=== 08:48:17 ===
 LWLock | WALWrite      |  69
 LWLock | WALInsert     |   6
 CPU    | Running       |   5
 Client | ClientRead    |   3
 LWLock | BufferContent |   2
 IO     | WALSync       |   1
 Lock   | transactionid |   1

=== 08:48:19 ===
 LWLock | WALWrite      |  41
 CPU    | Running       |   7
 IO     | DataFileRead  |   2
 Lock   | transactionid |   2
 IO     | WALSync       |   1

=== 08:48:20 ===
 LWLock | WALWrite      |  46
 CPU    | Running       |   7
 Lock   | transactionid |   4
 Client | ClientRead    |   1
 IO     | WALSync       |   1

=== 08:48:21 ===
 LWLock | WALWrite      |  80
 CPU    | Running       |   2
 Client | ClientRead    |   1
 IO     | DataFileRead  |   1
 IO     | WALSync       |   1
 Lock   | transactionid |   1

