# Benchmark: [POSTGRES DISK] pgbench TPC-B - PostgreSQL OLTP

**Date:** 2026-01-04 07:48:47
**Scenario:** PostgreSQL OLTP - 100 clients, TPC-B like workload with full monitoring

---

## Target Disk

| Property | Value |
|----------|-------|
| **Name** | **POSTGRES** |
| **Mount Point** | `/data,/wal` |
| **Device** | `/dev/md0,/dev/md1` |
| **Volumes** | `nvme1n1, nvme2n1, nvme3n1, nvme4n1, nvme5n1, nvme6n1, nvme7n1, nvme8n1, nvme9n1, nvme10n1, nvme11n1, nvme12n1, nvme13n1, nvme14n1, nvme15n1, nvme16n1, md0, md1` |

---

## System Configuration

```
=== INSTANCE ===

Linux ip-10-0-1-171 6.14.0-1018-aws #18~24.04.1-Ubuntu SMP Mon Nov 24 19:32:52 UTC 2025 aarch64 aarch64 aarch64 GNU/Linux
Architecture:                            aarch64
CPU(s):                                  32
Model name:                              Neoverse-V2
total        used        free      shared  buff/cache   available
Mem:            61Gi       1.3Gi        41Gi       159Mi        19Gi        60Gi
Swap:             0B          0B          0B

=== OS TUNING ===
vm.swappiness = 1
vm.dirty_ratio = 4
vm.dirty_background_ratio = 1
vm.dirty_expire_centisecs = 200
vm.dirty_writeback_centisecs = 100
always madvise [never]

=== NETWORK ===
net.core.somaxconn = 4096
net.core.rmem_max = 16777216
net.core.wmem_max = 16777216
net.ipv4.tcp_tw_reuse = 1
net.ipv4.tcp_fin_timeout = 15

=== DISK - RAID ===
Personalities : [raid10] 
md1 : active raid10 nvme9n1[6] nvme13n1[2] nvme15n1[1] nvme11n1[7] nvme14n1[4] nvme12n1[0] nvme10n1[3] nvme16n1[5]
      125759488 blocks super 1.2 256K chunks 2 near-copies [8/8] [UUUUUUUU]
      
md0 : active raid10 nvme0n1[4] nvme4n1[6] nvme7n1[2] nvme6n1[3] nvme3n1[5] nvme2n1[7] nvme8n1[0] nvme5n1[1]
      209580032 blocks super 1.2 64K chunks 2 near-copies [8/8] [UUUUUUUU]
      
unused devices: <none>
/dev/md0:
           Version : 1.2
     Creation Time : Sat Jan  3 08:26:08 2026
        Raid Level : raid10
        Array Size : 209580032 (199.87 GiB 214.61 GB)
     Used Dev Size : 52395008 (49.97 GiB 53.65 GB)
      Raid Devices : 8
     Total Devices : 8
       Persistence : Superblock is persistent

       Update Time : Sun Jan  4 07:47:33 2026
             State : clean 
    Active Devices : 8
   Working Devices : 8
    Failed Devices : 0
     Spare Devices : 0

            Layout : near=2
        Chunk Size : 64K

Consistency Policy : resync

              Name : ip-10-0-1-227:0
              UUID : ec94b08e:1ec1acd2:a24076ab:c0b61faa
            Events : 292

    Number   Major   Minor   RaidDevice State
       0     259        8        0      active sync set-A   /dev/nvme8n1
       1     259        2        1      active sync set-B   /dev/nvme5n1
       2     259        7        2      active sync set-A   /dev/nvme7n1
       3     259        6        3      active sync set-B   /dev/nvme6n1
       4     259        3        4      active sync set-A   /dev/nvme0n1
       5     259        5        5      active sync set-B   /dev/nvme3n1
       6     259        1        6      active sync set-A   /dev/nvme4n1
       7     259        4        7      active sync set-B   /dev/nvme2n1
/dev/md1:
           Version : 1.2
     Creation Time : Sat Jan  3 08:26:08 2026
        Raid Level : raid10
        Array Size : 125759488 (119.93 GiB 128.78 GB)
     Used Dev Size : 31439872 (29.98 GiB 32.19 GB)
      Raid Devices : 8
     Total Devices : 8
       Persistence : Superblock is persistent

       Update Time : Sun Jan  4 07:47:41 2026
             State : clean 
    Active Devices : 8
   Working Devices : 8
    Failed Devices : 0
     Spare Devices : 0

            Layout : near=2
        Chunk Size : 256K

Consistency Policy : resync

              Name : ip-10-0-1-227:1
              UUID : 4920b43f:4424608d:2e163255:f781c5ec
            Events : 19

    Number   Major   Minor   RaidDevice State
       0     259       12        0      active sync set-A   /dev/nvme12n1
       1     259       18        1      active sync set-B   /dev/nvme15n1
       2     259       15        2      active sync set-A   /dev/nvme13n1
       3     259       14        3      active sync set-B   /dev/nvme10n1
       4     259       17        4      active sync set-A   /dev/nvme14n1
       5     259       19        5      active sync set-B   /dev/nvme16n1
       6     259       16        6      active sync set-A   /dev/nvme9n1
       7     259       13        7      active sync set-B   /dev/nvme11n1

=== DISK - BLOCK TUNING ===
--- md0 ---
scheduler: 
read_ahead_kb: 512
nr_requests: 
--- md1 ---
scheduler: 
read_ahead_kb: 4096
nr_requests: 

=== DISK - MOUNT ===
/dev/md1 on /wal type xfs (rw,noatime,nodiratime,attr2,inode64,logbufs=8,logbsize=256k,sunit=512,swidth=2048,noquota)
/dev/md0 on /data type xfs (rw,noatime,nodiratime,attr2,inode64,allocsize=65536k,logbufs=8,logbsize=256k,sunit=128,swidth=512,noquota)
Filesystem      Size  Used Avail Use% Mounted on
/dev/md0        200G   40G  161G  20% /data
/dev/md1        120G   21G  100G  18% /wal

=== DISK - XFS ===
meta-data=/dev/md0               isize=512    agcount=16, agsize=3274688 blks
         =                       sectsz=4096  attr=2, projid32bit=1
         =                       crc=1        finobt=1, sparse=1, rmapbt=1
         =                       reflink=1    bigtime=1 inobtcount=1 nrext64=0
data     =                       bsize=4096   blocks=52395008, imaxpct=25
         =                       sunit=16     swidth=64 blks
naming   =version 2              bsize=4096   ascii-ci=0, ftype=1
log      =internal log           bsize=4096   blocks=25583, version=2
         =                       sectsz=4096  sunit=1 blks, lazy-count=1
realtime =none                   extsz=4096   blocks=0, rtextents=0
meta-data=/dev/md1               isize=512    agcount=8, agsize=3929984 blks
         =                       sectsz=4096  attr=2, projid32bit=1
         =                       crc=1        finobt=1, sparse=1, rmapbt=1
         =                       reflink=1    bigtime=1 inobtcount=1 nrext64=0
data     =                       bsize=4096   blocks=31439872, imaxpct=25
         =                       sunit=64     swidth=256 blks
naming   =version 2              bsize=4096   ascii-ci=0, ftype=1
log      =internal log           bsize=4096   blocks=16384, version=2
         =                       sectsz=4096  sunit=1 blks, lazy-count=1
realtime =none                   extsz=4096   blocks=0, rtextents=0
```

---

## Command 1: Begin:sysctl_swappiness

### Command
```bash
sysctl -w vm.swappiness=1
```

### Output
```
vm.swappiness = 1

```

---

## Command 2: Begin:sysctl_dirty_background

### Command
```bash
sysctl -w vm.dirty_background_ratio=1
```

### Output
```
vm.dirty_background_ratio = 1

```

---

## Command 3: Begin:sysctl_dirty_ratio

### Command
```bash
sysctl -w vm.dirty_ratio=4
```

### Output
```
vm.dirty_ratio = 4

```

---

## Command 4: Begin:sysctl_dirty_expire

### Command
```bash
sysctl -w vm.dirty_expire_centisecs=200
```

### Output
```
vm.dirty_expire_centisecs = 200

```

---

## Command 5: Begin:sysctl_dirty_writeback

### Command
```bash
sysctl -w vm.dirty_writeback_centisecs=100
```

### Output
```
vm.dirty_writeback_centisecs = 100

```

---

## Command 6: Begin:pg_stat_reset

### Command
```bash
sudo -u postgres psql -c 'SELECT pg_stat_reset(); SELECT pg_stat_reset_shared('"'"'bgwriter'"'"');'
```

### Output
```
 pg_stat_reset 
---------------
 
(1 row)

 pg_stat_reset_shared 
----------------------
 
(1 row)


```

---

## Command 7: pgbench

### Command
```bash
sudo -u postgres pgbench -c 100 -j 6 -T 60 -P 5 -b tpcb-like pgbench
```

### Output
```
pgbench (16.11 (Ubuntu 16.11-1.pgdg24.04+1))
transaction type: <builtin: TPC-B (sort of)>
scaling factor: 1250
query mode: simple
number of clients: 100
number of threads: 6
maximum number of tries: 1
duration: 60 s
number of transactions actually processed: 1448959
number of failed transactions: 0 (0.000%)
latency average = 4.131 ms
latency stddev = 3.176 ms
initial connection time = 41.388 ms
tps = 24156.094061 (without initial connection time)
starting vacuum...end.
progress: 5.0 s, 28991.8 tps, lat 3.411 ms stddev 0.701, 0 failed
progress: 10.0 s, 29635.7 tps, lat 3.366 ms stddev 0.649, 0 failed
progress: 15.0 s, 30301.2 tps, lat 3.293 ms stddev 0.746, 0 failed
progress: 20.0 s, 30849.9 tps, lat 3.234 ms stddev 0.868, 0 failed
progress: 25.0 s, 31093.4 tps, lat 3.209 ms stddev 1.255, 0 failed
progress: 30.0 s, 26972.8 tps, lat 3.700 ms stddev 5.081, 0 failed
progress: 35.0 s, 20550.5 tps, lat 4.858 ms stddev 4.815, 0 failed
progress: 40.0 s, 18118.9 tps, lat 5.512 ms stddev 3.549, 0 failed
progress: 45.0 s, 17022.9 tps, lat 5.864 ms stddev 3.777, 0 failed
progress: 50.0 s, 20155.1 tps, lat 4.957 ms stddev 3.756, 0 failed
progress: 55.0 s, 18727.2 tps, lat 5.332 ms stddev 3.448, 0 failed
progress: 60.0 s, 17352.4 tps, lat 5.758 ms stddev 4.561, 0 failed

```

---

## Command 8: meminfo

### Command
```bash
bash -c 'for i in $(seq 1 70); do date '"'"'+%H:%M:%S'"'"'; grep -E '"'"'Dirty|Writeback'"'"' /proc/meminfo; echo '"'"'---'"'"'; sleep 1; done'
```

### Output
```
07:47:42
Dirty:               312 kB
Writeback:             0 kB
WritebackTmp:          0 kB
---
07:47:43
Dirty:               496 kB
Writeback:             0 kB
WritebackTmp:          0 kB
---
07:47:44
Dirty:               244 kB
Writeback:           208 kB
WritebackTmp:          0 kB
---
07:47:45
Dirty:               684 kB
Writeback:            56 kB
WritebackTmp:          0 kB
---
07:47:46
Dirty:               800 kB
Writeback:             0 kB
WritebackTmp:          0 kB
---
07:47:47
Dirty:               140 kB
Writeback:            72 kB
WritebackTmp:          0 kB
---
07:47:48
Dirty:               380 kB
Writeback:           120 kB
WritebackTmp:          0 kB
---
07:47:49
Dirty:               340 kB
Writeback:           120 kB
WritebackTmp:          0 kB
---
07:47:50
Dirty:               312 kB
Writeback:           112 kB
WritebackTmp:          0 kB
---
07:47:51
Dirty:               532 kB
Writeback:            72 kB
WritebackTmp:          0 kB
---
07:47:52
Dirty:               264 kB
Writeback:           104 kB
WritebackTmp:          0 kB
---
07:47:53
Dirty:               424 kB
Writeback:           136 kB
WritebackTmp:          0 kB
---
07:47:54
Dirty:               228 kB
Writeback:            80 kB
WritebackTmp:          0 kB
---
07:47:55
Dirty:               460 kB
Writeback:            88 kB
WritebackTmp:          0 kB
---
07:47:56
Dirty:               716 kB
Writeback:          1492 kB
WritebackTmp:          0 kB
---
07:47:57
Dirty:            130872 kB
Writeback:           936 kB
WritebackTmp:          0 kB
---
07:47:58
Dirty:            276340 kB
Writeback:          1052 kB
WritebackTmp:          0 kB
---
07:47:59
Dirty:            420644 kB
Writeback:           668 kB
WritebackTmp:          0 kB
---
07:48:00
Dirty:            569696 kB
Writeback:           900 kB
WritebackTmp:          0 kB
---
07:48:01
Dirty:            719500 kB
Writeback:           936 kB
WritebackTmp:          0 kB
---
07:48:02
Dirty:            873928 kB
Writeback:          1180 kB
WritebackTmp:          0 kB
---
07:48:03
Dirty:           1029660 kB
Writeback:           740 kB
WritebackTmp:          0 kB
---
07:48:04
Dirty:           1187924 kB
Writeback:           772 kB
WritebackTmp:          0 kB
---
07:48:05
Dirty:           1295724 kB
Writeback:           956 kB
WritebackTmp:          0 kB
---
07:48:06
Dirty:           1397852 kB
Writeback:           892 kB
WritebackTmp:          0 kB
---
07:48:07
Dirty:           1519632 kB
Writeback:           820 kB
WritebackTmp:          0 kB
---
07:48:08
Dirty:           1665960 kB
Writeback:          1684 kB
WritebackTmp:          0 kB
---
07:48:09
Dirty:           1816148 kB
Writeback:          1244 kB
WritebackTmp:          0 kB
---
07:48:10
Dirty:           1958744 kB
Writeback:          1476 kB
WritebackTmp:          0 kB
---
07:48:11
Dirty:           2106076 kB
Writeback:          1676 kB
WritebackTmp:          0 kB
---
07:48:13
Dirty:           2245528 kB
Writeback:          1284 kB
WritebackTmp:          0 kB
---
07:48:14
Dirty:           2332528 kB
Writeback:          1040 kB
WritebackTmp:          0 kB
---
07:48:15
Dirty:           2303824 kB
Writeback:          1276 kB
WritebackTmp:          0 kB
---
07:48:16
Dirty:           2305800 kB
Writeback:          1284 kB
WritebackTmp:          0 kB
---
07:48:17
Dirty:           2327816 kB
Writeback:          1700 kB
WritebackTmp:          0 kB
---
07:48:18
Dirty:           2327924 kB
Writeback:          1304 kB
WritebackTmp:          0 kB
---
07:48:19
Dirty:           2327780 kB
Writeback:          1092 kB
WritebackTmp:          0 kB
---
07:48:20
Dirty:           2327056 kB
Writeback:          1240 kB
WritebackTmp:          0 kB
---
07:48:21
Dirty:           2326952 kB
Writeback:           932 kB
WritebackTmp:          0 kB
---
07:48:22
Dirty:           2326060 kB
Writeback:           880 kB
WritebackTmp:          0 kB
---
07:48:23
Dirty:           2324344 kB
Writeback:          1044 kB
WritebackTmp:          0 kB
---
07:48:24
Dirty:           2322384 kB
Writeback:          1604 kB
WritebackTmp:          0 kB
---
07:48:25
Dirty:           2321588 kB
Writeback:          1232 kB
WritebackTmp:          0 kB
---
07:48:26
Dirty:           2322576 kB
Writeback:          1148 kB
WritebackTmp:          0 kB
---
07:48:27
Dirty:           2319152 kB
Writeback:          1448 kB
WritebackTmp:          0 kB
---
07:48:28
Dirty:           2320276 kB
Writeback:          1020 kB
WritebackTmp:          0 kB
---
07:48:29
Dirty:           2320048 kB
Writeback:          1796 kB
WritebackTmp:          0 kB
---
07:48:30
Dirty:           2318616 kB
Writeback:          1292 kB
WritebackTmp:          0 kB
---
07:48:31
Dirty:           2318848 kB
Writeback:          1388 kB
WritebackTmp:          0 kB
---
07:48:32
Dirty:           2317684 kB
Writeback:          1124 kB
WritebackTmp:          0 kB
---
07:48:33
Dirty:           2317300 kB
Writeback:           956 kB
WritebackTmp:          0 kB
---
07:48:34
Dirty:           2314668 kB
Writeback:          2056 kB
WritebackTmp:          0 kB
---
07:48:35
Dirty:           2314380 kB
Writeback:          1492 kB
WritebackTmp:          0 kB
---
07:48:36
Dirty:           2313524 kB
Writeback:          1676 kB
WritebackTmp:          0 kB
---
07:48:37
Dirty:           2313020 kB
Writeback:          1252 kB
WritebackTmp:          0 kB
---
07:48:38
Dirty:           2311728 kB
Writeback:          1620 kB
WritebackTmp:          0 kB
---
07:48:39
Dirty:           2311560 kB
Writeback:          1020 kB
WritebackTmp:          0 kB
---
07:48:40
Dirty:           2310612 kB
Writeback:          1620 kB
WritebackTmp:          0 kB
---
07:48:41
Dirty:           2310236 kB
Writeback:          1420 kB
WritebackTmp:          0 kB
---
07:48:42
Dirty:           2308588 kB
Writeback:          1164 kB
WritebackTmp:          0 kB
---
07:48:43
Dirty:           2306888 kB
Writeback:          1596 kB
WritebackTmp:          0 kB
---
07:48:44
Dirty:           2306512 kB
Writeback:          1544 kB
WritebackTmp:          0 kB
---
07:48:45
Dirty:           2288732 kB
Writeback:          2172 kB
WritebackTmp:          0 kB
---
07:48:46
Dirty:           2186104 kB
Writeback:          3752 kB
WritebackTmp:          0 kB
---

```

---

## Command 9: dstat

### Command
```bash
dstat -tcmdr --disk-util 1 70
```

### Output
```
----system---- ----total-usage---- ------memory-usage----- -dsk/total- --io/total- nvme nvme nvme nvme nvme nvme nvme nvme nvme nvme nvme nvme nvme nvme nvme nvme nvme
     time     |usr sys idl wai stl| used  free  buf   cach| read  writ| read  writ|util:util:util:util:util:util:util:util:util:util:util:util:util:util:util:util:util
04-01 07:47:42|                   | 697M   42G   45M   19G|           |           |    :    :    :    :    :    :    :    :    :    :    :    :    :    :    :    :    
04-01 07:47:43|  0   0 100   0   0| 699M   42G   45M   19G|   0   120k|   0  2.00 |   0:0.30:   0:   0:   0:   0:   0:   0:   0:   0:   0:   0:   0:   0:   0:   0:   0
04-01 07:47:44|  0   0 100   0   0| 733M   42G   45M   19G|   0   364k|   0  29.0 |   0:0.30:   0:   0:   0:   0:   0:   0:   0:0.10:0.30:0.10:0.10:0.30:0.10:0.10:0.10
04-01 07:47:45| 20  14  61   2   0|1384M   41G   45M   20G|   0    85M|   0  1540 |   0:0.30:0.20:0.10:0.20:0.10:   0:   0:   0:24.9:24.9:25.0:24.4:24.9:24.1:24.4:24.0
04-01 07:47:46| 21  13  60   2   0|1896M   41G   45M   20G|   0    87M|   0  1534 |   0:   0:   0:   0:   0:   0:   0:   0:   0:26.1:24.9:25.8:25.8:25.1:26.1:25.8:26.0
04-01 07:47:47| 21  13  60   2   0|2380M   40G   45M   20G|   0    88M|   0  1619 |0.50:0.10:0.40:0.50:0.40:0.20:0.30:0.20:0.20:25.7:26.4:25.8:25.5:26.3:24.7:25.8:25.0
04-01 07:47:48| 22  13  60   2   0|2852M   40G   45M   21G|   0    87M|   0  1617 |0.10:   0:0.20:0.10:0.20:   0:0.10:0.10:   0:25.8:25.7:25.9:26.7:25.5:27.1:26.7:27.0
04-01 07:47:49| 21  13  60   2   0|3301M   39G   45M   21G|   0    86M|   0  1582 |0.10:0.10:0.10:0.10:0.10:0.20:0.10:0.20:0.30:25.8:26.1:25.8:25.3:25.9:25.6:25.6:25.6
04-01 07:47:50| 21  13  60   2   0|3731M   39G   45M   22G|   0    86M|   0  1581 |0.10:   0:0.40:0.30:0.20:0.40:0.10:0.20:0.20:24.9:25.6:25.0:26.2:26.1:25.0:26.1:25.0
04-01 07:47:51| 21  13  61   2   0|4142M   38G   45M   22G|   0    84M|   0  1548 |   0:   0:   0:   0:   0:   0:   0:   0:   0:25.8:26.5:25.3:25.5:26.4:25.2:25.5:25.4
04-01 07:47:52| 21  13  61   2   0|4542M   38G   45M   22G|   0    85M|   0  1615 |0.40:0.10:0.20:0.40:0.20:0.40:0.30:0.30:0.40:25.4:25.7:25.3:26.6:25.9:25.3:26.5:25.2
04-01 07:47:53| 21  13  61   2   0|4924M   38G   45M   23G|   0    83M|   0  1546 |   0:   0:   0:   0:   0:   0:   0:   0:   0:24.8:25.7:24.1:26.2:25.4:26.3:26.4:26.5
04-01 07:47:54| 20  12  61   2   0|5294M   37G   45M   23G|   0    84M|   0  1610 |0.20:0.10:0.30:0.20:0.40:0.20:0.20:0.30:0.30:24.5:25.6:24.8:25.6:26.0:25.0:25.3:24.8
04-01 07:47:55| 20  12  61   2   0|5651M   37G   45M   23G|   0    83M|   0  1627 |0.20:   0:0.30:0.20:0.20:0.20:0.30:0.20:0.20:26.2:25.3:26.3:24.8:25.4:26.2:25.3:26.2
04-01 07:47:56| 23  12  58   2   0|5736M   37G   45M   23G|   0   422M|   0  45.1k|67.2:0.10:25.4:67.2:25.9:67.0:54.7:52.3:67.1:25.9:26.2:26.1:24.0:26.3:25.2:24.1:24.8
04-01 07:47:57| 21  13  58   3   0|5747M   37G   45M   23G|   0   270M|   0  25.4k| 100:0.10:39.0: 100:39.2:98.8:17.5:19.1:98.9:25.2:25.3:25.4:26.2:25.5:25.2:26.2:24.9
04-01 07:47:58| 22  13  58   3   0|5759M   37G   45M   24G|   0   267M|   0  25.1k| 100:0.10:23.0: 100:23.1:23.8:22.9:22.8:23.4:26.4:25.5:26.0:25.0:25.6:24.9:25.2:25.3
04-01 07:47:59| 22  14  55   5   0|5768M   36G   45M   24G|   0   271M|   0  25.4k| 100:   0:79.9: 100:80.0:77.9:77.7:78.2:75.6:25.0:26.0:25.2:25.8:26.6:24.9:25.3:24.6
04-01 07:48:00| 21  13  56   5   0|5775M   36G   45M   24G|   0   274M|   0  25.9k| 100:0.10:78.2: 100:78.3:78.4:78.4:78.1:78.4:23.9:25.1:23.9:25.9:24.8:25.3:26.1:24.8
04-01 07:48:01| 22  14  55   5   0|5782M   36G   45M   24G|   0   276M|   0  26.0k| 100:0.10:77.8: 100:77.6:77.4:78.8:78.4:77.2:25.6:25.8:25.1:24.9:25.6:24.8:25.2:25.0
04-01 07:48:02| 21  14  56   5   0|5787M   36G   45M   24G|   0   276M|   0  25.7k| 100:0.10:78.5: 100:78.9:78.5:96.1:96.0:78.4:26.1:25.6:24.8:25.0:25.8:26.0:25.2:25.6
04-01 07:48:03| 21  14  56   5   0|5795M   36G   45M   24G|   0   274M|   0  25.5k| 100:0.10:78.5: 100:78.2:81.3:89.1:89.1:81.6:26.0:25.3:26.0:24.0:25.5:24.7:23.5:24.7
04-01 07:48:04| 22  14  55   5   0|5799M   36G   45M   24G|   0   274M|   0  25.5k| 100:0.10:77.4: 100:76.7:88.9:78.1:77.8:89.4:25.4:25.8:25.1:25.6:25.9:24.9:25.8:25.1
04-01 07:48:05| 23  14  55   5   0|5815M   36G   45M   24G|   0   276M|   0  25.6k| 100:0.20:78.6: 100:78.7:79.3:79.8:79.2:78.6:24.8:25.1:24.8:25.0:25.2:26.0:25.1:26.4
04-01 07:48:06| 22  13  55   5   0|5817M   36G   45M   24G|   0   274M|   0  25.4k| 100:0.10:78.3: 100:78.9:78.1:79.8:79.3:74.3:25.4:25.2:24.9:24.6:25.2:25.0:24.5:25.5
04-01 07:48:07| 21  14  56   5   0|5828M   36G   45M   24G|   0   277M|   0  25.9k| 100:0.10:76.2: 100:76.4:78.0:76.7:78.0:78.5:23.9:25.9:23.8:24.7:25.7:25.2:25.1:25.4
04-01 07:48:08| 20  13  55   5   0|5838M   36G   45M   24G|   0   281M|   0  25.6k| 100:0.10:19.1: 100:18.2:17.9:20.2:19.2:18.3:23.4:24.1:23.6:23.6:24.1:25.2:23.8:25.0
04-01 07:48:09| 20  12  55   5   0|5848M   36G   45M   24G|   0   284M|   0  25.8k| 100:0.20:14.9: 100:15.5:17.5:14.5:14.9:16.8:26.0:23.9:25.8:25.0:24.0:24.2:25.0:23.9
04-01 07:48:10| 23  14  55   5   0|5854M   36G   45M   24G|   0   282M|   0  25.3k| 100:0.10:15.6: 100:15.9:16.0:15.7:17.3:16.4:24.8:24.5:24.9:24.7:24.4:23.6:24.2:24.2
04-01 07:48:11| 21  13  56   6   0|5861M   36G   45M   24G|   0   287M|   0  25.9k| 100:0.10:15.1: 100:14.8:15.7:17.6:16.2:16.7:23.8:24.9:23.7:25.1:24.8:25.7:25.2:25.6
04-01 07:48:12| 22  13  56   5   0|5869M   36G   45M   24G|   0   284M|   0  25.7k| 100:   0:16.1: 100:17.2:16.1:15.1:15.0:18.0:25.4:24.8:25.5:24.2:24.5:25.3:24.2:25.2
04-01 07:48:13| 17  11  60   7   0|5881M   36G   45M   24G|   0   275M|   0  25.2k| 100:0.30:17.3: 100:16.8:15.6:16.3:18.3:15.8:21.5:21.7:21.3:20.7:21.7:21.3:20.7:21.3
04-01 07:48:14|  8   6  68  13   0|5874M   36G   45M   24G|   0   282M|   0  25.5k| 100:0.20:20.9: 100:21.0:20.3:19.8:20.5:20.6:12.7:14.4:12.1:16.0:14.9:14.5:16.1:14.6
04-01 07:48:15| 21  12  55   6   0|5887M   36G   45M   24G|   0   298M|   0  25.9k| 100:0.10:18.0: 100:17.3:17.0:17.2:19.0:17.2:23.8:24.8:24.2:24.3:24.3:24.6:24.2:24.9
04-01 07:48:16| 11   7  65  10   0|5879M   36G   45M   24G|   0   272M|   0  25.2k| 100:0.20:16.9: 100:17.7:16.9:16.3:16.6:16.5:16.6:16.9:16.4:16.1:17.0:17.6:16.0:18.1
04-01 07:48:17|  8   6  65  13   0|5882M   36G   45M   24G|   0   264M|   0  25.7k| 100:   0:16.6: 100:16.4:15.4:16.2:15.9:15.7:14.2:14.9:14.5:14.2:15.0:15.0:18.2:15.4
04-01 07:48:18|  7   5  63  16   0|5876M   36G   45M   24G|8192B  258M|2.00  25.2k| 100:0.20:16.2: 100:15.8:16.6:15.9:16.4:16.4:15.4:14.3:15.2:15.0:14.8:15.2:14.8:15.0
04-01 07:48:19|  6   5  59  19   0|5879M   36G   45M   24G|   0   269M|   0  26.1k| 100:0.20:16.6: 100:16.1:16.1:16.0:16.3:16.3:16.7:18.2:16.5:17.6:18.3:18.2:17.7:18.4
04-01 07:48:20|  7   5  56  20   0|5875M   36G   45M   24G|   0   288M|   0  27.7k| 100:   0:17.5: 100:16.2:17.3:17.9:17.8:17.5:20.5:18.7:20.2:19.5:18.8:19.3:19.0:19.5
04-01 07:48:21|  8   6  54  21   0|5872M   36G   45M   24G|   0   293M|   0  27.9k| 100:0.10:18.9: 100:18.1:17.9:16.8:17.9:17.9:20.8:20.9:21.0:21.1:21.1:20.0:21.3:20.1
04-01 07:48:22|  6   5  52  25   0|5857M   36G   45M   24G|   0   299M|   0  28.8k| 100:0.10:17.6:73.3:17.8:18.0:16.8:17.3:18.5:21.4:20.1:21.2:23.1:20.0:21.6:23.1:22.3
04-01 07:48:23|  6   5  52  24   0|5858M   36G   45M   24G|   0   300M|   0  28.7k| 100:0.10:41.2:55.8:51.3:51.6:45.5:50.3:51.9:22.0:21.7:22.1:22.6:22.1:22.4:22.1:22.7
04-01 07:48:24|  5   4  52  26   0|5842M   36G   45M   24G|   0   291M|   0  27.9k| 100:0.10:15.8:18.8:16.1:16.2:16.2:17.5:17.0:21.2:22.6:21.3:22.0:22.8:21.1:21.8:21.0
04-01 07:48:25|  4   4  52  26   0|5829M   36G   45M   24G|   0   288M|   0  27.9k| 100:0.20:17.6:17.3:16.6:17.3:17.5:17.6:17.2:22.1:20.1:22.2:22.1:20.6:29.6:22.3:21.5
04-01 07:48:26|  5   4  52  26   0|5833M   36G   45M   24G|   0   290M|   0  28.1k| 100:0.10:15.5:17.8:16.3:16.2:15.4:16.5:16.0:22.3:20.4:22.5:21.9:19.9:20.7:21.5:21.3
04-01 07:48:27|  5   4  53  24   0|5844M   36G   45M   24G|   0   308M|   0  28.8k| 100:0.30:17.4:18.4:17.7:17.8:17.3:17.7:18.1:22.9:22.3:22.3:21.2:22.4:23.1:20.8:23.3
04-01 07:48:28|  6   4  53  24   0|5841M   36G   45M   24G|   0   300M|   0  28.1k| 100:0.20:17.9:17.1:17.3:16.9:16.2:16.8:17.1:20.6:22.7:20.1:23.2:23.3:20.8:23.0:20.7
04-01 07:48:29|  5   4  53  25   0|5841M   36G   45M   24G|   0   292M|   0  28.0k| 100:0.20:16.9:17.4:17.2:16.9:16.9:16.7:17.2:22.4:20.9:23.0:22.5:20.4:23.4:22.7:23.0
04-01 07:48:30|  8   6  52  21   0|5834M   36G   45M   24G|   0   300M|   0  28.0k| 100:0.10:15.8:17.7:16.3:16.6:17.1:17.9:17.1:20.7:24.6:20.9:22.3:24.1:23.8:22.4:23.4
04-01 07:48:31|  9   6  53  19   0|5842M   36G   45M   24G|   0   280M|   0  27.2k| 100:0.20:15.3:16.3:14.8:15.1:15.4:16.1:15.2:22.0:21.1:22.0:22.2:21.3:22.1:22.4:22.6
04-01 07:48:32|  5   5  53  23   0|5839M   36G   45M   24G|   0   289M|   0  27.7k| 100:0.10:19.4:20.6:19.4:19.3:19.7:19.2:19.6:24.4:21.2:24.1:20.9:20.4:21.0:20.8:20.4
04-01 07:48:33|  7   5  53  22   0|5847M   36G   45M   24G|   0   307M|   0  28.1k| 100:0.10:16.3:16.9:16.9:17.1:16.5:17.4:17.3:20.6:21.9:20.9:22.6:21.9:21.6:22.7:21.3
04-01 07:48:34|  7   6  54  21   0|5846M   36G   45M   24G|   0   318M|   0  28.8k| 100:0.10:16.9:17.8:16.7:16.7:16.7:17.2:16.7:21.5:22.9:22.1:21.5:23.1:23.4:20.9:23.9
04-01 07:48:35|  7   5  53  22   0|5838M   35G   45M   24G|   0   318M|   0  29.1k| 100:0.10:18.3:19.5:18.9:18.0:17.9:17.8:18.2:23.1:22.9:23.1:21.5:22.9:21.7:22.0:21.1
04-01 07:48:36|  7   5  53  21   0|5841M   35G   45M   24G|   0   319M|   0  29.3k| 100:0.40:18.4:18.6:17.4:18.0:17.7:17.6:18.2:22.1:22.5:22.6:22.6:22.4:20.9:22.7:21.1
04-01 07:48:37|  6   5  52  24   0|5846M   35G   45M   25G|   0   299M|   0  28.1k| 100:   0:17.6:17.2:17.3:17.0:17.7:17.4:17.9:23.0:22.7:22.7:21.6:22.7:22.6:21.9:22.4
04-01 07:48:38|  6   5  54  22   0|5847M   35G   45M   25G|   0   303M|   0  28.3k| 100:0.20:17.5:18.4:17.9:17.6:17.3:17.5:18.6:21.0:21.7:21.0:23.0:21.4:21.3:23.1:21.5
04-01 07:48:39|  5   4  52  26   0|5854M   35G   45M   25G|   0   285M|   0  27.5k| 100:0.10:17.4:17.6:17.1:17.2:17.2:17.2:17.7:20.7:21.3:20.8:22.2:21.3:21.5:22.1:22.0
04-01 07:48:40|  6   5  54  23   0|5841M   35G   45M   25G|   0   311M|   0  28.7k| 100:0.20:17.7:19.1:17.0:17.2:17.1:17.4:17.5:20.1:22.0:20.1:23.5:22.3:22.2:23.9:22.0
04-01 07:48:41|  5   4  52  25   0|5843M   35G   45M   25G|   0   300M|   0  28.5k| 100:0.10:16.9:18.2:15.8:16.4:17.0:16.9:16.6:22.7:22.3:22.6:20.9:22.0:23.8:20.8:24.1
04-01 07:48:42|  4   3  53  27   0|5839M   35G   45M   25G|   0   277M|   0  27.3k| 100:0.10:17.0:18.0:16.9:18.2:17.2:16.5:18.3:22.6:21.6:22.9:29.1:21.4:21.5:24.2:21.2
04-01 07:48:43|  6   4  54  23   0|5847M   35G   45M   25G|   0   309M|   0  28.7k| 100:0.40:18.8:18.5:18.4:18.4:18.1:18.0:18.8:22.2:20.9:21.9:23.5:21.2:21.5:23.0:21.4
04-01 07:48:44|  6   6  52  24   0|5820M   35G   45M   25G|   0   298M|   0  28.4k| 100:0.20:17.0:17.2:17.2:16.9:16.7:17.0:17.2:23.7:21.9:23.4:21.7:21.9:21.1:21.7:21.3
04-01 07:48:45|  0  10  84   5   0|4752M   36G   45M   25G|   0   229M|   0  24.7k| 100:0.30:49.5:54.6:49.7:50.3:47.1:50.7:50.3:   0:0.30:   0:   0:0.20:   0:   0:   0
04-01 07:48:46|  0   0  94   6   0|4761M   36G   45M   25G|   0   219M|   0  24.1k| 100:   0:15.5:14.4:14.7:14.6:15.0:14.8:15.2:   0:   0:   0:   0:   0:   0:   0:   0

```

---

## Command 10: mpstat

### Command
```bash
mpstat -P ALL 1 70
```

### Output
```
Linux 6.14.0-1018-aws (ip-10-0-1-171) 	01/04/26 	_aarch64_	(32 CPU)

07:47:42     CPU    %usr   %nice    %sys %iowait    %irq   %soft  %steal  %guest  %gnice   %idle
07:47:43     all    0.19    0.00    0.09    0.03    0.00    0.00    0.00    0.00    0.00   99.69
07:47:43       0    0.00    0.00    0.00    0.00    0.00    0.00    0.00    0.00    0.00  100.00
07:47:43       1    0.00    0.00    0.00    0.00    0.00    0.00    0.00    0.00    0.00  100.00
07:47:43       2    0.00    0.00    0.00    0.00    0.00    0.00    0.00    0.00    0.00  100.00
07:47:43       3    1.96    0.00    0.98    0.00    0.00    0.00    0.00    0.00    0.00   97.06
07:47:43       4    0.00    0.00    0.00    0.00    0.00    0.00    0.00    0.00    0.00  100.00
07:47:43       5    0.00    0.00    0.00    0.00    0.00    0.00    0.00    0.00    0.00  100.00
07:47:43       6    4.04    0.00    0.00    0.00    0.00    0.00    0.00    0.00    0.00   95.96
07:47:43       7    0.00    0.00    0.00    0.00    0.00    0.00    0.00    0.00    0.00  100.00
07:47:43       8    0.00    0.00    0.00    0.00    0.00    0.00    0.00    0.00    0.00  100.00
07:47:43       9    0.00    0.00    0.00    0.00    0.00    0.00    0.00    0.00    0.00  100.00
07:47:43      10    0.00    0.00    0.00    0.00    0.00    0.00    0.00    0.00    0.00  100.00
07:47:43      11    0.00    0.00    0.00    0.00    0.00    0.00    0.00    0.00    0.00  100.00
07:47:43      12    0.00    0.00    0.00    0.00    0.00    0.00    0.00    0.00    0.00  100.00
07:47:43      13    0.00    0.00    0.00    0.00    0.00    0.00    0.00    0.00    0.00  100.00
07:47:43      14    0.00    0.00    0.00    0.00    0.00    0.00    0.00    0.00    0.00  100.00
07:47:43      15    0.00    0.00    0.99    0.00    0.00    0.00    0.00    0.00    0.00   99.01
07:47:43      16    0.00    0.00    0.00    0.00    0.00    0.00    0.00    0.00    0.00  100.00
07:47:43      17    0.00    0.00    0.00    0.00    0.00    0.00    0.00    0.00    0.00  100.00
07:47:43      18    0.00    0.00    0.00    0.00    0.00    0.00    0.00    0.00    0.00  100.00
07:47:43      19    0.00    0.00    0.00    0.00    0.00    0.00    0.00    0.00    0.00  100.00
07:47:43      20    0.00    0.00    0.00    0.00    0.00    0.00    0.00    0.00    0.00  100.00
07:47:43      21    0.00    0.00    0.00    0.00    0.00    0.00    0.00    0.00    0.00  100.00
07:47:43      22    0.00    0.00    0.00    0.00    0.00    0.00    0.00    0.00    0.00  100.00
07:47:43      23    0.00    0.00    0.00    0.00    0.00    0.00    0.00    0.00    0.00  100.00
07:47:43      24    0.00    0.00    0.00    0.00    0.00    0.00    0.00    0.00    0.00  100.00
07:47:43      25    0.00    0.00    0.00    0.00    0.00    0.00    0.00    0.00    0.00  100.00
07:47:43      26    0.00    0.00    0.00    1.00    0.00    0.00    0.00    0.00    0.00   99.00
07:47:43      27    0.00    0.00    0.99    0.00    0.00    0.00    0.00    0.00    0.00   99.01
07:47:43      28    0.00    0.00    0.00    0.00    0.00    0.00    0.00    0.00    0.00  100.00
07:47:43      29    0.00    0.00    0.00    0.00    0.00    0.00    0.00    0.00    0.00  100.00
07:47:43      30    0.00    0.00    0.00    0.00    0.00    0.00    0.00    0.00    0.00  100.00
07:47:43      31    0.00    0.00    0.00    0.00    0.00    0.00    0.00    0.00    0.00  100.00

07:47:43     CPU    %usr   %nice    %sys %iowait    %irq   %soft  %steal  %guest  %gnice   %idle
07:47:44     all    0.09    0.00    0.00    0.03    0.00    0.00    0.00    0.00    0.00   99.88
07:47:44       0    0.00    0.00    0.00    0.00    0.00    0.00    0.00    0.00    0.00  100.00
07:47:44       1    0.00    0.00    0.00    0.00    0.00    0.00    0.00    0.00    0.00  100.00
07:47:44       2    0.00    0.00    0.00    0.99    0.00    0.00    0.00    0.00    0.00   99.01
07:47:44       3    0.00    0.00    0.00    0.00    0.00    0.00    0.00    0.00    0.00  100.00
07:47:44       4    0.00    0.00    0.00    0.00    0.00    0.00    0.00    0.00    0.00  100.00
07:47:44       5    0.00    0.00    0.00    0.00    0.00    0.00    0.00    0.00    0.00  100.00
07:47:44       6    0.00    0.00    0.00    0.00    0.00    0.00    0.00    0.00    0.00  100.00
07:47:44       7    0.00    0.00    0.00    0.00    0.00    0.00    0.00    0.00    0.00  100.00
07:47:44       8    0.00    0.00    0.00    0.00    0.00    0.00    0.00    0.00    0.00  100.00
07:47:44       9    0.00    0.00    0.00    0.00    0.00    0.00    0.00    0.00    0.00  100.00
07:47:44      10    0.00    0.00    0.00    0.00    0.00    0.00    0.00    0.00    0.00  100.00
07:47:44      11    0.00    0.00    0.00    0.00    0.00    0.00    0.00    0.00    0.00  100.00
07:47:44      12    0.00    0.00    0.00    0.00    0.00    0.00    0.00    0.00    0.00  100.00
07:47:44      13    0.00    0.00    0.00    0.00    0.00    0.00    0.00    0.00    0.00  100.00
07:47:44      14    0.00    0.00    0.00    0.00    0.00    0.00    0.00    0.00    0.00  100.00
07:47:44      15    0.00    0.00    0.00    0.00    0.00    0.00    0.00    0.00    0.00  100.00
07:47:44      16    0.00    0.00    0.00    0.00    0.00    0.00    0.00    0.00    0.00  100.00
07:47:44      17    0.00    0.00    0.00    0.00    0.00    0.00    0.00    0.00    0.00  100.00
07:47:44      18    0.00    0.00    0.00    0.00    0.00    0.00    0.00    0.00    0.00  100.00
07:47:44      19    0.00    0.00    0.00    0.00    0.00    0.00    0.00    0.00    0.00  100.00
07:47:44      20    0.00    0.00    0.00    0.00    0.00    0.00    0.00    0.00    0.00  100.00
07:47:44      21    0.00    0.00    0.00    0.00    0.00    0.00    0.00    0.00    0.00  100.00
07:47:44      22    0.00    0.00    0.00    0.00    0.00    0.00    0.00    0.00    0.00  100.00
07:47:44      23    0.00    0.00    0.00    0.00    0.00    0.00    0.00    0.00    0.00  100.00
07:47:44      24    0.00    0.00    0.00    0.00    0.00    0.00    0.00    0.00    0.00  100.00
07:47:44      25    0.00    0.00    0.00    0.00    0.00    0.00    0.00    0.00    0.00  100.00
07:47:44      26    0.99    0.00    0.00    0.00    0.00    0.00    0.00    0.00    0.00   99.01
07:47:44      27    0.00    0.00    0.00    0.00    0.00    0.00    0.00    0.00    0.00  100.00
07:47:44      28    0.00    0.00    0.00    0.00    0.00    0.00    0.00    0.00    0.00  100.00
07:47:44      29    2.00    0.00    0.00    0.00    0.00    0.00    0.00    0.00    0.00   98.00
07:47:44      30    0.00    0.00    0.00    0.00    0.00    0.00    0.00    0.00    0.00  100.00
07:47:44      31    0.00    0.00    0.00    0.00    0.00    0.00    0.00    0.00    0.00  100.00

07:47:44     CPU    %usr   %nice    %sys %iowait    %irq   %soft  %steal  %guest  %gnice   %idle
07:47:45     all   19.69    0.00   13.82    1.65    0.00    0.00    0.00    0.00    0.00   64.84
07:47:45       0   18.37    0.00   16.33    2.04    0.00    0.00    0.00    0.00    0.00   63.27
07:47:45       1   20.00    0.00   11.58    2.11    0.00    0.00    0.00    0.00    0.00   66.32
07:47:45       2   20.41    0.00   14.29    2.04    0.00    0.00    0.00    0.00    0.00   63.27
07:47:45       3   20.00    0.00   13.68    2.11    0.00    0.00    0.00    0.00    0.00   64.21
07:47:45       4   18.75    0.00   13.54    1.04    0.00    0.00    0.00    0.00    0.00   66.67
07:47:45       5   16.84    0.00   15.79    3.16    0.00    0.00    0.00    0.00    0.00   64.21
07:47:45       6   20.00    0.00   12.63    1.05    0.00    0.00    0.00    0.00    0.00   66.32
07:47:45       7   20.83    0.00   12.50    2.08    0.00    0.00    0.00    0.00    0.00   64.58
07:47:45       8   20.83    0.00   12.50    1.04    0.00    0.00    0.00    0.00    0.00   65.62
07:47:45       9   20.41    0.00   13.27    2.04    0.00    0.00    0.00    0.00    0.00   64.29
07:47:45      10   19.59    0.00   13.40    2.06    0.00    0.00    0.00    0.00    0.00   64.95
07:47:45      11   20.41    0.00   14.29    2.04    0.00    0.00    0.00    0.00    0.00   63.27
07:47:45      12   18.09    0.00   13.83    2.13    0.00    0.00    0.00    0.00    0.00   65.96
07:47:45      13   17.53    0.00   18.56    2.06    0.00    0.00    0.00    0.00    0.00   61.86
07:47:45      14   21.05    0.00   14.74    2.11    0.00    0.00    0.00    0.00    0.00   62.11
07:47:45      15   18.95    0.00   13.68    1.05    0.00    0.00    0.00    0.00    0.00   66.32
07:47:45      16   21.65    0.00   12.37    1.03    0.00    0.00    0.00    0.00    0.00   64.95
07:47:45      17   19.79    0.00   13.54    1.04    0.00    0.00    0.00    0.00    0.00   65.62
07:47:45      18   18.75    0.00   13.54    1.04    0.00    0.00    0.00    0.00    0.00   66.67
07:47:45      19   18.75    0.00   14.58    1.04    0.00    0.00    0.00    0.00    0.00   65.62
07:47:45      20   19.59    0.00   13.40    2.06    0.00    0.00    0.00    0.00    0.00   64.95
07:47:45      21   21.88    0.00   12.50    1.04    0.00    0.00    0.00    0.00    0.00   64.58
07:47:45      22   19.79    0.00   13.54    1.04    0.00    0.00    0.00    0.00    0.00   65.62
07:47:45      23   19.79    0.00   13.54    2.08    0.00    0.00    0.00    0.00    0.00   64.58
07:47:45      24   18.56    0.00   15.46    2.06    0.00    0.00    0.00    0.00    0.00   63.92
07:47:45      25   19.79    0.00   13.54    1.04    0.00    0.00    0.00    0.00    0.00   65.62
07:47:45      26   19.79    0.00   13.54    1.04    0.00    0.00    0.00    0.00    0.00   65.62
07:47:45      27   19.79    0.00   13.54    2.08    0.00    0.00    0.00    0.00    0.00   64.58
07:47:45      28   22.22    0.00   13.13    1.01    0.00    0.00    0.00    0.00    0.00   63.64
07:47:45      29   19.39    0.00   14.29    2.04    0.00    0.00    0.00    0.00    0.00   64.29
07:47:45      30   19.79    0.00   12.50    2.08    0.00    0.00    0.00    0.00    0.00   65.62
07:47:45      31   18.56    0.00   14.43    1.03    0.00    0.00    0.00    0.00    0.00   65.98

07:47:45     CPU    %usr   %nice    %sys %iowait    %irq   %soft  %steal  %guest  %gnice   %idle
07:47:46     all   22.32    0.00   13.80    1.70    0.00    0.00    0.00    0.00    0.00   62.19
07:47:46       0   21.05    0.00   14.74    2.11    0.00    0.00    0.00    0.00    0.00   62.11
07:47:46       1   25.00    0.00   12.50    1.04    0.00    0.00    0.00    0.00    0.00   61.46
07:47:46       2   22.58    0.00   12.90    2.15    0.00    0.00    0.00    0.00    0.00   62.37
07:47:46       3   23.47    0.00   13.27    2.04    0.00    0.00    0.00    0.00    0.00   61.22
07:47:46       4   22.68    0.00   14.43    1.03    0.00    0.00    0.00    0.00    0.00   61.86
07:47:46       5   21.28    0.00   13.83    2.13    0.00    0.00    0.00    0.00    0.00   62.77
07:47:46       6   21.05    0.00   14.74    1.05    0.00    0.00    0.00    0.00    0.00   63.16
07:47:46       7   22.68    0.00   14.43    2.06    0.00    0.00    0.00    0.00    0.00   60.82
07:47:46       8   23.16    0.00   12.63    1.05    0.00    0.00    0.00    0.00    0.00   63.16
07:47:46       9   21.88    0.00   14.58    2.08    0.00    0.00    0.00    0.00    0.00   61.46
07:47:46      10   23.16    0.00   13.68    1.05    0.00    0.00    0.00    0.00    0.00   62.11
07:47:46      11   20.62    0.00   15.46    2.06    0.00    0.00    0.00    0.00    0.00   61.86
07:47:46      12   22.92    0.00   14.58    1.04    0.00    0.00    0.00    0.00    0.00   61.46
07:47:46      13   21.28    0.00   13.83    2.13    0.00    0.00    0.00    0.00    0.00   62.77
07:47:46      14   21.88    0.00   13.54    2.08    0.00    0.00    0.00    0.00    0.00   62.50
07:47:46      15   21.05    0.00   15.79    1.05    0.00    0.00    0.00    0.00    0.00   62.11
07:47:46      16   24.21    0.00   11.58    2.11    0.00    0.00    0.00    0.00    0.00   62.11
07:47:46      17   24.21    0.00   12.63    1.05    0.00    0.00    0.00    0.00    0.00   62.11
07:47:46      18   22.92    0.00   13.54    2.08    0.00    0.00    0.00    0.00    0.00   61.46
07:47:46      19   22.92    0.00   12.50    1.04    0.00    0.00    0.00    0.00    0.00   63.54
07:47:46      20   23.47    0.00   13.27    2.04    0.00    0.00    0.00    0.00    0.00   61.22
07:47:46      21   21.43    0.00   16.33    1.02    0.00    0.00    0.00    0.00    0.00   61.22
07:47:46      22   21.65    0.00   14.43    2.06    0.00    0.00    0.00    0.00    0.00   61.86
07:47:46      23   20.83    0.00   15.62    1.04    0.00    0.00    0.00    0.00    0.00   62.50
07:47:46      24   21.88    0.00   13.54    2.08    0.00    0.00    0.00    0.00    0.00   62.50
07:47:46      25   22.11    0.00   13.68    1.05    0.00    0.00    0.00    0.00    0.00   63.16
07:47:46      26   24.21    0.00   11.58    2.11    0.00    0.00    0.00    0.00    0.00   62.11
07:47:46      27   23.96    0.00   11.46    2.08    0.00    0.00    0.00    0.00    0.00   62.50
07:47:46      28   19.79    0.00   15.62    2.08    0.00    0.00    0.00    0.00    0.00   62.50
07:47:46      29   21.88    0.00   13.54    2.08    0.00    0.00    0.00    0.00    0.00   62.50
07:47:46      30   20.83    0.00   14.58    2.08    0.00    0.00    0.00    0.00    0.00   62.50
07:47:46      31   22.11    0.00   12.63    2.11    0.00    0.00    0.00    0.00    0.00   63.16

07:47:46     CPU    %usr   %nice    %sys %iowait    %irq   %soft  %steal  %guest  %gnice   %idle
07:47:47     all   21.51    0.00   14.02    1.82    0.00    0.00    0.00    0.00    0.00   62.65
07:47:47       0   20.21    0.00   14.89    2.13    0.00    0.00    0.00    0.00    0.00   62.77
07:47:47       1   21.05    0.00   13.68    2.11    0.00    0.00    0.00    0.00    0.00   63.16
07:47:47       2   19.79    0.00   14.58    2.08    0.00    0.00    0.00    0.00    0.00   63.54
07:47:47       3   22.68    0.00   14.43    1.03    0.00    0.00    0.00    0.00    0.00   61.86
07:47:47       4   22.11    0.00   12.63    1.05    0.00    0.00    0.00    0.00    0.00   64.21
07:47:47       5   20.83    0.00   14.58    1.04    0.00    0.00    0.00    0.00    0.00   63.54
07:47:47       6   21.65    0.00   14.43    2.06    0.00    0.00    0.00    0.00    0.00   61.86
07:47:47       7   22.45    0.00   13.27    2.04    0.00    0.00    0.00    0.00    0.00   62.24
07:47:47       8   20.21    0.00   13.83    1.06    0.00    0.00    0.00    0.00    0.00   64.89
07:47:47       9   22.68    0.00   13.40    2.06    0.00    0.00    0.00    0.00    0.00   61.86
07:47:47      10   22.45    0.00   13.27    2.04    0.00    0.00    0.00    0.00    0.00   62.24
07:47:47      11   19.79    0.00   15.62    2.08    0.00    0.00    0.00    0.00    0.00   62.50
07:47:47      12   21.05    0.00   13.68    2.11    0.00    0.00    0.00    0.00    0.00   63.16
07:47:47      13   23.71    0.00   13.40    2.06    0.00    0.00    0.00    0.00    0.00   60.82
07:47:47      14   21.65    0.00   14.43    1.03    0.00    0.00    0.00    0.00    0.00   62.89
07:47:47      15   20.00    0.00   14.74    1.05    0.00    0.00    0.00    0.00    0.00   64.21
07:47:47      16   22.92    0.00   12.50    2.08    0.00    0.00    0.00    0.00    0.00   62.50
07:47:47      17   20.62    0.00   14.43    2.06    0.00    0.00    0.00    0.00    0.00   62.89
07:47:47      18   19.79    0.00   14.58    3.12    0.00    0.00    0.00    0.00    0.00   62.50
07:47:47      19   21.65    0.00   14.43    1.03    0.00    0.00    0.00    0.00    0.00   62.89
07:47:47      20   20.62    0.00   15.46    2.06    0.00    0.00    0.00    0.00    0.00   61.86
07:47:47      21   22.68    0.00   13.40    2.06    0.00    0.00    0.00    0.00    0.00   61.86
07:47:47      22   21.88    0.00   13.54    2.08    0.00    0.00    0.00    0.00    0.00   62.50
07:47:47      23   23.71    0.00   13.40    2.06    0.00    0.00    0.00    0.00    0.00   60.82
07:47:47      24   22.68    0.00   13.40    1.03    0.00    0.00    0.00    0.00    0.00   62.89
07:47:47      25   21.65    0.00   13.40    2.06    0.00    0.00    0.00    0.00    0.00   62.89
07:47:47      26   21.65    0.00   13.40    2.06    0.00    0.00    0.00    0.00    0.00   62.89
07:47:47      27   21.05    0.00   13.68    2.11    0.00    0.00    0.00    0.00    0.00   63.16
07:47:47      28   20.83    0.00   14.58    2.08    0.00    0.00    0.00    0.00    0.00   62.50
07:47:47      29   20.83    0.00   14.58    3.12    0.00    0.00    0.00    0.00    0.00   61.46
07:47:47      30   19.79    0.00   15.62    1.04    0.00    0.00    0.00    0.00    0.00   63.54
07:47:47      31   23.47    0.00   13.27    1.02    0.00    0.00    0.00    0.00    0.00   62.24

07:47:47     CPU    %usr   %nice    %sys %iowait    %irq   %soft  %steal  %guest  %gnice   %idle
07:47:48     all   22.48    0.00   13.20    1.78    0.00    0.00    0.00    0.00    0.00   62.54
07:47:48       0   25.51    0.00   11.22    1.02    0.00    0.00    0.00    0.00    0.00   62.24
07:47:48       1   24.74    0.00   11.34    2.06    0.00    0.00    0.00    0.00    0.00   61.86
07:47:48       2   23.47    0.00   13.27    1.02    0.00    0.00    0.00    0.00    0.00   62.24
07:47:48       3   20.83    0.00   13.54    2.08    0.00    0.00    0.00    0.00    0.00   63.54
07:47:48       4   23.47    0.00   13.27    2.04    0.00    0.00    0.00    0.00    0.00   61.22
07:47:48       5   22.45    0.00   14.29    1.02    0.00    0.00    0.00    0.00    0.00   62.24
07:47:48       6   23.71    0.00   11.34    2.06    0.00    0.00    0.00    0.00    0.00   62.89
07:47:48       7   22.11    0.00   12.63    1.05    0.00    0.00    0.00    0.00    0.00   64.21
07:47:48       8   23.96    0.00   11.46    2.08    0.00    0.00    0.00    0.00    0.00   62.50
07:47:48       9   21.43    0.00   15.31    1.02    0.00    0.00    0.00    0.00    0.00   62.24
07:47:48      10   21.28    0.00   13.83    2.13    0.00    0.00    0.00    0.00    0.00   62.77
07:47:48      11   23.96    0.00   12.50    1.04    0.00    0.00    0.00    0.00    0.00   62.50
07:47:48      12   22.45    0.00   13.27    2.04    0.00    0.00    0.00    0.00    0.00   62.24
07:47:48      13   21.88    0.00   12.50    2.08    0.00    0.00    0.00    0.00    0.00   63.54
07:47:48      14   20.83    0.00   14.58    2.08    0.00    0.00    0.00    0.00    0.00   62.50
07:47:48      15   22.45    0.00   13.27    3.06    0.00    0.00    0.00    0.00    0.00   61.22
07:47:48      16   22.68    0.00   14.43    1.03    0.00    0.00    0.00    0.00    0.00   61.86
07:47:48      17   22.68    0.00   13.40    2.06    0.00    0.00    0.00    0.00    0.00   61.86
07:47:48      18   22.11    0.00   12.63    1.05    0.00    0.00    0.00    0.00    0.00   64.21
07:47:48      19   23.23    0.00   13.13    3.03    0.00    0.00    0.00    0.00    0.00   60.61
07:47:48      20   21.88    0.00   13.54    2.08    0.00    0.00    0.00    0.00    0.00   62.50
07:47:48      21   22.92    0.00   12.50    1.04    0.00    0.00    0.00    0.00    0.00   63.54
07:47:48      22   23.71    0.00   12.37    2.06    0.00    0.00    0.00    0.00    0.00   61.86
07:47:48      23   21.65    0.00   13.40    3.09    0.00    0.00    0.00    0.00    0.00   61.86
07:47:48      24   21.05    0.00   13.68    1.05    0.00    0.00    0.00    0.00    0.00   64.21
07:47:48      25   22.11    0.00   13.68    2.11    0.00    0.00    0.00    0.00    0.00   62.11
07:47:48      26   21.65    0.00   14.43    2.06    0.00    0.00    0.00    0.00    0.00   61.86
07:47:48      27   22.68    0.00   13.40    2.06    0.00    0.00    0.00    0.00    0.00   61.86
07:47:48      28   22.68    0.00   13.40    1.03    0.00    0.00    0.00    0.00    0.00   62.89
07:47:48      29   21.28    0.00   12.77    2.13    0.00    0.00    0.00    0.00    0.00   63.83
07:47:48      30   19.79    0.00   15.62    2.08    0.00    0.00    0.00    0.00    0.00   62.50
07:47:48      31   22.68    0.00   12.37    1.03    0.00    0.00    0.00    0.00    0.00   63.92

07:47:48     CPU    %usr   %nice    %sys %iowait    %irq   %soft  %steal  %guest  %gnice   %idle
07:47:49     all   22.20    0.00   13.57    1.66    0.00    0.00    0.00    0.00    0.00   62.57
07:47:49       0   22.92    0.00   13.54    1.04    0.00    0.00    0.00    0.00    0.00   62.50
07:47:49       1   21.65    0.00   15.46    1.03    0.00    0.00    0.00    0.00    0.00   61.86
07:47:49       2   21.05    0.00   14.74    2.11    0.00    0.00    0.00    0.00    0.00   62.11
07:47:49       3   23.16    0.00   12.63    1.05    0.00    0.00    0.00    0.00    0.00   63.16
07:47:49       4   22.92    0.00   12.50    2.08    0.00    0.00    0.00    0.00    0.00   62.50
07:47:49       5   21.65    0.00   14.43    2.06    0.00    0.00    0.00    0.00    0.00   61.86
07:47:49       6   21.28    0.00   13.83    1.06    0.00    0.00    0.00    0.00    0.00   63.83
07:47:49       7   22.11    0.00   13.68    2.11    0.00    0.00    0.00    0.00    0.00   62.11
07:47:49       8   22.11    0.00   12.63    2.11    0.00    0.00    0.00    0.00    0.00   63.16
07:47:49       9   21.88    0.00   14.58    1.04    0.00    0.00    0.00    0.00    0.00   62.50
07:47:49      10   21.65    0.00   14.43    3.09    0.00    0.00    0.00    0.00    0.00   60.82
07:47:49      11   20.83    0.00   14.58    3.12    0.00    0.00    0.00    0.00    0.00   61.46
07:47:49      12   22.34    0.00   12.77    1.06    0.00    0.00    0.00    0.00    0.00   63.83
07:47:49      13   21.05    0.00   14.74    1.05    0.00    0.00    0.00    0.00    0.00   63.16
07:47:49      14   23.71    0.00   12.37    2.06    0.00    0.00    0.00    0.00    0.00   61.86
07:47:49      15   23.16    0.00   13.68    2.11    0.00    0.00    0.00    0.00    0.00   61.05
07:47:49      16   22.68    0.00   13.40    2.06    0.00    0.00    0.00    0.00    0.00   61.86
07:47:49      17   22.68    0.00   13.40    2.06    0.00    0.00    0.00    0.00    0.00   61.86
07:47:49      18   23.71    0.00   11.34    2.06    0.00    0.00    0.00    0.00    0.00   62.89
07:47:49      19   22.92    0.00   12.50    1.04    0.00    0.00    0.00    0.00    0.00   63.54
07:47:49      20   22.11    0.00   12.63    1.05    0.00    0.00    0.00    0.00    0.00   64.21
07:47:49      21   22.68    0.00   12.37    2.06    0.00    0.00    0.00    0.00    0.00   62.89
07:47:49      22   22.68    0.00   13.40    2.06    0.00    0.00    0.00    0.00    0.00   61.86
07:47:49      23   21.88    0.00   15.62    1.04    0.00    0.00    0.00    0.00    0.00   61.46
07:47:49      24   21.88    0.00   13.54    1.04    0.00    0.00    0.00    0.00    0.00   63.54
07:47:49      25   22.45    0.00   14.29    2.04    0.00    0.00    0.00    0.00    0.00   61.22
07:47:49      26   22.11    0.00   12.63    2.11    0.00    0.00    0.00    0.00    0.00   63.16
07:47:49      27   21.65    0.00   14.43    1.03    0.00    0.00    0.00    0.00    0.00   62.89
07:47:49      28   21.88    0.00   13.54    2.08    0.00    0.00    0.00    0.00    0.00   62.50
07:47:49      29   22.11    0.00   12.63    1.05    0.00    0.00    0.00    0.00    0.00   64.21
07:47:49      30   20.62    0.00   15.46    1.03    0.00    0.00    0.00    0.00    0.00   62.89
07:47:49      31   22.92    0.00   12.50    1.04    0.00    0.00    0.00    0.00    0.00   63.54

07:47:49     CPU    %usr   %nice    %sys %iowait    %irq   %soft  %steal  %guest  %gnice   %idle
07:47:50     all   21.82    0.00   13.48    1.79    0.00    0.00    0.00    0.00    0.00   62.91
07:47:50       0   21.88    0.00   13.54    2.08    0.00    0.00    0.00    0.00    0.00   62.50
07:47:50       1   21.65    0.00   13.40    2.06    0.00    0.00    0.00    0.00    0.00   62.89
07:47:50       2   22.11    0.00   11.58    3.16    0.00    0.00    0.00    0.00    0.00   63.16
07:47:50       3   19.15    0.00   14.89    2.13    0.00    0.00    0.00    0.00    0.00   63.83
07:47:50       4   21.65    0.00   15.46    1.03    0.00    0.00    0.00    0.00    0.00   61.86
07:47:50       5   22.11    0.00   12.63    1.05    0.00    0.00    0.00    0.00    0.00   64.21
07:47:50       6   22.68    0.00   13.40    1.03    0.00    0.00    0.00    0.00    0.00   62.89
07:47:50       7   21.65    0.00   13.40    2.06    0.00    0.00    0.00    0.00    0.00   62.89
07:47:50       8   23.16    0.00   11.58    1.05    0.00    0.00    0.00    0.00    0.00   64.21
07:47:50       9   23.71    0.00   12.37    3.09    0.00    0.00    0.00    0.00    0.00   60.82
07:47:50      10   20.00    0.00   15.79    1.05    0.00    0.00    0.00    0.00    0.00   63.16
07:47:50      11   20.83    0.00   14.58    1.04    0.00    0.00    0.00    0.00    0.00   63.54
07:47:50      12   24.49    0.00   12.24    2.04    0.00    0.00    0.00    0.00    0.00   61.22
07:47:50      13   20.83    0.00   14.58    1.04    0.00    0.00    0.00    0.00    0.00   63.54
07:47:50      14   21.65    0.00   14.43    2.06    0.00    0.00    0.00    0.00    0.00   61.86
07:47:50      15   23.16    0.00   11.58    2.11    0.00    0.00    0.00    0.00    0.00   63.16
07:47:50      16   20.83    0.00   14.58    1.04    0.00    0.00    0.00    0.00    0.00   63.54
07:47:50      17   22.68    0.00   13.40    2.06    0.00    0.00    0.00    0.00    0.00   61.86
07:47:50      18   23.16    0.00   12.63    2.11    0.00    0.00    0.00    0.00    0.00   62.11
07:47:50      19   20.00    0.00   14.74    1.05    0.00    0.00    0.00    0.00    0.00   64.21
07:47:50      20   21.88    0.00   13.54    2.08    0.00    0.00    0.00    0.00    0.00   62.50
07:47:50      21   21.05    0.00   13.68    2.11    0.00    0.00    0.00    0.00    0.00   63.16
07:47:50      22   22.11    0.00   12.63    2.11    0.00    0.00    0.00    0.00    0.00   63.16
07:47:50      23   21.05    0.00   12.63    2.11    0.00    0.00    0.00    0.00    0.00   64.21
07:47:50      24   20.83    0.00   14.58    2.08    0.00    0.00    0.00    0.00    0.00   62.50
07:47:50      25   18.75    0.00   15.62    2.08    0.00    0.00    0.00    0.00    0.00   63.54
07:47:50      26   24.74    0.00   11.34    1.03    0.00    0.00    0.00    0.00    0.00   62.89
07:47:50      27   22.68    0.00   13.40    2.06    0.00    0.00    0.00    0.00    0.00   61.86
07:47:50      28   21.65    0.00   13.40    2.06    0.00    0.00    0.00    0.00    0.00   62.89
07:47:50      29   21.88    0.00   13.54    2.08    0.00    0.00    0.00    0.00    0.00   62.50
07:47:50      30   21.88    0.00   12.50    2.08    0.00    0.00    0.00    0.00    0.00   63.54
07:47:50      31   22.11    0.00   13.68    1.05    0.00    0.00    0.00    0.00    0.00   63.16

07:47:50     CPU    %usr   %nice    %sys %iowait    %irq   %soft  %steal  %guest  %gnice   %idle
07:47:51     all   21.63    0.00   13.03    1.84    0.00    0.00    0.00    0.00    0.00   63.49
07:47:51       0   22.11    0.00   12.63    2.11    0.00    0.00    0.00    0.00    0.00   63.16
07:47:51       1   21.88    0.00   13.54    1.04    0.00    0.00    0.00    0.00    0.00   63.54
07:47:51       2   20.43    0.00   13.98    1.08    0.00    0.00    0.00    0.00    0.00   64.52
07:47:51       3   21.88    0.00   12.50    2.08    0.00    0.00    0.00    0.00    0.00   63.54
07:47:51       4   22.11    0.00   11.58    3.16    0.00    0.00    0.00    0.00    0.00   63.16
07:47:51       5   21.28    0.00   12.77    1.06    0.00    0.00    0.00    0.00    0.00   64.89
07:47:51       6   21.28    0.00   11.70    2.13    0.00    0.00    0.00    0.00    0.00   64.89
07:47:51       7   21.05    0.00   13.68    2.11    0.00    0.00    0.00    0.00    0.00   63.16
07:47:51       8   21.88    0.00   13.54    2.08    0.00    0.00    0.00    0.00    0.00   62.50
07:47:51       9   21.28    0.00   12.77    1.06    0.00    0.00    0.00    0.00    0.00   64.89
07:47:51      10   21.65    0.00   13.40    2.06    0.00    0.00    0.00    0.00    0.00   62.89
07:47:51      11   23.96    0.00   11.46    2.08    0.00    0.00    0.00    0.00    0.00   62.50
07:47:51      12   22.11    0.00   12.63    2.11    0.00    0.00    0.00    0.00    0.00   63.16
07:47:51      13   19.15    0.00   14.89    2.13    0.00    0.00    0.00    0.00    0.00   63.83
07:47:51      14   20.21    0.00   14.89    2.13    0.00    0.00    0.00    0.00    0.00   62.77
07:47:51      15   22.68    0.00   13.40    2.06    0.00    0.00    0.00    0.00    0.00   61.86
07:47:51      16   22.34    0.00   11.70    2.13    0.00    0.00    0.00    0.00    0.00   63.83
07:47:51      17   22.92    0.00   11.46    1.04    0.00    0.00    0.00    0.00    0.00   64.58
07:47:51      18   22.11    0.00   13.68    1.05    0.00    0.00    0.00    0.00    0.00   63.16
07:47:51      19   21.05    0.00   12.63    1.05    0.00    0.00    0.00    0.00    0.00   65.26
07:47:51      20   22.45    0.00   13.27    2.04    0.00    0.00    0.00    0.00    0.00   62.24
07:47:51      21   22.34    0.00   11.70    1.06    0.00    0.00    0.00    0.00    0.00   64.89
07:47:51      22   19.79    0.00   15.62    2.08    0.00    0.00    0.00    0.00    0.00   62.50
07:47:51      23   20.83    0.00   13.54    2.08    0.00    0.00    0.00    0.00    0.00   63.54
07:47:51      24   22.11    0.00   12.63    2.11    0.00    0.00    0.00    0.00    0.00   63.16
07:47:51      25   21.88    0.00   13.54    2.08    0.00    0.00    0.00    0.00    0.00   62.50
07:47:51      26   22.34    0.00   11.70    2.13    0.00    0.00    0.00    0.00    0.00   63.83
07:47:51      27   21.88    0.00   13.54    1.04    0.00    0.00    0.00    0.00    0.00   63.54
07:47:51      28   20.43    0.00   13.98    1.08    0.00    0.00    0.00    0.00    0.00   64.52
07:47:51      29   20.83    0.00   13.54    2.08    0.00    0.00    0.00    0.00    0.00   63.54
07:47:51      30   21.05    0.00   13.68    2.11    0.00    0.00    0.00    0.00    0.00   63.16
07:47:51      31   22.92    0.00   11.46    3.12    0.00    0.00    0.00    0.00    0.00   62.50

07:47:51     CPU    %usr   %nice    %sys %iowait    %irq   %soft  %steal  %guest  %gnice   %idle
07:47:52     all   21.82    0.00   13.00    1.63    0.00    0.00    0.00    0.00    0.00   63.55
07:47:52       0   22.11    0.00   13.68    1.05    0.00    0.00    0.00    0.00    0.00   63.16
07:47:52       1   20.62    0.00   15.46    2.06    0.00    0.00    0.00    0.00    0.00   61.86
07:47:52       2   20.83    0.00   14.58    1.04    0.00    0.00    0.00    0.00    0.00   63.54
07:47:52       3   21.28    0.00   12.77    1.06    0.00    0.00    0.00    0.00    0.00   64.89
07:47:52       4   21.28    0.00   12.77    1.06    0.00    0.00    0.00    0.00    0.00   64.89
07:47:52       5   22.34    0.00   11.70    2.13    0.00    0.00    0.00    0.00    0.00   63.83
07:47:52       6   21.88    0.00   13.54    2.08    0.00    0.00    0.00    0.00    0.00   62.50
07:47:52       7   21.65    0.00   13.40    2.06    0.00    0.00    0.00    0.00    0.00   62.89
07:47:52       8   21.05    0.00   12.63    1.05    0.00    0.00    0.00    0.00    0.00   65.26
07:47:52       9   23.96    0.00   11.46    2.08    0.00    0.00    0.00    0.00    0.00   62.50
07:47:52      10   22.92    0.00   12.50    1.04    0.00    0.00    0.00    0.00    0.00   63.54
07:47:52      11   21.05    0.00   13.68    2.11    0.00    0.00    0.00    0.00    0.00   63.16
07:47:52      12   22.92    0.00   12.50    2.08    0.00    0.00    0.00    0.00    0.00   62.50
07:47:52      13   23.47    0.00   13.27    2.04    0.00    0.00    0.00    0.00    0.00   61.22
07:47:52      14   22.22    0.00   14.14    2.02    0.00    0.00    0.00    0.00    0.00   61.62
07:47:52      15   21.05    0.00   12.63    2.11    0.00    0.00    0.00    0.00    0.00   64.21
07:47:52      16   21.65    0.00   13.40    2.06    0.00    0.00    0.00    0.00    0.00   62.89
07:47:52      17   22.11    0.00   12.63    2.11    0.00    0.00    0.00    0.00    0.00   63.16
07:47:52      18   23.96    0.00   10.42    1.04    0.00    0.00    0.00    0.00    0.00   64.58
07:47:52      19   21.65    0.00   14.43    2.06    0.00    0.00    0.00    0.00    0.00   61.86
07:47:52      20   20.83    0.00   13.54    2.08    0.00    0.00    0.00    0.00    0.00   63.54
07:47:52      21   20.83    0.00   13.54    2.08    0.00    0.00    0.00    0.00    0.00   63.54
07:47:52      22   22.92    0.00   11.46    1.04    0.00    0.00    0.00    0.00    0.00   64.58
07:47:52      23   21.88    0.00   13.54    1.04    0.00    0.00    0.00    0.00    0.00   63.54
07:47:52      24   21.05    0.00   12.63    2.11    0.00    0.00    0.00    0.00    0.00   64.21
07:47:52      25   21.28    0.00   12.77    1.06    0.00    0.00    0.00    0.00    0.00   64.89
07:47:52      26   20.83    0.00   13.54    1.04    0.00    0.00    0.00    0.00    0.00   64.58
07:47:52      27   22.34    0.00   11.70    1.06    0.00    0.00    0.00    0.00    0.00   64.89
07:47:52      28   19.15    0.00   13.83    2.13    0.00    0.00    0.00    0.00    0.00   64.89
07:47:52      29   24.21    0.00   10.53    1.05    0.00    0.00    0.00    0.00    0.00   64.21
07:47:52      30   22.92    0.00   12.50    1.04    0.00    0.00    0.00    0.00    0.00   63.54
07:47:52      31   19.79    0.00   14.58    2.08    0.00    0.00    0.00    0.00    0.00   63.54

07:47:52     CPU    %usr   %nice    %sys %iowait    %irq   %soft  %steal  %guest  %gnice   %idle
07:47:53     all   21.72    0.00   13.00    1.85    0.00    0.00    0.00    0.00    0.00   63.44
07:47:53       0   20.00    0.00   13.68    1.05    0.00    0.00    0.00    0.00    0.00   65.26
07:47:53       1   21.65    0.00   13.40    2.06    0.00    0.00    0.00    0.00    0.00   62.89
07:47:53       2   22.68    0.00   12.37    1.03    0.00    0.00    0.00    0.00    0.00   63.92
07:47:53       3   23.71    0.00   11.34    2.06    0.00    0.00    0.00    0.00    0.00   62.89
07:47:53       4   22.45    0.00   13.27    2.04    0.00    0.00    0.00    0.00    0.00   62.24
07:47:53       5   21.43    0.00   13.27    2.04    0.00    0.00    0.00    0.00    0.00   63.27
07:47:53       6   21.28    0.00   12.77    1.06    0.00    0.00    0.00    0.00    0.00   64.89
07:47:53       7   22.11    0.00   12.63    1.05    0.00    0.00    0.00    0.00    0.00   64.21
07:47:53       8   21.88    0.00   12.50    2.08    0.00    0.00    0.00    0.00    0.00   63.54
07:47:53       9   21.65    0.00   13.40    2.06    0.00    0.00    0.00    0.00    0.00   62.89
07:47:53      10   22.45    0.00   13.27    2.04    0.00    0.00    0.00    0.00    0.00   62.24
07:47:53      11   22.45    0.00   13.27    2.04    0.00    0.00    0.00    0.00    0.00   62.24
07:47:53      12   21.43    0.00   13.27    3.06    0.00    0.00    0.00    0.00    0.00   62.24
07:47:53      13   23.16    0.00   10.53    1.05    0.00    0.00    0.00    0.00    0.00   65.26
07:47:53      14   21.65    0.00   12.37    2.06    0.00    0.00    0.00    0.00    0.00   63.92
07:47:53      15   20.83    0.00   14.58    1.04    0.00    0.00    0.00    0.00    0.00   63.54
07:47:53      16   19.79    0.00   13.54    2.08    0.00    0.00    0.00    0.00    0.00   64.58
07:47:53      17   19.79    0.00   14.58    3.12    0.00    0.00    0.00    0.00    0.00   62.50
07:47:53      18   20.83    0.00   13.54    1.04    0.00    0.00    0.00    0.00    0.00   64.58
07:47:53      19   20.00    0.00   13.68    3.16    0.00    0.00    0.00    0.00    0.00   63.16
07:47:53      20   23.16    0.00   11.58    1.05    0.00    0.00    0.00    0.00    0.00   64.21
07:47:53      21   20.00    0.00   13.68    2.11    0.00    0.00    0.00    0.00    0.00   64.21
07:47:53      22   19.79    0.00   14.58    2.08    0.00    0.00    0.00    0.00    0.00   63.54
07:47:53      23   21.65    0.00   13.40    2.06    0.00    0.00    0.00    0.00    0.00   62.89
07:47:53      24   21.88    0.00   12.50    2.08    0.00    0.00    0.00    0.00    0.00   63.54
07:47:53      25   22.92    0.00   13.54    2.08    0.00    0.00    0.00    0.00    0.00   61.46
07:47:53      26   21.43    0.00   14.29    1.02    0.00    0.00    0.00    0.00    0.00   63.27
07:47:53      27   22.92    0.00   11.46    2.08    0.00    0.00    0.00    0.00    0.00   63.54
07:47:53      28   23.71    0.00   11.34    1.03    0.00    0.00    0.00    0.00    0.00   63.92
07:47:53      29   21.65    0.00   12.37    2.06    0.00    0.00    0.00    0.00    0.00   63.92
07:47:53      30   22.68    0.00   12.37    2.06    0.00    0.00    0.00    0.00    0.00   62.89
07:47:53      31   21.88    0.00   13.54    2.08    0.00    0.00    0.00    0.00    0.00   62.50

07:47:53     CPU    %usr   %nice    %sys %iowait    %irq   %soft  %steal  %guest  %gnice   %idle
07:47:54     all   21.38    0.00   12.93    1.76    0.00    0.00    0.00    0.00    0.00   63.92
07:47:54       0   22.11    0.00   12.63    1.05    0.00    0.00    0.00    0.00    0.00   64.21
07:47:54       1   22.92    0.00   12.50    1.04    0.00    0.00    0.00    0.00    0.00   63.54
07:47:54       2   20.21    0.00   12.77    2.13    0.00    0.00    0.00    0.00    0.00   64.89
07:47:54       3   22.11    0.00   11.58    3.16    0.00    0.00    0.00    0.00    0.00   63.16
07:47:54       4   23.16    0.00   11.58    2.11    0.00    0.00    0.00    0.00    0.00   63.16
07:47:54       5   21.88    0.00   12.50    2.08    0.00    0.00    0.00    0.00    0.00   63.54
07:47:54       6   18.95    0.00   14.74    2.11    0.00    0.00    0.00    0.00    0.00   64.21
07:47:54       7   20.21    0.00   12.77    1.06    0.00    0.00    0.00    0.00    0.00   65.96
07:47:54       8   20.62    0.00   14.43    2.06    0.00    0.00    0.00    0.00    0.00   62.89
07:47:54       9   20.00    0.00   13.68    2.11    0.00    0.00    0.00    0.00    0.00   64.21
07:47:54      10   23.16    0.00   12.63    2.11    0.00    0.00    0.00    0.00    0.00   62.11
07:47:54      11   22.11    0.00   12.63    1.05    0.00    0.00    0.00    0.00    0.00   64.21
07:47:54      12   21.88    0.00   13.54    1.04    0.00    0.00    0.00    0.00    0.00   63.54
07:47:54      13   20.62    0.00   13.40    2.06    0.00    0.00    0.00    0.00    0.00   63.92
07:47:54      14   21.05    0.00   13.68    1.05    0.00    0.00    0.00    0.00    0.00   64.21
07:47:54      15   20.62    0.00   14.43    2.06    0.00    0.00    0.00    0.00    0.00   62.89
07:47:54      16   21.28    0.00   12.77    1.06    0.00    0.00    0.00    0.00    0.00   64.89
07:47:54      17   21.05    0.00   12.63    1.05    0.00    0.00    0.00    0.00    0.00   65.26
07:47:54      18   20.00    0.00   13.68    2.11    0.00    0.00    0.00    0.00    0.00   64.21
07:47:54      19   20.00    0.00   13.68    1.05    0.00    0.00    0.00    0.00    0.00   65.26
07:47:54      20   21.88    0.00   12.50    2.08    0.00    0.00    0.00    0.00    0.00   63.54
07:47:54      21   20.83    0.00   12.50    1.04    0.00    0.00    0.00    0.00    0.00   65.62
07:47:54      22   20.83    0.00   13.54    2.08    0.00    0.00    0.00    0.00    0.00   63.54
07:47:54      23   20.83    0.00   13.54    3.12    0.00    0.00    0.00    0.00    0.00   62.50
07:47:54      24   20.83    0.00   13.54    2.08    0.00    0.00    0.00    0.00    0.00   63.54
07:47:54      25   20.83    0.00   12.50    2.08    0.00    0.00    0.00    0.00    0.00   64.58
07:47:54      26   20.62    0.00   13.40    2.06    0.00    0.00    0.00    0.00    0.00   63.92
07:47:54      27   21.88    0.00   12.50    2.08    0.00    0.00    0.00    0.00    0.00   63.54
07:47:54      28   23.47    0.00   11.22    2.04    0.00    0.00    0.00    0.00    0.00   63.27
07:47:54      29   23.96    0.00   11.46    1.04    0.00    0.00    0.00    0.00    0.00   63.54
07:47:54      30   21.65    0.00   13.40    1.03    0.00    0.00    0.00    0.00    0.00   63.92
07:47:54      31   22.68    0.00   11.34    2.06    0.00    0.00    0.00    0.00    0.00   63.92

07:47:54     CPU    %usr   %nice    %sys %iowait    %irq   %soft  %steal  %guest  %gnice   %idle
07:47:55     all   21.52    0.00   12.48    1.81    0.00    0.00    0.00    0.00    0.00   64.19
07:47:55       0   20.83    0.00   13.54    2.08    0.00    0.00    0.00    0.00    0.00   63.54
07:47:55       1   20.83    0.00   13.54    2.08    0.00    0.00    0.00    0.00    0.00   63.54
07:47:55       2   21.05    0.00   12.63    2.11    0.00    0.00    0.00    0.00    0.00   64.21
07:47:55       3   23.16    0.00   12.63    2.11    0.00    0.00    0.00    0.00    0.00   62.11
07:47:55       4   22.11    0.00   12.63    1.05    0.00    0.00    0.00    0.00    0.00   64.21
07:47:55       5   21.51    0.00   11.83    1.08    0.00    0.00    0.00    0.00    0.00   65.59
07:47:55       6   21.88    0.00   12.50    2.08    0.00    0.00    0.00    0.00    0.00   63.54
07:47:55       7   22.68    0.00   13.40    2.06    0.00    0.00    0.00    0.00    0.00   61.86
07:47:55       8   21.05    0.00   13.68    1.05    0.00    0.00    0.00    0.00    0.00   64.21
07:47:55       9   22.34    0.00   11.70    1.06    0.00    0.00    0.00    0.00    0.00   64.89
07:47:55      10   21.05    0.00   12.63    2.11    0.00    0.00    0.00    0.00    0.00   64.21
07:47:55      11   20.00    0.00   13.68    2.11    0.00    0.00    0.00    0.00    0.00   64.21
07:47:55      12   21.05    0.00   12.63    2.11    0.00    0.00    0.00    0.00    0.00   64.21
07:47:55      13   22.34    0.00   12.77    2.13    0.00    0.00    0.00    0.00    0.00   62.77
07:47:55      14   20.43    0.00   11.83    2.15    0.00    0.00    0.00    0.00    0.00   65.59
07:47:55      15   20.21    0.00   12.77    2.13    0.00    0.00    0.00    0.00    0.00   64.89
07:47:55      16   20.83    0.00   13.54    1.04    0.00    0.00    0.00    0.00    0.00   64.58
07:47:55      17   21.05    0.00   12.63    2.11    0.00    0.00    0.00    0.00    0.00   64.21
07:47:55      18   21.88    0.00   12.50    1.04    0.00    0.00    0.00    0.00    0.00   64.58
07:47:55      19   21.88    0.00   12.50    2.08    0.00    0.00    0.00    0.00    0.00   63.54
07:47:55      20   23.16    0.00   10.53    2.11    0.00    0.00    0.00    0.00    0.00   64.21
07:47:55      21   21.88    0.00   12.50    2.08    0.00    0.00    0.00    0.00    0.00   63.54
07:47:55      22   23.16    0.00   10.53    2.11    0.00    0.00    0.00    0.00    0.00   64.21
07:47:55      23   21.05    0.00   12.63    1.05    0.00    0.00    0.00    0.00    0.00   65.26
07:47:55      24   22.92    0.00   12.50    2.08    0.00    0.00    0.00    0.00    0.00   62.50
07:47:55      25   22.92    0.00   11.46    1.04    0.00    0.00    0.00    0.00    0.00   64.58
07:47:55      26   22.11    0.00   11.58    1.05    0.00    0.00    0.00    0.00    0.00   65.26
07:47:55      27   22.11    0.00   11.58    1.05    0.00    0.00    0.00    0.00    0.00   65.26
07:47:55      28   21.05    0.00   12.63    2.11    0.00    0.00    0.00    0.00    0.00   64.21
07:47:55      29   18.95    0.00   13.68    2.11    0.00    0.00    0.00    0.00    0.00   65.26
07:47:55      30   21.05    0.00   11.58    2.11    0.00    0.00    0.00    0.00    0.00   65.26
07:47:55      31   20.00    0.00   12.63    3.16    0.00    0.00    0.00    0.00    0.00   64.21

07:47:55     CPU    %usr   %nice    %sys %iowait    %irq   %soft  %steal  %guest  %gnice   %idle
07:47:56     all   23.72    0.00   12.90    2.51    0.00    0.00    0.00    0.00    0.00   60.87
07:47:56       0   24.21    0.00   12.63    4.21    0.00    0.00    0.00    0.00    0.00   58.95
07:47:56       1   24.47    0.00   11.70    1.06    0.00    0.00    0.00    0.00    0.00   62.77
07:47:56       2   22.11    0.00   14.74    3.16    0.00    0.00    0.00    0.00    0.00   60.00
07:47:56       3   23.96    0.00   12.50    1.04    0.00    0.00    0.00    0.00    0.00   62.50
07:47:56       4   23.16    0.00   11.58    2.11    0.00    0.00    0.00    0.00    0.00   63.16
07:47:56       5   23.96    0.00   13.54    6.25    0.00    0.00    0.00    0.00    0.00   56.25
07:47:56       6   22.92    0.00   12.50    3.12    0.00    0.00    0.00    0.00    0.00   61.46
07:47:56       7   25.26    0.00   10.53    1.05    0.00    0.00    0.00    0.00    0.00   63.16
07:47:56       8   25.00    0.00   11.46    2.08    0.00    0.00    0.00    0.00    0.00   61.46
07:47:56       9   22.92    0.00   13.54    3.12    0.00    0.00    0.00    0.00    0.00   60.42
07:47:56      10   21.88    0.00   15.62    1.04    0.00    0.00    0.00    0.00    0.00   61.46
07:47:56      11   23.71    0.00   12.37    1.03    0.00    0.00    0.00    0.00    0.00   62.89
07:47:56      12   25.00    0.00   11.46    3.12    0.00    0.00    0.00    0.00    0.00   60.42
07:47:56      13   23.96    0.00   11.46    3.12    0.00    0.00    0.00    0.00    0.00   61.46
07:47:56      14   26.04    0.00   11.46    2.08    0.00    0.00    0.00    0.00    0.00   60.42
07:47:56      15   23.96    0.00   12.50    5.21    0.00    0.00    0.00    0.00    0.00   58.33
07:47:56      16   23.71    0.00   12.37    1.03    0.00    0.00    0.00    0.00    0.00   62.89
07:47:56      17   22.11    0.00   13.68    2.11    0.00    0.00    0.00    0.00    0.00   62.11
07:47:56      18   26.04    0.00   12.50    2.08    0.00    0.00    0.00    0.00    0.00   59.38
07:47:56      19   21.05    0.00   14.74    4.21    0.00    0.00    0.00    0.00    0.00   60.00
07:47:56      20   24.49    0.00   13.27    2.04    0.00    0.00    0.00    0.00    0.00   60.20
07:47:56      21   22.11    0.00   14.74    2.11    0.00    0.00    0.00    0.00    0.00   61.05
07:47:56      22   23.16    0.00   13.68    2.11    0.00    0.00    0.00    0.00    0.00   61.05
07:47:56      23   24.47    0.00   11.70    2.13    0.00    0.00    0.00    0.00    0.00   61.70
07:47:56      24   24.49    0.00   13.27    2.04    0.00    0.00    0.00    0.00    0.00   60.20
07:47:56      25   24.74    0.00   12.37    2.06    0.00    0.00    0.00    0.00    0.00   60.82
07:47:56      26   23.16    0.00   11.58    2.11    0.00    0.00    0.00    0.00    0.00   63.16
07:47:56      27   24.74    0.00   11.34    1.03    0.00    0.00    0.00    0.00    0.00   62.89
07:47:56      28   22.68    0.00   17.53    1.03    0.00    0.00    0.00    0.00    0.00   58.76
07:47:56      29   23.96    0.00   12.50    2.08    0.00    0.00    0.00    0.00    0.00   61.46
07:47:56      30   21.65    0.00   15.46    6.19    0.00    0.00    0.00    0.00    0.00   56.70
07:47:56      31   23.96    0.00   12.50    3.12    0.00    0.00    0.00    0.00    0.00   60.42

07:47:56     CPU    %usr   %nice    %sys %iowait    %irq   %soft  %steal  %guest  %gnice   %idle
07:47:57     all   21.90    0.00   13.24    3.33    0.00    0.00    0.00    0.00    0.00   61.53
07:47:57       0   20.83    0.00   14.58    5.21    0.00    0.00    0.00    0.00    0.00   59.38
07:47:57       1   22.92    0.00   13.54    9.38    0.00    0.00    0.00    0.00    0.00   54.17
07:47:57       2   21.05    0.00   14.74    3.16    0.00    0.00    0.00    0.00    0.00   61.05
07:47:57       3   22.58    0.00   11.83    3.23    0.00    0.00    0.00    0.00    0.00   62.37
07:47:57       4   21.88    0.00   14.58    4.17    0.00    0.00    0.00    0.00    0.00   59.38
07:47:57       5   22.68    0.00   14.43    6.19    0.00    0.00    0.00    0.00    0.00   56.70
07:47:57       6   23.16    0.00   12.63    3.16    0.00    0.00    0.00    0.00    0.00   61.05
07:47:57       7   21.05    0.00   13.68    3.16    0.00    0.00    0.00    0.00    0.00   62.11
07:47:57       8   21.28    0.00   13.83    2.13    0.00    0.00    0.00    0.00    0.00   62.77
07:47:57       9   21.51    0.00   12.90    1.08    0.00    0.00    0.00    0.00    0.00   64.52
07:47:57      10   23.16    0.00   11.58    2.11    0.00    0.00    0.00    0.00    0.00   63.16
07:47:57      11   21.88    0.00   14.58    2.08    0.00    0.00    0.00    0.00    0.00   61.46
07:47:57      12   21.28    0.00   12.77    1.06    0.00    0.00    0.00    0.00    0.00   64.89
07:47:57      13   22.11    0.00   12.63    1.05    0.00    0.00    0.00    0.00    0.00   64.21
07:47:57      14   23.16    0.00   12.63    3.16    0.00    0.00    0.00    0.00    0.00   61.05
07:47:57      15   20.43    0.00   15.05    9.68    0.00    0.00    0.00    0.00    0.00   54.84
07:47:57      16   21.28    0.00   12.77    5.32    0.00    0.00    0.00    0.00    0.00   60.64
07:47:57      17   23.40    0.00   11.70    4.26    0.00    0.00    0.00    0.00    0.00   60.64
07:47:57      18   21.28    0.00   12.77    3.19    0.00    0.00    0.00    0.00    0.00   62.77
07:47:57      19   23.40    0.00   11.70    3.19    0.00    0.00    0.00    0.00    0.00   61.70
07:47:57      20   19.15    0.00   15.96    1.06    0.00    0.00    0.00    0.00    0.00   63.83
07:47:57      21   22.11    0.00   13.68    2.11    0.00    0.00    0.00    0.00    0.00   62.11
07:47:57      22   21.05    0.00   13.68    4.21    0.00    0.00    0.00    0.00    0.00   61.05
07:47:57      23   23.71    0.00   12.37    2.06    0.00    0.00    0.00    0.00    0.00   61.86
07:47:57      24   23.16    0.00   12.63    2.11    0.00    0.00    0.00    0.00    0.00   62.11
07:47:57      25   22.11    0.00   12.63    4.21    0.00    0.00    0.00    0.00    0.00   61.05
07:47:57      26   22.92    0.00   12.50    3.12    0.00    0.00    0.00    0.00    0.00   61.46
07:47:57      27   20.21    0.00   12.77    2.13    0.00    0.00    0.00    0.00    0.00   64.89
07:47:57      28   20.83    0.00   13.54    2.08    0.00    0.00    0.00    0.00    0.00   63.54
07:47:57      29   20.83    0.00   13.54    2.08    0.00    0.00    0.00    0.00    0.00   63.54
07:47:57      30   22.11    0.00   12.63    2.11    0.00    0.00    0.00    0.00    0.00   63.16
07:47:57      31   22.34    0.00   12.77    3.19    0.00    0.00    0.00    0.00    0.00   61.70

07:47:57     CPU    %usr   %nice    %sys %iowait    %irq   %soft  %steal  %guest  %gnice   %idle
07:47:58     all   22.51    0.00   14.03    3.26    0.00    0.00    0.00    0.00    0.00   60.21
07:47:58       0   21.65    0.00   16.49    1.03    0.00    0.00    0.00    0.00    0.00   60.82
07:47:58       1   21.88    0.00   15.62    9.38    0.00    0.00    0.00    0.00    0.00   53.12
07:47:58       2   21.65    0.00   15.46   11.34    0.00    0.00    0.00    0.00    0.00   51.55
07:47:58       3   22.92    0.00   13.54    2.08    0.00    0.00    0.00    0.00    0.00   61.46
07:47:58       4   22.92    0.00   14.58    3.12    0.00    0.00    0.00    0.00    0.00   59.38
07:47:58       5   21.88    0.00   14.58    4.17    0.00    0.00    0.00    0.00    0.00   59.38
07:47:58       6   22.68    0.00   14.43    2.06    0.00    0.00    0.00    0.00    0.00   60.82
07:47:58       7   23.71    0.00   13.40    1.03    0.00    0.00    0.00    0.00    0.00   61.86
07:47:58       8   23.47    0.00   13.27    4.08    0.00    0.00    0.00    0.00    0.00   59.18
07:47:58       9   20.83    0.00   14.58    2.08    0.00    0.00    0.00    0.00    0.00   62.50
07:47:58      10   21.43    0.00   15.31    2.04    0.00    0.00    0.00    0.00    0.00   61.22
07:47:58      11   21.88    0.00   13.54    4.17    0.00    0.00    0.00    0.00    0.00   60.42
07:47:58      12   22.45    0.00   14.29    2.04    0.00    0.00    0.00    0.00    0.00   61.22
07:47:58      13   22.68    0.00   14.43    2.06    0.00    0.00    0.00    0.00    0.00   60.82
07:47:58      14   22.45    0.00   14.29    3.06    0.00    0.00    0.00    0.00    0.00   60.20
07:47:58      15   22.68    0.00   13.40    2.06    0.00    0.00    0.00    0.00    0.00   61.86
07:47:58      16   24.74    0.00   12.37    1.03    0.00    0.00    0.00    0.00    0.00   61.86
07:47:58      17   21.65    0.00   14.43    2.06    0.00    0.00    0.00    0.00    0.00   61.86
07:47:58      18   23.71    0.00   13.40    2.06    0.00    0.00    0.00    0.00    0.00   60.82
07:47:58      19   22.68    0.00   13.40    4.12    0.00    0.00    0.00    0.00    0.00   59.79
07:47:58      20   22.92    0.00   12.50    4.17    0.00    0.00    0.00    0.00    0.00   60.42
07:47:58      21   21.43    0.00   16.33    6.12    0.00    0.00    0.00    0.00    0.00   56.12
07:47:58      22   22.92    0.00   12.50    3.12    0.00    0.00    0.00    0.00    0.00   61.46
07:47:58      23   21.65    0.00   15.46    7.22    0.00    0.00    0.00    0.00    0.00   55.67
07:47:58      24   22.68    0.00   13.40    3.09    0.00    0.00    0.00    0.00    0.00   60.82
07:47:58      25   21.88    0.00   13.54    1.04    0.00    0.00    0.00    0.00    0.00   63.54
07:47:58      26   22.45    0.00   14.29    3.06    0.00    0.00    0.00    0.00    0.00   60.20
07:47:58      27   25.25    0.00   12.12    1.01    0.00    0.00    0.00    0.00    0.00   61.62
07:47:58      28   21.88    0.00   13.54    1.04    0.00    0.00    0.00    0.00    0.00   63.54
07:47:58      29   23.71    0.00   12.37    2.06    0.00    0.00    0.00    0.00    0.00   61.86
07:47:58      30   22.68    0.00   13.40    4.12    0.00    0.00    0.00    0.00    0.00   59.79
07:47:58      31   20.83    0.00   14.58    3.12    0.00    0.00    0.00    0.00    0.00   61.46

07:47:58     CPU    %usr   %nice    %sys %iowait    %irq   %soft  %steal  %guest  %gnice   %idle
07:47:59     all   22.64    0.00   14.32    5.32    0.00    0.00    0.00    0.00    0.00   57.72
07:47:59       0   22.68    0.00   14.43    6.19    0.00    0.00    0.00    0.00    0.00   56.70
07:47:59       1   22.11    0.00   15.79    8.42    0.00    0.00    0.00    0.00    0.00   53.68
07:47:59       2   24.74    0.00   14.43    7.22    0.00    0.00    0.00    0.00    0.00   53.61
07:47:59       3   23.16    0.00   12.63    7.37    0.00    0.00    0.00    0.00    0.00   56.84
07:47:59       4   21.88    0.00   14.58    4.17    0.00    0.00    0.00    0.00    0.00   59.38
07:47:59       5   23.71    0.00   13.40    5.15    0.00    0.00    0.00    0.00    0.00   57.73
07:47:59       6   21.28    0.00   14.89    6.38    0.00    0.00    0.00    0.00    0.00   57.45
07:47:59       7   22.68    0.00   15.46    4.12    0.00    0.00    0.00    0.00    0.00   57.73
07:47:59       8   22.11    0.00   14.74    3.16    0.00    0.00    0.00    0.00    0.00   60.00
07:47:59       9   25.00    0.00   13.54    5.21    0.00    0.00    0.00    0.00    0.00   56.25
07:47:59      10   23.16    0.00   13.68    3.16    0.00    0.00    0.00    0.00    0.00   60.00
07:47:59      11   23.71    0.00   14.43    4.12    0.00    0.00    0.00    0.00    0.00   57.73
07:47:59      12   24.21    0.00   12.63    3.16    0.00    0.00    0.00    0.00    0.00   60.00
07:47:59      13   23.96    0.00   12.50    5.21    0.00    0.00    0.00    0.00    0.00   58.33
07:47:59      14   22.34    0.00   13.83    4.26    0.00    0.00    0.00    0.00    0.00   59.57
07:47:59      15   22.68    0.00   14.43    5.15    0.00    0.00    0.00    0.00    0.00   57.73
07:47:59      16   22.11    0.00   13.68    4.21    0.00    0.00    0.00    0.00    0.00   60.00
07:47:59      17   22.34    0.00   13.83   10.64    0.00    0.00    0.00    0.00    0.00   53.19
07:47:59      18   20.83    0.00   15.62    5.21    0.00    0.00    0.00    0.00    0.00   58.33
07:47:59      19   22.11    0.00   13.68    6.32    0.00    0.00    0.00    0.00    0.00   57.89
07:47:59      20   21.65    0.00   15.46    4.12    0.00    0.00    0.00    0.00    0.00   58.76
07:47:59      21   23.16    0.00   13.68   10.53    0.00    0.00    0.00    0.00    0.00   52.63
07:47:59      22   23.16    0.00   14.74    5.26    0.00    0.00    0.00    0.00    0.00   56.84
07:47:59      23   20.83    0.00   15.62    6.25    0.00    0.00    0.00    0.00    0.00   57.29
07:47:59      24   21.88    0.00   14.58    4.17    0.00    0.00    0.00    0.00    0.00   59.38
07:47:59      25   23.71    0.00   14.43    5.15    0.00    0.00    0.00    0.00    0.00   56.70
07:47:59      26   23.40    0.00   12.77    3.19    0.00    0.00    0.00    0.00    0.00   60.64
07:47:59      27   22.68    0.00   15.46    4.12    0.00    0.00    0.00    0.00    0.00   57.73
07:47:59      28   22.68    0.00   14.43    6.19    0.00    0.00    0.00    0.00    0.00   56.70
07:47:59      29   22.92    0.00   14.58    3.12    0.00    0.00    0.00    0.00    0.00   59.38
07:47:59      30   20.00    0.00   15.79    4.21    0.00    0.00    0.00    0.00    0.00   60.00
07:47:59      31   21.65    0.00   14.43    5.15    0.00    0.00    0.00    0.00    0.00   58.76

07:47:59     CPU    %usr   %nice    %sys %iowait    %irq   %soft  %steal  %guest  %gnice   %idle
07:48:00     all   22.63    0.00   13.95    5.19    0.00    0.00    0.00    0.00    0.00   58.23
07:48:00       0   20.00    0.00   15.79    4.21    0.00    0.00    0.00    0.00    0.00   60.00
07:48:00       1   20.83    0.00   16.67   13.54    0.00    0.00    0.00    0.00    0.00   48.96
07:48:00       2   25.00    0.00   12.50    8.33    0.00    0.00    0.00    0.00    0.00   54.17
07:48:00       3   23.16    0.00   14.74    5.26    0.00    0.00    0.00    0.00    0.00   56.84
07:48:00       4   23.96    0.00   12.50    6.25    0.00    0.00    0.00    0.00    0.00   57.29
07:48:00       5   23.16    0.00   13.68    4.21    0.00    0.00    0.00    0.00    0.00   58.95
07:48:00       6   23.16    0.00   12.63    5.26    0.00    0.00    0.00    0.00    0.00   58.95
07:48:00       7   23.96    0.00   12.50    4.17    0.00    0.00    0.00    0.00    0.00   59.38
07:48:00       8   23.16    0.00   12.63    5.26    0.00    0.00    0.00    0.00    0.00   58.95
07:48:00       9   22.68    0.00   13.40    4.12    0.00    0.00    0.00    0.00    0.00   59.79
07:48:00      10   23.16    0.00   12.63    5.26    0.00    0.00    0.00    0.00    0.00   58.95
07:48:00      11   24.47    0.00   13.83    3.19    0.00    0.00    0.00    0.00    0.00   58.51
07:48:00      12   21.05    0.00   15.79    5.26    0.00    0.00    0.00    0.00    0.00   57.89
07:48:00      13   22.11    0.00   13.68    3.16    0.00    0.00    0.00    0.00    0.00   61.05
07:48:00      14   20.62    0.00   15.46    6.19    0.00    0.00    0.00    0.00    0.00   57.73
07:48:00      15   22.11    0.00   13.68    4.21    0.00    0.00    0.00    0.00    0.00   60.00
07:48:00      16   24.21    0.00   11.58    2.11    0.00    0.00    0.00    0.00    0.00   62.11
07:48:00      17   22.34    0.00   14.89    9.57    0.00    0.00    0.00    0.00    0.00   53.19
07:48:00      18   23.71    0.00   13.40    5.15    0.00    0.00    0.00    0.00    0.00   57.73
07:48:00      19   21.65    0.00   15.46    5.15    0.00    0.00    0.00    0.00    0.00   57.73
07:48:00      20   23.96    0.00   13.54    4.17    0.00    0.00    0.00    0.00    0.00   58.33
07:48:00      21   21.88    0.00   15.62    9.38    0.00    0.00    0.00    0.00    0.00   53.12
07:48:00      22   21.65    0.00   15.46    4.12    0.00    0.00    0.00    0.00    0.00   58.76
07:48:00      23   22.11    0.00   13.68    5.26    0.00    0.00    0.00    0.00    0.00   58.95
07:48:00      24   21.05    0.00   15.79    3.16    0.00    0.00    0.00    0.00    0.00   60.00
07:48:00      25   22.92    0.00   13.54    4.17    0.00    0.00    0.00    0.00    0.00   59.38
07:48:00      26   21.65    0.00   14.43    4.12    0.00    0.00    0.00    0.00    0.00   59.79
07:48:00      27   21.28    0.00   13.83    4.26    0.00    0.00    0.00    0.00    0.00   60.64
07:48:00      28   23.71    0.00   12.37    3.09    0.00    0.00    0.00    0.00    0.00   60.82
07:48:00      29   22.92    0.00   13.54    6.25    0.00    0.00    0.00    0.00    0.00   57.29
07:48:00      30   22.11    0.00   13.68    4.21    0.00    0.00    0.00    0.00    0.00   60.00
07:48:00      31   24.49    0.00   13.27    4.08    0.00    0.00    0.00    0.00    0.00   58.16

07:48:00     CPU    %usr   %nice    %sys %iowait    %irq   %soft  %steal  %guest  %gnice   %idle
07:48:01     all   22.80    0.00   14.34    5.19    0.00    0.00    0.00    0.00    0.00   57.66
07:48:01       0   22.11    0.00   15.79    3.16    0.00    0.00    0.00    0.00    0.00   58.95
07:48:01       1   24.21    0.00   13.68    9.47    0.00    0.00    0.00    0.00    0.00   52.63
07:48:01       2   21.88    0.00   16.67    9.38    0.00    0.00    0.00    0.00    0.00   52.08
07:48:01       3   22.11    0.00   14.74    7.37    0.00    0.00    0.00    0.00    0.00   55.79
07:48:01       4   22.11    0.00   14.74    4.21    0.00    0.00    0.00    0.00    0.00   58.95
07:48:01       5   22.92    0.00   14.58    5.21    0.00    0.00    0.00    0.00    0.00   57.29
07:48:01       6   22.34    0.00   14.89    6.38    0.00    0.00    0.00    0.00    0.00   56.38
07:48:01       7   22.68    0.00   15.46    3.09    0.00    0.00    0.00    0.00    0.00   58.76
07:48:01       8   25.00    0.00   12.50    4.17    0.00    0.00    0.00    0.00    0.00   58.33
07:48:01       9   22.92    0.00   14.58    4.17    0.00    0.00    0.00    0.00    0.00   58.33
07:48:01      10   22.45    0.00   15.31    5.10    0.00    0.00    0.00    0.00    0.00   57.14
07:48:01      11   22.45    0.00   15.31    3.06    0.00    0.00    0.00    0.00    0.00   59.18
07:48:01      12   23.47    0.00   14.29    5.10    0.00    0.00    0.00    0.00    0.00   57.14
07:48:01      13   23.71    0.00   13.40    5.15    0.00    0.00    0.00    0.00    0.00   57.73
07:48:01      14   22.11    0.00   14.74    3.16    0.00    0.00    0.00    0.00    0.00   60.00
07:48:01      15   22.11    0.00   13.68    4.21    0.00    0.00    0.00    0.00    0.00   60.00
07:48:01      16   21.88    0.00   14.58    3.12    0.00    0.00    0.00    0.00    0.00   60.42
07:48:01      17   23.16    0.00   13.68   10.53    0.00    0.00    0.00    0.00    0.00   52.63
07:48:01      18   21.51    0.00   13.98    5.38    0.00    0.00    0.00    0.00    0.00   59.14
07:48:01      19   22.58    0.00   13.98    5.38    0.00    0.00    0.00    0.00    0.00   58.06
07:48:01      20   22.92    0.00   14.58    4.17    0.00    0.00    0.00    0.00    0.00   58.33
07:48:01      21   23.16    0.00   14.74    8.42    0.00    0.00    0.00    0.00    0.00   53.68
07:48:01      22   22.34    0.00   13.83    4.26    0.00    0.00    0.00    0.00    0.00   59.57
07:48:01      23   22.68    0.00   15.46    5.15    0.00    0.00    0.00    0.00    0.00   56.70
07:48:01      24   25.00    0.00   11.46    5.21    0.00    0.00    0.00    0.00    0.00   58.33
07:48:01      25   21.88    0.00   14.58    4.17    0.00    0.00    0.00    0.00    0.00   59.38
07:48:01      26   22.92    0.00   14.58    6.25    0.00    0.00    0.00    0.00    0.00   56.25
07:48:01      27   21.88    0.00   14.58    5.21    0.00    0.00    0.00    0.00    0.00   58.33
07:48:01      28   23.16    0.00   13.68    4.21    0.00    0.00    0.00    0.00    0.00   58.95
07:48:01      29   23.40    0.00   12.77    4.26    0.00    0.00    0.00    0.00    0.00   59.57
07:48:01      30   23.71    0.00   14.43    5.15    0.00    0.00    0.00    0.00    0.00   56.70
07:48:01      31   22.92    0.00   13.54    3.12    0.00    0.00    0.00    0.00    0.00   60.42

07:48:01     CPU    %usr   %nice    %sys %iowait    %irq   %soft  %steal  %guest  %gnice   %idle
07:48:02     all   22.20    0.00   14.28    5.44    0.00    0.00    0.00    0.00    0.00   58.08
07:48:02       0   20.83    0.00   15.62    4.17    0.00    0.00    0.00    0.00    0.00   59.38
07:48:02       1   23.66    0.00   11.83   11.83    0.00    0.00    0.00    0.00    0.00   52.69
07:48:02       2   22.11    0.00   14.74    8.42    0.00    0.00    0.00    0.00    0.00   54.74
07:48:02       3   22.92    0.00   14.58    3.12    0.00    0.00    0.00    0.00    0.00   59.38
07:48:02       4   21.88    0.00   15.62    5.21    0.00    0.00    0.00    0.00    0.00   57.29
07:48:02       5   22.92    0.00   13.54    5.21    0.00    0.00    0.00    0.00    0.00   58.33
07:48:02       6   22.68    0.00   14.43    5.15    0.00    0.00    0.00    0.00    0.00   57.73
07:48:02       7   22.68    0.00   14.43    6.19    0.00    0.00    0.00    0.00    0.00   56.70
07:48:02       8   23.47    0.00   14.29    4.08    0.00    0.00    0.00    0.00    0.00   58.16
07:48:02       9   22.11    0.00   13.68    4.21    0.00    0.00    0.00    0.00    0.00   60.00
07:48:02      10   21.65    0.00   15.46    5.15    0.00    0.00    0.00    0.00    0.00   57.73
07:48:02      11   22.92    0.00   13.54    4.17    0.00    0.00    0.00    0.00    0.00   59.38
07:48:02      12   22.11    0.00   14.74    4.21    0.00    0.00    0.00    0.00    0.00   58.95
07:48:02      13   21.88    0.00   14.58    4.17    0.00    0.00    0.00    0.00    0.00   59.38
07:48:02      14   23.47    0.00   13.27    7.14    0.00    0.00    0.00    0.00    0.00   56.12
07:48:02      15   20.00    0.00   14.74    3.16    0.00    0.00    0.00    0.00    0.00   62.11
07:48:02      16   22.68    0.00   13.40    5.15    0.00    0.00    0.00    0.00    0.00   58.76
07:48:02      17   22.11    0.00   14.74   11.58    0.00    0.00    0.00    0.00    0.00   51.58
07:48:02      18   20.83    0.00   16.67    6.25    0.00    0.00    0.00    0.00    0.00   56.25
07:48:02      19   23.16    0.00   12.63    4.21    0.00    0.00    0.00    0.00    0.00   60.00
07:48:02      20   21.28    0.00   13.83    4.26    0.00    0.00    0.00    0.00    0.00   60.64
07:48:02      21   21.43    0.00   16.33    9.18    0.00    0.00    0.00    0.00    0.00   53.06
07:48:02      22   22.92    0.00   14.58    6.25    0.00    0.00    0.00    0.00    0.00   56.25
07:48:02      23   23.40    0.00   12.77    6.38    0.00    0.00    0.00    0.00    0.00   57.45
07:48:02      24   20.83    0.00   15.62    5.21    0.00    0.00    0.00    0.00    0.00   58.33
07:48:02      25   20.21    0.00   14.89    7.45    0.00    0.00    0.00    0.00    0.00   57.45
07:48:02      26   22.11    0.00   13.68    4.21    0.00    0.00    0.00    0.00    0.00   60.00
07:48:02      27   22.45    0.00   14.29    3.06    0.00    0.00    0.00    0.00    0.00   60.20
07:48:02      28   20.83    0.00   14.58    3.12    0.00    0.00    0.00    0.00    0.00   61.46
07:48:02      29   21.65    0.00   14.43    5.15    0.00    0.00    0.00    0.00    0.00   58.76
07:48:02      30   24.74    0.00   12.37    5.15    0.00    0.00    0.00    0.00    0.00   57.73
07:48:02      31   22.34    0.00   12.77    2.13    0.00    0.00    0.00    0.00    0.00   62.77

07:48:02     CPU    %usr   %nice    %sys %iowait    %irq   %soft  %steal  %guest  %gnice   %idle
07:48:03     all   22.15    0.00   14.32    5.36    0.00    0.00    0.00    0.00    0.00   58.17
07:48:03       0   22.92    0.00   14.58    4.17    0.00    0.00    0.00    0.00    0.00   58.33
07:48:03       1   24.21    0.00   13.68    8.42    0.00    0.00    0.00    0.00    0.00   53.68
07:48:03       2   23.96    0.00   12.50    8.33    0.00    0.00    0.00    0.00    0.00   55.21
07:48:03       3   20.62    0.00   15.46    7.22    0.00    0.00    0.00    0.00    0.00   56.70
07:48:03       4   20.83    0.00   15.62    4.17    0.00    0.00    0.00    0.00    0.00   59.38
07:48:03       5   22.11    0.00   14.74    6.32    0.00    0.00    0.00    0.00    0.00   56.84
07:48:03       6   23.47    0.00   13.27    3.06    0.00    0.00    0.00    0.00    0.00   60.20
07:48:03       7   21.88    0.00   15.62    6.25    0.00    0.00    0.00    0.00    0.00   56.25
07:48:03       8   21.43    0.00   15.31    6.12    0.00    0.00    0.00    0.00    0.00   57.14
07:48:03       9   19.79    0.00   16.67    5.21    0.00    0.00    0.00    0.00    0.00   58.33
07:48:03      10   21.65    0.00   15.46    4.12    0.00    0.00    0.00    0.00    0.00   58.76
07:48:03      11   21.88    0.00   13.54    3.12    0.00    0.00    0.00    0.00    0.00   61.46
07:48:03      12   21.43    0.00   15.31    4.08    0.00    0.00    0.00    0.00    0.00   59.18
07:48:03      13   21.05    0.00   14.74    3.16    0.00    0.00    0.00    0.00    0.00   61.05
07:48:03      14   23.47    0.00   13.27    5.10    0.00    0.00    0.00    0.00    0.00   58.16
07:48:03      15   23.71    0.00   14.43    4.12    0.00    0.00    0.00    0.00    0.00   57.73
07:48:03      16   22.11    0.00   13.68    4.21    0.00    0.00    0.00    0.00    0.00   60.00
07:48:03      17   23.47    0.00   14.29   10.20    0.00    0.00    0.00    0.00    0.00   52.04
07:48:03      18   20.83    0.00   14.58    6.25    0.00    0.00    0.00    0.00    0.00   58.33
07:48:03      19   21.88    0.00   13.54    6.25    0.00    0.00    0.00    0.00    0.00   58.33
07:48:03      20   22.92    0.00   13.54    7.29    0.00    0.00    0.00    0.00    0.00   56.25
07:48:03      21   22.34    0.00   13.83    5.32    0.00    0.00    0.00    0.00    0.00   58.51
07:48:03      22   21.88    0.00   15.62    5.21    0.00    0.00    0.00    0.00    0.00   57.29
07:48:03      23   22.92    0.00   13.54    7.29    0.00    0.00    0.00    0.00    0.00   56.25
07:48:03      24   22.11    0.00   14.74    4.21    0.00    0.00    0.00    0.00    0.00   58.95
07:48:03      25   21.88    0.00   13.54    4.17    0.00    0.00    0.00    0.00    0.00   60.42
07:48:03      26   22.68    0.00   13.40    4.12    0.00    0.00    0.00    0.00    0.00   59.79
07:48:03      27   22.68    0.00   13.40    6.19    0.00    0.00    0.00    0.00    0.00   57.73
07:48:03      28   22.68    0.00   14.43    5.15    0.00    0.00    0.00    0.00    0.00   57.73
07:48:03      29   20.83    0.00   15.62    4.17    0.00    0.00    0.00    0.00    0.00   59.38
07:48:03      30   21.05    0.00   13.68    5.26    0.00    0.00    0.00    0.00    0.00   60.00
07:48:03      31   22.11    0.00   12.63    3.16    0.00    0.00    0.00    0.00    0.00   62.11

07:48:03     CPU    %usr   %nice    %sys %iowait    %irq   %soft  %steal  %guest  %gnice   %idle
07:48:04     all   22.68    0.00   14.40    5.21    0.00    0.00    0.00    0.00    0.00   57.71
07:48:04       0   23.71    0.00   13.40    4.12    0.00    0.00    0.00    0.00    0.00   58.76
07:48:04       1   21.28    0.00   14.89    8.51    0.00    0.00    0.00    0.00    0.00   55.32
07:48:04       2   23.16    0.00   14.74    9.47    0.00    0.00    0.00    0.00    0.00   52.63
07:48:04       3   23.16    0.00   13.68    5.26    0.00    0.00    0.00    0.00    0.00   57.89
07:48:04       4   23.47    0.00   14.29    5.10    0.00    0.00    0.00    0.00    0.00   57.14
07:48:04       5   22.45    0.00   15.31    6.12    0.00    0.00    0.00    0.00    0.00   56.12
07:48:04       6   24.49    0.00   14.29    4.08    0.00    0.00    0.00    0.00    0.00   57.14
07:48:04       7   22.68    0.00   15.46    7.22    0.00    0.00    0.00    0.00    0.00   54.64
07:48:04       8   21.51    0.00   15.05    4.30    0.00    0.00    0.00    0.00    0.00   59.14
07:48:04       9   22.68    0.00   14.43    5.15    0.00    0.00    0.00    0.00    0.00   57.73
07:48:04      10   24.21    0.00   12.63    2.11    0.00    0.00    0.00    0.00    0.00   61.05
07:48:04      11   22.92    0.00   14.58    5.21    0.00    0.00    0.00    0.00    0.00   57.29
07:48:04      12   23.40    0.00   12.77    3.19    0.00    0.00    0.00    0.00    0.00   60.64
07:48:04      13   21.88    0.00   14.58    3.12    0.00    0.00    0.00    0.00    0.00   60.42
07:48:04      14   23.16    0.00   13.68    3.16    0.00    0.00    0.00    0.00    0.00   60.00
07:48:04      15   21.88    0.00   14.58    3.12    0.00    0.00    0.00    0.00    0.00   60.42
07:48:04      16   22.68    0.00   15.46    3.09    0.00    0.00    0.00    0.00    0.00   58.76
07:48:04      17   22.11    0.00   14.74   10.53    0.00    0.00    0.00    0.00    0.00   52.63
07:48:04      18   22.68    0.00   14.43    5.15    0.00    0.00    0.00    0.00    0.00   57.73
07:48:04      19   21.88    0.00   14.58    6.25    0.00    0.00    0.00    0.00    0.00   57.29
07:48:04      20   22.92    0.00   14.58    6.25    0.00    0.00    0.00    0.00    0.00   56.25
07:48:04      21   22.92    0.00   15.62    8.33    0.00    0.00    0.00    0.00    0.00   53.12
07:48:04      22   23.16    0.00   13.68    5.26    0.00    0.00    0.00    0.00    0.00   57.89
07:48:04      23   22.11    0.00   15.79    4.21    0.00    0.00    0.00    0.00    0.00   57.89
07:48:04      24   21.88    0.00   15.62    6.25    0.00    0.00    0.00    0.00    0.00   56.25
07:48:04      25   22.68    0.00   14.43    6.19    0.00    0.00    0.00    0.00    0.00   56.70
07:48:04      26   21.28    0.00   13.83    4.26    0.00    0.00    0.00    0.00    0.00   60.64
07:48:04      27   24.49    0.00   13.27    4.08    0.00    0.00    0.00    0.00    0.00   58.16
07:48:04      28   21.88    0.00   14.58    6.25    0.00    0.00    0.00    0.00    0.00   57.29
07:48:04      29   21.05    0.00   14.74    5.26    0.00    0.00    0.00    0.00    0.00   58.95
07:48:04      30   21.88    0.00   14.58    3.12    0.00    0.00    0.00    0.00    0.00   60.42
07:48:04      31   23.96    0.00   12.50    3.12    0.00    0.00    0.00    0.00    0.00   60.42

07:48:04     CPU    %usr   %nice    %sys %iowait    %irq   %soft  %steal  %guest  %gnice   %idle
07:48:05     all   23.70    0.00   14.14    5.19    0.00    0.00    0.00    0.00    0.00   56.97
07:48:05       0   23.40    0.00   13.83    2.13    0.00    0.00    0.00    0.00    0.00   60.64
07:48:05       1   24.49    0.00   14.29    9.18    0.00    0.00    0.00    0.00    0.00   52.04
07:48:05       2   22.92    0.00   15.62   10.42    0.00    0.00    0.00    0.00    0.00   51.04
