# Benchmark: [POSTGRES DISK] pgbench TPC-B - PostgreSQL OLTP

**Date:** 2026-01-04 07:39:14
**Scenario:** PostgreSQL OLTP - 100 clients, TPC-B like workload with full monitoring

---

## Target Disk

| Property | Value |
|----------|-------|
| **Name** | **POSTGRES** |
| **Mount Point** | `/data,/wal` |
| **Device** | `/dev/md0,/dev/md1` |
| **Volumes** | `nvme1n1, nvme2n1, nvme3n1, nvme4n1, nvme5n1, nvme6n1, nvme7n1, nvme8n1, nvme9n1, nvme10n1, nvme11n1, nvme12n1, nvme13n1, nvme14n1, nvme15n1, nvme16n1, md0, md1` |

---

## System Configuration

```
=== INSTANCE ===

Linux ip-10-0-1-171 6.14.0-1018-aws #18~24.04.1-Ubuntu SMP Mon Nov 24 19:32:52 UTC 2025 aarch64 aarch64 aarch64 GNU/Linux
Architecture:                            aarch64
CPU(s):                                  32
Model name:                              Neoverse-V2
total        used        free      shared  buff/cache   available
Mem:            61Gi       5.3Gi        35Gi       4.2Gi        25Gi        56Gi
Swap:             0B          0B          0B

=== OS TUNING ===
vm.swappiness = 1
vm.dirty_ratio = 10
vm.dirty_background_ratio = 5
vm.dirty_expire_centisecs = 3000
vm.dirty_writeback_centisecs = 500
always madvise [never]

=== NETWORK ===
net.core.somaxconn = 4096
net.core.rmem_max = 16777216
net.core.wmem_max = 16777216
net.ipv4.tcp_tw_reuse = 1
net.ipv4.tcp_fin_timeout = 15

=== DISK - RAID ===
Personalities : [raid10] 
md1 : active raid10 nvme9n1[6] nvme13n1[2] nvme15n1[1] nvme11n1[7] nvme14n1[4] nvme12n1[0] nvme10n1[3] nvme16n1[5]
      125759488 blocks super 1.2 256K chunks 2 near-copies [8/8] [UUUUUUUU]
      
md0 : active raid10 nvme0n1[4] nvme4n1[6] nvme7n1[2] nvme6n1[3] nvme3n1[5] nvme2n1[7] nvme8n1[0] nvme5n1[1]
      209580032 blocks super 1.2 64K chunks 2 near-copies [8/8] [UUUUUUUU]
      
unused devices: <none>
/dev/md0:
           Version : 1.2
     Creation Time : Sat Jan  3 08:26:08 2026
        Raid Level : raid10
        Array Size : 209580032 (199.87 GiB 214.61 GB)
     Used Dev Size : 52395008 (49.97 GiB 53.65 GB)
      Raid Devices : 8
     Total Devices : 8
       Persistence : Superblock is persistent

       Update Time : Sun Jan  4 07:38:09 2026
             State : clean 
    Active Devices : 8
   Working Devices : 8
    Failed Devices : 0
     Spare Devices : 0

            Layout : near=2
        Chunk Size : 64K

Consistency Policy : resync

              Name : ip-10-0-1-227:0
              UUID : ec94b08e:1ec1acd2:a24076ab:c0b61faa
            Events : 292

    Number   Major   Minor   RaidDevice State
       0     259        8        0      active sync set-A   /dev/nvme8n1
       1     259        2        1      active sync set-B   /dev/nvme5n1
       2     259        7        2      active sync set-A   /dev/nvme7n1
       3     259        6        3      active sync set-B   /dev/nvme6n1
       4     259        3        4      active sync set-A   /dev/nvme0n1
       5     259        5        5      active sync set-B   /dev/nvme3n1
       6     259        1        6      active sync set-A   /dev/nvme4n1
       7     259        4        7      active sync set-B   /dev/nvme2n1
/dev/md1:
           Version : 1.2
     Creation Time : Sat Jan  3 08:26:08 2026
        Raid Level : raid10
        Array Size : 125759488 (119.93 GiB 128.78 GB)
     Used Dev Size : 31439872 (29.98 GiB 32.19 GB)
      Raid Devices : 8
     Total Devices : 8
       Persistence : Superblock is persistent

       Update Time : Sun Jan  4 07:37:44 2026
             State : clean 
    Active Devices : 8
   Working Devices : 8
    Failed Devices : 0
     Spare Devices : 0

            Layout : near=2
        Chunk Size : 256K

Consistency Policy : resync

              Name : ip-10-0-1-227:1
              UUID : 4920b43f:4424608d:2e163255:f781c5ec
            Events : 19

    Number   Major   Minor   RaidDevice State
       0     259       12        0      active sync set-A   /dev/nvme12n1
       1     259       18        1      active sync set-B   /dev/nvme15n1
       2     259       15        2      active sync set-A   /dev/nvme13n1
       3     259       14        3      active sync set-B   /dev/nvme10n1
       4     259       17        4      active sync set-A   /dev/nvme14n1
       5     259       19        5      active sync set-B   /dev/nvme16n1
       6     259       16        6      active sync set-A   /dev/nvme9n1
       7     259       13        7      active sync set-B   /dev/nvme11n1

=== DISK - BLOCK TUNING ===
--- md0 ---
scheduler: 
read_ahead_kb: 512
nr_requests: 
--- md1 ---
scheduler: 
read_ahead_kb: 4096
nr_requests: 

=== DISK - MOUNT ===
/dev/md1 on /wal type xfs (rw,noatime,nodiratime,attr2,inode64,logbufs=8,logbsize=256k,sunit=512,swidth=2048,noquota)
/dev/md0 on /data type xfs (rw,noatime,nodiratime,attr2,inode64,allocsize=65536k,logbufs=8,logbsize=256k,sunit=128,swidth=512,noquota)
Filesystem      Size  Used Avail Use% Mounted on
/dev/md0        200G   42G  159G  21% /data
/dev/md1        120G   25G   96G  21% /wal

=== DISK - XFS ===
meta-data=/dev/md0               isize=512    agcount=16, agsize=3274688 blks
         =                       sectsz=4096  attr=2, projid32bit=1
         =                       crc=1        finobt=1, sparse=1, rmapbt=1
         =                       reflink=1    bigtime=1 inobtcount=1 nrext64=0
data     =                       bsize=4096   blocks=52395008, imaxpct=25
         =                       sunit=16     swidth=64 blks
naming   =version 2              bsize=4096   ascii-ci=0, ftype=1
log      =internal log           bsize=4096   blocks=25583, version=2
         =                       sectsz=4096  sunit=1 blks, lazy-count=1
realtime =none                   extsz=4096   blocks=0, rtextents=0
meta-data=/dev/md1               isize=512    agcount=8, agsize=3929984 blks
         =                       sectsz=4096  attr=2, projid32bit=1
         =                       crc=1        finobt=1, sparse=1, rmapbt=1
         =                       reflink=1    bigtime=1 inobtcount=1 nrext64=0
data     =                       bsize=4096   blocks=31439872, imaxpct=25
         =                       sunit=64     swidth=256 blks
naming   =version 2              bsize=4096   ascii-ci=0, ftype=1
log      =internal log           bsize=4096   blocks=16384, version=2
         =                       sectsz=4096  sunit=1 blks, lazy-count=1
realtime =none                   extsz=4096   blocks=0, rtextents=0
```

---

## Command 1: Begin:sysctl_swappiness

### Command
```bash
sysctl -w vm.swappiness=1
```

### Output
```
vm.swappiness = 1

```

---

## Command 2: Begin:sysctl_dirty_background

### Command
```bash
sysctl -w vm.dirty_background_ratio=1
```

### Output
```
vm.dirty_background_ratio = 1

```

---

## Command 3: Begin:sysctl_dirty_ratio

### Command
```bash
sysctl -w vm.dirty_ratio=4
```

### Output
```
vm.dirty_ratio = 4

```

---

## Command 4: Begin:sysctl_dirty_expire

### Command
```bash
sysctl -w vm.dirty_expire_centisecs=200
```

### Output
```
vm.dirty_expire_centisecs = 200

```

---

## Command 5: Begin:sysctl_dirty_writeback

### Command
```bash
sysctl -w vm.dirty_writeback_centisecs=100
```

### Output
```
vm.dirty_writeback_centisecs = 100

```

---

## Command 6: Begin:pg_stat_reset

### Command
```bash
sudo -u postgres psql -c 'SELECT pg_stat_reset(); SELECT pg_stat_reset_shared('"'"'bgwriter'"'"');'
```

### Output
```
 pg_stat_reset 
---------------
 
(1 row)

 pg_stat_reset_shared 
----------------------
 
(1 row)


```

---

## Command 7: pgbench

### Command
```bash
sudo -u postgres pgbench -c 100 -j 6 -T 60 -P 5 -b tpcb-like pgbench
```

### Output
```
pgbench (16.11 (Ubuntu 16.11-1.pgdg24.04+1))
transaction type: <builtin: TPC-B (sort of)>
scaling factor: 1250
query mode: simple
number of clients: 100
number of threads: 6
maximum number of tries: 1
duration: 60 s
number of transactions actually processed: 1276025
number of failed transactions: 0 (0.000%)
latency average = 4.694 ms
latency stddev = 11.035 ms
initial connection time = 52.555 ms
tps = 21199.020698 (without initial connection time)
starting vacuum...end.
progress: 5.0 s, 34115.7 tps, lat 2.892 ms stddev 1.106, 0 failed
progress: 10.0 s, 34856.4 tps, lat 2.861 ms stddev 1.062, 0 failed
progress: 15.0 s, 26230.6 tps, lat 3.805 ms stddev 8.538, 0 failed
progress: 20.0 s, 18231.6 tps, lat 5.424 ms stddev 11.662, 0 failed
progress: 25.0 s, 16569.8 tps, lat 6.090 ms stddev 13.926, 0 failed
progress: 30.0 s, 17881.3 tps, lat 5.586 ms stddev 12.229, 0 failed
progress: 35.0 s, 17328.3 tps, lat 5.743 ms stddev 14.774, 0 failed
progress: 40.0 s, 17963.8 tps, lat 5.572 ms stddev 14.545, 0 failed
progress: 45.0 s, 18679.0 tps, lat 5.316 ms stddev 12.886, 0 failed
progress: 50.0 s, 17420.6 tps, lat 5.726 ms stddev 14.094, 0 failed
progress: 55.0 s, 18611.6 tps, lat 5.385 ms stddev 12.302, 0 failed
progress: 60.0 s, 17296.0 tps, lat 5.799 ms stddev 13.707, 0 failed

```

---

## Command 8: meminfo

### Command
```bash
bash -c 'for i in $(seq 1 70); do date '"'"'+%H:%M:%S'"'"'; grep -E '"'"'Dirty|Writeback'"'"' /proc/meminfo; echo '"'"'---'"'"'; sleep 1; done'
```

### Output
```
07:38:10
Dirty:           1676608 kB
Writeback:          2080 kB
WritebackTmp:          0 kB
---
07:38:11
Dirty:           1412952 kB
Writeback:          2236 kB
WritebackTmp:          0 kB
---
07:38:12
Dirty:           1270464 kB
Writeback:          2408 kB
WritebackTmp:          0 kB
---
07:38:13
Dirty:           1129548 kB
Writeback:          1560 kB
WritebackTmp:          0 kB
---
07:38:14
Dirty:           1108604 kB
Writeback:          1500 kB
WritebackTmp:          0 kB
---
07:38:15
Dirty:            991748 kB
Writeback:          1500 kB
WritebackTmp:          0 kB
---
07:38:16
Dirty:           1034724 kB
Writeback:          1120 kB
WritebackTmp:          0 kB
---
07:38:17
Dirty:           1210600 kB
Writeback:          1148 kB
WritebackTmp:          0 kB
---
07:38:18
Dirty:           1390588 kB
Writeback:           980 kB
WritebackTmp:          0 kB
---
07:38:19
Dirty:           1529128 kB
Writeback:          1424 kB
WritebackTmp:          0 kB
---
07:38:20
Dirty:           1664700 kB
Writeback:          1064 kB
WritebackTmp:          0 kB
---
07:38:21
Dirty:           1784940 kB
Writeback:          1272 kB
WritebackTmp:          0 kB
---
07:38:22
Dirty:           1915772 kB
Writeback:          2916 kB
WritebackTmp:          0 kB
---
07:38:23
Dirty:           2061092 kB
Writeback:          1140 kB
WritebackTmp:          0 kB
---
07:38:24
Dirty:           2196236 kB
Writeback:          1236 kB
WritebackTmp:          0 kB
---
07:38:25
Dirty:           2293644 kB
Writeback:           780 kB
WritebackTmp:          0 kB
---
07:38:26
Dirty:           2292936 kB
Writeback:           956 kB
WritebackTmp:          0 kB
---
07:38:27
Dirty:           2283348 kB
Writeback:           620 kB
WritebackTmp:          0 kB
---
07:38:28
Dirty:           2284792 kB
Writeback:          1160 kB
WritebackTmp:          0 kB
---
07:38:29
Dirty:           2278496 kB
Writeback:           604 kB
WritebackTmp:          0 kB
---
07:38:30
Dirty:           2271580 kB
Writeback:          1060 kB
WritebackTmp:          0 kB
---
07:38:31
Dirty:           2277396 kB
Writeback:           540 kB
WritebackTmp:          0 kB
---
07:38:32
Dirty:           2283456 kB
Writeback:           852 kB
WritebackTmp:          0 kB
---
07:38:33
Dirty:           2288340 kB
Writeback:           772 kB
WritebackTmp:          0 kB
---
07:38:34
Dirty:           2290296 kB
Writeback:           964 kB
WritebackTmp:          0 kB
---
07:38:35
Dirty:           2278896 kB
Writeback:           748 kB
WritebackTmp:          0 kB
---
07:38:36
Dirty:           2288088 kB
Writeback:           584 kB
WritebackTmp:          0 kB
---
07:38:37
Dirty:           2283460 kB
Writeback:           740 kB
WritebackTmp:          0 kB
---
07:38:38
Dirty:           2277776 kB
Writeback:          1612 kB
WritebackTmp:          0 kB
---
07:38:39
Dirty:           2285092 kB
Writeback:          1116 kB
WritebackTmp:          0 kB
---
07:38:40
Dirty:           2275532 kB
Writeback:           864 kB
WritebackTmp:          0 kB
---
07:38:41
Dirty:           2278156 kB
Writeback:          1124 kB
WritebackTmp:          0 kB
---
07:38:42
Dirty:           2277948 kB
Writeback:          1052 kB
WritebackTmp:          0 kB
---
07:38:43
Dirty:           2271604 kB
Writeback:          1320 kB
WritebackTmp:          0 kB
---
07:38:44
Dirty:           2282232 kB
Writeback:          1600 kB
WritebackTmp:          0 kB
---
07:38:45
Dirty:           2264388 kB
Writeback:           684 kB
WritebackTmp:          0 kB
---
07:38:46
Dirty:           2272956 kB
Writeback:           388 kB
WritebackTmp:          0 kB
---
07:38:47
Dirty:           2252976 kB
Writeback:           696 kB
WritebackTmp:          0 kB
---
07:38:48
Dirty:           2259572 kB
Writeback:           512 kB
WritebackTmp:          0 kB
---
07:38:49
Dirty:           2273992 kB
Writeback:           220 kB
WritebackTmp:          0 kB
---
07:38:50
Dirty:           2259220 kB
Writeback:           572 kB
WritebackTmp:          0 kB
---
07:38:51
Dirty:           2260956 kB
Writeback:          1416 kB
WritebackTmp:          0 kB
---
07:38:52
Dirty:           2243708 kB
Writeback:          1204 kB
WritebackTmp:          0 kB
---
07:38:53
Dirty:           2238096 kB
Writeback:           812 kB
WritebackTmp:          0 kB
---
07:38:54
Dirty:           2221692 kB
Writeback:          1700 kB
WritebackTmp:          0 kB
---
07:38:55
Dirty:           2218852 kB
Writeback:           728 kB
WritebackTmp:          0 kB
---
07:38:56
Dirty:           2231424 kB
Writeback:          1340 kB
WritebackTmp:          0 kB
---
07:38:57
Dirty:           2233396 kB
Writeback:          1428 kB
WritebackTmp:          0 kB
---
07:38:58
Dirty:           2226540 kB
Writeback:           508 kB
WritebackTmp:          0 kB
---
07:38:59
Dirty:           2227980 kB
Writeback:          1728 kB
WritebackTmp:          0 kB
---
07:39:00
Dirty:           2228068 kB
Writeback:           820 kB
WritebackTmp:          0 kB
---
07:39:01
Dirty:           2212332 kB
Writeback:           680 kB
WritebackTmp:          0 kB
---
07:39:02
Dirty:           2206232 kB
Writeback:           744 kB
WritebackTmp:          0 kB
---
07:39:03
Dirty:           2200604 kB
Writeback:          1296 kB
WritebackTmp:          0 kB
---
07:39:04
Dirty:           2207532 kB
Writeback:           648 kB
WritebackTmp:          0 kB
---
07:39:05
Dirty:           2213828 kB
Writeback:          1556 kB
WritebackTmp:          0 kB
---
07:39:06
Dirty:           2212408 kB
Writeback:           748 kB
WritebackTmp:          0 kB
---
07:39:07
Dirty:           2203052 kB
Writeback:          1612 kB
WritebackTmp:          0 kB
---
07:39:08
Dirty:           2197668 kB
Writeback:          1204 kB
WritebackTmp:          0 kB
---
07:39:09
Dirty:           2186016 kB
Writeback:          1992 kB
WritebackTmp:          0 kB
---
07:39:10
Dirty:           2169860 kB
Writeback:           796 kB
WritebackTmp:          0 kB
---
07:39:11
Dirty:           2169120 kB
Writeback:          1212 kB
WritebackTmp:          0 kB
---
07:39:12
Dirty:           2144880 kB
Writeback:          1912 kB
WritebackTmp:          0 kB
---
07:39:13
Dirty:           2028228 kB
Writeback:           904 kB
WritebackTmp:          0 kB
---
07:39:14
Dirty:           1932052 kB
Writeback:          1648 kB
WritebackTmp:          0 kB
---

```

---

## Command 9: dstat

### Command
```bash
dstat -tcmdr --disk-util 1 70
```

### Output
```
----system---- ----total-usage---- ------memory-usage----- -dsk/total- --io/total- nvme nvme nvme nvme nvme nvme nvme nvme nvme nvme nvme nvme nvme nvme nvme nvme nvme
     time     |usr sys idl wai stl| used  free  buf   cach| read  writ| read  writ|util:util:util:util:util:util:util:util:util:util:util:util:util:util:util:util:util
04-01 07:38:10|                   |4796M   35G   45M   26G|           |           |    :    :    :    :    :    :    :    :    :    :    :    :    :    :    :    :    
04-01 07:38:11|  0   0  96   3   0|4792M   35G   45M   26G| 552k  488M|32.0  46.8k|98.3:0.30:58.5:98.4:57.8:56.5:57.3:56.3:56.9:   0:   0:   0:   0:   0:   0:   0:   0
04-01 07:38:12|  0   1  96   3   0|4899M   35G   45M   25G|   0   270M|16.0  36.2k| 100:0.20:17.5:71.1:16.9:16.7:17.0:17.0:17.2:0.40:0.10:0.40:0.10:0.10:0.40:0.10:0.40
04-01 07:38:13| 23  16  52   4   0|5207M   35G   45M   25G|   0   352M|   0  29.2k| 100:0.30:19.7:19.6:20.1:19.7:20.7:20.6:20.2:22.8:22.4:23.2:24.2:22.2:22.8:23.8:22.6
04-01 07:38:14| 25  15  51   4   0|5401M   35G   45M   25G|8192B  327M|1.00  27.9k| 100:   0:19.7:18.5:19.3:19.0:19.5:19.7:19.7:23.6:23.7:23.4:23.3:23.7:23.8:23.3:23.6
04-01 07:38:15| 24  14  53   4   0|5537M   35G   45M   26G|   0   298M|   0  26.6k| 100:0.10:17.4:17.4:17.4:17.7:17.8:17.5:17.5:23.5:23.3:23.6:23.1:23.7:23.5:23.4:23.9
04-01 07:38:16| 24  15  51   5   0|5620M   35G   45M   26G|   0   287M|   0  26.6k| 100:   0:16.2:16.7:15.7:15.8:17.3:16.8:16.3:24.6:23.7:24.8:22.9:23.9:23.9:22.8:23.9
04-01 07:38:17| 24  16  50   5   0|5685M   35G   45M   26G|   0   271M|   0  25.6k| 100:0.10:17.0:19.4:16.7:16.3:16.1:16.0:17.5:24.0:23.7:24.1:24.4:24.0:24.2:24.5:24.7
04-01 07:38:18| 24  15  51   5   0|5737M   34G   45M   26G|   0   275M|   0  26.3k| 100:0.10:16.3:16.5:15.2:14.6:17.0:14.8:15.8:24.8:24.5:24.5:23.1:24.2:24.3:22.7:23.8
04-01 07:38:19| 24  16  51   5   0|5779M   34G   45M   26G|8192B  305M|2.00  27.2k| 100:0.10:17.4:18.0:16.9:17.2:18.0:17.2:17.2:22.3:23.5:22.6:24.6:24.1:23.8:24.3:24.0
04-01 07:38:20| 24  15  51   5   0|5810M   34G   45M   26G|   0   286M|   0  26.3k| 100:0.20:15.9:16.4:15.6:16.1:16.2:16.6:16.2:24.7:23.3:24.3:23.5:23.5:23.2:23.5:23.3
04-01 07:38:21| 24  15  51   5   0|5840M   34G   45M   26G|   0   344M|   0  28.7k| 100:   0:18.4:22.2:17.8:19.3:19.0:18.0:19.7:23.9:23.7:23.6:23.4:24.1:23.3:23.7:23.4
04-01 07:38:22| 24  15  51   5   0|5847M   34G   45M   26G|4096B  321M|1.00  27.5k| 100:0.10:18.5:20.6:17.9:18.8:18.4:18.9:18.8:24.1:23.7:24.1:23.0:24.1:23.5:23.1:23.4
04-01 07:38:23| 24  14  53   5   0|5852M   34G   45M   26G|   0   282M|   0  26.1k| 100:0.10:16.4:18.3:15.7:16.5:16.7:16.1:17.0:23.7:22.8:23.5:24.1:23.2:23.1:24.0:23.8
04-01 07:38:24| 24  15  51   5   0|5865M   34G   45M   26G|   0   285M|   0  26.5k| 100:0.20:17.7:16.7:15.8:15.8:16.9:17.3:18.0:24.0:23.8:24.0:23.7:23.7:22.9:23.4:23.2
04-01 07:38:25| 20  12  59   6   0|5837M   34G   45M   26G|   0   268M|   0  25.8k| 100:0.10:17.6:18.8:16.0:16.3:16.8:17.1:17.2:20.4:22.3:19.7:32.5:22.1:19.3:29.3:19.3
04-01 07:38:26| 10   7  73   7   0|5836M   34G   45M   26G|   0   252M|   0  26.1k| 100:0.10:47.7:53.1:47.9:51.4:47.2:47.6:50.8:26.0:23.3:25.3:19.9:22.9:22.2:19.8:22.2
04-01 07:38:27| 10   7  74   7   0|5837M   34G   45M   26G|   0   256M|   0  26.6k| 100:0.10:89.2:98.8:89.6:89.3:90.4:90.3:89.2:23.8:19.3:24.1:29.6:18.9:15.4:29.8:15.7
04-01 07:38:28| 10   7  73   7   0|5834M   34G   45M   26G|   0   254M|   0  26.3k| 100:0.10:88.8:98.8:88.8:89.7:89.5:89.8:90.1:26.5:19.5:26.3:18.1:19.3:23.3:17.7:22.9
04-01 07:38:29| 10   7  73   7   0|5842M   34G   45M   26G|   0   268M|   0  27.0k| 100:0.10:90.8:98.9:90.5:91.1:89.5:89.7:91.1:22.0:25.0:22.1:22.3:24.9:19.6:22.0:19.6
04-01 07:38:30| 11   8  71   7   0|5849M   34G   45M   26G|   0   291M|   0  27.7k| 100:0.10:91.0:98.4:90.4:91.7:90.4:89.9:91.8:21.1:20.8:20.8:29.9:21.2:18.9:29.9:18.3
04-01 07:38:31| 13   9  69   7   0|5851M   34G   45M   26G|   0   315M|   0  28.7k| 100:   0:90.1:98.3:90.2:91.3:90.7:90.9:91.2:20.2:22.5:20.4:23.2:23.0:23.8:23.5:23.5
04-01 07:38:32| 11   8  72   7   0|5849M   34G   45M   26G|   0   272M|   0  26.8k| 100:0.10:89.3:98.1:89.1:90.2:90.1:89.8:90.1:25.3:18.8:25.2:22.3:19.3:24.1:22.7:23.9
04-01 07:38:33| 10   7  73   7   0|5850M   34G   45M   26G|   0   269M|   0  27.2k| 100:0.10:89.4:99.0:89.9:90.9:91.2:91.2:90.9:29.8:19.1:30.1:21.8:19.7:21.1:21.8:20.8
04-01 07:38:34| 10   7  73   7   0|5842M   34G   45M   26G|   0   259M|   0  26.1k| 100:   0:89.6:98.7:89.4:88.7:87.5:87.9:88.6:16.1:20.8:15.9:19.5:20.9:31.9:19.3:31.0
04-01 07:38:35| 10   7  73   7   0|5836M   34G   45M   26G|   0   275M|   0  26.8k| 100:   0:89.2:98.5:89.1:89.4:90.5:89.6:89.6:25.6:20.7:25.3:20.4:20.9:21.0:20.2:20.6
04-01 07:38:36|  9   6  74   7   0|5841M   34G   45M   26G|  16k  246M|1.00  26.4k| 100:0.10:85.5:98.5:85.1:87.1:87.3:87.0:87.2:20.8:18.5:21.3:34.9:18.6:14.3:35.0:14.8
04-01 07:38:37|  9   6  75   7   0|5835M   34G   45M   26G|   0   250M|   0  25.7k| 100:0.10:85.3:98.0:84.9:86.2:86.2:86.4:86.0:31.8:13.5:31.1:20.0:13.5:20.2:19.8:20.2
04-01 07:38:38| 10   7  73   7   0|5835M   34G   45M   26G|   0   280M|   0  27.2k| 100:0.10:89.9:98.5:89.9:90.4:89.7:89.7:90.6:18.3:30.7:18.2:18.8:30.8:24.4:18.7:24.4
04-01 07:38:39| 12   8  70   7   0|5840M   34G   45M   26G|   0   291M|   0  27.7k| 100:0.20:89.8:98.8:90.5:91.7:90.5:89.9:91.9:18.0:24.3:18.3:30.8:24.2:17.5:30.9:17.2
04-01 07:38:40| 10   7  73   7   0|5836M   34G   45M   26G|   0   275M|   0  26.8k| 100:0.20:90.2:99.2:90.3:89.9:90.2:90.0:90.0:20.3:23.7:20.3:17.6:24.2:28.2:17.8:28.1
04-01 07:38:41| 10   8  72   7   0|5839M   34G   45M   26G|   0   279M|   0  26.9k| 100:0.10:89.5:98.3:89.3:89.1:89.4:89.3:89.1:19.8:24.7:19.6:28.4:24.2:18.0:29.0:17.6
04-01 07:38:42| 11   7  72   7   0|5840M   34G   45M   26G|   0   284M|   0  27.1k| 100:   0:89.8:99.2:90.0:90.6:91.4:89.1:90.5:22.6:22.9:23.1:12.9:23.0:32.5:12.7:32.6
04-01 07:38:43| 11   7  72   7   0|5843M   34G   45M   26G|   0   284M|   0  27.3k| 100:0.10:90.9:98.9:91.2:90.0:90.1:90.3:89.7:21.1:19.1:21.2:18.1:19.3:27.3:18.4:26.8
04-01 07:38:44| 12   8  71   6   0|5837M   34G   45M   26G|   0   269M|   0  26.6k| 100:0.10:87.3:98.6:87.2:89.5:88.3:88.0:89.6:30.8:18.3:30.6:17.4:18.4:21.2:17.3:20.9
04-01 07:38:45| 10   6  74   7   0|5833M   34G   45M   26G|   0   285M|   0  27.5k| 100:0.20:89.8:98.3:89.7:90.1:91.7:91.6:89.8:17.8:25.4:17.8:20.9:25.3:19.0:20.7:18.8
04-01 07:38:46| 10   7  73   6   0|5824M   34G   45M   26G|   0   265M|   0  26.6k| 100:   0:88.6:97.8:88.3:87.2:88.3:88.3:87.4:14.5:34.9:14.4:19.0:35.1:19.2:18.7:19.2
04-01 07:38:47|  9   7  74   7   0|5820M   34G   45M   26G|   0   287M|   0  27.8k| 100:0.10:89.6:97.6:89.8:90.5:91.2:90.9:90.8:19.5:17.8:19.2:16.8:17.6:29.0:16.8:29.2
04-01 07:38:48| 12   8  70   7   0|5820M   34G   45M   26G|   0   282M|   0  26.7k| 100:   0:89.4:97.7:89.0:89.4:88.5:88.9:89.7:23.4:16.6:23.1:35.0:16.8:16.6:34.2:16.6
04-01 07:38:49| 13   8  70   6   0|5809M   34G   45M   26G|   0   293M|   0  27.4k| 100:0.20:92.2:98.7:92.9:90.7:91.2:91.6:90.6:30.2:16.4:30.4:18.3:16.0:18.0:18.3:17.8
04-01 07:38:50|  9   6  75   7   0|5802M   34G   45M   26G|   0   270M|   0  26.7k| 100:0.10:90.3:98.2:90.4:90.0:89.0:89.6:90.0:25.1:20.4:25.3:17.1:20.4:19.0:17.2:18.7
04-01 07:38:51| 11   7  71   7   0|5804M   34G   45M   26G|   0   268M|   0  26.7k| 100:0.20:89.1:98.3:89.1:88.4:89.1:88.9:88.5:25.3:22.5:25.5:19.5:23.0:22.5:19.3:22.9
04-01 07:38:52| 10   7  73   7   0|5814M   34G   45M   26G|   0   314M|   0  29.3k| 100:0.10:91.3:97.9:91.3:90.2:90.6:90.1:90.2:11.6:18.8:11.7:12.1:18.8:49.7:11.3:50.3
04-01 07:38:53| 12   8  70   7   0|5816M   34G   45M   26G|   0   323M|   0  29.7k| 100:0.10:89.1:97.5:88.9:91.7:89.9:90.0:92.0:26.7:19.2:27.3:16.8:19.3:26.7:16.6:26.4
04-01 07:38:54| 11   8  71   7   0|5818M   34G   45M   26G|   0   310M|   0  28.5k| 100:   0:90.8:98.0:90.2:90.4:89.3:89.4:90.6:21.5:16.8:21.5:21.0:16.9:28.1:21.3:28.5
04-01 07:38:55| 12   8  70   7   0|5811M   34G   45M   26G|   0   317M|   0  29.1k| 100:0.10:91.4:97.9:91.3:91.6:91.3:91.5:91.8:17.4:30.9:17.6:18.3:30.8:21.1:18.5:21.1
04-01 07:38:56| 12   8  70   7   0|5806M   34G   45M   26G|   0   287M|   0  27.7k| 100:0.10:89.4:97.6:89.0:86.4:88.6:89.2:86.2:17.2:31.0:17.6:25.3:30.8:17.5:25.2:17.7
04-01 07:38:57| 11   7  73   7   0|5805M   34G   45M   26G|   0   268M|   0  27.1k| 100:0.10:89.0:98.4:89.3:88.4:89.3:89.1:88.3:14.3:24.7:14.3:25.2:24.8:24.3:24.8:24.4
04-01 07:38:58| 11   7  73   7   0|5801M   34G   45M   26G|   0   275M|   0  27.6k| 100:0.10:89.9:98.1:90.0:89.8:90.2:90.0:89.4:20.5:18.2:20.4:27.2:18.0:25.2:27.5:25.6
04-01 07:38:59| 11   7  72   7   0|5808M   34G   45M   26G|   0   261M|   0  26.2k| 100:   0:88.6:98.0:88.6:86.5:89.3:89.2:86.5:27.3:16.5:27.2:14.0:16.5:30.7:14.5:30.1
04-01 07:39:00| 11   7  72   7   0|5811M   34G   45M   26G|   0   273M|   0  27.1k| 100:0.10:89.7:97.8:90.1:89.6:88.4:88.9:90.0:21.8:21.6:21.9:29.6:22.0:16.4:29.6:16.3
04-01 07:39:01| 11   7  73   7   0|5811M   34G   45M   26G|   0   287M|   0  27.5k| 100:0.10:89.9:97.8:89.9:89.3:89.0:89.1:89.9:14.5:32.0:14.6:18.1:31.6:21.0:17.9:21.1
04-01 07:39:02| 11   8  71   7   0|5817M   34G   45M   26G|   0   291M|   0  27.8k| 100:0.10:90.5:98.6:90.8:89.1:89.0:89.4:89.2:14.5:32.4:14.6:29.8:32.5:12.8:29.8:12.8
04-01 07:39:03| 12   8  70   7   0|5809M   34G   45M   26G|   0   325M|   0  29.6k| 100:0.10:90.7:97.6:91.1:90.3:89.7:90.1:90.1:15.6:26.1:15.9:32.5:25.9:16.3:31.9:16.2
04-01 07:39:04| 12   8  70   7   0|5814M   34G   45M   26G|   0   292M|   0  27.7k| 100:0.10:90.0:98.6:90.5:90.4:88.7:88.7:89.8:18.4:34.7:18.8:17.0:34.7:19.7:17.4:20.2
04-01 07:39:05| 12   8  70   7   0|5819M   34G   45M   26G|   0   285M|   0  27.2k| 100:0.10:90.2:98.6:89.9:90.1:90.4:90.1:89.5:17.5:33.9:17.1:20.6:34.2:18.0:21.0:18.2
04-01 07:39:06| 10   7  73   7   0|5819M   34G   45M   26G|   0   261M|   0  25.8k| 100:0.10:85.2:97.7:85.0:84.7:85.3:85.2:84.8:27.4:13.2:27.7:29.5:13.1:15.6:29.8:15.5
04-01 07:39:07| 10   7  73   6   0|5821M   34G   45M   26G|   0   279M|   0  27.5k| 100:0.20:84.3:91.0:84.3:84.8:83.6:83.9:83.5:22.9:24.2:22.7:21.7:24.0:22.1:21.6:22.1
04-01 07:39:08| 11   7  73   7   0|5818M   34G   45M   26G|   0   285M|   0  27.7k| 100:0.10:92.3:99.0:92.1:92.5:92.7:92.8:92.2:26.3:22.7:26.1:21.6:22.7:19.6:22.2:19.9
04-01 07:39:09| 11   7  72   7   0|5817M   34G   45M   26G|   0   277M|   0  26.6k| 100:0.10:88.5:98.2:88.7:89.4:90.3:90.3:90.0:16.0:30.9:16.1:22.2:30.9:21.7:22.5:21.6
04-01 07:39:10| 10   7  74   7   0|5829M   34G   45M   26G|   0   294M|   0  28.0k| 100:0.40:90.4:98.7:90.0:89.2:90.4:90.6:89.0:18.7:18.1:18.8:25.5:18.4:23.6:25.2:23.5
04-01 07:39:11| 12   7  71   7   0|5831M   34G   45M   26G|   0   301M|   0  28.3k| 100:0.10:90.0:98.2:90.3:89.1:89.5:89.1:89.6:12.3:25.3:12.6:24.4:25.4:28.0:24.1:27.9
04-01 07:39:12| 10  11  70   6   0|5769M   34G   45M   26G|   0   287M|   0  27.8k| 100:0.10:89.8:97.1:89.6:89.7:89.4:89.5:89.6:15.6:26.3:15.8:25.5:26.4:15.1:25.7:15.1
04-01 07:39:13|  0   7  86   6   0|4815M   35G   45M   26G|   0   242M|   0  25.2k| 100:0.60:88.3:97.4:88.4:86.8:88.2:88.4:86.3:   0:   0:   0:   0:0.10:1.00:   0:1.00
04-01 07:39:14|  0   0  91   8   0|4806M   35G   45M   26G|   0   241M|   0  25.4k| 100:0.30:86.0:93.3:85.9:86.1:86.5:86.4:85.5:1.00:0.10:1.00:0.90:0.10:0.20:0.90:0.20

```

---

## Command 10: mpstat

### Command
```bash
mpstat -P ALL 1 70
```

### Output
```
Linux 6.14.0-1018-aws (ip-10-0-1-171) 	01/04/26 	_aarch64_	(32 CPU)

07:38:10     CPU    %usr   %nice    %sys %iowait    %irq   %soft  %steal  %guest  %gnice   %idle
07:38:11     all    0.19    0.00    0.41    3.32    0.00    0.00    0.00    0.00    0.00   96.09
07:38:11       0    0.00    0.00    0.99    0.00    0.00    0.00    0.00    0.00    0.00   99.01
07:38:11       1    0.00    0.00    0.00    0.00    0.00    0.00    0.00    0.00    0.00  100.00
07:38:11       2    0.00    0.00    0.00    0.00    0.00    0.00    0.00    0.00    0.00  100.00
07:38:11       3    0.00    0.00    7.14   92.86    0.00    0.00    0.00    0.00    0.00    0.00
07:38:11       4    0.00    0.00    0.00    0.00    0.00    0.00    0.00    0.00    0.00  100.00
07:38:11       5    0.00    0.00    0.00    0.00    0.00    0.00    0.00    0.00    0.00  100.00
07:38:11       6    1.02    0.00    0.00    0.00    0.00    0.00    0.00    0.00    0.00   98.98
07:38:11       7    0.00    0.00    0.00    0.00    0.00    0.00    0.00    0.00    0.00  100.00
07:38:11       8    0.00    0.00    0.00    0.00    0.00    0.00    0.00    0.00    0.00  100.00
07:38:11       9    0.00    0.00    0.00    0.00    0.00    0.00    0.00    0.00    0.00  100.00
07:38:11      10    0.00    0.00    1.00    0.00    0.00    0.00    0.00    0.00    0.00   99.00
07:38:11      11    0.00    0.00    0.00    0.00    0.00    0.00    0.00    0.00    0.00  100.00
07:38:11      12    0.00    0.00    0.99    0.00    0.00    0.00    0.00    0.00    0.00   99.01
07:38:11      13    0.00    0.00    0.99    0.00    0.00    0.00    0.00    0.00    0.00   99.01
07:38:11      14    0.00    0.00    0.00    0.00    0.00    0.00    0.00    0.00    0.00  100.00
07:38:11      15    0.00    0.00    0.00    0.00    0.00    0.00    0.00    0.00    0.00  100.00
07:38:11      16    0.00    0.00    0.00    0.00    0.00    0.00    0.00    0.00    0.00  100.00
07:38:11      17    0.00    0.00    0.00    0.00    0.00    0.00    0.00    0.00    0.00  100.00
07:38:11      18    0.00    0.00    0.00    0.00    0.00    0.00    0.00    0.00    0.00  100.00
07:38:11      19    0.00    0.00    0.00    0.00    0.00    0.00    0.00    0.00    0.00  100.00
07:38:11      20    0.00    0.00    0.99    0.00    0.00    0.00    0.00    0.00    0.00   99.01
07:38:11      21    0.00    0.00    0.00    0.00    0.00    0.00    0.00    0.00    0.00  100.00
07:38:11      22    0.00    0.00    0.00    1.00    0.00    0.00    0.00    0.00    0.00   99.00
07:38:11      23    0.00    0.00    0.00    0.00    0.00    0.00    0.00    0.00    0.00  100.00
07:38:11      24    0.00    0.00    0.00    0.00    0.00    0.00    0.00    0.00    0.00  100.00
07:38:11      25    0.00    0.00    0.00    0.00    0.00    0.00    0.00    0.00    0.00  100.00
07:38:11      26    3.96    0.00    0.99    2.97    0.00    0.00    0.00    0.00    0.00   92.08
07:38:11      27    0.00    0.00    0.00    0.00    0.00    0.00    0.00    0.00    0.00  100.00
07:38:11      28    0.00    0.00    0.00    0.00    0.00    0.00    0.00    0.00    0.00  100.00
07:38:11      29    0.00    0.00    0.00    0.00    0.00    0.00    0.00    0.00    0.00  100.00
07:38:11      30    0.99    0.00    0.00   10.89    0.00    0.00    0.00    0.00    0.00   88.12
07:38:11      31    0.00    0.00    0.00    0.00    0.00    0.00    0.00    0.00    0.00  100.00

07:38:11     CPU    %usr   %nice    %sys %iowait    %irq   %soft  %steal  %guest  %gnice   %idle
07:38:12     all    0.03    0.00    0.16    2.98    0.00    0.00    0.00    0.00    0.00   96.83
07:38:12       0    0.00    0.00    0.00    0.00    0.00    0.00    0.00    0.00    0.00  100.00
07:38:12       1    0.00    0.00    1.01    0.00    0.00    0.00    0.00    0.00    0.00   98.99
07:38:12       2    1.01    0.00    0.00    0.00    0.00    0.00    0.00    0.00    0.00   98.99
07:38:12       3    0.00    0.00    3.06   96.94    0.00    0.00    0.00    0.00    0.00    0.00
07:38:12       4    0.00    0.00    0.00    0.00    0.00    0.00    0.00    0.00    0.00  100.00
07:38:12       5    0.00    0.00    0.00    0.00    0.00    0.00    0.00    0.00    0.00  100.00
07:38:12       6    0.00    0.00    0.00    0.00    0.00    0.00    0.00    0.00    0.00  100.00
07:38:12       7    0.00    0.00    0.00    0.00    0.00    0.00    0.00    0.00    0.00  100.00
07:38:12       8    0.00    0.00    0.00    0.00    0.00    0.00    0.00    0.00    0.00  100.00
07:38:12       9    0.00    0.00    0.00    0.00    0.00    0.00    0.00    0.00    0.00  100.00
07:38:12      10    0.00    0.00    0.00    0.00    0.00    0.00    0.00    0.00    0.00  100.00
07:38:12      11    0.00    0.00    0.00    0.00    0.00    0.00    0.00    0.00    0.00  100.00
07:38:12      12    0.00    0.00    0.00    0.00    0.00    0.00    0.00    0.00    0.00  100.00
07:38:12      13    0.00    0.00    0.00    0.00    0.00    0.00    0.00    0.00    0.00  100.00
07:38:12      14    0.00    0.00    0.00    0.00    0.00    0.00    0.00    0.00    0.00  100.00
07:38:12      15    0.00    0.00    0.00    0.00    0.00    0.00    0.00    0.00    0.00  100.00
07:38:12      16    0.00    0.00    0.00    0.00    0.00    0.00    0.00    0.00    0.00  100.00
07:38:12      17    0.00    0.00    0.00    0.00    0.00    0.00    0.00    0.00    0.00  100.00
07:38:12      18    0.00    0.00    0.00    0.00    0.00    0.00    0.00    0.00    0.00  100.00
07:38:12      19    0.00    0.00    0.00    0.00    0.00    0.00    0.00    0.00    0.00  100.00
07:38:12      20    0.00    0.00    0.00    0.00    0.00    0.00    0.00    0.00    0.00  100.00
07:38:12      21    0.00    0.00    0.00    0.00    0.00    0.00    0.00    0.00    0.00  100.00
07:38:12      22    0.00    0.00    0.00    0.00    0.00    0.00    0.00    0.00    0.00  100.00
07:38:12      23    0.00    0.00    0.00    0.00    0.00    0.00    0.00    0.00    0.00  100.00
07:38:12      24    0.00    0.00    0.00    0.00    0.00    0.00    0.00    0.00    0.00  100.00
07:38:12      25    0.00    0.00    0.99    0.00    0.00    0.00    0.00    0.00    0.00   99.01
07:38:12      26    0.00    0.00    0.00    0.00    0.00    0.00    0.00    0.00    0.00  100.00
07:38:12      27    0.00    0.00    0.00    0.00    0.00    0.00    0.00    0.00    0.00  100.00
07:38:12      28    0.00    0.00    0.00    0.00    0.00    0.00    0.00    0.00    0.00  100.00
07:38:12      29    0.00    0.00    0.00    0.00    0.00    0.00    0.00    0.00    0.00  100.00
07:38:12      30    0.00    0.00    0.00    0.00    0.00    0.00    0.00    0.00    0.00  100.00
07:38:12      31    0.00    0.00    0.00    0.00    0.00    0.00    0.00    0.00    0.00  100.00

07:38:12     CPU    %usr   %nice    %sys %iowait    %irq   %soft  %steal  %guest  %gnice   %idle
07:38:13     all   22.45    0.00   15.53    3.76    0.00    0.00    0.00    0.00    0.00   58.26
07:38:13       0   22.34    0.00   15.96    3.19    0.00    0.00    0.00    0.00    0.00   58.51
07:38:13       1   21.05    0.00   16.84    8.42    0.00    0.00    0.00    0.00    0.00   53.68
07:38:13       2   20.65    0.00   15.22    2.17    0.00    0.00    0.00    0.00    0.00   61.96
07:38:13       3   21.05    0.00   16.84    8.42    0.00    0.00    0.00    0.00    0.00   53.68
07:38:13       4   22.58    0.00   13.98    7.53    0.00    0.00    0.00    0.00    0.00   55.91
07:38:13       5   22.92    0.00   15.62    1.04    0.00    0.00    0.00    0.00    0.00   60.42
07:38:13       6   21.28    0.00   15.96    4.26    0.00    0.00    0.00    0.00    0.00   58.51
07:38:13       7   23.40    0.00   13.83    1.06    0.00    0.00    0.00    0.00    0.00   61.70
07:38:13       8   22.92    0.00   15.62    5.21    0.00    0.00    0.00    0.00    0.00   56.25
07:38:13       9   23.40    0.00   14.89    1.06    0.00    0.00    0.00    0.00    0.00   60.64
07:38:13      10   22.68    0.00   16.49    3.09    0.00    0.00    0.00    0.00    0.00   57.73
07:38:13      11   23.16    0.00   14.74    4.21    0.00    0.00    0.00    0.00    0.00   57.89
07:38:13      12   21.51    0.00   17.20    0.00    0.00    0.00    0.00    0.00    0.00   61.29
07:38:13      13   21.88    0.00   18.75    4.17    0.00    0.00    0.00    0.00    0.00   55.21
07:38:13      14   23.40    0.00   13.83    3.19    0.00    0.00    0.00    0.00    0.00   59.57
07:38:13      15   22.34    0.00   14.89    2.13    0.00    0.00    0.00    0.00    0.00   60.64
07:38:13      16   23.40    0.00   14.89    2.13    0.00    0.00    0.00    0.00    0.00   59.57
07:38:13      17   22.58    0.00   15.05    5.38    0.00    0.00    0.00    0.00    0.00   56.99
07:38:13      18   21.88    0.00   16.67    2.08    0.00    0.00    0.00    0.00    0.00   59.38
07:38:13      19   21.88    0.00   16.67    6.25    0.00    0.00    0.00    0.00    0.00   55.21
07:38:13      20   21.28    0.00   15.96    4.26    0.00    0.00    0.00    0.00    0.00   58.51
07:38:13      21   23.16    0.00   14.74    7.37    0.00    0.00    0.00    0.00    0.00   54.74
07:38:13      22   27.08    0.00   13.54    3.12    0.00    0.00    0.00    0.00    0.00   56.25
07:38:13      23   22.34    0.00   14.89    4.26    0.00    0.00    0.00    0.00    0.00   58.51
07:38:13      24   21.88    0.00   15.62    3.12    0.00    0.00    0.00    0.00    0.00   59.38
07:38:13      25   21.88    0.00   16.67    3.12    0.00    0.00    0.00    0.00    0.00   58.33
07:38:13      26   23.71    0.00   15.46    3.09    0.00    0.00    0.00    0.00    0.00   57.73
07:38:13      27   23.16    0.00   14.74    2.11    0.00    0.00    0.00    0.00    0.00   60.00
07:38:13      28   21.28    0.00   17.02    1.06    0.00    0.00    0.00    0.00    0.00   60.64
07:38:13      29   22.92    0.00   14.58    7.29    0.00    0.00    0.00    0.00    0.00   55.21
07:38:13      30   21.28    0.00   14.89    1.06    0.00    0.00    0.00    0.00    0.00   62.77
07:38:13      31   22.11    0.00   14.74    5.26    0.00    0.00    0.00    0.00    0.00   57.89

07:38:13     CPU    %usr   %nice    %sys %iowait    %irq   %soft  %steal  %guest  %gnice   %idle
07:38:14     all   25.97    0.00   16.34    3.91    0.00    0.00    0.00    0.00    0.00   53.78
07:38:14       0   28.12    0.00   15.62    2.08    0.00    0.00    0.00    0.00    0.00   54.17
07:38:14       1   25.53    0.00   17.02   13.83    0.00    0.00    0.00    0.00    0.00   43.62
07:38:14       2   25.00    0.00   17.71    3.12    0.00    0.00    0.00    0.00    0.00   54.17
07:38:14       3   26.04    0.00   16.67    3.12    0.00    0.00    0.00    0.00    0.00   54.17
07:38:14       4   25.26    0.00   17.89    5.26    0.00    0.00    0.00    0.00    0.00   51.58
07:38:14       5   23.91    0.00   17.39    6.52    0.00    0.00    0.00    0.00    0.00   52.17
07:38:14       6   25.26    0.00   16.84    2.11    0.00    0.00    0.00    0.00    0.00   55.79
07:38:14       7   27.37    0.00   16.84    2.11    0.00    0.00    0.00    0.00    0.00   53.68
07:38:14       8   26.80    0.00   16.49    4.12    0.00    0.00    0.00    0.00    0.00   52.58
07:38:14       9   26.32    0.00   14.74    3.16    0.00    0.00    0.00    0.00    0.00   55.79
07:38:14      10   26.88    0.00   15.05    3.23    0.00    0.00    0.00    0.00    0.00   54.84
07:38:14      11   24.47    0.00   17.02    1.06    0.00    0.00    0.00    0.00    0.00   57.45
07:38:14      12   26.32    0.00   14.74    2.11    0.00    0.00    0.00    0.00    0.00   56.84
07:38:14      13   25.53    0.00   17.02    4.26    0.00    0.00    0.00    0.00    0.00   53.19
07:38:14      14   25.77    0.00   16.49    4.12    0.00    0.00    0.00    0.00    0.00   53.61
07:38:14      15   25.53    0.00   14.89    4.26    0.00    0.00    0.00    0.00    0.00   55.32
07:38:14      16   25.77    0.00   17.53    3.09    0.00    0.00    0.00    0.00    0.00   53.61
07:38:14      17   28.57    0.00   16.33    7.14    0.00    0.00    0.00    0.00    0.00   47.96
07:38:14      18   25.00    0.00   17.71    6.25    0.00    0.00    0.00    0.00    0.00   51.04
07:38:14      19   27.37    0.00   14.74    3.16    0.00    0.00    0.00    0.00    0.00   54.74
07:38:14      20   26.60    0.00   15.96    2.13    0.00    0.00    0.00    0.00    0.00   55.32
07:38:14      21   24.73    0.00   17.20    5.38    0.00    0.00    0.00    0.00    0.00   52.69
07:38:14      22   25.26    0.00   16.84    2.11    0.00    0.00    0.00    0.00    0.00   55.79
07:38:14      23   25.00    0.00   16.67    4.17    0.00    0.00    0.00    0.00    0.00   54.17
07:38:14      24   27.66    0.00   13.83    2.13    0.00    0.00    0.00    0.00    0.00   56.38
07:38:14      25   24.21    0.00   16.84    3.16    0.00    0.00    0.00    0.00    0.00   55.79
07:38:14      26   25.77    0.00   17.53    2.06    0.00    0.00    0.00    0.00    0.00   54.64
07:38:14      27   25.00    0.00   15.62    3.12    0.00    0.00    0.00    0.00    0.00   56.25
07:38:14      28   24.47    0.00   15.96    4.26    0.00    0.00    0.00    0.00    0.00   55.32
07:38:14      29   25.81    0.00   16.13    6.45    0.00    0.00    0.00    0.00    0.00   51.61
07:38:14      30   29.47    0.00   14.74    1.05    0.00    0.00    0.00    0.00    0.00   54.74
07:38:14      31   26.04    0.00   16.67    5.21    0.00    0.00    0.00    0.00    0.00   52.08

07:38:14     CPU    %usr   %nice    %sys %iowait    %irq   %soft  %steal  %guest  %gnice   %idle
07:38:15     all   24.66    0.00   15.32    4.11    0.00    0.00    0.00    0.00    0.00   55.90
07:38:15       0   23.96    0.00   15.62    6.25    0.00    0.00    0.00    0.00    0.00   54.17
07:38:15       1   25.53    0.00   14.89    7.45    0.00    0.00    0.00    0.00    0.00   52.13
07:38:15       2   23.96    0.00   16.67    4.17    0.00    0.00    0.00    0.00    0.00   55.21
07:38:15       3   26.60    0.00   13.83    4.26    0.00    0.00    0.00    0.00    0.00   55.32
07:38:15       4   24.21    0.00   15.79    3.16    0.00    0.00    0.00    0.00    0.00   56.84
07:38:15       5   23.96    0.00   16.67    3.12    0.00    0.00    0.00    0.00    0.00   56.25
07:38:15       6   24.21    0.00   14.74    5.26    0.00    0.00    0.00    0.00    0.00   55.79
07:38:15       7   23.16    0.00   15.79    4.21    0.00    0.00    0.00    0.00    0.00   56.84
07:38:15       8   23.40    0.00   15.96    5.32    0.00    0.00    0.00    0.00    0.00   55.32
07:38:15       9   24.21    0.00   15.79    4.21    0.00    0.00    0.00    0.00    0.00   55.79
07:38:15      10   23.40    0.00   15.96    4.26    0.00    0.00    0.00    0.00    0.00   56.38
07:38:15      11   25.00    0.00   15.62    2.08    0.00    0.00    0.00    0.00    0.00   57.29
07:38:15      12   25.53    0.00   14.89    2.13    0.00    0.00    0.00    0.00    0.00   57.45
07:38:15      13   25.77    0.00   15.46    7.22    0.00    0.00    0.00    0.00    0.00   51.55
07:38:15      14   23.40    0.00   15.96    1.06    0.00    0.00    0.00    0.00    0.00   59.57
07:38:15      15   25.81    0.00   13.98    3.23    0.00    0.00    0.00    0.00    0.00   56.99
07:38:15      16   25.26    0.00   13.68    3.16    0.00    0.00    0.00    0.00    0.00   57.89
07:38:15      17   23.16    0.00   16.84   10.53    0.00    0.00    0.00    0.00    0.00   49.47
07:38:15      18   24.73    0.00   15.05    5.38    0.00    0.00    0.00    0.00    0.00   54.84
07:38:15      19   25.26    0.00   14.74    1.05    0.00    0.00    0.00    0.00    0.00   58.95
07:38:15      20   25.00    0.00   14.58    2.08    0.00    0.00    0.00    0.00    0.00   58.33
07:38:15      21   25.51    0.00   15.31    5.10    0.00    0.00    0.00    0.00    0.00   54.08
07:38:15      22   23.66    0.00   15.05    4.30    0.00    0.00    0.00    0.00    0.00   56.99
07:38:15      23   24.21    0.00   16.84    4.21    0.00    0.00    0.00    0.00    0.00   54.74
07:38:15      24   25.77    0.00   15.46   10.31    0.00    0.00    0.00    0.00    0.00   48.45
07:38:15      25   22.58    0.00   16.13    2.15    0.00    0.00    0.00    0.00    0.00   59.14
07:38:15      26   27.08    0.00   13.54    2.08    0.00    0.00    0.00    0.00    0.00   57.29
07:38:15      27   25.26    0.00   14.74    2.11    0.00    0.00    0.00    0.00    0.00   57.89
07:38:15      28   27.08    0.00   14.58    1.04    0.00    0.00    0.00    0.00    0.00   57.29
07:38:15      29   24.21    0.00   14.74    3.16    0.00    0.00    0.00    0.00    0.00   57.89
07:38:15      30   23.96    0.00   16.67    4.17    0.00    0.00    0.00    0.00    0.00   55.21
07:38:15      31   24.21    0.00   14.74    3.16    0.00    0.00    0.00    0.00    0.00   57.89

07:38:15     CPU    %usr   %nice    %sys %iowait    %irq   %soft  %steal  %guest  %gnice   %idle
07:38:16     all   25.28    0.00   15.41    4.75    0.00    0.00    0.00    0.00    0.00   54.55
07:38:16       0   24.47    0.00   17.02    3.19    0.00    0.00    0.00    0.00    0.00   55.32
07:38:16       1   25.53    0.00   15.96    6.38    0.00    0.00    0.00    0.00    0.00   52.13
07:38:16       2   23.16    0.00   16.84    7.37    0.00    0.00    0.00    0.00    0.00   52.63
07:38:16       3   25.26    0.00   15.79    4.21    0.00    0.00    0.00    0.00    0.00   54.74
07:38:16       4   26.32    0.00   14.74    3.16    0.00    0.00    0.00    0.00    0.00   55.79
07:38:16       5   26.32    0.00   15.79    4.21    0.00    0.00    0.00    0.00    0.00   53.68
07:38:16       6   24.47    0.00   17.02    5.32    0.00    0.00    0.00    0.00    0.00   53.19
07:38:16       7   26.04    0.00   15.62    2.08    0.00    0.00    0.00    0.00    0.00   56.25
07:38:16       8   26.60    0.00   14.89    2.13    0.00    0.00    0.00    0.00    0.00   56.38
07:38:16       9   24.47    0.00   14.89    2.13    0.00    0.00    0.00    0.00    0.00   58.51
07:38:16      10   25.53    0.00   14.89    1.06    0.00    0.00    0.00    0.00    0.00   58.51
07:38:16      11   24.73    0.00   13.98    7.53    0.00    0.00    0.00    0.00    0.00   53.76
07:38:16      12   26.04    0.00   14.58    3.12    0.00    0.00    0.00    0.00    0.00   56.25
07:38:16      13   25.81    0.00   13.98    2.15    0.00    0.00    0.00    0.00    0.00   58.06
07:38:16      14   25.53    0.00   14.89    5.32    0.00    0.00    0.00    0.00    0.00   54.26
07:38:16      15   24.74    0.00   16.49    2.06    0.00    0.00    0.00    0.00    0.00   56.70
07:38:16      16   26.60    0.00   14.89    2.13    0.00    0.00    0.00    0.00    0.00   56.38
07:38:16      17   26.88    0.00   13.98   13.98    0.00    0.00    0.00    0.00    0.00   45.16
07:38:16      18   25.77    0.00   15.46    6.19    0.00    0.00    0.00    0.00    0.00   52.58
07:38:16      19   22.92    0.00   17.71    3.12    0.00    0.00    0.00    0.00    0.00   56.25
07:38:16      20   24.73    0.00   15.05    5.38    0.00    0.00    0.00    0.00    0.00   54.84
07:38:16      21   24.21    0.00   16.84    2.11    0.00    0.00    0.00    0.00    0.00   56.84
07:38:16      22   26.32    0.00   15.79    3.16    0.00    0.00    0.00    0.00    0.00   54.74
07:38:16      23   25.77    0.00   15.46    4.12    0.00    0.00    0.00    0.00    0.00   54.64
07:38:16      24   24.21    0.00   16.84    6.32    0.00    0.00    0.00    0.00    0.00   52.63
07:38:16      25   26.60    0.00   13.83    5.32    0.00    0.00    0.00    0.00    0.00   54.26
07:38:16      26   24.47    0.00   14.89    3.19    0.00    0.00    0.00    0.00    0.00   57.45
07:38:16      27   25.00    0.00   15.62    1.04    0.00    0.00    0.00    0.00    0.00   58.33
07:38:16      28   26.32    0.00   13.68    7.37    0.00    0.00    0.00    0.00    0.00   52.63
07:38:16      29   24.47    0.00   15.96    6.38    0.00    0.00    0.00    0.00    0.00   53.19
07:38:16      30   25.26    0.00   14.74   15.79    0.00    0.00    0.00    0.00    0.00   44.21
07:38:16      31   24.47    0.00   14.89    5.32    0.00    0.00    0.00    0.00    0.00   55.32

07:38:16     CPU    %usr   %nice    %sys %iowait    %irq   %soft  %steal  %guest  %gnice   %idle
07:38:17     all   26.02    0.00   16.38    4.66    0.00    0.00    0.00    0.00    0.00   52.95
07:38:17       0   25.81    0.00   16.13    2.15    0.00    0.00    0.00    0.00    0.00   55.91
07:38:17       1   26.32    0.00   16.84    5.26    0.00    0.00    0.00    0.00    0.00   51.58
07:38:17       2   27.66    0.00   14.89    2.13    0.00    0.00    0.00    0.00    0.00   55.32
07:38:17       3   26.04    0.00   17.71    7.29    0.00    0.00    0.00    0.00    0.00   48.96
07:38:17       4   26.04    0.00   16.67    2.08    0.00    0.00    0.00    0.00    0.00   55.21
07:38:17       5   25.26    0.00   17.89    9.47    0.00    0.00    0.00    0.00    0.00   47.37
07:38:17       6   25.81    0.00   15.05    5.38    0.00    0.00    0.00    0.00    0.00   53.76
07:38:17       7   24.73    0.00   17.20    4.30    0.00    0.00    0.00    0.00    0.00   53.76
07:38:17       8   25.00    0.00   16.67    5.21    0.00    0.00    0.00    0.00    0.00   53.12
07:38:17       9   25.26    0.00   18.95    3.16    0.00    0.00    0.00    0.00    0.00   52.63
07:38:17      10   29.17    0.00   13.54    2.08    0.00    0.00    0.00    0.00    0.00   55.21
07:38:17      11   26.32    0.00   16.84    2.11    0.00    0.00    0.00    0.00    0.00   54.74
07:38:17      12   26.60    0.00   15.96    7.45    0.00    0.00    0.00    0.00    0.00   50.00
07:38:17      13   24.73    0.00   16.13    3.23    0.00    0.00    0.00    0.00    0.00   55.91
07:38:17      14   27.08    0.00   15.62    5.21    0.00    0.00    0.00    0.00    0.00   52.08
07:38:17      15   24.47    0.00   17.02    6.38    0.00    0.00    0.00    0.00    0.00   52.13
07:38:17      16   25.00    0.00   14.13    1.09    0.00    0.00    0.00    0.00    0.00   59.78
07:38:17      17   26.60    0.00   15.96    9.57    0.00    0.00    0.00    0.00    0.00   47.87
07:38:17      18   27.66    0.00   15.96    4.26    0.00    0.00    0.00    0.00    0.00   52.13
07:38:17      19   27.66    0.00   14.89    5.32    0.00    0.00    0.00    0.00    0.00   52.13
07:38:17      20   26.04    0.00   16.67    6.25    0.00    0.00    0.00    0.00    0.00   51.04
07:38:17      21   27.08    0.00   15.62    5.21    0.00    0.00    0.00    0.00    0.00   52.08
07:38:17      22   26.04    0.00   16.67    6.25    0.00    0.00    0.00    0.00    0.00   51.04
07:38:17      23   25.53    0.00   15.96    3.19    0.00    0.00    0.00    0.00    0.00   55.32
07:38:17      24   26.32    0.00   16.84    6.32    0.00    0.00    0.00    0.00    0.00   50.53
07:38:17      25   26.32    0.00   15.79    6.32    0.00    0.00    0.00    0.00    0.00   51.58
07:38:17      26   24.74    0.00   18.56    7.22    0.00    0.00    0.00    0.00    0.00   49.48
07:38:17      27   25.26    0.00   17.89    2.11    0.00    0.00    0.00    0.00    0.00   54.74
07:38:17      28   27.08    0.00   15.62    2.08    0.00    0.00    0.00    0.00    0.00   55.21
07:38:17      29   25.26    0.00   16.84    1.05    0.00    0.00    0.00    0.00    0.00   56.84
07:38:17      30   24.73    0.00   16.13    7.53    0.00    0.00    0.00    0.00    0.00   51.61
07:38:17      31   24.73    0.00   17.20    2.15    0.00    0.00    0.00    0.00    0.00   55.91

07:38:17     CPU    %usr   %nice    %sys %iowait    %irq   %soft  %steal  %guest  %gnice   %idle
07:38:18     all   24.98    0.00   16.38    5.02    0.00    0.00    0.00    0.00    0.00   53.61
07:38:18       0   24.47    0.00   17.02    3.19    0.00    0.00    0.00    0.00    0.00   55.32
07:38:18       1   25.26    0.00   15.79    5.26    0.00    0.00    0.00    0.00    0.00   53.68
07:38:18       2   25.26    0.00   15.79    3.16    0.00    0.00    0.00    0.00    0.00   55.79
07:38:18       3   23.96    0.00   17.71    3.12    0.00    0.00    0.00    0.00    0.00   55.21
07:38:18       4   23.40    0.00   17.02    4.26    0.00    0.00    0.00    0.00    0.00   55.32
07:38:18       5   26.04    0.00   15.62   11.46    0.00    0.00    0.00    0.00    0.00   46.88
07:38:18       6   23.16    0.00   17.89    5.26    0.00    0.00    0.00    0.00    0.00   53.68
07:38:18       7   25.77    0.00   16.49    4.12    0.00    0.00    0.00    0.00    0.00   53.61
07:38:18       8   26.60    0.00   14.89    3.19    0.00    0.00    0.00    0.00    0.00   55.32
07:38:18       9   24.74    0.00   16.49    4.12    0.00    0.00    0.00    0.00    0.00   54.64
07:38:18      10   25.00    0.00   17.71    7.29    0.00    0.00    0.00    0.00    0.00   50.00
07:38:18      11   24.47    0.00   17.02    3.19    0.00    0.00    0.00    0.00    0.00   55.32
07:38:18      12   26.04    0.00   15.62    2.08    0.00    0.00    0.00    0.00    0.00   56.25
07:38:18      13   24.21    0.00   16.84    4.21    0.00    0.00    0.00    0.00    0.00   54.74
07:38:18      14   25.53    0.00   14.89    4.26    0.00    0.00    0.00    0.00    0.00   55.32
07:38:18      15   25.26    0.00   15.79    4.21    0.00    0.00    0.00    0.00    0.00   54.74
07:38:18      16   25.26    0.00   15.79    9.47    0.00    0.00    0.00    0.00    0.00   49.47
07:38:18      17   25.00    0.00   16.67    7.29    0.00    0.00    0.00    0.00    0.00   51.04
07:38:18      18   25.53    0.00   14.89    2.13    0.00    0.00    0.00    0.00    0.00   57.45
07:38:18      19   25.77    0.00   16.49    7.22    0.00    0.00    0.00    0.00    0.00   50.52
07:38:18      20   25.53    0.00   15.96    5.32    0.00    0.00    0.00    0.00    0.00   53.19
07:38:18      21   25.00    0.00   16.67    3.12    0.00    0.00    0.00    0.00    0.00   55.21
07:38:18      22   24.47    0.00   15.96    2.13    0.00    0.00    0.00    0.00    0.00   57.45
07:38:18      23   23.16    0.00   18.95    2.11    0.00    0.00    0.00    0.00    0.00   55.79
07:38:18      24   23.40    0.00   18.09    9.57    0.00    0.00    0.00    0.00    0.00   48.94
07:38:18      25   26.60    0.00   13.83    6.38    0.00    0.00    0.00    0.00    0.00   53.19
07:38:18      26   25.77    0.00   16.49    4.12    0.00    0.00    0.00    0.00    0.00   53.61
07:38:18      27   25.26    0.00   15.79    4.21    0.00    0.00    0.00    0.00    0.00   54.74
07:38:18      28   24.21    0.00   16.84    3.16    0.00    0.00    0.00    0.00    0.00   55.79
07:38:18      29   26.80    0.00   15.46    9.28    0.00    0.00    0.00    0.00    0.00   48.45
07:38:18      30   23.71    0.00   18.56    2.06    0.00    0.00    0.00    0.00    0.00   55.67
07:38:18      31   24.73    0.00   15.05   10.75    0.00    0.00    0.00    0.00    0.00   49.46

07:38:18     CPU    %usr   %nice    %sys %iowait    %irq   %soft  %steal  %guest  %gnice   %idle
07:38:19     all   25.35    0.00   16.16    4.96    0.00    0.00    0.00    0.00    0.00   53.53
07:38:19       0   25.00    0.00   16.67    2.08    0.00    0.00    0.00    0.00    0.00   56.25
07:38:19       1   25.00    0.00   16.30   15.22    0.00    0.00    0.00    0.00    0.00   43.48
07:38:19       2   24.47    0.00   15.96    5.32    0.00    0.00    0.00    0.00    0.00   54.26
07:38:19       3   26.04    0.00   15.62    2.08    0.00    0.00    0.00    0.00    0.00   56.25
07:38:19       4   25.26    0.00   16.84    7.37    0.00    0.00    0.00    0.00    0.00   50.53
07:38:19       5   25.00    0.00   16.30    6.52    0.00    0.00    0.00    0.00    0.00   52.17
07:38:19       6   25.53    0.00   15.96   10.64    0.00    0.00    0.00    0.00    0.00   47.87
07:38:19       7   26.88    0.00   13.98    2.15    0.00    0.00    0.00    0.00    0.00   56.99
07:38:19       8   26.32    0.00   14.74   10.53    0.00    0.00    0.00    0.00    0.00   48.42
07:38:19       9   25.00    0.00   16.67   10.42    0.00    0.00    0.00    0.00    0.00   47.92
07:38:19      10   24.21    0.00   16.84    2.11    0.00    0.00    0.00    0.00    0.00   56.84
07:38:19      11   24.74    0.00   16.49    2.06    0.00    0.00    0.00    0.00    0.00   56.70
07:38:19      12   24.47    0.00   17.02    1.06    0.00    0.00    0.00    0.00    0.00   57.45
07:38:19      13   27.08    0.00   14.58    4.17    0.00    0.00    0.00    0.00    0.00   54.17
07:38:19      14   25.26    0.00   15.79    8.42    0.00    0.00    0.00    0.00    0.00   50.53
07:38:19      15   25.00    0.00   16.67    5.21    0.00    0.00    0.00    0.00    0.00   53.12
07:38:19      16   26.04    0.00   15.62    1.04    0.00    0.00    0.00    0.00    0.00   57.29
07:38:19      17   26.04    0.00   16.67    5.21    0.00    0.00    0.00    0.00    0.00   52.08
07:38:19      18   24.21    0.00   16.84   10.53    0.00    0.00    0.00    0.00    0.00   48.42
07:38:19      19   26.04    0.00   15.62    6.25    0.00    0.00    0.00    0.00    0.00   52.08
07:38:19      20   25.53    0.00   15.96    3.19    0.00    0.00    0.00    0.00    0.00   55.32
07:38:19      21   26.32    0.00   15.79    2.11    0.00    0.00    0.00    0.00    0.00   55.79
07:38:19      22   24.21    0.00   17.89    5.26    0.00    0.00    0.00    0.00    0.00   52.63
07:38:19      23   26.04    0.00   16.67    5.21    0.00    0.00    0.00    0.00    0.00   52.08
07:38:19      24   26.32    0.00   14.74    2.11    0.00    0.00    0.00    0.00    0.00   56.84
07:38:19      25   24.74    0.00   17.53    7.22    0.00    0.00    0.00    0.00    0.00   50.52
07:38:19      26   23.66    0.00   16.13    2.15    0.00    0.00    0.00    0.00    0.00   58.06
07:38:19      27   23.71    0.00   18.56    1.03    0.00    0.00    0.00    0.00    0.00   56.70
07:38:19      28   25.00    0.00   16.67    5.21    0.00    0.00    0.00    0.00    0.00   53.12
07:38:19      29   27.08    0.00   14.58    2.08    0.00    0.00    0.00    0.00    0.00   56.25
07:38:19      30   26.32    0.00   14.74    2.11    0.00    0.00    0.00    0.00    0.00   56.84
07:38:19      31   24.74    0.00   16.49    3.09    0.00    0.00    0.00    0.00    0.00   55.67

07:38:19     CPU    %usr   %nice    %sys %iowait    %irq   %soft  %steal  %guest  %gnice   %idle
07:38:20     all   24.74    0.00   15.70    5.28    0.00    0.00    0.00    0.00    0.00   54.29
07:38:20       0   23.66    0.00   16.13    6.45    0.00    0.00    0.00    0.00    0.00   53.76
07:38:20       1   25.26    0.00   16.84   11.58    0.00    0.00    0.00    0.00    0.00   46.32
07:38:20       2   26.04    0.00   15.62    8.33    0.00    0.00    0.00    0.00    0.00   50.00
07:38:20       3   23.91    0.00   16.30    6.52    0.00    0.00    0.00    0.00    0.00   53.26
07:38:20       4   26.32    0.00   14.74    8.42    0.00    0.00    0.00    0.00    0.00   50.53
07:38:20       5   25.26    0.00   14.74    8.42    0.00    0.00    0.00    0.00    0.00   51.58
07:38:20       6   25.53    0.00   14.89    4.26    0.00    0.00    0.00    0.00    0.00   55.32
07:38:20       7   25.00    0.00   15.62    8.33    0.00    0.00    0.00    0.00    0.00   51.04
07:38:20       8   26.04    0.00   15.62    3.12    0.00    0.00    0.00    0.00    0.00   55.21
07:38:20       9   25.00    0.00   15.22    4.35    0.00    0.00    0.00    0.00    0.00   55.43
07:38:20      10   24.49    0.00   17.35    8.16    0.00    0.00    0.00    0.00    0.00   50.00
07:38:20      11   24.21    0.00   16.84    2.11    0.00    0.00    0.00    0.00    0.00   56.84
07:38:20      12   25.26    0.00   14.74    2.11    0.00    0.00    0.00    0.00    0.00   57.89
07:38:20      13   25.26    0.00   14.74    3.16    0.00    0.00    0.00    0.00    0.00   56.84
07:38:20      14   25.00    0.00   15.62    3.12    0.00    0.00    0.00    0.00    0.00   56.25
07:38:20      15   24.21    0.00   15.79    3.16    0.00    0.00    0.00    0.00    0.00   56.84
07:38:20      16   24.21    0.00   15.79    2.11    0.00    0.00    0.00    0.00    0.00   57.89
07:38:20      17   23.66    0.00   15.05   11.83    0.00    0.00    0.00    0.00    0.00   49.46
07:38:20      18   24.47    0.00   15.96    4.26    0.00    0.00    0.00    0.00    0.00   55.32
07:38:20      19   23.16    0.00   16.84   10.53    0.00    0.00    0.00    0.00    0.00   49.47
07:38:20      20   24.21    0.00   15.79    3.16    0.00    0.00    0.00    0.00    0.00   56.84
07:38:20      21   23.96    0.00   16.67    2.08    0.00    0.00    0.00    0.00    0.00   57.29
07:38:20      22   24.73    0.00   15.05    1.08    0.00    0.00    0.00    0.00    0.00   59.14
07:38:20      23   25.53    0.00   14.89    4.26    0.00    0.00    0.00    0.00    0.00   55.32
07:38:20      24   25.26    0.00   14.74    3.16    0.00    0.00    0.00    0.00    0.00   56.84
07:38:20      25   25.00    0.00   16.67    7.29    0.00    0.00    0.00    0.00    0.00   51.04
07:38:20      26   24.21    0.00   16.84    1.05    0.00    0.00    0.00    0.00    0.00   57.89
07:38:20      27   23.40    0.00   15.96    3.19    0.00    0.00    0.00    0.00    0.00   57.45
07:38:20      28   24.47    0.00   14.89    5.32    0.00    0.00    0.00    0.00    0.00   55.32
07:38:20      29   23.16    0.00   16.84    3.16    0.00    0.00    0.00    0.00    0.00   56.84
07:38:20      30   24.21    0.00   15.79   12.63    0.00    0.00    0.00    0.00    0.00   47.37
07:38:20      31   27.37    0.00   13.68    2.11    0.00    0.00    0.00    0.00    0.00   56.84

07:38:20     CPU    %usr   %nice    %sys %iowait    %irq   %soft  %steal  %guest  %gnice   %idle
07:38:21     all   25.34    0.00   15.93    4.87    0.00    0.00    0.00    0.00    0.00   53.87
07:38:21       0   25.53    0.00   17.02    8.51    0.00    0.00    0.00    0.00    0.00   48.94
07:38:21       1   25.00    0.00   17.71   12.50    0.00    0.00    0.00    0.00    0.00   44.79
07:38:21       2   25.53    0.00   15.96    4.26    0.00    0.00    0.00    0.00    0.00   54.26
07:38:21       3   25.00    0.00   16.67    4.17    0.00    0.00    0.00    0.00    0.00   54.17
07:38:21       4   25.26    0.00   16.84    4.21    0.00    0.00    0.00    0.00    0.00   53.68
07:38:21       5   26.60    0.00   13.83    3.19    0.00    0.00    0.00    0.00    0.00   56.38
07:38:21       6   25.77    0.00   16.49   11.34    0.00    0.00    0.00    0.00    0.00   46.39
07:38:21       7   27.37    0.00   14.74    5.26    0.00    0.00    0.00    0.00    0.00   52.63
07:38:21       8   24.73    0.00   16.13    6.45    0.00    0.00    0.00    0.00    0.00   52.69
07:38:21       9   25.77    0.00   15.46    2.06    0.00    0.00    0.00    0.00    0.00   56.70
07:38:21      10   24.73    0.00   16.13    3.23    0.00    0.00    0.00    0.00    0.00   55.91
07:38:21      11   25.00    0.00   15.62    4.17    0.00    0.00    0.00    0.00    0.00   55.21
07:38:21      12   23.16    0.00   16.84    3.16    0.00    0.00    0.00    0.00    0.00   56.84
07:38:21      13   25.26    0.00   16.84    4.21    0.00    0.00    0.00    0.00    0.00   53.68
07:38:21      14   25.00    0.00   15.62    2.08    0.00    0.00    0.00    0.00    0.00   57.29
07:38:21      15   24.74    0.00   17.53    2.06    0.00    0.00    0.00    0.00    0.00   55.67
07:38:21      16   26.32    0.00   15.79    3.16    0.00    0.00    0.00    0.00    0.00   54.74
07:38:21      17   23.66    0.00   17.20    8.60    0.00    0.00    0.00    0.00    0.00   50.54
07:38:21      18   25.26    0.00   16.84   11.58    0.00    0.00    0.00    0.00    0.00   46.32
07:38:21      19   25.00    0.00   15.22    6.52    0.00    0.00    0.00    0.00    0.00   53.26
07:38:21      20   26.32    0.00   14.74    3.16    0.00    0.00    0.00    0.00    0.00   55.79
07:38:21      21   24.74    0.00   16.49    6.19    0.00    0.00    0.00    0.00    0.00   52.58
07:38:21      22   23.91    0.00   15.22    2.17    0.00    0.00    0.00    0.00    0.00   58.70
07:38:21      23   24.47    0.00   15.96    2.13    0.00    0.00    0.00    0.00    0.00   57.45
07:38:21      24   26.04    0.00   15.62    3.12    0.00    0.00    0.00    0.00    0.00   55.21
07:38:21      25   24.47    0.00   15.96    6.38    0.00    0.00    0.00    0.00    0.00   53.19
07:38:21      26   26.32    0.00   13.68    2.11    0.00    0.00    0.00    0.00    0.00   57.89
07:38:21      27   26.32    0.00   14.74    3.16    0.00    0.00    0.00    0.00    0.00   55.79
07:38:21      28   26.80    0.00   15.46    2.06    0.00    0.00    0.00    0.00    0.00   55.67
07:38:21      29   24.21    0.00   16.84    7.37    0.00    0.00    0.00    0.00    0.00   51.58
07:38:21      30   25.53    0.00   14.89    4.26    0.00    0.00    0.00    0.00    0.00   55.32
07:38:21      31   26.80    0.00   15.46    3.09    0.00    0.00    0.00    0.00    0.00   54.64

07:38:21     CPU    %usr   %nice    %sys %iowait    %irq   %soft  %steal  %guest  %gnice   %idle
07:38:22     all   25.23    0.00   16.27    4.71    0.00    0.00    0.00    0.00    0.00   53.79
07:38:22       0   26.80    0.00   16.49    8.25    0.00    0.00    0.00    0.00    0.00   48.45
07:38:22       1   26.32    0.00   16.84   18.95    0.00    0.00    0.00    0.00    0.00   37.89
07:38:22       2   24.47    0.00   15.96    7.45    0.00    0.00    0.00    0.00    0.00   52.13
07:38:22       3   25.26    0.00   16.84    2.11    0.00    0.00    0.00    0.00    0.00   55.79
07:38:22       4   23.71    0.00   18.56    5.15    0.00    0.00    0.00    0.00    0.00   52.58
07:38:22       5   25.26    0.00   16.84    2.11    0.00    0.00    0.00    0.00    0.00   55.79
07:38:22       6   23.40    0.00   18.09    1.06    0.00    0.00    0.00    0.00    0.00   57.45
07:38:22       7   26.04    0.00   15.62    1.04    0.00    0.00    0.00    0.00    0.00   57.29
07:38:22       8   24.47    0.00   17.02    2.13    0.00    0.00    0.00    0.00    0.00   56.38
07:38:22       9   25.26    0.00   15.79    5.26    0.00    0.00    0.00    0.00    0.00   53.68
07:38:22      10   25.00    0.00   16.67    4.17    0.00    0.00    0.00    0.00    0.00   54.17
07:38:22      11   24.21    0.00   17.89    3.16    0.00    0.00    0.00    0.00    0.00   54.74
07:38:22      12   25.26    0.00   16.84    4.21    0.00    0.00    0.00    0.00    0.00   53.68
07:38:22      13   25.26    0.00   15.79    1.05    0.00    0.00    0.00    0.00    0.00   57.89
07:38:22      14   23.66    0.00   17.20    3.23    0.00    0.00    0.00    0.00    0.00   55.91
07:38:22      15   26.32    0.00   14.74    2.11    0.00    0.00    0.00    0.00    0.00   56.84
07:38:22      16   25.00    0.00   16.67    5.21    0.00    0.00    0.00    0.00    0.00   53.12
07:38:22      17   26.04    0.00   16.67   11.46    0.00    0.00    0.00    0.00    0.00   45.83
07:38:22      18   22.83    0.00   17.39    4.35    0.00    0.00    0.00    0.00    0.00   55.43
07:38:22      19   26.32    0.00   14.74    7.37    0.00    0.00    0.00    0.00    0.00   51.58
07:38:22      20   25.53    0.00   15.96    6.38    0.00    0.00    0.00    0.00    0.00   52.13
07:38:22      21   24.18    0.00   15.38    3.30    0.00    0.00    0.00    0.00    0.00   57.14
07:38:22      22   25.26    0.00   16.84    7.37    0.00    0.00    0.00    0.00    0.00   50.53
07:38:22      23   26.04    0.00   16.67    6.25    0.00    0.00    0.00    0.00    0.00   51.04
07:38:22      24   26.80    0.00   15.46    4.12    0.00    0.00    0.00    0.00    0.00   53.61
07:38:22      25   25.53    0.00   14.89    2.13    0.00    0.00    0.00    0.00    0.00   57.45
07:38:22      26   23.40    0.00   17.02    3.19    0.00    0.00    0.00    0.00    0.00   56.38
07:38:22      27   24.73    0.00   15.05    3.23    0.00    0.00    0.00    0.00    0.00   56.99
07:38:22      28   25.26    0.00   15.79    2.11    0.00    0.00    0.00    0.00    0.00   56.84
07:38:22      29   27.37    0.00   13.68    2.11    0.00    0.00    0.00    0.00    0.00   56.84
07:38:22      30   25.00    0.00   16.67    6.25    0.00    0.00    0.00    0.00    0.00   52.08
07:38:22      31   27.08    0.00   14.58    4.17    0.00    0.00    0.00    0.00    0.00   54.17

07:38:22     CPU    %usr   %nice    %sys %iowait    %irq   %soft  %steal  %guest  %gnice   %idle
07:38:23     all   24.97    0.00   14.99    5.24    0.00    0.00    0.00    0.00    0.00   54.81
07:38:23       0   26.32    0.00   15.79    2.11    0.00    0.00    0.00    0.00    0.00   55.79
07:38:23       1   26.09    0.00   14.13   14.13    0.00    0.00    0.00    0.00    0.00   45.65
07:38:23       2   26.32    0.00   13.68    4.21    0.00    0.00    0.00    0.00    0.00   55.79
07:38:23       3   25.26    0.00   15.79    8.42    0.00    0.00    0.00    0.00    0.00   50.53
07:38:23       4   24.47    0.00   14.89   11.70    0.00    0.00    0.00    0.00    0.00   48.94
07:38:23       5   27.08    0.00   13.54    6.25    0.00    0.00    0.00    0.00    0.00   53.12
07:38:23       6   26.53    0.00   15.31   11.22    0.00    0.00    0.00    0.00    0.00   46.94
07:38:23       7   24.21    0.00   16.84    6.32    0.00    0.00    0.00    0.00    0.00   52.63
07:38:23       8   24.47    0.00   14.89    7.45    0.00    0.00    0.00    0.00    0.00   53.19
07:38:23       9   24.47    0.00   14.89    6.38    0.00    0.00    0.00    0.00    0.00   54.26
07:38:23      10   25.00    0.00   15.62    2.08    0.00    0.00    0.00    0.00    0.00   57.29
07:38:23      11   25.26    0.00   14.74    4.21    0.00    0.00    0.00    0.00    0.00   55.79
07:38:23      12   23.40    0.00   15.96    8.51    0.00    0.00    0.00    0.00    0.00   52.13
07:38:23      13   23.96    0.00   15.62    3.12    0.00    0.00    0.00    0.00    0.00   57.29
07:38:23      14   25.26    0.00   13.68    2.11    0.00    0.00    0.00    0.00    0.00   58.95
07:38:23      15   24.47    0.00   14.89    1.06    0.00    0.00    0.00    0.00    0.00   59.57
07:38:23      16   24.47    0.00   14.89    2.13    0.00    0.00    0.00    0.00    0.00   58.51
07:38:23      17   24.73    0.00   15.05    9.68    0.00    0.00    0.00    0.00    0.00   50.54
07:38:23      18   25.26    0.00   13.68    4.21    0.00    0.00    0.00    0.00    0.00   56.84
07:38:23      19   25.81    0.00   12.90    3.23    0.00    0.00    0.00    0.00    0.00   58.06
07:38:23      20   25.26    0.00   13.68    7.37    0.00    0.00    0.00    0.00    0.00   53.68
07:38:23      21   24.21    0.00   15.79    8.42    0.00    0.00    0.00    0.00    0.00   51.58
07:38:23      22   23.96    0.00   16.67    3.12    0.00    0.00    0.00    0.00    0.00   56.25
07:38:23      23   23.40    0.00   15.96    1.06    0.00    0.00    0.00    0.00    0.00   59.57
07:38:23      24   25.00    0.00   15.62    5.21    0.00    0.00    0.00    0.00    0.00   54.17
07:38:23      25   25.26    0.00   14.74    2.11    0.00    0.00    0.00    0.00    0.00   57.89
07:38:23      26   24.21    0.00   14.74    2.11    0.00    0.00    0.00    0.00    0.00   58.95
07:38:23      27   26.32    0.00   13.68    2.11    0.00    0.00    0.00    0.00    0.00   57.89
07:38:23      28   24.21    0.00   15.79    5.26    0.00    0.00    0.00    0.00    0.00   54.74
07:38:23      29   25.00    0.00   14.58    2.08    0.00    0.00    0.00    0.00    0.00   58.33
07:38:23      30   23.40    0.00   15.96    5.32    0.00    0.00    0.00    0.00    0.00   55.32
07:38:23      31   25.77    0.00   15.46    5.15    0.00    0.00    0.00    0.00    0.00   53.61

07:38:23     CPU    %usr   %nice    %sys %iowait    %irq   %soft  %steal  %guest  %gnice   %idle
07:38:24     all   25.31    0.00   15.85    5.04    0.00    0.00    0.00    0.00    0.00   53.80
07:38:24       0   26.04    0.00   15.62    2.08    0.00    0.00    0.00    0.00    0.00   56.25
07:38:24       1   26.32    0.00   14.74   13.68    0.00    0.00    0.00    0.00    0.00   45.26
07:38:24       2   25.53    0.00   15.96    7.45    0.00    0.00    0.00    0.00    0.00   51.06
07:38:24       3   25.26    0.00   15.79    6.32    0.00    0.00    0.00    0.00    0.00   52.63
07:38:24       4   26.32    0.00   14.74    6.32    0.00    0.00    0.00    0.00    0.00   52.63
07:38:24       5   24.74    0.00   16.49    6.19    0.00    0.00    0.00    0.00    0.00   52.58
07:38:24       6   25.00    0.00   16.67    4.17    0.00    0.00    0.00    0.00    0.00   54.17
07:38:24       7   23.47    0.00   18.37    4.08    0.00    0.00    0.00    0.00    0.00   54.08
07:38:24       8   27.08    0.00   14.58   11.46    0.00    0.00    0.00    0.00    0.00   46.88
07:38:24       9   24.74    0.00   16.49    5.15    0.00    0.00    0.00    0.00    0.00   53.61
07:38:24      10   25.00    0.00   15.62    4.17    0.00    0.00    0.00    0.00    0.00   55.21
07:38:24      11   26.04    0.00   14.58    3.12    0.00    0.00    0.00    0.00    0.00   56.25
07:38:24      12   25.77    0.00   15.46    5.15    0.00    0.00    0.00    0.00    0.00   53.61
07:38:24      13   25.00    0.00   15.62    4.17    0.00    0.00    0.00    0.00    0.00   55.21
07:38:24      14   26.80    0.00   14.43    9.28    0.00    0.00    0.00    0.00    0.00   49.48
07:38:24      15   25.53    0.00   14.89    1.06    0.00    0.00    0.00    0.00    0.00   58.51
07:38:24      16   27.55    0.00   14.29    5.10    0.00    0.00    0.00    0.00    0.00   53.06
07:38:24      17   27.55    0.00   14.29    5.10    0.00    0.00    0.00    0.00    0.00   53.06
07:38:24      18   24.74    0.00   16.49    3.09    0.00    0.00    0.00    0.00    0.00   55.67
07:38:24      19   25.25    0.00   17.17    8.08    0.00    0.00    0.00    0.00    0.00   49.49
07:38:24      20   26.04    0.00   15.62    2.08    0.00    0.00    0.00    0.00    0.00   56.25
07:38:24      21   25.00    0.00   15.62    4.17    0.00    0.00    0.00    0.00    0.00   55.21
07:38:24      22   22.34    0.00   17.02    4.26    0.00    0.00    0.00    0.00    0.00   56.38
07:38:24      23   26.80    0.00   15.46    5.15    0.00    0.00    0.00    0.00    0.00   52.58
07:38:24      24   27.08    0.00   14.58    5.21    0.00    0.00    0.00    0.00    0.00   53.12
07:38:24      25   24.49    0.00   17.35    6.12    0.00    0.00    0.00    0.00    0.00   52.04
07:38:24      26   23.16    0.00   16.84    2.11    0.00    0.00    0.00    0.00    0.00   57.89
07:38:24      27   24.47    0.00   14.89    1.06    0.00    0.00    0.00    0.00    0.00   59.57
07:38:24      28   25.00    0.00   15.62    5.21    0.00    0.00    0.00    0.00    0.00   54.17
07:38:24      29   24.21    0.00   16.84    2.11    0.00    0.00    0.00    0.00    0.00   56.84
07:38:24      30   23.96    0.00   16.67    6.25    0.00    0.00    0.00    0.00    0.00   53.12
07:38:24      31   23.47    0.00   18.37    2.04    0.00    0.00    0.00    0.00    0.00   56.12

07:38:24     CPU    %usr   %nice    %sys %iowait    %irq   %soft  %steal  %guest  %gnice   %idle
07:38:25     all   21.51    0.00   13.06    5.59    0.00    0.00    0.00    0.00    0.00   59.83
07:38:25       0   20.83    0.00   13.54   13.54    0.00    0.00    0.00    0.00    0.00   52.08
07:38:25       1   22.11    0.00   12.63    4.21    0.00    0.00    0.00    0.00    0.00   61.05
07:38:25       2   21.43    0.00   13.27    3.06    0.00    0.00    0.00    0.00    0.00   62.24
07:38:25       3   20.83    0.00   13.54    1.04    0.00    0.00    0.00    0.00    0.00   64.58
07:38:25       4   20.62    0.00   15.46    3.09    0.00    0.00    0.00    0.00    0.00   60.82
07:38:25       5   20.00    0.00   13.68    6.32    0.00    0.00    0.00    0.00    0.00   60.00
07:38:25       6   21.05    0.00   13.68    4.21    0.00    0.00    0.00    0.00    0.00   61.05
07:38:25       7   20.21    0.00   13.83    3.19    0.00    0.00    0.00    0.00    0.00   62.77
07:38:25       8   21.21    0.00   15.15    4.04    0.00    0.00    0.00    0.00    0.00   59.60
07:38:25       9   21.65    0.00   13.40    2.06    0.00    0.00    0.00    0.00    0.00   62.89
07:38:25      10   21.51    0.00   11.83    4.30    0.00    0.00    0.00    0.00    0.00   62.37
07:38:25      11   21.28    0.00   12.77    6.38    0.00    0.00    0.00    0.00    0.00   59.57
07:38:25      12   21.28    0.00   12.77    1.06    0.00    0.00    0.00    0.00    0.00   64.89
07:38:25      13   21.43    0.00   14.29    3.06    0.00    0.00    0.00    0.00    0.00   61.22
07:38:25      14   20.00    0.00   14.74    2.11    0.00    0.00    0.00    0.00    0.00   63.16
07:38:25      15   20.83    0.00   13.54    3.12    0.00    0.00    0.00    0.00    0.00   62.50
07:38:25      16   21.65    0.00   13.40    2.06    0.00    0.00    0.00    0.00    0.00   62.89
07:38:25      17   21.28    0.00   12.77   10.64    0.00    0.00    0.00    0.00    0.00   55.32
07:38:25      18   21.05    0.00   12.63    5.26    0.00    0.00    0.00    0.00    0.00   61.05
07:38:25      19   22.68    0.00   12.37   14.43    0.00    0.00    0.00    0.00    0.00   50.52
07:38:25      20   22.68    0.00   12.37    6.19    0.00    0.00    0.00    0.00    0.00   58.76
07:38:25      21   21.43    0.00   13.27    2.04    0.00    0.00    0.00    0.00    0.00   63.27
07:38:25      22   22.68    0.00   13.40   15.46    0.00    0.00    0.00    0.00    0.00   48.45
07:38:25      23   21.05    0.00   12.63    5.26    0.00    0.00    0.00    0.00    0.00   61.05
07:38:25      24   22.68    0.00   12.37    2.06    0.00    0.00    0.00    0.00    0.00   62.89
07:38:25      25   21.05    0.00   12.63    5.26    0.00    0.00    0.00    0.00    0.00   61.05
07:38:25      26   22.68    0.00   12.37    8.25    0.00    0.00    0.00    0.00    0.00   56.70
07:38:25      27   22.68    0.00   11.34    6.19    0.00    0.00    0.00    0.00    0.00   59.79
07:38:25      28   21.43    0.00   13.27   14.29    0.00    0.00    0.00    0.00    0.00   51.02
07:38:25      29   22.68    0.00   11.34    3.09    0.00    0.00    0.00    0.00    0.00   62.89
07:38:25      30   22.45    0.00   12.24    7.14    0.00    0.00    0.00    0.00    0.00   58.16
07:38:25      31   21.88    0.00   11.46    6.25    0.00    0.00    0.00    0.00    0.00   60.42

07:38:25     CPU    %usr   %nice    %sys %iowait    %irq   %soft  %steal  %guest  %gnice   %idle
07:38:26     all   10.48    0.00    7.38    7.19    0.00    0.00    0.00    0.00    0.00   74.94
07:38:26       0   10.31    0.00    8.25    4.12    0.00    0.00    0.00    0.00    0.00   77.32
07:38:26       1   12.24    0.00    8.16   17.35    0.00    0.00    0.00    0.00    0.00   62.24
07:38:26       2   10.53    0.00    7.37   22.11    0.00    0.00    0.00    0.00    0.00   60.00
07:38:26       3   11.11    0.00    8.08    4.04    0.00    0.00    0.00    0.00    0.00   76.77
07:38:26       4   10.31    0.00    7.22    3.09    0.00    0.00    0.00    0.00    0.00   79.38
07:38:26       5    9.47    0.00    8.42   12.63    0.00    0.00    0.00    0.00    0.00   69.47
07:38:26       6    8.33    0.00    8.33    6.25    0.00    0.00    0.00    0.00    0.00   77.08
07:38:26       7   10.31    0.00    7.22    1.03    0.00    0.00    0.00    0.00    0.00   81.44
07:38:26       8   10.53    0.00    6.32    3.16    0.00    0.00    0.00    0.00    0.00   80.00
07:38:26       9   11.46    0.00    6.25   12.50    0.00    0.00    0.00    0.00    0.00   69.79
07:38:26      10    8.25    0.00    8.25    6.19    0.00    0.00    0.00    0.00    0.00   77.32
07:38:26      11    9.38    0.00    7.29    4.17    0.00    0.00    0.00    0.00    0.00   79.17
07:38:26      12   11.11    0.00    7.07    3.03    0.00    0.00    0.00    0.00    0.00   78.79
07:38:26      13   11.22    0.00    7.14    2.04    0.00    0.00    0.00    0.00    0.00   79.59
07:38:26      14   11.34    0.00    6.19    1.03    0.00    0.00    0.00    0.00    0.00   81.44
07:38:26      15   10.20    0.00    7.14   11.22    0.00    0.00    0.00    0.00    0.00   71.43
07:38:26      16   10.42    0.00    6.25    1.04    0.00    0.00    0.00    0.00    0.00   82.29
07:38:26      17   10.31    0.00    7.22    8.25    0.00    0.00    0.00    0.00    0.00   74.23
07:38:26      18   11.58    0.00    6.32    9.47    0.00    0.00    0.00    0.00    0.00   72.63
07:38:26      19   11.22    0.00    8.16    3.06    0.00    0.00    0.00    0.00    0.00   77.55
07:38:26      20   11.34    0.00    8.25    3.09    0.00    0.00    0.00    0.00    0.00   77.32
07:38:26      21    9.38    0.00    7.29    4.17    0.00    0.00    0.00    0.00    0.00   79.17
07:38:26      22    9.28    0.00    7.22   31.96    0.00    0.00    0.00    0.00    0.00   51.55
07:38:26      23   12.24    0.00    7.14    1.02    0.00    0.00    0.00    0.00    0.00   79.59
07:38:26      24    9.28    0.00    7.22    3.09    0.00    0.00    0.00    0.00    0.00   80.41
07:38:26      25   10.31    0.00    7.22    1.03    0.00    0.00    0.00    0.00    0.00   81.44
07:38:26      26   12.12    0.00    8.08    3.03    0.00    0.00    0.00    0.00    0.00   76.77
07:38:26      27   10.31    0.00    8.25   11.34    0.00    0.00    0.00    0.00    0.00   70.10
07:38:26      28   10.31    0.00    8.25   20.62    0.00    0.00    0.00    0.00    0.00   60.82
07:38:26      29   10.31    0.00    8.25    3.09    0.00    0.00    0.00    0.00    0.00   78.35
07:38:26      30   11.34    0.00    6.19    1.03    0.00    0.00    0.00    0.00    0.00   81.44
07:38:26      31    9.38    0.00    6.25   11.46    0.00    0.00    0.00    0.00    0.00   72.92

07:38:26     CPU    %usr   %nice    %sys %iowait    %irq   %soft  %steal  %guest  %gnice   %idle
07:38:27     all    9.83    0.00    6.72    7.23    0.00    0.00    0.00    0.00    0.00   76.22
07:38:27       0    9.28    0.00    7.22    3.09    0.00    0.00    0.00    0.00    0.00   80.41
07:38:27       1   11.22    0.00    7.14   20.41    0.00    0.00    0.00    0.00    0.00   61.22
07:38:27       2    9.18    0.00    7.14   11.22    0.00    0.00    0.00    0.00    0.00   72.45
07:38:27       3   10.42    0.00    5.21    7.29    0.00    0.00    0.00    0.00    0.00   77.08
07:38:27       4    9.38    0.00    6.25    3.12    0.00    0.00    0.00    0.00    0.00   81.25
07:38:27       5   10.10    0.00    8.08    9.09    0.00    0.00    0.00    0.00    0.00   72.73
07:38:27       6   10.20    0.00    6.12    3.06    0.00    0.00    0.00    0.00    0.00   80.61
07:38:27       7   11.46    0.00    5.21    3.12    0.00    0.00    0.00    0.00    0.00   80.21
07:38:27       8    9.28    0.00    7.22    9.28    0.00    0.00    0.00    0.00    0.00   74.23
07:38:27       9    8.25    0.00    7.22    4.12    0.00    0.00    0.00    0.00    0.00   80.41
07:38:27      10   10.31    0.00    7.22    3.09    0.00    0.00    0.00    0.00    0.00   79.38
07:38:27      11    8.16    0.00    8.16    2.04    0.00    0.00    0.00    0.00    0.00   81.63
07:38:27      12    9.47    0.00    5.26    5.26    0.00    0.00    0.00    0.00    0.00   80.00
07:38:27      13   10.53    0.00    5.26    3.16    0.00    0.00    0.00    0.00    0.00   81.05
07:38:27      14   10.20    0.00    7.14    2.04    0.00    0.00    0.00    0.00    0.00   80.61
07:38:27      15    8.42    0.00    6.32    5.26    0.00    0.00    0.00    0.00    0.00   80.00
07:38:27      16    9.28    0.00    6.19    4.12    0.00    0.00    0.00    0.00    0.00   80.41
07:38:27      17    9.18    0.00    8.16   20.41    0.00    0.00    0.00    0.00    0.00   62.24
07:38:27      18   11.22    0.00    7.14   20.41    0.00    0.00    0.00    0.00    0.00   61.22
07:38:27      19   11.22    0.00    6.12    7.14    0.00    0.00    0.00    0.00    0.00   75.51
07:38:27      20    8.33    0.00    7.29    7.29    0.00    0.00    0.00    0.00    0.00   77.08
07:38:27      21   10.20    0.00    7.14    8.16    0.00    0.00    0.00    0.00    0.00   74.49
07:38:27      22   10.31    0.00    6.19   10.31    0.00    0.00    0.00    0.00    0.00   73.20
07:38:27      23    9.38    0.00    7.29    9.38    0.00    0.00    0.00    0.00    0.00   73.96
07:38:27      24    9.28    0.00    7.22    3.09    0.00    0.00    0.00    0.00    0.00   80.41
07:38:27      25    9.18    0.00    7.14    5.10    0.00    0.00    0.00    0.00    0.00   78.57
07:38:27      26    9.18    0.00    8.16    2.04    0.00    0.00    0.00    0.00    0.00   80.61
07:38:27      27    9.28    0.00    6.19   10.31    0.00    0.00    0.00    0.00    0.00   74.23
07:38:27      28   11.11    0.00    7.07    8.08    0.00    0.00    0.00    0.00    0.00   73.74
07:38:27      29   12.00    0.00    5.00   11.00    0.00    0.00    0.00    0.00    0.00   72.00
07:38:27      30   10.10    0.00    6.06    4.04    0.00    0.00    0.00    0.00    0.00   79.80
07:38:27      31    9.38    0.00    6.25    5.21    0.00    0.00    0.00    0.00    0.00   79.17

07:38:27     CPU    %usr   %nice    %sys %iowait    %irq   %soft  %steal  %guest  %gnice   %idle
07:38:28     all   10.80    0.00    7.72    7.01    0.00    0.00    0.00    0.00    0.00   74.47
07:38:28       0   12.37    0.00    7.22    2.06    0.00    0.00    0.00    0.00    0.00   78.35
07:38:28       1   11.34    0.00    8.25   22.68    0.00    0.00    0.00    0.00    0.00   57.73
07:38:28       2   10.42    0.00    8.33    7.29    0.00    0.00    0.00    0.00    0.00   73.96
07:38:28       3   10.42    0.00    9.38    6.25    0.00    0.00    0.00    0.00    0.00   73.96
07:38:28       4   10.42    0.00    6.25   12.50    0.00    0.00    0.00    0.00    0.00   70.83
07:38:28       5   10.42    0.00    6.25    8.33    0.00    0.00    0.00    0.00    0.00   75.00
07:38:28       6   12.24    0.00    6.12   10.20    0.00    0.00    0.00    0.00    0.00   71.43
07:38:28       7   10.20    0.00    8.16   13.27    0.00    0.00    0.00    0.00    0.00   68.37
07:38:28       8   12.12    0.00    8.08    4.04    0.00    0.00    0.00    0.00    0.00   75.76
07:38:28       9   11.34    0.00    7.22    2.06    0.00    0.00    0.00    0.00    0.00   79.38
07:38:28      10   10.31    0.00    9.28    4.12    0.00    0.00    0.00    0.00    0.00   76.29
07:38:28      11   11.46    0.00    6.25    2.08    0.00    0.00    0.00    0.00    0.00   80.21
07:38:28      12   10.20    0.00    9.18   11.22    0.00    0.00    0.00    0.00    0.00   69.39
07:38:28      13   11.22    0.00    8.16    4.08    0.00    0.00    0.00    0.00    0.00   76.53
07:38:28      14   11.00    0.00    9.00    5.00    0.00    0.00    0.00    0.00    0.00   75.00
07:38:28      15   11.11    0.00    8.08    2.02    0.00    0.00    0.00    0.00    0.00   78.79
07:38:28      16   12.24    0.00    6.12    2.04    0.00    0.00    0.00    0.00    0.00   79.59
07:38:28      17   11.46    0.00    8.33   23.96    0.00    0.00    0.00    0.00    0.00   56.25
07:38:28      18   11.22    0.00    8.16    9.18    0.00    0.00    0.00    0.00    0.00   71.43
07:38:28      19    9.18    0.00    9.18   13.27    0.00    0.00    0.00    0.00    0.00   68.37
07:38:28      20   11.34    0.00    7.22    3.09    0.00    0.00    0.00    0.00    0.00   78.35
07:38:28      21    9.28    0.00    8.25    4.12    0.00    0.00    0.00    0.00    0.00   78.35
07:38:28      22    9.38    0.00    8.33    3.12    0.00    0.00    0.00    0.00    0.00   79.17
07:38:28      23    9.28    0.00    8.25    6.19    0.00    0.00    0.00    0.00    0.00   76.29
07:38:28      24    9.28    0.00    8.25    4.12    0.00    0.00    0.00    0.00    0.00   78.35
07:38:28      25   10.31    0.00    7.22    6.19    0.00    0.00    0.00    0.00    0.00   76.29
07:38:28      26   11.34    0.00    7.22    5.15    0.00    0.00    0.00    0.00    0.00   76.29
07:38:28      27   10.31    0.00    7.22    2.06    0.00    0.00    0.00    0.00    0.00   80.41
07:38:28      28   11.34    0.00    7.22    9.28    0.00    0.00    0.00    0.00    0.00   72.16
07:38:28      29   12.37    0.00    6.19    4.12    0.00    0.00    0.00    0.00    0.00   77.32
07:38:28      30   10.42    0.00    7.29    7.29    0.00    0.00    0.00    0.00    0.00   75.00
07:38:28      31   10.31    0.00    7.22    4.12    0.00    0.00    0.00    0.00    0.00   78.35

07:38:28     CPU    %usr   %nice    %sys %iowait    %irq   %soft  %steal  %guest  %gnice   %idle
07:38:29     all    9.63    0.00    6.59    7.47    0.00    0.00    0.00    0.00    0.00   76.31
07:38:29       0   10.42    0.00    5.21    2.08    0.00    0.00    0.00    0.00    0.00   82.29
07:38:29       1    9.38    0.00    7.29   16.67    0.00    0.00    0.00    0.00    0.00   66.67
07:38:29       2    9.18    0.00    8.16    4.08    0.00    0.00    0.00    0.00    0.00   78.57
07:38:29       3   10.42    0.00    6.25    9.38    0.00    0.00    0.00    0.00    0.00   73.96
07:38:29       4   10.20    0.00    6.12    3.06    0.00    0.00    0.00    0.00    0.00   80.61
07:38:29       5   10.31    0.00    5.15    5.15    0.00    0.00    0.00    0.00    0.00   79.38
07:38:29       6    9.18    0.00    8.16   11.22    0.00    0.00    0.00    0.00    0.00   71.43
07:38:29       7    9.28    0.00    7.22    3.09    0.00    0.00    0.00    0.00    0.00   80.41
07:38:29       8    9.28    0.00    6.19    3.09    0.00    0.00    0.00    0.00    0.00   81.44
07:38:29       9    9.38    0.00    6.25    6.25    0.00    0.00    0.00    0.00    0.00   78.12
07:38:29      10   10.10    0.00    6.06    3.03    0.00    0.00    0.00    0.00    0.00   80.81
07:38:29      11   10.20    0.00    7.14    4.08    0.00    0.00    0.00    0.00    0.00   78.57
07:38:29      12   10.42    0.00    6.25    6.25    0.00    0.00    0.00    0.00    0.00   77.08
07:38:29      13   10.42    0.00    7.29    1.04    0.00    0.00    0.00    0.00    0.00   81.25
07:38:29      14    9.57    0.00    5.32    7.45    0.00    0.00    0.00    0.00    0.00   77.66
07:38:29      15   10.31    0.00    6.19    3.09    0.00    0.00    0.00    0.00    0.00   80.41
07:38:29      16    9.28    0.00    6.19   17.53    0.00    0.00    0.00    0.00    0.00   67.01
07:38:29      17    9.57    0.00    6.38   22.34    0.00    0.00    0.00    0.00    0.00   61.70
07:38:29      18    9.28    0.00    7.22   17.53    0.00    0.00    0.00    0.00    0.00   65.98
07:38:29      19   10.42    0.00    6.25   10.42    0.00    0.00    0.00    0.00    0.00   72.92
07:38:29      20    8.33    0.00    6.25   12.50    0.00    0.00    0.00    0.00    0.00   72.92
07:38:29      21    8.33    0.00    8.33   17.71    0.00    0.00    0.00    0.00    0.00   65.62
07:38:29      22   10.31    0.00    6.19    5.15    0.00    0.00    0.00    0.00    0.00   78.35
07:38:29      23   10.31    0.00    6.19    9.28    0.00    0.00    0.00    0.00    0.00   74.23
07:38:29      24   10.42    0.00    6.25    3.12    0.00    0.00    0.00    0.00    0.00   80.21
07:38:29      25   10.31    0.00    7.22   11.34    0.00    0.00    0.00    0.00    0.00   71.13
07:38:29      26    8.33    0.00    7.29    7.29    0.00    0.00    0.00    0.00    0.00   77.08
07:38:29      27    9.18    0.00    7.14    6.12    0.00    0.00    0.00    0.00    0.00   77.55
07:38:29      28    9.28    0.00    6.19    3.09    0.00    0.00    0.00    0.00    0.00   81.44
07:38:29      29    8.25    0.00    6.19    2.06    0.00    0.00    0.00    0.00    0.00   83.51
07:38:29      30    9.28    0.00    6.19    2.06    0.00    0.00    0.00    0.00    0.00   82.47
07:38:29      31    9.28    0.00    7.22    3.09    0.00    0.00    0.00    0.00    0.00   80.41

07:38:29     CPU    %usr   %nice    %sys %iowait    %irq   %soft  %steal  %guest  %gnice   %idle
07:38:30     all   11.58    0.00    8.01    7.23    0.00    0.00    0.00    0.00    0.00   73.18
07:38:30       0   13.40    0.00    6.19    3.09    0.00    0.00    0.00    0.00    0.00   77.32
07:38:30       1   13.40    0.00    7.22   20.62    0.00    0.00    0.00    0.00    0.00   58.76
07:38:30       2   12.12    0.00    8.08    7.07    0.00    0.00    0.00    0.00    0.00   72.73
07:38:30       3   10.31    0.00    9.28    5.15    0.00    0.00    0.00    0.00    0.00   75.26
07:38:30       4   12.37    0.00    7.22    3.09    0.00    0.00    0.00    0.00    0.00   77.32
07:38:30       5   13.13    0.00    8.08    2.02    0.00    0.00    0.00    0.00    0.00   76.77
07:38:30       6   11.34    0.00    8.25    8.25    0.00    0.00    0.00    0.00    0.00   72.16
07:38:30       7   10.31    0.00    9.28    4.12    0.00    0.00    0.00    0.00    0.00   76.29
07:38:30       8   10.31    0.00    9.28    3.09    0.00    0.00    0.00    0.00    0.00   77.32
07:38:30       9   12.12    0.00    7.07   10.10    0.00    0.00    0.00    0.00    0.00   70.71
07:38:30      10   12.24    0.00    8.16    3.06    0.00    0.00    0.00    0.00    0.00   76.53
07:38:30      11   12.50    0.00    7.29    2.08    0.00    0.00    0.00    0.00    0.00   78.12
07:38:30      12    9.28    0.00    9.28    7.22    0.00    0.00    0.00    0.00    0.00   74.23
07:38:30      13   11.22    0.00    8.16    4.08    0.00    0.00    0.00    0.00    0.00   76.53
07:38:30      14   11.34    0.00    8.25    4.12    0.00    0.00    0.00    0.00    0.00   76.29
07:38:30      15   12.37    0.00    7.22    4.12    0.00    0.00    0.00    0.00    0.00   76.29
07:38:30      16   10.31    0.00    9.28    5.15    0.00    0.00    0.00    0.00    0.00   75.26
07:38:30      17   11.46    0.00    8.33   17.71    0.00    0.00    0.00    0.00    0.00   62.50
07:38:30      18   11.22    0.00    9.18    8.16    0.00    0.00    0.00    0.00    0.00   71.43
07:38:30      19   11.34    0.00    8.25   16.49    0.00    0.00    0.00    0.00    0.00   63.92
07:38:30      20   11.22    0.00    7.14   15.31    0.00    0.00    0.00    0.00    0.00   66.33
07:38:30      21   11.22    0.00    9.18    4.08    0.00    0.00    0.00    0.00    0.00   75.51
07:38:30      22   12.24    0.00    8.16    9.18    0.00    0.00    0.00    0.00    0.00   70.41
07:38:30      23   10.31    0.00    8.25   10.31    0.00    0.00    0.00    0.00    0.00   71.13
07:38:30      24   10.42    0.00    8.33    8.33    0.00    0.00    0.00    0.00    0.00   72.92
07:38:30      25   13.13    0.00    8.08    5.05    0.00    0.00    0.00    0.00    0.00   73.74
07:38:30      26   11.58    0.00    6.32    4.21    0.00    0.00    0.00    0.00    0.00   77.89
07:38:30      27   11.46    0.00    8.33    1.04    0.00    0.00    0.00    0.00    0.00   79.17
07:38:30      28   12.24    0.00    7.14   14.29    0.00    0.00    0.00    0.00    0.00   66.33
07:38:30      29   12.24    0.00    8.16    3.06    0.00    0.00    0.00    0.00    0.00   76.53
07:38:30      30   11.58    0.00    6.32    4.21    0.00    0.00    0.00    0.00    0.00   77.89
07:38:30      31   10.53    0.00    7.37   13.68    0.00    0.00    0.00    0.00    0.00   68.42

07:38:30     CPU    %usr   %nice    %sys %iowait    %irq   %soft  %steal  %guest  %gnice   %idle
07:38:31     all   13.26    0.00    8.77    6.68    0.00    0.00    0.00    0.00    0.00   71.29
07:38:31       0   13.40    0.00    9.28    7.22    0.00    0.00    0.00    0.00    0.00   70.10
07:38:31       1   12.90    0.00    8.60   17.20    0.00    0.00    0.00    0.00    0.00   61.29
07:38:31       2   12.63    0.00    9.47   14.74    0.00    0.00    0.00    0.00    0.00   63.16
07:38:31       3   14.29    0.00    9.18    4.08    0.00    0.00    0.00    0.00    0.00   72.45
07:38:31       4   11.58    0.00    9.47    3.16    0.00    0.00    0.00    0.00    0.00   75.79
07:38:31       5   14.43    0.00    8.25    7.22    0.00    0.00    0.00    0.00    0.00   70.10
07:38:31       6   14.43    0.00    8.25    5.15    0.00    0.00    0.00    0.00    0.00   72.16
07:38:31       7   15.31    0.00    8.16    5.10    0.00    0.00    0.00    0.00    0.00   71.43
07:38:31       8   12.90    0.00    8.60    5.38    0.00    0.00    0.00    0.00    0.00   73.12
07:38:31       9   14.43    0.00    7.22    2.06    0.00    0.00    0.00    0.00    0.00   76.29
07:38:31      10   11.58    0.00   10.53    7.37    0.00    0.00    0.00    0.00    0.00   70.53
07:38:31      11   12.37    0.00    9.28    4.12    0.00    0.00    0.00    0.00    0.00   74.23
07:38:31      12   13.27    0.00    9.18    8.16    0.00    0.00    0.00    0.00    0.00   69.39
07:38:31      13   13.54    0.00    8.33    3.12    0.00    0.00    0.00    0.00    0.00   75.00
07:38:31      14   13.40    0.00    9.28    4.12    0.00    0.00    0.00    0.00    0.00   73.20
07:38:31      15   14.43    0.00    9.28    5.15    0.00    0.00    0.00    0.00    0.00   71.13
07:38:31      16   14.43    0.00    8.25    2.06    0.00    0.00    0.00    0.00    0.00   75.26
07:38:31      17   12.63    0.00    9.47   15.79    0.00    0.00    0.00    0.00    0.00   62.11
07:38:31      18   12.77    0.00    8.51    7.45    0.00    0.00    0.00    0.00    0.00   71.28
07:38:31      19   12.63    0.00    8.42   13.68    0.00    0.00    0.00    0.00    0.00   65.26
07:38:31      20   14.58    0.00    9.38    6.25    0.00    0.00    0.00    0.00    0.00   69.79
07:38:31      21   14.58    0.00    7.29   12.50    0.00    0.00    0.00    0.00    0.00   65.62
07:38:31      22   13.68    0.00    7.37    3.16    0.00    0.00    0.00    0.00    0.00   75.79
07:38:31      23   13.54    0.00    9.38    5.21    0.00    0.00    0.00    0.00    0.00   71.88
07:38:31      24   12.37    0.00   10.31    6.19    0.00    0.00    0.00    0.00    0.00   71.13
07:38:31      25   13.54    0.00    8.33    5.21    0.00    0.00    0.00    0.00    0.00   72.92
07:38:31      26   12.50    0.00    8.33    3.12    0.00    0.00    0.00    0.00    0.00   76.04
07:38:31      27   12.77    0.00    7.45   12.77    0.00    0.00    0.00    0.00    0.00   67.02
07:38:31      28   11.70    0.00    8.51    2.13    0.00    0.00    0.00    0.00    0.00   77.66
07:38:31      29   12.63    0.00    8.42    9.47    0.00    0.00    0.00    0.00    0.00   69.47
07:38:31      30   11.46    0.00   10.42    3.12    0.00    0.00    0.00    0.00    0.00   75.00
07:38:31      31   13.40    0.00    8.25    3.09    0.00    0.00    0.00    0.00    0.00   75.26

07:38:31     CPU    %usr   %nice    %sys %iowait    %irq   %soft  %steal  %guest  %gnice   %idle
07:38:32     all   11.50    0.00    8.27    6.96    0.00    0.00    0.00    0.00    0.00   73.26
07:38:32       0   10.53    0.00    8.42    7.37    0.00    0.00    0.00    0.00    0.00   73.68
07:38:32       1   11.22    0.00    9.18   11.22    0.00    0.00    0.00    0.00    0.00   68.37
07:38:32       2   11.22    0.00    8.16    9.18    0.00    0.00    0.00    0.00    0.00   71.43
07:38:32       3   12.50    0.00    7.29   10.42    0.00    0.00    0.00    0.00    0.00   69.79
07:38:32       4   11.34    0.00    8.25    8.25    0.00    0.00    0.00    0.00    0.00   72.16
07:38:32       5   11.22    0.00    9.18    4.08    0.00    0.00    0.00    0.00    0.00   75.51
07:38:32       6   10.31    0.00    7.22    7.22    0.00    0.00    0.00    0.00    0.00   75.26
07:38:32       7   12.24    0.00    9.18    3.06    0.00    0.00    0.00    0.00    0.00   75.51
07:38:32       8   11.34    0.00    8.25    2.06    0.00    0.00    0.00    0.00    0.00   78.35
07:38:32       9   11.34    0.00    8.25    6.19    0.00    0.00    0.00    0.00    0.00   74.23
07:38:32      10   11.00    0.00   10.00    4.00    0.00    0.00    0.00    0.00    0.00   75.00
07:38:32      11   10.31    0.00    9.28   13.40    0.00    0.00    0.00    0.00    0.00   67.01
07:38:32      12   13.40    0.00    6.19    2.06    0.00    0.00    0.00    0.00    0.00   78.35
07:38:32      13   10.31    0.00    8.25    2.06    0.00    0.00    0.00    0.00    0.00   79.38
07:38:32      14   11.11    0.00    8.08    3.03    0.00    0.00    0.00    0.00    0.00   77.78
07:38:32      15   12.12    0.00    7.07    3.03    0.00    0.00    0.00    0.00    0.00   77.78
07:38:32      16   10.42    0.00    8.33    3.12    0.00    0.00    0.00    0.00    0.00   78.12
07:38:32      17   10.31    0.00    9.28   18.56    0.00    0.00    0.00    0.00    0.00   61.86
07:38:32      18   12.12    0.00    8.08   10.10    0.00    0.00    0.00    0.00    0.00   69.70
07:38:32      19   13.13    0.00    7.07    7.07    0.00    0.00    0.00    0.00    0.00   72.73
07:38:32      20   13.86    0.00    7.92    5.94    0.00    0.00    0.00    0.00    0.00   72.28
07:38:32      21   12.00    0.00    9.00    6.00    0.00    0.00    0.00    0.00    0.00   73.00
07:38:32      22   10.20    0.00    9.18    3.06    0.00    0.00    0.00    0.00    0.00   77.55
07:38:32      23   10.42    0.00    7.29    5.21    0.00    0.00    0.00    0.00    0.00   77.08
07:38:32      24   11.34    0.00    8.25    3.09    0.00    0.00    0.00    0.00    0.00   77.32
07:38:32      25   12.24    0.00    8.16    6.12    0.00    0.00    0.00    0.00    0.00   73.47
07:38:32      26   10.31    0.00    9.28   11.34    0.00    0.00    0.00    0.00    0.00   69.07
07:38:32      27   11.22    0.00    8.16   17.35    0.00    0.00    0.00    0.00    0.00   63.27
07:38:32      28   13.13    0.00    7.07    4.04    0.00    0.00    0.00    0.00    0.00   75.76
07:38:32      29   12.24    0.00    8.16    4.08    0.00    0.00    0.00    0.00    0.00   75.51
07:38:32      30   12.24    0.00    8.16   12.24    0.00    0.00    0.00    0.00    0.00   67.35
07:38:32      31   11.11    0.00    9.09    9.09    0.00    0.00    0.00    0.00    0.00   70.71

07:38:32     CPU    %usr   %nice    %sys %iowait    %irq   %soft  %steal  %guest  %gnice   %idle
07:38:33     all   10.89    0.00    7.10    7.26    0.00    0.00    0.00    0.00    0.00   74.76
07:38:33       0   12.24    0.00    7.14    5.10    0.00    0.00    0.00    0.00    0.00   75.51
07:38:33       1   10.42    0.00    7.29   14.58    0.00    0.00    0.00    0.00    0.00   67.71
