# Benchmark: [POSTGRES DISK] pgbench TPC-B - PostgreSQL OLTP

**Date:** 2026-01-04 08:17:10
**Scenario:** PostgreSQL OLTP - 100 clients, TPC-B like workload with full monitoring

---

## Target Disk

| Property | Value |
|----------|-------|
| **Name** | **POSTGRES** |
| **Mount Point** | `/data,/wal` |
| **Device** | `/dev/md0,/dev/md1` |
| **Volumes** | `nvme1n1, nvme2n1, nvme3n1, nvme4n1, nvme5n1, nvme6n1, nvme7n1, nvme8n1, nvme9n1, nvme10n1, nvme11n1, nvme12n1, nvme13n1, nvme14n1, nvme15n1, nvme16n1, md0, md1` |

---

## System Configuration

```
=== INSTANCE ===

Linux ip-10-0-1-171 6.14.0-1018-aws #18~24.04.1-Ubuntu SMP Mon Nov 24 19:32:52 UTC 2025 aarch64 aarch64 aarch64 GNU/Linux
Architecture:                            aarch64
CPU(s):                                  32
Model name:                              Neoverse-V2
total        used        free      shared  buff/cache   available
Mem:            61Gi        24Gi        14Gi       2.6Mi        24Gi        37Gi
Swap:             0B          0B          0B

=== OS TUNING ===
vm.swappiness = 1
vm.dirty_ratio = 4
vm.dirty_background_ratio = 1
vm.dirty_expire_centisecs = 200
vm.dirty_writeback_centisecs = 100
always madvise [never]

=== NETWORK ===
net.core.somaxconn = 4096
net.core.rmem_max = 16777216
net.core.wmem_max = 16777216
net.ipv4.tcp_tw_reuse = 1
net.ipv4.tcp_fin_timeout = 15

=== DISK - RAID ===
Personalities : [raid10] 
md1 : active raid10 nvme9n1[6] nvme13n1[2] nvme15n1[1] nvme11n1[7] nvme14n1[4] nvme12n1[0] nvme10n1[3] nvme16n1[5]
      125759488 blocks super 1.2 256K chunks 2 near-copies [8/8] [UUUUUUUU]
      
md0 : active raid10 nvme0n1[4] nvme4n1[6] nvme7n1[2] nvme6n1[3] nvme3n1[5] nvme2n1[7] nvme8n1[0] nvme5n1[1]
      209580032 blocks super 1.2 64K chunks 2 near-copies [8/8] [UUUUUUUU]
      
unused devices: <none>
/dev/md0:
           Version : 1.2
     Creation Time : Sat Jan  3 08:26:08 2026
        Raid Level : raid10
        Array Size : 209580032 (199.87 GiB 214.61 GB)
     Used Dev Size : 52395008 (49.97 GiB 53.65 GB)
      Raid Devices : 8
     Total Devices : 8
       Persistence : Superblock is persistent

       Update Time : Sun Jan  4 08:15:37 2026
             State : clean 
    Active Devices : 8
   Working Devices : 8
    Failed Devices : 0
     Spare Devices : 0

            Layout : near=2
        Chunk Size : 64K

Consistency Policy : resync

              Name : ip-10-0-1-227:0
              UUID : ec94b08e:1ec1acd2:a24076ab:c0b61faa
            Events : 292

    Number   Major   Minor   RaidDevice State
       0     259        8        0      active sync set-A   /dev/nvme8n1
       1     259        2        1      active sync set-B   /dev/nvme5n1
       2     259        7        2      active sync set-A   /dev/nvme7n1
       3     259        6        3      active sync set-B   /dev/nvme6n1
       4     259        3        4      active sync set-A   /dev/nvme0n1
       5     259        5        5      active sync set-B   /dev/nvme3n1
       6     259        1        6      active sync set-A   /dev/nvme4n1
       7     259        4        7      active sync set-B   /dev/nvme2n1
/dev/md1:
           Version : 1.2
     Creation Time : Sat Jan  3 08:26:08 2026
        Raid Level : raid10
        Array Size : 125759488 (119.93 GiB 128.78 GB)
     Used Dev Size : 31439872 (29.98 GiB 32.19 GB)
      Raid Devices : 8
     Total Devices : 8
       Persistence : Superblock is persistent

       Update Time : Sun Jan  4 08:14:30 2026
             State : clean 
    Active Devices : 8
   Working Devices : 8
    Failed Devices : 0
     Spare Devices : 0

            Layout : near=2
        Chunk Size : 256K

Consistency Policy : resync

              Name : ip-10-0-1-227:1
              UUID : 4920b43f:4424608d:2e163255:f781c5ec
            Events : 19

    Number   Major   Minor   RaidDevice State
       0     259       12        0      active sync set-A   /dev/nvme12n1
       1     259       18        1      active sync set-B   /dev/nvme15n1
       2     259       15        2      active sync set-A   /dev/nvme13n1
       3     259       14        3      active sync set-B   /dev/nvme10n1
       4     259       17        4      active sync set-A   /dev/nvme14n1
       5     259       19        5      active sync set-B   /dev/nvme16n1
       6     259       16        6      active sync set-A   /dev/nvme9n1
       7     259       13        7      active sync set-B   /dev/nvme11n1

=== DISK - BLOCK TUNING ===
--- md0 ---
scheduler: 
read_ahead_kb: 512
nr_requests: 
--- md1 ---
scheduler: 
read_ahead_kb: 4096
nr_requests: 

=== DISK - MOUNT ===
/dev/md1 on /wal type xfs (rw,noatime,nodiratime,attr2,inode64,logbufs=8,logbsize=256k,sunit=512,swidth=2048,noquota)
/dev/md0 on /data type xfs (rw,noatime,nodiratime,attr2,inode64,allocsize=65536k,logbufs=8,logbsize=256k,sunit=128,swidth=512,noquota)
Filesystem      Size  Used Avail Use% Mounted on
/dev/md0        200G   42G  159G  21% /data
/dev/md1        120G   31G   90G  26% /wal

=== DISK - XFS ===
meta-data=/dev/md0               isize=512    agcount=16, agsize=3274688 blks
         =                       sectsz=4096  attr=2, projid32bit=1
         =                       crc=1        finobt=1, sparse=1, rmapbt=1
         =                       reflink=1    bigtime=1 inobtcount=1 nrext64=0
data     =                       bsize=4096   blocks=52395008, imaxpct=25
         =                       sunit=16     swidth=64 blks
naming   =version 2              bsize=4096   ascii-ci=0, ftype=1
log      =internal log           bsize=4096   blocks=25583, version=2
         =                       sectsz=4096  sunit=1 blks, lazy-count=1
realtime =none                   extsz=4096   blocks=0, rtextents=0
meta-data=/dev/md1               isize=512    agcount=8, agsize=3929984 blks
         =                       sectsz=4096  attr=2, projid32bit=1
         =                       crc=1        finobt=1, sparse=1, rmapbt=1
         =                       reflink=1    bigtime=1 inobtcount=1 nrext64=0
data     =                       bsize=4096   blocks=31439872, imaxpct=25
         =                       sunit=64     swidth=256 blks
naming   =version 2              bsize=4096   ascii-ci=0, ftype=1
log      =internal log           bsize=4096   blocks=16384, version=2
         =                       sectsz=4096  sunit=1 blks, lazy-count=1
realtime =none                   extsz=4096   blocks=0, rtextents=0
```

---

## Command 1: Begin:sysctl_swappiness

### Command
```bash
sysctl -w vm.swappiness=1
```

### Output
```
vm.swappiness = 1

```

---

## Command 2: Begin:sysctl_dirty_background

### Command
```bash
sysctl -w vm.dirty_background_ratio=1
```

### Output
```
vm.dirty_background_ratio = 1

```

---

## Command 3: Begin:sysctl_dirty_ratio

### Command
```bash
sysctl -w vm.dirty_ratio=4
```

### Output
```
vm.dirty_ratio = 4

```

---

## Command 4: Begin:sysctl_dirty_expire

### Command
```bash
sysctl -w vm.dirty_expire_centisecs=200
```

### Output
```
vm.dirty_expire_centisecs = 200

```

---

## Command 5: Begin:sysctl_dirty_writeback

### Command
```bash
sysctl -w vm.dirty_writeback_centisecs=100
```

### Output
```
vm.dirty_writeback_centisecs = 100

```

---

## Command 6: Begin:pg_stat_reset

### Command
```bash
sudo -u postgres psql -c 'SELECT pg_stat_reset(); SELECT pg_stat_reset_shared('"'"'bgwriter'"'"');'
```

### Output
```
 pg_stat_reset 
---------------
 
(1 row)

 pg_stat_reset_shared 
----------------------
 
(1 row)


```

---

## Command 7: pgbench

### Command
```bash
sudo -u postgres pgbench -c 100 -j 32 -T 60 -P 5 -b tpcb-like pgbench
```

### Output
```
pgbench (16.11 (Ubuntu 16.11-1.pgdg24.04+1))
transaction type: <builtin: TPC-B (sort of)>
scaling factor: 1374
query mode: simple
number of clients: 100
number of threads: 32
maximum number of tries: 1
duration: 60 s
number of transactions actually processed: 1639796
number of failed transactions: 0 (0.000%)
latency average = 3.655 ms
latency stddev = 1.841 ms
initial connection time = 41.781 ms
tps = 27344.015957 (without initial connection time)
starting vacuum...end.
progress: 5.0 s, 17357.8 tps, lat 5.709 ms stddev 5.604, 0 failed
progress: 10.0 s, 19567.4 tps, lat 5.109 ms stddev 2.741, 0 failed
progress: 15.0 s, 21038.8 tps, lat 4.751 ms stddev 1.739, 0 failed
progress: 20.0 s, 23150.4 tps, lat 4.319 ms stddev 1.200, 0 failed
progress: 25.0 s, 25232.8 tps, lat 3.961 ms stddev 0.936, 0 failed
progress: 30.0 s, 27278.2 tps, lat 3.664 ms stddev 0.684, 0 failed
progress: 35.0 s, 29012.8 tps, lat 3.446 ms stddev 0.648, 0 failed
progress: 40.0 s, 30739.3 tps, lat 3.252 ms stddev 0.607, 0 failed
progress: 45.0 s, 32079.3 tps, lat 3.116 ms stddev 0.581, 0 failed
progress: 50.0 s, 33218.4 tps, lat 3.009 ms stddev 0.550, 0 failed
progress: 55.0 s, 34262.9 tps, lat 2.917 ms stddev 0.537, 0 failed
progress: 60.0 s, 35000.9 tps, lat 2.855 ms stddev 0.534, 0 failed

```

---

## Command 8: meminfo

### Command
```bash
bash -c 'for i in $(seq 1 70); do date '"'"'+%H:%M:%S'"'"'; grep -E '"'"'Dirty|Writeback'"'"' /proc/meminfo; echo '"'"'---'"'"'; sleep 1; done'
```

### Output
```
08:16:06
Dirty:               452 kB
Writeback:             0 kB
WritebackTmp:          0 kB
---
08:16:07
Dirty:               516 kB
Writeback:             0 kB
WritebackTmp:          0 kB
---
08:16:08
Dirty:               224 kB
Writeback:             0 kB
WritebackTmp:          0 kB
---
08:16:09
Dirty:              1712 kB
Writeback:             0 kB
WritebackTmp:          0 kB
---
08:16:10
Dirty:              1936 kB
Writeback:           528 kB
WritebackTmp:          0 kB
---
08:16:11
Dirty:              1484 kB
Writeback:           248 kB
WritebackTmp:          0 kB
---
08:16:12
Dirty:               668 kB
Writeback:            56 kB
WritebackTmp:          0 kB
---
08:16:13
Dirty:              2068 kB
Writeback:             0 kB
WritebackTmp:          0 kB
---
08:16:14
Dirty:              1160 kB
Writeback:            56 kB
WritebackTmp:          0 kB
---
08:16:15
Dirty:              2316 kB
Writeback:             0 kB
WritebackTmp:          0 kB
---
08:16:16
Dirty:              4428 kB
Writeback:           132 kB
WritebackTmp:          0 kB
---
08:16:17
Dirty:              1420 kB
Writeback:             0 kB
WritebackTmp:          0 kB
---
08:16:18
Dirty:              2376 kB
Writeback:           352 kB
WritebackTmp:          0 kB
---
08:16:19
Dirty:                 0 kB
Writeback:             0 kB
WritebackTmp:          0 kB
---
08:16:20
Dirty:               320 kB
Writeback:           472 kB
WritebackTmp:          0 kB
---
08:16:21
Dirty:               940 kB
Writeback:             0 kB
WritebackTmp:          0 kB
---
08:16:22
Dirty:              1520 kB
Writeback:             0 kB
WritebackTmp:          0 kB
---
08:16:23
Dirty:              1056 kB
Writeback:            32 kB
WritebackTmp:          0 kB
---
08:16:24
Dirty:               256 kB
Writeback:             0 kB
WritebackTmp:          0 kB
---
08:16:25
Dirty:               640 kB
Writeback:             0 kB
WritebackTmp:          0 kB
---
08:16:26
Dirty:              1932 kB
Writeback:           360 kB
WritebackTmp:          0 kB
---
08:16:27
Dirty:               980 kB
Writeback:           184 kB
WritebackTmp:          0 kB
---
08:16:28
Dirty:              2024 kB
Writeback:             0 kB
WritebackTmp:          0 kB
---
08:16:29
Dirty:                 0 kB
Writeback:           584 kB
WritebackTmp:          0 kB
---
08:16:30
Dirty:               908 kB
Writeback:            56 kB
WritebackTmp:          0 kB
---
08:16:31
Dirty:              2480 kB
Writeback:            96 kB
WritebackTmp:          0 kB
---
08:16:32
Dirty:               148 kB
Writeback:           280 kB
WritebackTmp:          0 kB
---
08:16:33
Dirty:              1796 kB
Writeback:           488 kB
WritebackTmp:          0 kB
---
08:16:34
Dirty:              3224 kB
Writeback:           104 kB
WritebackTmp:          0 kB
---
08:16:35
Dirty:              1556 kB
Writeback:           392 kB
WritebackTmp:          0 kB
---
08:16:36
Dirty:              1012 kB
Writeback:           224 kB
WritebackTmp:          0 kB
---
08:16:37
Dirty:               236 kB
Writeback:            72 kB
WritebackTmp:          0 kB
---
08:16:38
Dirty:               508 kB
Writeback:           112 kB
WritebackTmp:          0 kB
---
08:16:39
Dirty:              1812 kB
Writeback:           240 kB
WritebackTmp:          0 kB
---
08:16:40
Dirty:              3556 kB
Writeback:             0 kB
WritebackTmp:          0 kB
---
08:16:41
Dirty:               272 kB
Writeback:           112 kB
WritebackTmp:          0 kB
---
08:16:42
Dirty:              1372 kB
Writeback:           264 kB
WritebackTmp:          0 kB
---
08:16:43
Dirty:              3172 kB
Writeback:            96 kB
WritebackTmp:          0 kB
---
08:16:44
Dirty:               824 kB
Writeback:            80 kB
WritebackTmp:          0 kB
---
08:16:45
Dirty:               252 kB
Writeback:            96 kB
WritebackTmp:          0 kB
---
08:16:46
Dirty:              1528 kB
Writeback:           104 kB
WritebackTmp:          0 kB
---
08:16:47
Dirty:               488 kB
Writeback:            16 kB
WritebackTmp:          0 kB
---
08:16:48
Dirty:              1156 kB
Writeback:            72 kB
WritebackTmp:          0 kB
---
08:16:49
Dirty:               428 kB
Writeback:            88 kB
WritebackTmp:          0 kB
---
08:16:50
Dirty:               328 kB
Writeback:            64 kB
WritebackTmp:          0 kB
---
08:16:51
Dirty:               956 kB
Writeback:           104 kB
WritebackTmp:          0 kB
---
08:16:52
Dirty:               340 kB
Writeback:           192 kB
WritebackTmp:          0 kB
---
08:16:53
Dirty:              1044 kB
Writeback:            80 kB
WritebackTmp:          0 kB
---
08:16:54
Dirty:              2904 kB
Writeback:            56 kB
WritebackTmp:          0 kB
---
08:16:55
Dirty:               784 kB
Writeback:            80 kB
WritebackTmp:          0 kB
---
08:16:56
Dirty:               420 kB
Writeback:             0 kB
WritebackTmp:          0 kB
---
08:16:57
Dirty:              2156 kB
Writeback:            72 kB
WritebackTmp:          0 kB
---
08:16:58
Dirty:               492 kB
Writeback:           256 kB
WritebackTmp:          0 kB
---
08:16:59
Dirty:              2320 kB
Writeback:           256 kB
WritebackTmp:          0 kB
---
08:17:00
Dirty:              1096 kB
Writeback:           768 kB
WritebackTmp:          0 kB
---
08:17:01
Dirty:               536 kB
Writeback:           512 kB
WritebackTmp:          0 kB
---
08:17:02
Dirty:              1624 kB
Writeback:           256 kB
WritebackTmp:          0 kB
---
08:17:03
Dirty:              1340 kB
Writeback:           256 kB
WritebackTmp:          0 kB
---
08:17:04
Dirty:               628 kB
Writeback:           768 kB
WritebackTmp:          0 kB
---
08:17:05
Dirty:               516 kB
Writeback:             0 kB
WritebackTmp:          0 kB
---
08:17:06
Dirty:              2236 kB
Writeback:             0 kB
WritebackTmp:          0 kB
---
08:17:07
Dirty:              4036 kB
Writeback:           256 kB
WritebackTmp:          0 kB
---
08:17:08
Dirty:              3544 kB
Writeback:             0 kB
WritebackTmp:          0 kB
---
08:17:09
Dirty:              3648 kB
Writeback:             0 kB
WritebackTmp:          0 kB
---

```

---

## Command 9: dstat

### Command
```bash
dstat -tcmdr --disk-util 1 70
```

### Output
```
----system---- ----total-usage---- ------memory-usage----- -dsk/total- --io/total- nvme nvme nvme nvme nvme nvme nvme nvme nvme nvme nvme nvme nvme nvme nvme nvme nvme
     time     |usr sys idl wai stl| used  free  buf   cach| read  writ| read  writ|util:util:util:util:util:util:util:util:util:util:util:util:util:util:util:util:util
04-01 08:16:06|                   |  22G   15G   21M   25G|           |           |    :    :    :    :    :    :    :    :    :    :    :    :    :    :    :    :    
04-01 08:16:07|  0   0 100   0   0|  22G   15G   21M   25G|   0    36k|   0  21.0 |   0:   0:   0:   0:   0:0.10:0.10:0.10:0.10:   0:   0:   0:   0:   0:   0:   0:   0
04-01 08:16:08|  0   0 100   0   0|  22G   15G   21M   25G| 800k  512k|21.0  55.5 |0.50:0.70:4.30:   0:0.40:0.10:0.20:0.70:0.60:0.10:0.10:0.10:0.20:0.10:0.10:0.20:0.10
04-01 08:16:09| 10   7  61  19   0|  22G   14G   21M   25G|  40M  156M|4908  1658 |58.2:0.30:69.4:59.9:22.1:72.5:61.3:21.1:19.6:29.9:28.5:29.6:28.7:28.4:27.3:28.6:27.0
04-01 08:16:10| 13   8  61  15   0|  22G   14G   21M   25G|  50M  192M|6205  1929 |57.8:   0:64.2:54.9:27.6:81.7:88.2:29.7:26.8:35.8:35.9:35.4:35.3:35.8:36.0:35.1:35.8
04-01 08:16:11| 12   8  62  14   0|  22G   14G   21M   25G|  48M  185M|5917  1878 |62.5:0.10:51.6:69.0:25.8:72.8:73.6:25.8:22.4:34.8:34.0:34.9:34.0:34.8:33.8:34.0:33.1
04-01 08:16:12| 13   9  62  13   0|  22G   14G   21M   25G|  50M  186M|6152  1873 |51.5:   0:63.7:68.0:26.0:66.1:71.5:26.9:23.1:34.5:35.3:35.0:34.0:35.0:35.1:34.2:34.7
04-01 08:16:13| 13   9  65  10   0|  22G   14G   21M   25G|  53M  183M|6360  1915 |30.8:0.10:47.0:51.9:27.2:51.6:73.6:26.9:23.6:35.3:34.2:35.3:34.3:34.5:33.6:34.4:33.8
04-01 08:16:14| 14   9  64  10   0|  22G   14G   21M   26G|  55M  183M|6533  1925 |34.7:   0:52.8:56.4:30.3:70.6:55.0:28.9:27.0:35.7:34.0:35.5:35.1:34.3:35.0:35.0:35.3
04-01 08:16:15| 14  10  65   9   0|  22G   14G   21M   26G|  54M  173M|6412  1772 |34.0:   0:43.7:52.0:30.1:47.3:50.3:25.7:27.0:34.4:33.1:33.9:35.1:33.4:33.3:34.8:33.4
04-01 08:16:16| 14   9  65   9   0|  22G   13G   21M   26G|  57M  173M|6601  1884 |32.9:0.20:54.1:38.1:30.7:42.8:42.0:28.5:27.6:33.6:33.9:33.8:34.2:34.4:32.7:33.8:32.9
04-01 08:16:17| 14   9  65   8   0|  22G   13G   21M   26G|  59M  175M|6701  1850 |44.7:   0:38.7:47.0:30.4:27.6:28.0:30.6:29.7:34.3:32.6:33.5:33.9:32.7:34.2:33.2:34.1
04-01 08:16:18| 15   9  66   7   0|  22G   13G   21M   26G|  56M  159M|6489  1558 |27.3:0.20:47.2:42.4:30.8:27.7:32.0:29.7:28.9:33.3:32.6:33.1:32.2:31.8:32.9:31.7:33.4
04-01 08:16:19| 15  10  65   7   0|  22G   13G   21M   26G|  59M  165M|6698  1653 |37.1:   0:23.7:19.8:31.5:41.2:44.1:29.7:29.9:33.2:31.9:33.5:32.2:32.4:32.8:32.1:32.2
04-01 08:16:20| 15  10  65   7   0|  22G   13G   21M   26G|  60M  160M|6781  1607 |27.8:0.10:21.9:19.2:29.8:37.1:35.6:29.6:28.5:31.8:31.5:31.9:32.5:31.2:32.1:32.6:32.0
04-01 08:16:21| 15  10  65   6   0|  22G   13G   21M   26G|  63M  154M|6905  1554 |30.5:0.10:23.2:35.0:32.6:21.4:34.8:30.5:30.6:33.3:32.3:32.8:32.4:32.5:32.2:32.2:32.2
04-01 08:16:22| 15  10  64   7   0|  22G   13G   21M   27G|  63M  153M|6911  1625 |29.4:0.10:25.4:27.1:34.2:44.0:36.4:31.4:31.6:31.2:31.1:31.2:31.7:31.4:32.3:31.8:32.4
04-01 08:16:23| 15  10  65   6   0|  22G   13G   21M   27G|  68M  151M|7158  1565 |30.6:   0:34.4:19.8:33.8:15.1:36.5:31.4:31.8:31.6:32.1:31.5:31.1:31.8:31.7:31.2:32.2
04-01 08:16:24| 16  10  64   6   0|  22G   12G   21M   27G|  68M  152M|7178  1689 |32.4:0.10:36.7:20.0:35.8:34.3:24.6:33.7:32.4:31.1:31.5:31.2:31.6:31.7:31.5:32.2:31.6
04-01 08:16:25| 16  11  64   6   0|  22G   12G   21M   27G|  71M  147M|7356  1623 |32.4:   0:25.3:21.2:35.8:17.4:39.5:33.6:32.5:32.2:31.2:32.5:31.6:31.6:31.2:31.7:30.8
04-01 08:16:26| 17  10  64   6   0|  22G   12G   21M   27G|  70M  143M|7306  1623 |32.1:0.10:24.4:30.0:34.3:22.4:23.9:33.9:32.9:30.8:31.1:31.5:31.6:31.2:30.8:31.6:30.9
04-01 08:16:27| 16  11  63   6   0|  22G   12G   21M   27G|  73M  144M|7584  1675 |32.9:   0:32.3:22.4:35.5:16.4:33.0:34.3:35.2:31.2:31.6:31.6:30.4:31.1:31.6:30.0:31.2
04-01 08:16:28| 16  11  63   6   0|  22G   12G   21M   27G|  78M  142M|7857  1674 |33.1:0.10:26.5:24.4:37.1:22.7:25.9:35.1:35.0:31.6:30.4:31.1:30.4:30.7:29.9:30.3:29.7
04-01 08:16:29| 16  11  62   7   0|  22G   12G   21M   28G|  73M  140M|7573  1693 |31.0:   0:23.8:34.8:35.7:29.3:28.6:31.1:34.3:30.0:30.2:29.6:30.6:30.4:29.6:30.3:29.7
04-01 08:16:30| 18  12  61   7   0|  22G   12G   21M   28G|  79M  136M|7920  1683 |34.0:0.10:32.0:25.4:39.9:34.0:31.4:35.6:36.3:31.5:30.1:31.0:30.6:29.6:31.0:30.5:31.0
04-01 08:16:31| 17  12  61   7   0|  22G   11G   21M   28G|  84M  135M|8293  1709 |36.8:   0:28.4:33.1:42.2:31.9:28.7:39.2:36.5:30.9:30.9:31.0:30.7:31.9:30.3:30.4:30.2
04-01 08:16:32| 18  12  60   7   0|  22G   11G   21M   28G|  81M  136M|8042  1787 |35.8:0.10:26.4:30.0:38.8:29.9:29.2:36.4:34.9:30.0:30.5:29.8:28.6:30.5:29.8:28.9:30.3
04-01 08:16:33| 18  12  60   7   0|  22G   11G   21M   28G|  84M  125M|8239  1599 |38.3:   0:28.0:33.7:41.4:30.5:26.4:37.4:36.4:30.3:28.1:30.3:29.9:28.4:29.8:29.9:29.9
04-01 08:16:34| 18  12  60   7   0|  22G   11G   21M   28G|  88M  127M|8457  1737 |37.2:0.10:29.3:32.7:39.8:33.7:28.0:38.5:37.8:29.8:30.2:29.7:29.1:30.5:29.2:29.4:29.5
04-01 08:16:35| 18  13  59   7   0|  22G   11G   21M   28G|  85M  129M|8276  1771 |39.9:   0:28.2:31.1:41.3:30.7:26.4:36.7:37.8:28.9:30.1:28.8:28.9:30.0:30.1:29.0:30.5
04-01 08:16:36| 18  13  59   7   0|  22G   11G   21M   29G|  91M  125M|8700  1791 |41.3:0.10:29.0:31.8:39.2:33.9:28.3:37.9:37.7:28.9:29.7:29.5:29.0:29.9:29.9:28.9:30.0
04-01 08:16:37| 19  12  58   7   0|  22G   11G   21M   29G|  92M  121M|8695  1790 |38.7:   0:30.0:32.6:40.0:31.0:29.4:38.5:38.1:28.3:28.4:28.1:29.5:28.1:28.7:29.6:28.6
04-01 08:16:38| 18  12  58   6   0|  22G   11G   21M   29G|  90M  115M|8499  1680 |38.1:0.40:28.9:33.7:41.0:30.7:27.3:37.6:38.7:29.3:29.6:29.1:29.4:29.3:28.3:29.5:28.4
04-01 08:16:39| 20  13  58   6   0|  22G   10G   21M   29G|  90M  114M|8568  1675 |38.0:   0:27.7:32.8:39.7:31.7:27.7:38.6:38.4:28.1:28.8:28.1:28.7:28.8:28.9:28.8:29.1
04-01 08:16:40| 19  13  57   6   0|  22G   10G   21M   29G|  96M  115M|8932  1775 |39.0:   0:30.3:33.3:41.5:33.1:29.0:40.2:38.2:27.6:28.0:28.1:29.4:28.6:29.0:29.6:29.4
04-01 08:16:41| 20  13  57   6   0|  22G   10G   21M   29G|  91M  120M|8628  1886 |40.4:   0:30.9:34.5:43.7:34.3:31.4:41.2:40.3:29.0:27.4:29.2:28.8:27.5:29.0:28.8:28.9
04-01 08:16:42| 19  12  57   6   0|  22G   10G   21M   29G|  96M  108M|8978  1669 |38.4:   0:32.2:33.6:45.5:34.8:28.3:41.3:42.3:28.9:28.7:29.0:28.7:28.7:28.5:28.9:28.0
04-01 08:16:43| 20  14  56   6   0|  22G   10G   21M   30G|  97M  106M|9031  1758 |42.9:0.10:32.2:34.5:46.1:33.4:30.4:41.1:39.7:28.4:28.5:28.7:27.6:28.9:28.8:28.3:28.6
04-01 08:16:44| 20  13  56   6   0|  22G 9902M   21M   30G| 101M  111M|9370  1788 |42.9:   0:31.5:35.7:45.3:36.0:29.8:42.9:43.2:28.4:28.8:28.4:28.9:28.1:28.4:28.8:28.6
04-01 08:16:45| 20  13  55   6   0|  22G 9756M   21M   30G|  94M  113M|8849  1926 |41.4:0.10:32.2:35.3:43.4:32.5:32.2:42.7:41.1:28.3:28.4:28.6:28.5:28.7:28.2:28.3:28.3
04-01 08:16:46| 21  13  55   6   0|  22G 9607M   21M   30G| 101M  104M|9196  1734 |43.4:   0:35.2:35.0:46.7:34.1:32.9:41.9:42.3:27.9:27.9:27.7:28.8:27.9:27.4:28.3:27.6
04-01 08:16:47| 21  14  55   6   0|  22G 9466M   21M   30G| 101M  107M|9134  1836 |41.6:0.10:34.1:34.9:46.2:35.1:33.0:41.2:41.9:28.0:28.1:27.8:27.9:28.2:28.4:27.6:28.2
04-01 08:16:48| 20  14  55   6   0|  22G 9322M   21M   30G|  97M  101M|8961  1765 |40.8:   0:34.0:32.4:43.8:33.2:33.7:41.8:41.4:27.7:27.9:27.6:28.2:27.4:28.4:28.0:28.4
04-01 08:16:49| 21  14  55   6   0|  22G 9178M   21M   30G|  99M  102M|9148  1870 |41.2:0.20:33.9:35.3:43.6:36.5:33.5:40.8:43.9:28.1:26.9:28.1:26.9:26.9:28.6:26.9:28.2
04-01 08:16:50| 20  14  55   6   0|  22G 9025M   21M   31G| 104M   99M|9463  1779 |39.5:0.10:33.4:33.0:44.8:31.9:33.5:39.4:40.3:28.3:28.0:28.5:26.7:27.6:27.1:26.7:27.2
04-01 08:16:51| 20  14  55   6   0|  22G 8881M   21M   31G|  98M   98M|9016  1827 |42.6:0.20:35.0:35.3:45.9:34.5:34.2:44.2:43.1:29.0:28.1:28.5:27.8:27.8:27.2:27.9:26.9
04-01 08:16:52| 22  14  54   5   0|  22G 8736M   21M   31G| 100M  102M|9193  1898 |41.6:   0:31.7:32.3:42.8:32.6:33.8:43.8:40.2:26.7:28.2:26.8:28.2:28.3:26.5:28.1:26.4
04-01 08:16:53| 21  14  54   6   0|  22G 8601M   21M   31G| 102M   96M|9283  1843 |40.8:0.10:32.2:33.0:43.6:33.5:31.4:41.9:41.7:28.2:27.3:28.1:27.9:27.2:28.0:27.5:27.8
04-01 08:16:54| 21  14  54   5   0|  22G 8453M   21M   31G|  98M   92M|8923  1765 |43.6:   0:34.0:33.6:45.4:31.6:32.5:43.5:42.2:27.0:26.8:26.3:26.9:27.1:27.4:27.0:27.3
04-01 08:16:55| 22  14  54   5   0|  22G 8318M   21M   31G|  94M   99M|8570  1989 |40.6:0.10:32.8:32.5:43.7:32.7:33.0:42.6:41.2:27.5:26.8:27.2:26.8:26.7:26.4:27.1:26.5
04-01 08:16:56| 22  14  54   5   0|  22G 8179M   21M   31G|  97M   94M|8870  1872 |41.5:   0:33.0:30.8:43.3:33.7:33.1:43.1:43.8:27.8:27.9:27.8:27.0:28.0:27.4:26.8:27.1
04-01 08:16:57| 22  15  54   5   0|  22G 8040M   21M   31G|  95M   89M|8728  1844 |43.7:0.10:31.0:32.3:43.4:31.6:32.3:42.2:42.3:27.5:27.2:27.3:27.0:27.1:26.7:27.1:27.2
04-01 08:16:58| 21  14  54   5   0|  22G 7916M   21M   32G|  93M   95M|8520  1941 |42.3:   0:31.5:35.1:44.3:31.5:32.7:41.6:40.2:28.1:26.7:28.1:26.3:26.5:26.8:26.5:26.9
04-01 08:16:59| 22  14  53   5   0|  22G 7820M   21M   32G|  92M   89M|8490  1852 |43.1:0.10:29.7:29.5:40.7:32.6:32.5:41.3:40.9:27.3:27.3:27.0:26.8:27.6:27.4:27.0:27.5
04-01 08:17:00| 23  15  54   5   0|  22G 7733M   21M   32G|  90M   93M|8305  1921 |41.2:   0:30.8:29.6:42.2:32.9:31.9:42.6:43.8:27.0:27.6:27.0:28.0:27.2:27.3:28.1:27.1
04-01 08:17:01| 22  15  53   5   0|  22G 7644M   21M   32G|  85M   90M|7979  1931 |42.5:0.20:30.1:31.7:43.4:30.3:29.8:42.6:40.5:27.8:27.0:27.8:26.9:26.8:27.1:26.9:27.1
04-01 08:17:02| 23  16  53   4   0|  22G 7551M   21M   32G|  87M   87M|8055  1844 |42.2:   0:30.3:31.7:40.9:32.2:31.3:41.8:41.9:27.1:27.8:26.6:26.7:27.8:27.4:26.7:26.8
04-01 08:17:03| 23  15  53   4   0|  22G 7469M   21M   32G|  85M   88M|8056  1914 |42.1:0.10:30.5:31.6:39.5:28.7:29.1:42.0:40.3:27.2:27.6:27.3:26.3:27.6:27.0:26.5:26.8
04-01 08:17:04| 22  15  53   4   0|  22G 7380M   21M   32G|  83M   86M|7815  1880 |40.5:   0:30.0:29.4:44.0:29.9:29.7:39.7:39.6:26.5:27.0:27.1:26.9:26.8:27.0:27.1:26.8
04-01 08:17:05| 23  14  54   4   0|  22G 7301M   21M   32G|  80M   87M|7577  1927 |39.5:0.10:28.7:28.0:41.9:29.1:27.9:38.2:38.2:26.3:26.6:26.8:26.1:26.5:26.8:26.5:26.5
04-01 08:17:06| 24  15  54   4   0|  22G 7214M   21M   32G|  79M   83M|7519  1833 |37.8:0.10:27.5:27.2:42.2:28.3:27.0:39.5:38.9:27.0:26.9:26.7:26.8:27.2:25.9:27.2:25.8
04-01 08:17:07| 23  15  53   4   0|  22G 7132M   21M   32G|  76M   82M|7259  1945 |39.2:0.10:24.8:29.2:40.1:26.2:25.8:37.2:36.6:27.4:26.1:27.6:26.6:26.4:27.1:26.8:27.0
04-01 08:17:08| 24  15  53   4   0|  22G 7056M   21M   32G|  72M   87M|6910  1901 |36.4:0.20:25.3:24.5:38.1:24.3:26.2:39.1:35.7:27.0:27.3:26.9:26.8:27.0:25.8:26.6:25.9
04-01 08:17:09|  2   2  96   0   0|  22G 7255M   21M   32G|5728k 5452k| 530   133 |2.40:0.10:2.20:1.70:2.60:1.80:1.30:2.20:2.60:2.10:1.40:1.90:1.60:1.40:2.00:1.60:2.00
04-01 08:17:10|  0   0 100   0   0|  22G 7254M   21M   32G|   0  4617k|   0   121 |0.30:0.10:0.20:0.30:0.20:0.30:0.30:0.30:0.30:   0:   0:   0:   0:   0:   0:   0:   0

```

---

## Command 10: mpstat

### Command
```bash
mpstat -P ALL 1 70
```

### Output
```
Linux 6.14.0-1018-aws (ip-10-0-1-171) 	01/04/26 	_aarch64_	(32 CPU)

08:16:06     CPU    %usr   %nice    %sys %iowait    %irq   %soft  %steal  %guest  %gnice   %idle
08:16:07     all    0.19    0.00    0.06    0.09    0.00    0.00    0.00    0.00    0.00   99.66
08:16:07       0    0.00    0.00    0.99    0.00    0.00    0.00    0.00    0.00    0.00   99.01
08:16:07       1    0.00    0.00    0.00    0.00    0.00    0.00    0.00    0.00    0.00  100.00
08:16:07       2    0.00    0.00    0.00    0.00    0.00    0.00    0.00    0.00    0.00  100.00
08:16:07       3    0.00    0.00    0.00    0.00    0.00    0.00    0.00    0.00    0.00  100.00
08:16:07       4    0.00    0.00    0.00    0.00    0.00    0.00    0.00    0.00    0.00  100.00
08:16:07       5    0.00    0.00    0.00    0.00    0.00    0.00    0.00    0.00    0.00  100.00
08:16:07       6    0.00    0.00    0.00    0.00    0.00    0.00    0.00    0.00    0.00  100.00
08:16:07       7    0.99    0.00    0.00    0.00    0.00    0.00    0.00    0.00    0.00   99.01
08:16:07       8    0.00    0.00    0.00    0.00    0.00    0.00    0.00    0.00    0.00  100.00
08:16:07       9    0.00    0.00    0.00    0.00    0.00    0.00    0.00    0.00    0.00  100.00
08:16:07      10    0.00    0.00    0.00    0.00    0.00    0.00    0.00    0.00    0.00  100.00
08:16:07      11    0.00    0.00    0.00    0.00    0.00    0.00    0.00    0.00    0.00  100.00
08:16:07      12    0.00    0.00    0.00    0.00    0.00    0.00    0.00    0.00    0.00  100.00
08:16:07      13    0.00    0.00    0.00    0.00    0.00    0.00    0.00    0.00    0.00  100.00
08:16:07      14    0.00    0.00    0.00    0.00    0.00    0.00    0.00    0.00    0.00  100.00
08:16:07      15    0.00    0.00    0.00    0.00    0.00    0.00    0.00    0.00    0.00  100.00
08:16:07      16    0.00    0.00    0.00    0.00    0.00    0.00    0.00    0.00    0.00  100.00
08:16:07      17    0.00    0.00    0.00    0.00    0.00    0.00    0.00    0.00    0.00  100.00
08:16:07      18    0.00    0.00    0.00    0.00    0.00    0.00    0.00    0.00    0.00  100.00
08:16:07      19    0.00    0.00    0.00    0.00    0.00    0.00    0.00    0.00    0.00  100.00
08:16:07      20    0.00    0.00    0.00    0.00    0.00    0.00    0.00    0.00    0.00  100.00
08:16:07      21    0.00    0.00    0.00    0.00    0.00    0.00    0.00    0.00    0.00  100.00
08:16:07      22    0.00    0.00    0.00    0.00    0.00    0.00    0.00    0.00    0.00  100.00
08:16:07      23    4.00    0.00    1.00    3.00    0.00    0.00    0.00    0.00    0.00   92.00
08:16:07      24    0.00    0.00    0.00    0.00    0.00    0.00    0.00    0.00    0.00  100.00
08:16:07      25    1.01    0.00    0.00    0.00    0.00    0.00    0.00    0.00    0.00   98.99
08:16:07      26    0.00    0.00    0.00    0.00    0.00    0.00    0.00    0.00    0.00  100.00
08:16:07      27    0.00    0.00    0.00    0.00    0.00    0.00    0.00    0.00    0.00  100.00
08:16:07      28    0.00    0.00    0.00    0.00    0.00    0.00    0.00    0.00    0.00  100.00
08:16:07      29    0.00    0.00    0.00    0.00    0.00    0.00    0.00    0.00    0.00  100.00
08:16:07      30    0.00    0.00    0.00    0.00    0.00    0.00    0.00    0.00    0.00  100.00
08:16:07      31    0.00    0.00    0.00    0.00    0.00    0.00    0.00    0.00    0.00  100.00

08:16:07     CPU    %usr   %nice    %sys %iowait    %irq   %soft  %steal  %guest  %gnice   %idle
08:16:08     all    0.03    0.00    0.03    0.06    0.00    0.00    0.00    0.00    0.00   99.87
08:16:08       0    1.01    0.00    0.00    0.00    0.00    0.00    0.00    0.00    0.00   98.99
08:16:08       1    0.00    0.00    0.00    0.00    0.00    0.00    0.00    0.00    0.00  100.00
08:16:08       2    0.00    0.00    0.00    0.00    0.00    0.00    0.00    0.00    0.00  100.00
08:16:08       3    0.00    0.00    0.00    0.99    0.00    0.00    0.00    0.00    0.00   99.01
08:16:08       4    0.00    0.00    0.00    0.00    0.00    0.00    0.00    0.00    0.00  100.00
08:16:08       5    0.00    0.00    0.00    0.00    0.00    0.00    0.00    0.00    0.00  100.00
08:16:08       6    0.00    0.00    0.00    0.00    0.00    0.00    0.00    0.00    0.00  100.00
08:16:08       7    0.00    0.00    0.00    0.00    0.00    0.00    0.00    0.00    0.00  100.00
08:16:08       8    0.00    0.00    0.00    0.00    0.00    0.00    0.00    0.00    0.00  100.00
08:16:08       9    0.00    0.00    0.00    0.00    0.00    0.00    0.00    0.00    0.00  100.00
08:16:08      10    0.00    0.00    0.00    0.00    0.00    0.00    0.00    0.00    0.00  100.00
08:16:08      11    0.00    0.00    0.00    0.00    0.00    0.00    0.00    0.00    0.00  100.00
08:16:08      12    0.00    0.00    0.00    0.00    0.00    0.00    0.00    0.00    0.00  100.00
08:16:08      13    0.00    0.00    0.00    0.00    0.00    0.00    0.00    0.00    0.00  100.00
08:16:08      14    0.00    0.00    0.00    0.00    0.00    0.00    0.00    0.00    0.00  100.00
08:16:08      15    0.00    0.00    0.00    0.00    0.00    0.00    0.00    0.00    0.00  100.00
08:16:08      16    0.00    0.00    0.00    0.00    0.00    0.00    0.00    0.00    0.00  100.00
08:16:08      17    0.00    0.00    0.00    0.00    0.00    0.00    0.00    0.00    0.00  100.00
08:16:08      18    0.00    0.00    0.00    0.00    0.00    0.00    0.00    0.00    0.00  100.00
08:16:08      19    0.00    0.00    0.00    0.00    0.00    0.00    0.00    0.00    0.00  100.00
08:16:08      20    0.00    0.00    0.99    0.00    0.00    0.00    0.00    0.00    0.00   99.01
08:16:08      21    0.00    0.00    0.00    0.00    0.00    0.00    0.00    0.00    0.00  100.00
08:16:08      22    0.00    0.00    0.00    1.00    0.00    0.00    0.00    0.00    0.00   99.00
08:16:08      23    0.00    0.00    0.00    0.00    0.00    0.00    0.00    0.00    0.00  100.00
08:16:08      24    0.00    0.00    0.00    0.00    0.00    0.00    0.00    0.00    0.00  100.00
08:16:08      25    0.00    0.00    0.00    0.00    0.00    0.00    0.00    0.00    0.00  100.00
08:16:08      26    0.00    0.00    0.00    0.00    0.00    0.00    0.00    0.00    0.00  100.00
08:16:08      27    0.00    0.00    0.00    0.00    0.00    0.00    0.00    0.00    0.00  100.00
08:16:08      28    0.00    0.00    0.00    0.00    0.00    0.00    0.00    0.00    0.00  100.00
08:16:08      29    0.00    0.00    0.00    0.00    0.00    0.00    0.00    0.00    0.00  100.00
08:16:08      30    0.00    0.00    0.00    0.00    0.00    0.00    0.00    0.00    0.00  100.00
08:16:08      31    0.00    0.00    0.00    0.00    0.00    0.00    0.00    0.00    0.00  100.00

08:16:08     CPU    %usr   %nice    %sys %iowait    %irq   %soft  %steal  %guest  %gnice   %idle
08:16:09     all    9.67    0.00    6.76   18.48    0.00    0.00    0.00    0.00    0.00   65.10
08:16:09       0    8.16    0.00    9.18   13.27    0.00    0.00    0.00    0.00    0.00   69.39
08:16:09       1    8.33    0.00    7.29   27.08    0.00    0.00    0.00    0.00    0.00   57.29
08:16:09       2    9.47    0.00    5.26   20.00    0.00    0.00    0.00    0.00    0.00   65.26
08:16:09       3    9.28    0.00    7.22   29.90    0.00    0.00    0.00    0.00    0.00   53.61
08:16:09       4   10.20    0.00    6.12    3.06    0.00    0.00    0.00    0.00    0.00   80.61
08:16:09       5   11.22    0.00    6.12   17.35    0.00    0.00    0.00    0.00    0.00   65.31
08:16:09       6    9.38    0.00    6.25   23.96    0.00    0.00    0.00    0.00    0.00   60.42
08:16:09       7    9.47    0.00    6.32   14.74    0.00    0.00    0.00    0.00    0.00   69.47
08:16:09       8   10.10    0.00    7.07   15.15    0.00    0.00    0.00    0.00    0.00   67.68
08:16:09       9   10.20    0.00    6.12   21.43    0.00    0.00    0.00    0.00    0.00   62.24
08:16:09      10    9.18    0.00    7.14   13.27    0.00    0.00    0.00    0.00    0.00   70.41
08:16:09      11   11.11    0.00    6.06   20.20    0.00    0.00    0.00    0.00    0.00   62.63
08:16:09      12   10.31    0.00    6.19   21.65    0.00    0.00    0.00    0.00    0.00   61.86
08:16:09      13   10.31    0.00    7.22   25.77    0.00    0.00    0.00    0.00    0.00   56.70
08:16:09      14    9.09    0.00    7.07   15.15    0.00    0.00    0.00    0.00    0.00   68.69
08:16:09      15    9.28    0.00    7.22   17.53    0.00    0.00    0.00    0.00    0.00   65.98
08:16:09      16    8.25    0.00    6.19   13.40    0.00    0.00    0.00    0.00    0.00   72.16
08:16:09      17    9.28    0.00    7.22   13.40    0.00    0.00    0.00    0.00    0.00   70.10
08:16:09      18    9.18    0.00    7.14   16.33    0.00    0.00    0.00    0.00    0.00   67.35
08:16:09      19   10.10    0.00    7.07   21.21    0.00    0.00    0.00    0.00    0.00   61.62
08:16:09      20   10.20    0.00    6.12   15.31    0.00    0.00    0.00    0.00    0.00   68.37
08:16:09      21   10.20    0.00    7.14   20.41    0.00    0.00    0.00    0.00    0.00   62.24
08:16:09      22   11.11    0.00    7.07   22.22    0.00    0.00    0.00    0.00    0.00   59.60
08:16:09      23   10.20    0.00    7.14   16.33    0.00    0.00    0.00    0.00    0.00   66.33
08:16:09      24    9.18    0.00    8.16    4.08    0.00    0.00    0.00    0.00    0.00   78.57
08:16:09      25   10.10    0.00    7.07   11.11    0.00    0.00    0.00    0.00    0.00   71.72
08:16:09      26   11.34    0.00    5.15   30.93    0.00    0.00    0.00    0.00    0.00   52.58
08:16:09      27    9.28    0.00    5.15   32.99    0.00    0.00    0.00    0.00    0.00   52.58
08:16:09      28    9.18    0.00    6.12   21.43    0.00    0.00    0.00    0.00    0.00   63.27
08:16:09      29    8.16    0.00    7.14   19.39    0.00    0.00    0.00    0.00    0.00   65.31
08:16:09      30    9.09    0.00    7.07   18.18    0.00    0.00    0.00    0.00    0.00   65.66
08:16:09      31    9.38    0.00    7.29   15.62    0.00    0.00    0.00    0.00    0.00   67.71

08:16:09     CPU    %usr   %nice    %sys %iowait    %irq   %soft  %steal  %guest  %gnice   %idle
08:16:10     all   13.35    0.00    8.49   14.91    0.00    0.00    0.00    0.00    0.00   63.24
08:16:10       0   13.68    0.00    8.42    6.32    0.00    0.00    0.00    0.00    0.00   71.58
08:16:10       1   14.58    0.00    7.29   11.46    0.00    0.00    0.00    0.00    0.00   66.67
08:16:10       2   13.27    0.00    9.18   18.37    0.00    0.00    0.00    0.00    0.00   59.18
08:16:10       3   13.54    0.00    8.33   25.00    0.00    0.00    0.00    0.00    0.00   53.12
08:16:10       4   12.63    0.00    7.37   22.11    0.00    0.00    0.00    0.00    0.00   57.89
08:16:10       5   13.40    0.00    9.28   13.40    0.00    0.00    0.00    0.00    0.00   63.92
08:16:10       6   16.33    0.00    7.14    6.12    0.00    0.00    0.00    0.00    0.00   70.41
08:16:10       7   15.15    0.00    9.09   17.17    0.00    0.00    0.00    0.00    0.00   58.59
08:16:10       8   13.54    0.00    8.33   15.62    0.00    0.00    0.00    0.00    0.00   62.50
08:16:10       9   13.40    0.00    9.28   15.46    0.00    0.00    0.00    0.00    0.00   61.86
08:16:10      10   13.54    0.00    8.33   18.75    0.00    0.00    0.00    0.00    0.00   59.38
08:16:10      11   11.58    0.00    9.47   17.89    0.00    0.00    0.00    0.00    0.00   61.05
08:16:10      12   14.74    0.00    8.42   13.68    0.00    0.00    0.00    0.00    0.00   63.16
08:16:10      13   12.24    0.00   10.20   10.20    0.00    0.00    0.00    0.00    0.00   67.35
08:16:10      14   12.63    0.00    8.42    5.26    0.00    0.00    0.00    0.00    0.00   73.68
08:16:10      15   11.46    0.00    8.33    6.25    0.00    0.00    0.00    0.00    0.00   73.96
08:16:10      16   12.50    0.00    8.33    6.25    0.00    0.00    0.00    0.00    0.00   72.92
08:16:10      17   13.40    0.00    8.25   30.93    0.00    0.00    0.00    0.00    0.00   47.42
08:16:10      18   13.83    0.00    7.45   22.34    0.00    0.00    0.00    0.00    0.00   56.38
08:16:10      19   13.27    0.00    9.18    5.10    0.00    0.00    0.00    0.00    0.00   72.45
08:16:10      20   14.43    0.00    8.25   21.65    0.00    0.00    0.00    0.00    0.00   55.67
08:16:10      21   14.43    0.00    8.25   27.84    0.00    0.00    0.00    0.00    0.00   49.48
08:16:10      22   13.83    0.00    7.45   10.64    0.00    0.00    0.00    0.00    0.00   68.09
08:16:10      23   13.40    0.00    9.28    7.22    0.00    0.00    0.00    0.00    0.00   70.10
08:16:10      24   14.43    0.00    8.25   14.43    0.00    0.00    0.00    0.00    0.00   62.89
08:16:10      25   12.37    0.00    9.28   29.90    0.00    0.00    0.00    0.00    0.00   48.45
08:16:10      26   11.34    0.00    9.28   12.37    0.00    0.00    0.00    0.00    0.00   67.01
08:16:10      27   13.27    0.00    9.18   24.49    0.00    0.00    0.00    0.00    0.00   53.06
08:16:10      28   13.54    0.00    7.29   20.83    0.00    0.00    0.00    0.00    0.00   58.33
08:16:10      29   13.40    0.00    8.25    6.19    0.00    0.00    0.00    0.00    0.00   72.16
08:16:10      30   12.63    0.00    8.42    9.47    0.00    0.00    0.00    0.00    0.00   69.47
08:16:10      31   11.46    0.00    8.33    4.17    0.00    0.00    0.00    0.00    0.00   76.04

08:16:10     CPU    %usr   %nice    %sys %iowait    %irq   %soft  %steal  %guest  %gnice   %idle
08:16:11     all   13.03    0.00    8.55   14.39    0.00    0.00    0.00    0.00    0.00   64.03
08:16:11       0   13.13    0.00   10.10   19.19    0.00    0.00    0.00    0.00    0.00   57.58
08:16:11       1   13.40    0.00    9.28   20.62    0.00    0.00    0.00    0.00    0.00   56.70
08:16:11       2   15.31    0.00    8.16   12.24    0.00    0.00    0.00    0.00    0.00   64.29
08:16:11       3   12.50    0.00    8.33    5.21    0.00    0.00    0.00    0.00    0.00   73.96
08:16:11       4   11.46    0.00   10.42    5.21    0.00    0.00    0.00    0.00    0.00   72.92
08:16:11       5   13.13    0.00    9.09   14.14    0.00    0.00    0.00    0.00    0.00   63.64
08:16:11       6   12.77    0.00    8.51   14.89    0.00    0.00    0.00    0.00    0.00   63.83
08:16:11       7   12.63    0.00    8.42   21.05    0.00    0.00    0.00    0.00    0.00   57.89
08:16:11       8   14.43    0.00    8.25   31.96    0.00    0.00    0.00    0.00    0.00   45.36
08:16:11       9   11.46    0.00    8.33   23.96    0.00    0.00    0.00    0.00    0.00   56.25
08:16:11      10   13.27    0.00    9.18   10.20    0.00    0.00    0.00    0.00    0.00   67.35
08:16:11      11   13.00    0.00   10.00   29.00    0.00    0.00    0.00    0.00    0.00   48.00
08:16:11      12   14.29    0.00    6.12   12.24    0.00    0.00    0.00    0.00    0.00   67.35
08:16:11      13   12.37    0.00    9.28   11.34    0.00    0.00    0.00    0.00    0.00   67.01
08:16:11      14   13.40    0.00    8.25   10.31    0.00    0.00    0.00    0.00    0.00   68.04
08:16:11      15   12.37    0.00    8.25   25.77    0.00    0.00    0.00    0.00    0.00   53.61
08:16:11      16   12.24    0.00    9.18   21.43    0.00    0.00    0.00    0.00    0.00   57.14
08:16:11      17   14.58    0.00    7.29   17.71    0.00    0.00    0.00    0.00    0.00   60.42
08:16:11      18   14.29    0.00    8.16   12.24    0.00    0.00    0.00    0.00    0.00   65.31
08:16:11      19   12.50    0.00    7.29    5.21    0.00    0.00    0.00    0.00    0.00   75.00
08:16:11      20   12.63    0.00    8.42    6.32    0.00    0.00    0.00    0.00    0.00   72.63
08:16:11      21   13.27    0.00    8.16    9.18    0.00    0.00    0.00    0.00    0.00   69.39
08:16:11      22   12.37    0.00    9.28    5.15    0.00    0.00    0.00    0.00    0.00   73.20
08:16:11      23   14.29    0.00    9.18   16.33    0.00    0.00    0.00    0.00    0.00   60.20
08:16:11      24   12.50    0.00    8.33    6.25    0.00    0.00    0.00    0.00    0.00   72.92
08:16:11      25   11.70    0.00    8.51   19.15    0.00    0.00    0.00    0.00    0.00   60.64
08:16:11      26   14.29    0.00    8.16    6.12    0.00    0.00    0.00    0.00    0.00   71.43
08:16:11      27   11.22    0.00   10.20    4.08    0.00    0.00    0.00    0.00    0.00   74.49
08:16:11      28   12.50    0.00    8.33   18.75    0.00    0.00    0.00    0.00    0.00   60.42
08:16:11      29   12.63    0.00    8.42   15.79    0.00    0.00    0.00    0.00    0.00   63.16
08:16:11      30   12.50    0.00    7.29   13.54    0.00    0.00    0.00    0.00    0.00   66.67
08:16:11      31   14.43    0.00    7.22   15.46    0.00    0.00    0.00    0.00    0.00   62.89

08:16:11     CPU    %usr   %nice    %sys %iowait    %irq   %soft  %steal  %guest  %gnice   %idle
08:16:12     all   13.25    0.00    9.08   13.47    0.00    0.00    0.00    0.00    0.00   64.20
08:16:12       0   13.40    0.00    9.28    5.15    0.00    0.00    0.00    0.00    0.00   72.16
08:16:12       1   12.24    0.00   11.22   13.27    0.00    0.00    0.00    0.00    0.00   63.27
08:16:12       2   13.27    0.00   10.20   18.37    0.00    0.00    0.00    0.00    0.00   58.16
08:16:12       3   13.40    0.00    9.28   21.65    0.00    0.00    0.00    0.00    0.00   55.67
08:16:12       4   14.29    0.00    9.18   17.35    0.00    0.00    0.00    0.00    0.00   59.18
08:16:12       5   14.43    0.00    8.25   19.59    0.00    0.00    0.00    0.00    0.00   57.73
08:16:12       6   14.29    0.00    8.16    6.12    0.00    0.00    0.00    0.00    0.00   71.43
08:16:12       7   15.46    0.00    8.25   12.37    0.00    0.00    0.00    0.00    0.00   63.92
08:16:12       8   13.68    0.00    8.42   15.79    0.00    0.00    0.00    0.00    0.00   62.11
08:16:12       9   14.58    0.00    8.33   11.46    0.00    0.00    0.00    0.00    0.00   65.62
08:16:12      10   12.63    0.00    8.42   17.89    0.00    0.00    0.00    0.00    0.00   61.05
08:16:12      11   11.46    0.00   10.42   14.58    0.00    0.00    0.00    0.00    0.00   63.54
08:16:12      12   13.54    0.00    8.33    5.21    0.00    0.00    0.00    0.00    0.00   72.92
08:16:12      13   14.43    0.00    7.22   16.49    0.00    0.00    0.00    0.00    0.00   61.86
08:16:12      14   11.46    0.00    9.38    9.38    0.00    0.00    0.00    0.00    0.00   69.79
08:16:12      15   12.37    0.00    9.28   13.40    0.00    0.00    0.00    0.00    0.00   64.95
08:16:12      16   13.40    0.00    8.25   11.34    0.00    0.00    0.00    0.00    0.00   67.01
08:16:12      17   12.37    0.00   10.31    5.15    0.00    0.00    0.00    0.00    0.00   72.16
08:16:12      18   12.50    0.00    8.33    4.17    0.00    0.00    0.00    0.00    0.00   75.00
08:16:12      19   12.50    0.00    9.38   18.75    0.00    0.00    0.00    0.00    0.00   59.38
08:16:12      20   14.58    0.00   10.42   15.62    0.00    0.00    0.00    0.00    0.00   59.38
08:16:12      21   12.50    0.00    8.33   19.79    0.00    0.00    0.00    0.00    0.00   59.38
08:16:12      22   13.27    0.00    9.18   15.31    0.00    0.00    0.00    0.00    0.00   62.24
08:16:12      23   13.54    0.00   10.42   18.75    0.00    0.00    0.00    0.00    0.00   57.29
08:16:12      24   12.50    0.00   10.42   23.96    0.00    0.00    0.00    0.00    0.00   53.12
08:16:12      25   13.27    0.00    9.18    5.10    0.00    0.00    0.00    0.00    0.00   72.45
08:16:12      26   12.37    0.00   10.31    6.19    0.00    0.00    0.00    0.00    0.00   71.13
08:16:12      27   15.46    0.00    7.22   17.53    0.00    0.00    0.00    0.00    0.00   59.79
08:16:12      28   13.40    0.00    8.25   22.68    0.00    0.00    0.00    0.00    0.00   55.67
08:16:12      29   12.37    0.00    9.28   11.34    0.00    0.00    0.00    0.00    0.00   67.01
08:16:12      30   13.27    0.00    9.18    5.10    0.00    0.00    0.00    0.00    0.00   72.45
08:16:12      31   11.58    0.00    8.42   12.63    0.00    0.00    0.00    0.00    0.00   67.37

08:16:12     CPU    %usr   %nice    %sys %iowait    %irq   %soft  %steal  %guest  %gnice   %idle
08:16:13     all   13.78    0.00    9.06   10.61    0.00    0.00    0.00    0.00    0.00   66.55
08:16:13       0   13.54    0.00    9.38   10.42    0.00    0.00    0.00    0.00    0.00   66.67
08:16:13       1   14.43    0.00   10.31   12.37    0.00    0.00    0.00    0.00    0.00   62.89
08:16:13       2   13.54    0.00    9.38   10.42    0.00    0.00    0.00    0.00    0.00   66.67
08:16:13       3   14.43    0.00    8.25   10.31    0.00    0.00    0.00    0.00    0.00   67.01
08:16:13       4   13.54    0.00    9.38    5.21    0.00    0.00    0.00    0.00    0.00   71.88
08:16:13       5   13.68    0.00    9.47   11.58    0.00    0.00    0.00    0.00    0.00   65.26
08:16:13       6   15.62    0.00    8.33    5.21    0.00    0.00    0.00    0.00    0.00   70.83
08:16:13       7   15.15    0.00   11.11   12.12    0.00    0.00    0.00    0.00    0.00   61.62
08:16:13       8   15.62    0.00    7.29    4.17    0.00    0.00    0.00    0.00    0.00   72.92
08:16:13       9   12.37    0.00    9.28   16.49    0.00    0.00    0.00    0.00    0.00   61.86
08:16:13      10   12.77    0.00    7.45    5.32    0.00    0.00    0.00    0.00    0.00   74.47
08:16:13      11   14.29    0.00    8.16   22.45    0.00    0.00    0.00    0.00    0.00   55.10
08:16:13      12   12.50    0.00    9.38   10.42    0.00    0.00    0.00    0.00    0.00   67.71
08:16:13      13   11.70    0.00    8.51   18.09    0.00    0.00    0.00    0.00    0.00   61.70
08:16:13      14   14.29    0.00    8.16    5.10    0.00    0.00    0.00    0.00    0.00   72.45
08:16:13      15   12.50    0.00    9.38    5.21    0.00    0.00    0.00    0.00    0.00   72.92
08:16:13      16   13.68    0.00    7.37    6.32    0.00    0.00    0.00    0.00    0.00   72.63
08:16:13      17   13.54    0.00    8.33   13.54    0.00    0.00    0.00    0.00    0.00   64.58
08:16:13      18   13.40    0.00    9.28   16.49    0.00    0.00    0.00    0.00    0.00   60.82
08:16:13      19   15.31    0.00    9.18   19.39    0.00    0.00    0.00    0.00    0.00   56.12
08:16:13      20   14.58    0.00    8.33    6.25    0.00    0.00    0.00    0.00    0.00   70.83
08:16:13      21   13.40    0.00   10.31   10.31    0.00    0.00    0.00    0.00    0.00   65.98
08:16:13      22   12.63    0.00    9.47   13.68    0.00    0.00    0.00    0.00    0.00   64.21
08:16:13      23   15.31    0.00    9.18    6.12    0.00    0.00    0.00    0.00    0.00   69.39
08:16:13      24   14.29    0.00   10.20   11.22    0.00    0.00    0.00    0.00    0.00   64.29
08:16:13      25   14.58    0.00    8.33    6.25    0.00    0.00    0.00    0.00    0.00   70.83
08:16:13      26   14.29    0.00    9.18   12.24    0.00    0.00    0.00    0.00    0.00   64.29
08:16:13      27   13.40    0.00    9.28   11.34    0.00    0.00    0.00    0.00    0.00   65.98
08:16:13      28   14.29    0.00   10.20    4.08    0.00    0.00    0.00    0.00    0.00   71.43
08:16:13      29   13.27    0.00    9.18   13.27    0.00    0.00    0.00    0.00    0.00   64.29
08:16:13      30   11.46    0.00    9.38   12.50    0.00    0.00    0.00    0.00    0.00   66.67
08:16:13      31   13.40    0.00    9.28   11.34    0.00    0.00    0.00    0.00    0.00   65.98

08:16:13     CPU    %usr   %nice    %sys %iowait    %irq   %soft  %steal  %guest  %gnice   %idle
08:16:14     all   14.64    0.00    9.43    9.85    0.00    0.00    0.00    0.00    0.00   66.09
08:16:14       0   14.29    0.00    9.18    6.12    0.00    0.00    0.00    0.00    0.00   70.41
08:16:14       1   15.46    0.00    9.28   17.53    0.00    0.00    0.00    0.00    0.00   57.73
08:16:14       2   14.43    0.00    9.28   12.37    0.00    0.00    0.00    0.00    0.00   63.92
08:16:14       3   16.33    0.00    8.16    6.12    0.00    0.00    0.00    0.00    0.00   69.39
08:16:14       4   16.16    0.00   10.10   10.10    0.00    0.00    0.00    0.00    0.00   63.64
08:16:14       5   14.29    0.00   10.20   11.22    0.00    0.00    0.00    0.00    0.00   64.29
08:16:14       6   16.49    0.00    9.28   13.40    0.00    0.00    0.00    0.00    0.00   60.82
08:16:14       7   15.79    0.00    8.42   10.53    0.00    0.00    0.00    0.00    0.00   65.26
08:16:14       8   14.58    0.00    9.38   10.42    0.00    0.00    0.00    0.00    0.00   65.62
08:16:14       9   16.49    0.00    8.25   10.31    0.00    0.00    0.00    0.00    0.00   64.95
08:16:14      10   15.15    0.00    9.09    5.05    0.00    0.00    0.00    0.00    0.00   70.71
08:16:14      11   12.63    0.00   10.53    6.32    0.00    0.00    0.00    0.00    0.00   70.53
08:16:14      12   14.43    0.00    9.28   12.37    0.00    0.00    0.00    0.00    0.00   63.92
08:16:14      13   13.40    0.00    9.28   11.34    0.00    0.00    0.00    0.00    0.00   65.98
08:16:14      14   14.14    0.00   10.10   11.11    0.00    0.00    0.00    0.00    0.00   64.65
08:16:14      15   13.27    0.00   11.22    5.10    0.00    0.00    0.00    0.00    0.00   70.41
08:16:14      16   14.43    0.00    9.28    5.15    0.00    0.00    0.00    0.00    0.00   71.13
08:16:14      17   16.33    0.00    9.18    5.10    0.00    0.00    0.00    0.00    0.00   69.39
08:16:14      18   14.58    0.00    9.38   10.42    0.00    0.00    0.00    0.00    0.00   65.62
08:16:14      19   12.50    0.00   10.42    7.29    0.00    0.00    0.00    0.00    0.00   69.79
08:16:14      20   14.43    0.00   10.31   15.46    0.00    0.00    0.00    0.00    0.00   59.79
08:16:14      21   12.50    0.00   11.46    4.17    0.00    0.00    0.00    0.00    0.00   71.88
08:16:14      22   14.43    0.00    9.28   19.59    0.00    0.00    0.00    0.00    0.00   56.70
08:16:14      23   14.43    0.00   10.31    6.19    0.00    0.00    0.00    0.00    0.00   69.07
08:16:14      24   14.58    0.00    9.38   14.58    0.00    0.00    0.00    0.00    0.00   61.46
08:16:14      25   16.33    0.00    8.16   11.22    0.00    0.00    0.00    0.00    0.00   64.29
08:16:14      26   14.58    0.00    7.29    4.17    0.00    0.00    0.00    0.00    0.00   73.96
08:16:14      27   14.29    0.00    9.18    7.14    0.00    0.00    0.00    0.00    0.00   69.39
08:16:14      28   13.40    0.00    9.28   10.31    0.00    0.00    0.00    0.00    0.00   67.01
08:16:14      29   15.46    0.00    8.25    5.15    0.00    0.00    0.00    0.00    0.00   71.13
08:16:14      30   14.43    0.00    9.28   25.77    0.00    0.00    0.00    0.00    0.00   50.52
08:16:14      31   14.29    0.00   10.20    4.08    0.00    0.00    0.00    0.00    0.00   71.43

08:16:14     CPU    %usr   %nice    %sys %iowait    %irq   %soft  %steal  %guest  %gnice   %idle
08:16:15     all   14.50    0.00    9.67    9.31    0.00    0.00    0.00    0.00    0.00   66.52
08:16:15       0   12.50    0.00   10.42   10.42    0.00    0.00    0.00    0.00    0.00   66.67
08:16:15       1   15.15    0.00   10.10    7.07    0.00    0.00    0.00    0.00    0.00   67.68
08:16:15       2   16.33    0.00    8.16   12.24    0.00    0.00    0.00    0.00    0.00   63.27
08:16:15       3   15.79    0.00    7.37   14.74    0.00    0.00    0.00    0.00    0.00   62.11
08:16:15       4   14.14    0.00   11.11    4.04    0.00    0.00    0.00    0.00    0.00   70.71
08:16:15       5   15.15    0.00   10.10    5.05    0.00    0.00    0.00    0.00    0.00   69.70
08:16:15       6   15.00    0.00   11.00    9.00    0.00    0.00    0.00    0.00    0.00   65.00
08:16:15       7   15.46    0.00    9.28   13.40    0.00    0.00    0.00    0.00    0.00   61.86
08:16:15       8   14.29    0.00   11.22   13.27    0.00    0.00    0.00    0.00    0.00   61.22
08:16:15       9   15.15    0.00    9.09    5.05    0.00    0.00    0.00    0.00    0.00   70.71
08:16:15      10   15.31    0.00   10.20   12.24    0.00    0.00    0.00    0.00    0.00   62.24
08:16:15      11   14.43    0.00    9.28   12.37    0.00    0.00    0.00    0.00    0.00   63.92
08:16:15      12   14.29    0.00   10.20   12.24    0.00    0.00    0.00    0.00    0.00   63.27
08:16:15      13   16.49    0.00    7.22   10.31    0.00    0.00    0.00    0.00    0.00   65.98
08:16:15      14   14.43    0.00    8.25    6.19    0.00    0.00    0.00    0.00    0.00   71.13
08:16:15      15   13.13    0.00   11.11   12.12    0.00    0.00    0.00    0.00    0.00   63.64
08:16:15      16   14.58    0.00    8.33   10.42    0.00    0.00    0.00    0.00    0.00   66.67
08:16:15      17   14.43    0.00   11.34    8.25    0.00    0.00    0.00    0.00    0.00   65.98
08:16:15      18   14.29    0.00   10.20    6.12    0.00    0.00    0.00    0.00    0.00   69.39
08:16:15      19   14.00    0.00   11.00   16.00    0.00    0.00    0.00    0.00    0.00   59.00
08:16:15      20   14.58    0.00    8.33   15.62    0.00    0.00    0.00    0.00    0.00   61.46
08:16:15      21   15.46    0.00    8.25    6.19    0.00    0.00    0.00    0.00    0.00   70.10
08:16:15      22   14.58    0.00    9.38    9.38    0.00    0.00    0.00    0.00    0.00   66.67
08:16:15      23   14.29    0.00   10.20    5.10    0.00    0.00    0.00    0.00    0.00   70.41
08:16:15      24   16.16    0.00   10.10   10.10    0.00    0.00    0.00    0.00    0.00   63.64
08:16:15      25   13.40    0.00    9.28   10.31    0.00    0.00    0.00    0.00    0.00   67.01
08:16:15      26   13.40    0.00   10.31   10.31    0.00    0.00    0.00    0.00    0.00   65.98
08:16:15      27   13.40    0.00   10.31   10.31    0.00    0.00    0.00    0.00    0.00   65.98
08:16:15      28   14.58    0.00    8.33    5.21    0.00    0.00    0.00    0.00    0.00   71.88
08:16:15      29   12.37    0.00   10.31    5.15    0.00    0.00    0.00    0.00    0.00   72.16
08:16:15      30   12.24    0.00   10.20    4.08    0.00    0.00    0.00    0.00    0.00   73.47
08:16:15      31   15.15    0.00    9.09    6.06    0.00    0.00    0.00    0.00    0.00   69.70

08:16:15     CPU    %usr   %nice    %sys %iowait    %irq   %soft  %steal  %guest  %gnice   %idle
08:16:16     all   14.52    0.00    9.61    9.02    0.00    0.00    0.00    0.00    0.00   66.85
08:16:16       0   14.43    0.00   10.31   10.31    0.00    0.00    0.00    0.00    0.00   64.95
08:16:16       1   14.74    0.00    8.42    6.32    0.00    0.00    0.00    0.00    0.00   70.53
08:16:16       2   16.67    0.00    8.33    5.21    0.00    0.00    0.00    0.00    0.00   69.79
08:16:16       3   15.46    0.00    9.28   16.49    0.00    0.00    0.00    0.00    0.00   58.76
08:16:16       4   15.46    0.00    8.25   10.31    0.00    0.00    0.00    0.00    0.00   65.98
08:16:16       5   15.31    0.00   10.20    6.12    0.00    0.00    0.00    0.00    0.00   68.37
08:16:16       6   15.62    0.00   10.42   13.54    0.00    0.00    0.00    0.00    0.00   60.42
08:16:16       7   15.46    0.00    9.28    6.19    0.00    0.00    0.00    0.00    0.00   69.07
08:16:16       8   16.67    0.00    8.33   12.50    0.00    0.00    0.00    0.00    0.00   62.50
08:16:16       9   14.58    0.00    9.38    5.21    0.00    0.00    0.00    0.00    0.00   70.83
08:16:16      10   12.37    0.00   11.34    5.15    0.00    0.00    0.00    0.00    0.00   71.13
08:16:16      11   14.43    0.00   10.31   16.49    0.00    0.00    0.00    0.00    0.00   58.76
08:16:16      12   12.37    0.00   10.31    4.12    0.00    0.00    0.00    0.00    0.00   73.20
08:16:16      13   14.43    0.00    9.28    7.22    0.00    0.00    0.00    0.00    0.00   69.07
08:16:16      14   13.27    0.00   11.22   10.20    0.00    0.00    0.00    0.00    0.00   65.31
08:16:16      15   13.54    0.00    9.38    4.17    0.00    0.00    0.00    0.00    0.00   72.92
08:16:16      16   14.14    0.00   10.10    4.04    0.00    0.00    0.00    0.00    0.00   71.72
08:16:16      17   16.33    0.00   10.20   12.24    0.00    0.00    0.00    0.00    0.00   61.22
08:16:16      18   13.68    0.00    9.47    6.32    0.00    0.00    0.00    0.00    0.00   70.53
08:16:16      19   14.74    0.00    8.42    5.26    0.00    0.00    0.00    0.00    0.00   71.58
08:16:16      20   15.79    0.00    8.42    5.26    0.00    0.00    0.00    0.00    0.00   70.53
08:16:16      21   14.43    0.00    9.28    5.15    0.00    0.00    0.00    0.00    0.00   71.13
08:16:16      22   13.40    0.00   11.34   11.34    0.00    0.00    0.00    0.00    0.00   63.92
08:16:16      23   15.79    0.00    9.47    6.32    0.00    0.00    0.00    0.00    0.00   68.42
08:16:16      24   13.54    0.00   10.42   13.54    0.00    0.00    0.00    0.00    0.00   62.50
08:16:16      25   14.58    0.00    8.33   11.46    0.00    0.00    0.00    0.00    0.00   65.62
08:16:16      26   13.54    0.00    9.38   17.71    0.00    0.00    0.00    0.00    0.00   59.38
08:16:16      27   14.58    0.00    8.33   12.50    0.00    0.00    0.00    0.00    0.00   64.58
08:16:16      28   12.24    0.00   12.24    5.10    0.00    0.00    0.00    0.00    0.00   70.41
08:16:16      29   14.29    0.00    9.18    6.12    0.00    0.00    0.00    0.00    0.00   70.41
08:16:16      30   14.29    0.00   10.20   20.41    0.00    0.00    0.00    0.00    0.00   55.10
08:16:16      31   14.58    0.00    8.33    6.25    0.00    0.00    0.00    0.00    0.00   70.83

08:16:16     CPU    %usr   %nice    %sys %iowait    %irq   %soft  %steal  %guest  %gnice   %idle
08:16:17     all   14.49    0.00    9.68    8.20    0.00    0.00    0.00    0.00    0.00   67.63
08:16:17       0   13.40    0.00   10.31   13.40    0.00    0.00    0.00    0.00    0.00   62.89
08:16:17       1   13.54    0.00   10.42    5.21    0.00    0.00    0.00    0.00    0.00   70.83
08:16:17       2   15.46    0.00    8.25    6.19    0.00    0.00    0.00    0.00    0.00   70.10
08:16:17       3   13.54    0.00   10.42    7.29    0.00    0.00    0.00    0.00    0.00   68.75
08:16:17       4   16.49    0.00   10.31    6.19    0.00    0.00    0.00    0.00    0.00   67.01
08:16:17       5   13.68    0.00    9.47    5.26    0.00    0.00    0.00    0.00    0.00   71.58
08:16:17       6   15.31    0.00   10.20   19.39    0.00    0.00    0.00    0.00    0.00   55.10
08:16:17       7   15.31    0.00   10.20    7.14    0.00    0.00    0.00    0.00    0.00   67.35
08:16:17       8   14.58    0.00   10.42    6.25    0.00    0.00    0.00    0.00    0.00   68.75
08:16:17       9   13.40    0.00   10.31    6.19    0.00    0.00    0.00    0.00    0.00   70.10
08:16:17      10   15.31    0.00    9.18    6.12    0.00    0.00    0.00    0.00    0.00   69.39
08:16:17      11   15.15    0.00   10.10   12.12    0.00    0.00    0.00    0.00    0.00   62.63
08:16:17      12   13.40    0.00   12.37    5.15    0.00    0.00    0.00    0.00    0.00   69.07
08:16:17      13   13.40    0.00   10.31    6.19    0.00    0.00    0.00    0.00    0.00   70.10
08:16:17      14   11.70    0.00   10.64   10.64    0.00    0.00    0.00    0.00    0.00   67.02
08:16:17      15   11.46    0.00   11.46   15.62    0.00    0.00    0.00    0.00    0.00   61.46
08:16:17      16   15.31    0.00    9.18    6.12    0.00    0.00    0.00    0.00    0.00   69.39
08:16:17      17   16.49    0.00    9.28    6.19    0.00    0.00    0.00    0.00    0.00   68.04
08:16:17      18   14.29    0.00   10.20    6.12    0.00    0.00    0.00    0.00    0.00   69.39
08:16:17      19   15.46    0.00    8.25    5.15    0.00    0.00    0.00    0.00    0.00   71.13
08:16:17      20   14.29    0.00   10.20   13.27    0.00    0.00    0.00    0.00    0.00   62.24
08:16:17      21   14.58    0.00    9.38    6.25    0.00    0.00    0.00    0.00    0.00   69.79
08:16:17      22   17.35    0.00    8.16    6.12    0.00    0.00    0.00    0.00    0.00   68.37
08:16:17      23   14.58    0.00    9.38   12.50    0.00    0.00    0.00    0.00    0.00   63.54
08:16:17      24   15.46    0.00    9.28    6.19    0.00    0.00    0.00    0.00    0.00   69.07
08:16:17      25   14.74    0.00    8.42    6.32    0.00    0.00    0.00    0.00    0.00   70.53
08:16:17      26   14.74    0.00    7.37    5.26    0.00    0.00    0.00    0.00    0.00   72.63
08:16:17      27   14.58    0.00    8.33    6.25    0.00    0.00    0.00    0.00    0.00   70.83
08:16:17      28   15.46    0.00    8.25    5.15    0.00    0.00    0.00    0.00    0.00   71.13
08:16:17      29   13.40    0.00    9.28   18.56    0.00    0.00    0.00    0.00    0.00   58.76
08:16:17      30   13.40    0.00   10.31    5.15    0.00    0.00    0.00    0.00    0.00   71.13
08:16:17      31   14.14    0.00   10.10    9.09    0.00    0.00    0.00    0.00    0.00   66.67

08:16:17     CPU    %usr   %nice    %sys %iowait    %irq   %soft  %steal  %guest  %gnice   %idle
08:16:18     all   15.11    0.00    9.75    7.31    0.00    0.00    0.00    0.00    0.00   67.83
08:16:18       0   15.31    0.00   10.20    5.10    0.00    0.00    0.00    0.00    0.00   69.39
08:16:18       1   15.46    0.00   10.31    6.19    0.00    0.00    0.00    0.00    0.00   68.04
08:16:18       2   15.62    0.00    9.38    4.17    0.00    0.00    0.00    0.00    0.00   70.83
08:16:18       3   16.16    0.00   10.10   15.15    0.00    0.00    0.00    0.00    0.00   58.59
08:16:18       4   14.43    0.00    9.28    7.22    0.00    0.00    0.00    0.00    0.00   69.07
08:16:18       5   17.35    0.00    9.18    5.10    0.00    0.00    0.00    0.00    0.00   68.37
08:16:18       6   15.46    0.00    9.28    7.22    0.00    0.00    0.00    0.00    0.00   68.04
08:16:18       7   15.46    0.00   10.31   11.34    0.00    0.00    0.00    0.00    0.00   62.89
08:16:18       8   16.33    0.00    9.18    6.12    0.00    0.00    0.00    0.00    0.00   68.37
08:16:18       9   15.31    0.00   10.20    5.10    0.00    0.00    0.00    0.00    0.00   69.39
08:16:18      10   14.58    0.00    9.38   10.42    0.00    0.00    0.00    0.00    0.00   65.62
08:16:18      11   14.43    0.00    9.28   19.59    0.00    0.00    0.00    0.00    0.00   56.70
08:16:18      12   14.14    0.00   10.10    5.05    0.00    0.00    0.00    0.00    0.00   70.71
08:16:18      13   13.40    0.00   10.31    5.15    0.00    0.00    0.00    0.00    0.00   71.13
08:16:18      14   16.16    0.00    9.09    5.05    0.00    0.00    0.00    0.00    0.00   69.70
08:16:18      15   14.58    0.00    9.38    6.25    0.00    0.00    0.00    0.00    0.00   69.79
08:16:18      16   16.16    0.00    9.09    6.06    0.00    0.00    0.00    0.00    0.00   68.69
08:16:18      17   14.43    0.00   10.31    5.15    0.00    0.00    0.00    0.00    0.00   70.10
08:16:18      18   15.62    0.00    9.38    5.21    0.00    0.00    0.00    0.00    0.00   69.79
08:16:18      19   14.43    0.00   10.31    4.12    0.00    0.00    0.00    0.00    0.00   71.13
08:16:18      20   15.62    0.00    9.38    6.25    0.00    0.00    0.00    0.00    0.00   68.75
08:16:18      21   13.27    0.00   11.22   10.20    0.00    0.00    0.00    0.00    0.00   65.31
08:16:18      22   15.31    0.00   10.20    5.10    0.00    0.00    0.00    0.00    0.00   69.39
08:16:18      23   15.46    0.00   10.31   11.34    0.00    0.00    0.00    0.00    0.00   62.89
08:16:18      24   16.49    0.00    9.28    7.22    0.00    0.00    0.00    0.00    0.00   67.01
08:16:18      25   16.16    0.00    9.09    6.06    0.00    0.00    0.00    0.00    0.00   68.69
08:16:18      26   15.31    0.00   10.20    5.10    0.00    0.00    0.00    0.00    0.00   69.39
08:16:18      27   15.31    0.00    9.18    6.12    0.00    0.00    0.00    0.00    0.00   69.39
08:16:18      28   13.40    0.00   10.31    5.15    0.00    0.00    0.00    0.00    0.00   71.13
08:16:18      29   14.29    0.00   10.20   15.31    0.00    0.00    0.00    0.00    0.00   60.20
08:16:18      30   14.43    0.00    8.25    5.15    0.00    0.00    0.00    0.00    0.00   72.16
08:16:18      31   13.40    0.00   10.31    6.19    0.00    0.00    0.00    0.00    0.00   70.10

08:16:18     CPU    %usr   %nice    %sys %iowait    %irq   %soft  %steal  %guest  %gnice   %idle
08:16:19     all   15.33    0.00   10.16    7.71    0.00    0.00    0.00    0.00    0.00   66.80
08:16:19       0   15.46    0.00    9.28    5.15    0.00    0.00    0.00    0.00    0.00   70.10
08:16:19       1   16.84    0.00   10.53    5.26    0.00    0.00    0.00    0.00    0.00   67.37
08:16:19       2   14.29    0.00   11.22    5.10    0.00    0.00    0.00    0.00    0.00   69.39
08:16:19       3   15.46    0.00   10.31   19.59    0.00    0.00    0.00    0.00    0.00   54.64
08:16:19       4   16.33    0.00   10.20    8.16    0.00    0.00    0.00    0.00    0.00   65.31
08:16:19       5   16.33    0.00   10.20    5.10    0.00    0.00    0.00    0.00    0.00   68.37
08:16:19       6   16.33    0.00   11.22    6.12    0.00    0.00    0.00    0.00    0.00   66.33
08:16:19       7   17.53    0.00    8.25    7.22    0.00    0.00    0.00    0.00    0.00   67.01
08:16:19       8   16.67    0.00    9.38    5.21    0.00    0.00    0.00    0.00    0.00   68.75
08:16:19       9   13.68    0.00   10.53    5.26    0.00    0.00    0.00    0.00    0.00   70.53
08:16:19      10   17.00    0.00   10.00    9.00    0.00    0.00    0.00    0.00    0.00   64.00
08:16:19      11   14.43    0.00   11.34   11.34    0.00    0.00    0.00    0.00    0.00   62.89
08:16:19      12   15.15    0.00   11.11    5.05    0.00    0.00    0.00    0.00    0.00   68.69
08:16:19      13   14.43    0.00   10.31    6.19    0.00    0.00    0.00    0.00    0.00   69.07
08:16:19      14   13.54    0.00    9.38   10.42    0.00    0.00    0.00    0.00    0.00   66.67
08:16:19      15   14.29    0.00   10.20    5.10    0.00    0.00    0.00    0.00    0.00   70.41
08:16:19      16   12.50    0.00   10.42   19.79    0.00    0.00    0.00    0.00    0.00   57.29
08:16:19      17   16.49    0.00    9.28    5.15    0.00    0.00    0.00    0.00    0.00   69.07
08:16:19      18   14.58    0.00   10.42   11.46    0.00    0.00    0.00    0.00    0.00   63.54
08:16:19      19   16.49    0.00    9.28   13.40    0.00    0.00    0.00    0.00    0.00   60.82
08:16:19      20   15.31    0.00   11.22    6.12    0.00    0.00    0.00    0.00    0.00   67.35
08:16:19      21   16.49    0.00    9.28    5.15    0.00    0.00    0.00    0.00    0.00   69.07
08:16:19      22   15.62    0.00    9.38    5.21    0.00    0.00    0.00    0.00    0.00   69.79
08:16:19      23   15.15    0.00   12.12    8.08    0.00    0.00    0.00    0.00    0.00   64.65
08:16:19      24   15.46    0.00   10.31    5.15    0.00    0.00    0.00    0.00    0.00   69.07
08:16:19      25   14.29    0.00   11.22    6.12    0.00    0.00    0.00    0.00    0.00   68.37
08:16:19      26   15.46    0.00    9.28    7.22    0.00    0.00    0.00    0.00    0.00   68.04
08:16:19      27   15.46    0.00    9.28   11.34    0.00    0.00    0.00    0.00    0.00   63.92
08:16:19      28   13.40    0.00   10.31    6.19    0.00    0.00    0.00    0.00    0.00   70.10
08:16:19      29   15.31    0.00   10.20    6.12    0.00    0.00    0.00    0.00    0.00   68.37
08:16:19      30   15.31    0.00   10.20    7.14    0.00    0.00    0.00    0.00    0.00   67.35
08:16:19      31   15.46    0.00    9.28    4.12    0.00    0.00    0.00    0.00    0.00   71.13

08:16:19     CPU    %usr   %nice    %sys %iowait    %irq   %soft  %steal  %guest  %gnice   %idle
08:16:20     all   15.93    0.00    9.96    6.74    0.00    0.00    0.00    0.00    0.00   67.37
08:16:20       0   16.33    0.00   10.20    6.12    0.00    0.00    0.00    0.00    0.00   67.35
08:16:20       1   15.31    0.00   11.22    6.12    0.00    0.00    0.00    0.00    0.00   67.35
08:16:20       2   15.62    0.00    9.38    5.21    0.00    0.00    0.00    0.00    0.00   69.79
08:16:20       3   16.67    0.00    9.38    5.21    0.00    0.00    0.00    0.00    0.00   68.75
08:16:20       4   15.62    0.00    9.38   10.42    0.00    0.00    0.00    0.00    0.00   64.58
08:16:20       5   16.33    0.00   10.20    5.10    0.00    0.00    0.00    0.00    0.00   68.37
08:16:20       6   17.35    0.00   10.20    9.18    0.00    0.00    0.00    0.00    0.00   63.27
08:16:20       7   17.35    0.00   10.20    5.10    0.00    0.00    0.00    0.00    0.00   67.35
08:16:20       8   16.67    0.00    9.38    5.21    0.00    0.00    0.00    0.00    0.00   68.75
08:16:20       9   16.33    0.00    9.18   10.20    0.00    0.00    0.00    0.00    0.00   64.29
08:16:20      10   15.46    0.00   10.31   12.37    0.00    0.00    0.00    0.00    0.00   61.86
08:16:20      11   13.27    0.00   11.22    7.14    0.00    0.00    0.00    0.00    0.00   68.37
08:16:20      12   16.49    0.00    9.28    4.12    0.00    0.00    0.00    0.00    0.00   70.10
08:16:20      13   16.16    0.00   10.10    5.05    0.00    0.00    0.00    0.00    0.00   68.69
08:16:20      14   15.15    0.00   11.11    5.05    0.00    0.00    0.00    0.00    0.00   68.69
08:16:20      15   16.67    0.00    8.33    6.25    0.00    0.00    0.00    0.00    0.00   68.75
08:16:20      16   16.33    0.00   10.20    5.10    0.00    0.00    0.00    0.00    0.00   68.37
08:16:20      17   14.58    0.00   10.42    7.29    0.00    0.00    0.00    0.00    0.00   67.71
08:16:20      18   15.31    0.00   11.22    6.12    0.00    0.00    0.00    0.00    0.00   67.35
08:16:20      19   16.16    0.00   10.10    6.06    0.00    0.00    0.00    0.00    0.00   67.68
08:16:20      20   16.33    0.00   10.20   11.22    0.00    0.00    0.00    0.00    0.00   62.24
08:16:20      21   16.33    0.00   11.22    5.10    0.00    0.00    0.00    0.00    0.00   67.35
08:16:20      22   15.79    0.00    9.47    6.32    0.00    0.00    0.00    0.00    0.00   68.42
08:16:20      23   17.35    0.00   10.20   11.22    0.00    0.00    0.00    0.00    0.00   61.22
08:16:20      24   18.75    0.00    7.29    6.25    0.00    0.00    0.00    0.00    0.00   67.71
08:16:20      25   15.79    0.00    9.47   10.53    0.00    0.00    0.00    0.00    0.00   64.21
08:16:20      26   12.77    0.00    9.57    6.38    0.00    0.00    0.00    0.00    0.00   71.28
08:16:20      27   14.43    0.00    9.28    6.19    0.00    0.00    0.00    0.00    0.00   70.10
08:16:20      28   17.17    0.00   10.10    5.05    0.00    0.00    0.00    0.00    0.00   67.68
08:16:20      29   15.31    0.00   10.20    5.10    0.00    0.00    0.00    0.00    0.00   69.39
08:16:20      30   15.31    0.00   10.20    5.10    0.00    0.00    0.00    0.00    0.00   69.39
08:16:20      31   15.15    0.00   10.10    5.05    0.00    0.00    0.00    0.00    0.00   69.70

08:16:20     CPU    %usr   %nice    %sys %iowait    %irq   %soft  %steal  %guest  %gnice   %idle
08:16:21     all   15.52    0.00   10.48    6.76    0.00    0.00    0.00    0.00    0.00   67.24
08:16:21       0   15.79    0.00   10.53   13.68    0.00    0.00    0.00    0.00    0.00   60.00
08:16:21       1   15.46    0.00   11.34    6.19    0.00    0.00    0.00    0.00    0.00   67.01
08:16:21       2   15.62    0.00   10.42    5.21    0.00    0.00    0.00    0.00    0.00   68.75
08:16:21       3   15.62    0.00   10.42    6.25    0.00    0.00    0.00    0.00    0.00   67.71
08:16:21       4   14.43    0.00   12.37   16.49    0.00    0.00    0.00    0.00    0.00   56.70
08:16:21       5   15.46    0.00   11.34    6.19    0.00    0.00    0.00    0.00    0.00   67.01
08:16:21       6   15.46    0.00   11.34    5.15    0.00    0.00    0.00    0.00    0.00   68.04
08:16:21       7   14.89    0.00   10.64    6.38    0.00    0.00    0.00    0.00    0.00   68.09
08:16:21       8   16.33    0.00   11.22    7.14    0.00    0.00    0.00    0.00    0.00   65.31
08:16:21       9   15.79    0.00    9.47    5.26    0.00    0.00    0.00    0.00    0.00   69.47
08:16:21      10   14.58    0.00   10.42    5.21    0.00    0.00    0.00    0.00    0.00   69.79
08:16:21      11   15.46    0.00   11.34    4.12    0.00    0.00    0.00    0.00    0.00   69.07
08:16:21      12   13.27    0.00   11.22    6.12    0.00    0.00    0.00    0.00    0.00   69.39
08:16:21      13   15.05    0.00    8.60    6.45    0.00    0.00    0.00    0.00    0.00   69.89
08:16:21      14   16.49    0.00    9.28    6.19    0.00    0.00    0.00    0.00    0.00   68.04
08:16:21      15   15.00    0.00   12.00    9.00    0.00    0.00    0.00    0.00    0.00   64.00
08:16:21      16   15.31    0.00   10.20    5.10    0.00    0.00    0.00    0.00    0.00   69.39
08:16:21      17   16.33    0.00   11.22    7.14    0.00    0.00    0.00    0.00    0.00   65.31
08:16:21      18   16.67    0.00    8.33    5.21    0.00    0.00    0.00    0.00    0.00   69.79
08:16:21      19   15.62    0.00   10.42    6.25    0.00    0.00    0.00    0.00    0.00   67.71
08:16:21      20   16.49    0.00   10.31    6.19    0.00    0.00    0.00    0.00    0.00   67.01
08:16:21      21   15.62    0.00    9.38    4.17    0.00    0.00    0.00    0.00    0.00   70.83
08:16:21      22   15.46    0.00   11.34    5.15    0.00    0.00    0.00    0.00    0.00   68.04
08:16:21      23   16.49    0.00   11.34    6.19    0.00    0.00    0.00    0.00    0.00   65.98
08:16:21      24   17.35    0.00   10.20    6.12    0.00    0.00    0.00    0.00    0.00   66.33
08:16:21      25   13.27    0.00   13.27    6.12    0.00    0.00    0.00    0.00    0.00   67.35
08:16:21      26   15.46    0.00   10.31    5.15    0.00    0.00    0.00    0.00    0.00   69.07
08:16:21      27   15.96    0.00    8.51    4.26    0.00    0.00    0.00    0.00    0.00   71.28
08:16:21      28   15.79    0.00    8.42   20.00    0.00    0.00    0.00    0.00    0.00   55.79
08:16:21      29   16.33    0.00    9.18    6.12    0.00    0.00    0.00    0.00    0.00   68.37
08:16:21      30   14.58    0.00   10.42    4.17    0.00    0.00    0.00    0.00    0.00   70.83
08:16:21      31   15.31    0.00   10.20    4.08    0.00    0.00    0.00    0.00    0.00   70.41

08:16:21     CPU    %usr   %nice    %sys %iowait    %irq   %soft  %steal  %guest  %gnice   %idle
08:16:22     all   15.92    0.00    9.94    7.05    0.00    0.00    0.00    0.00    0.00   67.08
08:16:22       0   15.46    0.00   10.31   10.31    0.00    0.00    0.00    0.00    0.00   63.92
08:16:22       1   16.67    0.00    9.38    7.29    0.00    0.00    0.00    0.00    0.00   66.67
08:16:22       2   14.58    0.00   11.46    5.21    0.00    0.00    0.00    0.00    0.00   68.75
08:16:22       3   17.35    0.00   10.20    5.10    0.00    0.00    0.00    0.00    0.00   67.35
08:16:22       4   16.84    0.00   10.53    4.21    0.00    0.00    0.00    0.00    0.00   68.42
08:16:22       5   15.79    0.00   10.53   11.58    0.00    0.00    0.00    0.00    0.00   62.11
08:16:22       6   16.84    0.00    8.42    5.26    0.00    0.00    0.00    0.00    0.00   69.47
08:16:22       7   14.89    0.00    9.57    6.38    0.00    0.00    0.00    0.00    0.00   69.15
08:16:22       8   16.84    0.00    9.47    5.26    0.00    0.00    0.00    0.00    0.00   68.42
08:16:22       9   17.00    0.00   11.00    6.00    0.00    0.00    0.00    0.00    0.00   66.00
08:16:22      10   15.62    0.00   10.42    4.17    0.00    0.00    0.00    0.00    0.00   69.79
08:16:22      11   15.62    0.00    9.38    5.21    0.00    0.00    0.00    0.00    0.00   69.79
08:16:22      12   14.74    0.00   10.53    4.21    0.00    0.00    0.00    0.00    0.00   70.53
08:16:22      13   15.31    0.00   10.20   12.24    0.00    0.00    0.00    0.00    0.00   62.24
08:16:22      14   14.58    0.00    9.38    6.25    0.00    0.00    0.00    0.00    0.00   69.79
08:16:22      15   15.79    0.00    8.42    5.26    0.00    0.00    0.00    0.00    0.00   70.53
08:16:22      16   14.58    0.00   10.42    6.25    0.00    0.00    0.00    0.00    0.00   68.75
08:16:22      17   15.05    0.00    9.68    4.30    0.00    0.00    0.00    0.00    0.00   70.97
08:16:22      18   15.62    0.00   10.42   10.42    0.00    0.00    0.00    0.00    0.00   63.54
08:16:22      19   17.71    0.00    8.33    6.25    0.00    0.00    0.00    0.00    0.00   67.71
08:16:22      20   16.84    0.00    9.47    6.32    0.00    0.00    0.00    0.00    0.00   67.37
08:16:22      21   16.67    0.00    9.38    6.25    0.00    0.00    0.00    0.00    0.00   67.71
08:16:22      22   16.49    0.00    9.28    5.15    0.00    0.00    0.00    0.00    0.00   69.07
08:16:22      23   16.49    0.00   11.34    7.22    0.00    0.00    0.00    0.00    0.00   64.95
08:16:22      24   16.67    0.00   10.42   13.54    0.00    0.00    0.00    0.00    0.00   59.38
08:16:22      25   16.33    0.00    9.18    6.12    0.00    0.00    0.00    0.00    0.00   68.37
08:16:22      26   15.62    0.00   10.42    5.21    0.00    0.00    0.00    0.00    0.00   68.75
08:16:22      27   15.31    0.00   11.22    9.18    0.00    0.00    0.00    0.00    0.00   64.29
08:16:22      28   16.16    0.00   11.11   10.10    0.00    0.00    0.00    0.00    0.00   62.63
08:16:22      29   13.68    0.00   10.53   11.58    0.00    0.00    0.00    0.00    0.00   64.21
08:16:22      30   16.67    0.00    8.33    7.29    0.00    0.00    0.00    0.00    0.00   67.71
08:16:22      31   15.62    0.00    9.38    6.25    0.00    0.00    0.00    0.00    0.00   68.75

08:16:22     CPU    %usr   %nice    %sys %iowait    %irq   %soft  %steal  %guest  %gnice   %idle
08:16:23     all   15.93    0.00   10.62    6.25    0.00    0.00    0.00    0.00    0.00   67.20
08:16:23       0   15.79    0.00    9.47    6.32    0.00    0.00    0.00    0.00    0.00   68.42
08:16:23       1   17.35    0.00   11.22    6.12    0.00    0.00    0.00    0.00    0.00   65.31
08:16:23       2   15.62    0.00   10.42    5.21    0.00    0.00    0.00    0.00    0.00   68.75
08:16:23       3   14.43    0.00   12.37    7.22    0.00    0.00    0.00    0.00    0.00   65.98
08:16:23       4   16.33    0.00   11.22    6.12    0.00    0.00    0.00    0.00    0.00   66.33
08:16:23       5   16.49    0.00   10.31    6.19    0.00    0.00    0.00    0.00    0.00   67.01
08:16:23       6   14.74    0.00   11.58   12.63    0.00    0.00    0.00    0.00    0.00   61.05
08:16:23       7   16.67    0.00   11.46    5.21    0.00    0.00    0.00    0.00    0.00   66.67
08:16:23       8   16.49    0.00   12.37    7.22    0.00    0.00    0.00    0.00    0.00   63.92
08:16:23       9   16.84    0.00    9.47    6.32    0.00    0.00    0.00    0.00    0.00   67.37
08:16:23      10   15.62    0.00    9.38    7.29    0.00    0.00    0.00    0.00    0.00   67.71
08:16:23      11   16.16    0.00   12.12    6.06    0.00    0.00    0.00    0.00    0.00   65.66
08:16:23      12   15.46    0.00   10.31    6.19    0.00    0.00    0.00    0.00    0.00   68.04
08:16:23      13   13.68    0.00   11.58    5.26    0.00    0.00    0.00    0.00    0.00   69.47
08:16:23      14   15.46    0.00   10.31    5.15    0.00    0.00    0.00    0.00    0.00   69.07
08:16:23      15   14.74    0.00   10.53    5.26    0.00    0.00    0.00    0.00    0.00   69.47
08:16:23      16   15.46    0.00   10.31    5.15    0.00    0.00    0.00    0.00    0.00   69.07
08:16:23      17   16.49    0.00   11.34    9.28    0.00    0.00    0.00    0.00    0.00   62.89
08:16:23      18   17.71    0.00    9.38    4.17    0.00    0.00    0.00    0.00    0.00   68.75
08:16:23      19   16.33    0.00   11.22   13.27    0.00    0.00    0.00    0.00    0.00   59.18
08:16:23      20   15.79    0.00   11.58    7.37    0.00    0.00    0.00    0.00    0.00   65.26
08:16:23      21   16.67    0.00    9.38    5.21    0.00    0.00    0.00    0.00    0.00   68.75
08:16:23      22   16.67    0.00   10.42    5.21    0.00    0.00    0.00    0.00    0.00   67.71
08:16:23      23   17.35    0.00   12.24    7.14    0.00    0.00    0.00    0.00    0.00   63.27
08:16:23      24   16.49    0.00   11.34    5.15    0.00    0.00    0.00    0.00    0.00   67.01
08:16:23      25   15.96    0.00    9.57    4.26    0.00    0.00    0.00    0.00    0.00   70.21
08:16:23      26   16.49    0.00    9.28    5.15    0.00    0.00    0.00    0.00    0.00   69.07
08:16:23      27   15.46    0.00   10.31    5.15    0.00    0.00    0.00    0.00    0.00   69.07
08:16:23      28   15.62    0.00    9.38    5.21    0.00    0.00    0.00    0.00    0.00   69.79
08:16:23      29   15.31    0.00   10.20    5.10    0.00    0.00    0.00    0.00    0.00   69.39
08:16:23      30   15.31    0.00   10.20    4.08    0.00    0.00    0.00    0.00    0.00   70.41
08:16:23      31   14.74    0.00    9.47    5.26    0.00    0.00    0.00    0.00    0.00   70.53

08:16:23     CPU    %usr   %nice    %sys %iowait    %irq   %soft  %steal  %guest  %gnice   %idle
08:16:24     all   16.70    0.00   10.39    6.54    0.00    0.00    0.00    0.00    0.00   66.36
08:16:24       0   16.33    0.00   11.22    5.10    0.00    0.00    0.00    0.00    0.00   67.35
08:16:24       1   17.02    0.00    9.57    6.38    0.00    0.00    0.00    0.00    0.00   67.02
08:16:24       2   16.84    0.00   10.53    5.26    0.00    0.00    0.00    0.00    0.00   67.37
08:16:24       3   16.84    0.00   10.53   12.63    0.00    0.00    0.00    0.00    0.00   60.00
08:16:24       4   17.89    0.00    9.47    4.21    0.00    0.00    0.00    0.00    0.00   68.42
08:16:24       5   17.35    0.00   11.22    4.08    0.00    0.00    0.00    0.00    0.00   67.35
08:16:24       6   16.67    0.00   11.46   10.42    0.00    0.00    0.00    0.00    0.00   61.46
08:16:24       7   16.67    0.00   10.42    5.21    0.00    0.00    0.00    0.00    0.00   67.71
08:16:24       8   17.35    0.00   11.22    6.12    0.00    0.00    0.00    0.00    0.00   65.31
08:16:24       9   17.35    0.00   10.20    7.14    0.00    0.00    0.00    0.00    0.00   65.31
08:16:24      10   15.79    0.00   10.53    5.26    0.00    0.00    0.00    0.00    0.00   68.42
08:16:24      11   14.74    0.00   10.53    6.32    0.00    0.00    0.00    0.00    0.00   68.42
08:16:24      12   17.35    0.00   11.22    5.10    0.00    0.00    0.00    0.00    0.00   66.33
08:16:24      13   13.54    0.00   12.50    6.25    0.00    0.00    0.00    0.00    0.00   67.71
08:16:24      14   16.33    0.00   12.24    6.12    0.00    0.00    0.00    0.00    0.00   65.31
08:16:24      15   17.53    0.00    8.25    7.22    0.00    0.00    0.00    0.00    0.00   67.01
08:16:24      16   16.67    0.00    9.38    4.17    0.00    0.00    0.00    0.00    0.00   69.79
08:16:24      17   16.49    0.00   11.34    6.19    0.00    0.00    0.00    0.00    0.00   65.98
08:16:24      18   15.62    0.00   10.42    6.25    0.00    0.00    0.00    0.00    0.00   67.71
08:16:24      19   16.67    0.00    9.38    6.25    0.00    0.00    0.00    0.00    0.00   67.71
08:16:24      20   17.35    0.00   10.20    5.10    0.00    0.00    0.00    0.00    0.00   67.35
08:16:24      21   18.09    0.00    8.51    5.32    0.00    0.00    0.00    0.00    0.00   68.09
08:16:24      22   18.37    0.00   10.20    6.12    0.00    0.00    0.00    0.00    0.00   65.31
08:16:24      23   18.75    0.00    9.38    7.29    0.00    0.00    0.00    0.00    0.00   64.58
08:16:24      24   18.37    0.00   10.20    6.12    0.00    0.00    0.00    0.00    0.00   65.31
08:16:24      25   16.33    0.00   11.22   13.27    0.00    0.00    0.00    0.00    0.00   59.18
08:16:24      26   16.49    0.00   10.31    4.12    0.00    0.00    0.00    0.00    0.00   69.07
08:16:24      27   16.49    0.00    9.28    5.15    0.00    0.00    0.00    0.00    0.00   69.07
08:16:24      28   15.46    0.00   11.34    4.12    0.00    0.00    0.00    0.00    0.00   69.07
08:16:24      29   15.79    0.00    9.47    6.32    0.00    0.00    0.00    0.00    0.00   68.42
08:16:24      30   14.58    0.00   11.46   10.42    0.00    0.00    0.00    0.00    0.00   63.54
08:16:24      31   17.35    0.00    9.18   10.20    0.00    0.00    0.00    0.00    0.00   63.27

08:16:24     CPU    %usr   %nice    %sys %iowait    %irq   %soft  %steal  %guest  %gnice   %idle
08:16:25     all   16.43    0.00   11.21    6.48    0.00    0.00    0.00    0.00    0.00   65.88
08:16:25       0   15.62    0.00   11.46    5.21    0.00    0.00    0.00    0.00    0.00   67.71
08:16:25       1   16.67    0.00   11.46    7.29    0.00    0.00    0.00    0.00    0.00   64.58
08:16:25       2   16.49    0.00   11.34    6.19    0.00    0.00    0.00    0.00    0.00   65.98
08:16:25       3   18.56    0.00   10.31    6.19    0.00    0.00    0.00    0.00    0.00   64.95
08:16:25       4   17.53    0.00   10.31    6.19    0.00    0.00    0.00    0.00    0.00   65.98
08:16:25       5   14.89    0.00   11.70    7.45    0.00    0.00    0.00    0.00    0.00   65.96
08:16:25       6   17.35    0.00   12.24    7.14    0.00    0.00    0.00    0.00    0.00   63.27
08:16:25       7   19.39    0.00   11.22    7.14    0.00    0.00    0.00    0.00    0.00   62.24
08:16:25       8   16.84    0.00   11.58    6.32    0.00    0.00    0.00    0.00    0.00   65.26
08:16:25       9   17.53    0.00   10.31    6.19    0.00    0.00    0.00    0.00    0.00   65.98
08:16:25      10   13.40    0.00   13.40   12.37    0.00    0.00    0.00    0.00    0.00   60.82
08:16:25      11   17.35    0.00   10.20    4.08    0.00    0.00    0.00    0.00    0.00   68.37
08:16:25      12   15.62    0.00   10.42    6.25    0.00    0.00    0.00    0.00    0.00   67.71
08:16:25      13   16.49    0.00   10.31    6.19    0.00    0.00    0.00    0.00    0.00   67.01
08:16:25      14   15.62    0.00   10.42    5.21    0.00    0.00    0.00    0.00    0.00   68.75
08:16:25      15   15.62    0.00   11.46    5.21    0.00    0.00    0.00    0.00    0.00   67.71
08:16:25      16   15.46    0.00   11.34    6.19    0.00    0.00    0.00    0.00    0.00   67.01
08:16:25      17   18.09    0.00    8.51    6.38    0.00    0.00    0.00    0.00    0.00   67.02
08:16:25      18   17.35    0.00   12.24    5.10    0.00    0.00    0.00    0.00    0.00   65.31
08:16:25      19   16.67    0.00   11.46    5.21    0.00    0.00    0.00    0.00    0.00   66.67
08:16:25      20   15.79    0.00   11.58    6.32    0.00    0.00    0.00    0.00    0.00   66.32
08:16:25      21   15.62    0.00   10.42    5.21    0.00    0.00    0.00    0.00    0.00   68.75
08:16:25      22   17.71    0.00   10.42    5.21    0.00    0.00    0.00    0.00    0.00   66.67
08:16:25      23   16.67    0.00   11.46    8.33    0.00    0.00    0.00    0.00    0.00   63.54
08:16:25      24   18.37    0.00   12.24    6.12    0.00    0.00    0.00    0.00    0.00   63.27
08:16:25      25   14.58    0.00   11.46   10.42    0.00    0.00    0.00    0.00    0.00   63.54
08:16:25      26   16.49    0.00   10.31    5.15    0.00    0.00    0.00    0.00    0.00   68.04
08:16:25      27   15.31    0.00   12.24   12.24    0.00    0.00    0.00    0.00    0.00   60.20
08:16:25      28   15.62    0.00   11.46    5.21    0.00    0.00    0.00    0.00    0.00   67.71
08:16:25      29   16.49    0.00   13.40    4.12    0.00    0.00    0.00    0.00    0.00   65.98
08:16:25      30   16.67    0.00   10.42    5.21    0.00    0.00    0.00    0.00    0.00   67.71
08:16:25      31   13.68    0.00   11.58    6.32    0.00    0.00    0.00    0.00    0.00   68.42

08:16:25     CPU    %usr   %nice    %sys %iowait    %irq   %soft  %steal  %guest  %gnice   %idle
08:16:26     all   17.64    0.00   11.06    5.93    0.00    0.00    0.00    0.00    0.00   65.36
08:16:26       0   18.56    0.00   10.31    4.12    0.00    0.00    0.00    0.00    0.00   67.01
08:16:26       1   18.37    0.00   12.24    4.08    0.00    0.00    0.00    0.00    0.00   65.31
08:16:26       2   18.18    0.00   12.12    5.05    0.00    0.00    0.00    0.00    0.00   64.65
08:16:26       3   17.71    0.00   11.46    5.21    0.00    0.00    0.00    0.00    0.00   65.62
08:16:26       4   19.79    0.00    8.33    5.21    0.00    0.00    0.00    0.00    0.00   66.67
08:16:26       5   19.59    0.00    9.28    6.19    0.00    0.00    0.00    0.00    0.00   64.95
08:16:26       6   18.56    0.00   11.34    7.22    0.00    0.00    0.00    0.00    0.00   62.89
08:16:26       7   16.49    0.00   12.37    7.22    0.00    0.00    0.00    0.00    0.00   63.92
08:16:26       8   18.18    0.00   12.12    6.06    0.00    0.00    0.00    0.00    0.00   63.64
08:16:26       9   17.35    0.00   11.22    6.12    0.00    0.00    0.00    0.00    0.00   65.31
08:16:26      10   17.35    0.00   11.22    6.12    0.00    0.00    0.00    0.00    0.00   65.31
08:16:26      11   16.84    0.00   10.53    5.26    0.00    0.00    0.00    0.00    0.00   67.37
08:16:26      12   17.17    0.00   12.12    4.04    0.00    0.00    0.00    0.00    0.00   66.67
08:16:26      13   17.53    0.00   10.31    5.15    0.00    0.00    0.00    0.00    0.00   67.01
08:16:26      14   17.53    0.00   10.31    5.15    0.00    0.00    0.00    0.00    0.00   67.01
08:16:26      15   17.35    0.00   11.22    6.12    0.00    0.00    0.00    0.00    0.00   65.31
08:16:26      16   18.37    0.00   10.20    4.08    0.00    0.00    0.00    0.00    0.00   67.35
08:16:26      17   18.18    0.00   12.12    7.07    0.00    0.00    0.00    0.00    0.00   62.63
08:16:26      18   15.62    0.00   12.50   12.50    0.00    0.00    0.00    0.00    0.00   59.38
08:16:26      19   17.53    0.00   10.31    4.12    0.00    0.00    0.00    0.00    0.00   68.04
08:16:26      20   18.56    0.00   10.31    6.19    0.00    0.00    0.00    0.00    0.00   64.95
08:16:26      21   19.59    0.00   11.34    5.15    0.00    0.00    0.00    0.00    0.00   63.92
08:16:26      22   17.17    0.00   13.13    6.06    0.00    0.00    0.00    0.00    0.00   63.64
08:16:26      23   18.56    0.00   11.34    5.15    0.00    0.00    0.00    0.00    0.00   64.95
08:16:26      24   17.71    0.00    9.38    7.29    0.00    0.00    0.00    0.00    0.00   65.62
08:16:26      25   16.67    0.00   10.42    6.25    0.00    0.00    0.00    0.00    0.00   66.67
08:16:26      26   17.53    0.00   10.31    4.12    0.00    0.00    0.00    0.00    0.00   68.04
08:16:26      27   15.62    0.00   11.46    5.21    0.00    0.00    0.00    0.00    0.00   67.71
08:16:26      28   17.00    0.00   12.00    5.00    0.00    0.00    0.00    0.00    0.00   66.00
08:16:26      29   16.16    0.00   11.11    6.06    0.00    0.00    0.00    0.00    0.00   66.67
08:16:26      30   17.17    0.00   11.11    6.06    0.00    0.00    0.00    0.00    0.00   65.66
08:16:26      31   16.49    0.00   10.31   11.34    0.00    0.00    0.00    0.00    0.00   61.86

08:16:26     CPU    %usr   %nice    %sys %iowait    %irq   %soft  %steal  %guest  %gnice   %idle
08:16:27     all   16.88    0.00   10.96    6.21    0.00    0.00    0.00    0.00    0.00   65.95
08:16:27       0   15.79    0.00   11.58    6.32    0.00    0.00    0.00    0.00    0.00   66.32
08:16:27       1   15.62    0.00   12.50    5.21    0.00    0.00    0.00    0.00    0.00   66.67
08:16:27       2   17.71    0.00   11.46    4.17    0.00    0.00    0.00    0.00    0.00   66.67
08:16:27       3   15.96    0.00   10.64    5.32    0.00    0.00    0.00    0.00    0.00   68.09
08:16:27       4   17.35    0.00   11.22    5.10    0.00    0.00    0.00    0.00    0.00   66.33
08:16:27       5   16.67    0.00   11.46    6.25    0.00    0.00    0.00    0.00    0.00   65.62
08:16:27       6   15.79    0.00   12.63    6.32    0.00    0.00    0.00    0.00    0.00   65.26
08:16:27       7   19.79    0.00   10.42    6.25    0.00    0.00    0.00    0.00    0.00   63.54
08:16:27       8   14.74    0.00   12.63    6.32    0.00    0.00    0.00    0.00    0.00   66.32
08:16:27       9   17.53    0.00   11.34    5.15    0.00    0.00    0.00    0.00    0.00   65.98
08:16:27      10   17.53    0.00   10.31    5.15    0.00    0.00    0.00    0.00    0.00   67.01
08:16:27      11   17.35    0.00   10.20    6.12    0.00    0.00    0.00    0.00    0.00   66.33
08:16:27      12   14.89    0.00   10.64    5.32    0.00    0.00    0.00    0.00    0.00   69.15
08:16:27      13   16.84    0.00   10.53    6.32    0.00    0.00    0.00    0.00    0.00   66.32
08:16:27      14   14.43    0.00   13.40    6.19    0.00    0.00    0.00    0.00    0.00   65.98
08:16:27      15   15.62    0.00   11.46    5.21    0.00    0.00    0.00    0.00    0.00   67.71
08:16:27      16   16.67    0.00   10.42    5.21    0.00    0.00    0.00    0.00    0.00   67.71
08:16:27      17   17.53    0.00   11.34    5.15    0.00    0.00    0.00    0.00    0.00   65.98
08:16:27      18   19.39    0.00   10.20    7.14    0.00    0.00    0.00    0.00    0.00   63.27
08:16:27      19   17.53    0.00   10.31    5.15    0.00    0.00    0.00    0.00    0.00   67.01
08:16:27      20   18.95    0.00    9.47    7.37    0.00    0.00    0.00    0.00    0.00   64.21
08:16:27      21   17.71    0.00    9.38   11.46    0.00    0.00    0.00    0.00    0.00   61.46
08:16:27      22   18.75    0.00   10.42    5.21    0.00    0.00    0.00    0.00    0.00   65.62
08:16:27      23   17.71    0.00   10.42    6.25    0.00    0.00    0.00    0.00    0.00   65.62
08:16:27      24   17.71    0.00   11.46    6.25    0.00    0.00    0.00    0.00    0.00   64.58
08:16:27      25   16.67    0.00   11.46    5.21    0.00    0.00    0.00    0.00    0.00   66.67
08:16:27      26   16.33    0.00   11.22    7.14    0.00    0.00    0.00    0.00    0.00   65.31
08:16:27      27   16.67    0.00   10.42    6.25    0.00    0.00    0.00    0.00    0.00   66.67
08:16:27      28   15.79    0.00   10.53    5.26    0.00    0.00    0.00    0.00    0.00   68.42
08:16:27      29   16.67    0.00   10.42   12.50    0.00    0.00    0.00    0.00    0.00   60.42
08:16:27      30   16.49    0.00   10.31    6.19    0.00    0.00    0.00    0.00    0.00   67.01
08:16:27      31   15.79    0.00   10.53    6.32    0.00    0.00    0.00    0.00    0.00   67.37

08:16:27     CPU    %usr   %nice    %sys %iowait    %irq   %soft  %steal  %guest  %gnice   %idle
08:16:28     all   16.64    0.00   11.66    6.35    0.00    0.00    0.00    0.00    0.00   65.34
08:16:28       0   15.62    0.00   12.50    5.21    0.00    0.00    0.00    0.00    0.00   66.67
08:16:28       1   18.09    0.00   10.64    5.32    0.00    0.00    0.00    0.00    0.00   65.96
08:16:28       2   16.84    0.00   11.58    6.32    0.00    0.00    0.00    0.00    0.00   65.26
08:16:28       3   18.56    0.00   10.31    6.19    0.00    0.00    0.00    0.00    0.00   64.95
08:16:28       4   16.49    0.00   13.40    5.15    0.00    0.00    0.00    0.00    0.00   64.95
08:16:28       5   17.89    0.00   11.58    6.32    0.00    0.00    0.00    0.00    0.00   64.21
08:16:28       6   15.62    0.00   12.50    7.29    0.00    0.00    0.00    0.00    0.00   64.58
08:16:28       7   17.89    0.00   10.53    7.37    0.00    0.00    0.00    0.00    0.00   64.21
08:16:28       8   17.71    0.00   11.46    6.25    0.00    0.00    0.00    0.00    0.00   64.58
08:16:28       9   15.79    0.00   12.63    5.26    0.00    0.00    0.00    0.00    0.00   66.32
08:16:28      10   14.89    0.00   11.70    6.38    0.00    0.00    0.00    0.00    0.00   67.02
08:16:28      11   16.67    0.00   11.46    5.21    0.00    0.00    0.00    0.00    0.00   66.67
08:16:28      12   16.67    0.00   10.42    6.25    0.00    0.00    0.00    0.00    0.00   66.67
08:16:28      13   16.33    0.00   11.22    6.12    0.00    0.00    0.00    0.00    0.00   66.33
08:16:28      14   15.46    0.00   12.37    6.19    0.00    0.00    0.00    0.00    0.00   65.98
08:16:28      15   15.46    0.00   12.37    6.19    0.00    0.00    0.00    0.00    0.00   65.98
08:16:28      16   15.46    0.00   11.34    5.15    0.00    0.00    0.00    0.00    0.00   68.04
08:16:28      17   16.67    0.00   12.50    7.29    0.00    0.00    0.00    0.00    0.00   63.54
08:16:28      18   18.56    0.00   10.31    7.22    0.00    0.00    0.00    0.00    0.00   63.92
08:16:28      19   16.84    0.00   10.53    5.26    0.00    0.00    0.00    0.00    0.00   67.37
08:16:28      20   17.53    0.00   13.40    6.19    0.00    0.00    0.00    0.00    0.00   62.89
08:16:28      21   15.62    0.00   13.54    5.21    0.00    0.00    0.00    0.00    0.00   65.62
08:16:28      22   15.79    0.00   11.58    6.32    0.00    0.00    0.00    0.00    0.00   66.32
08:16:28      23   16.84    0.00   12.63    8.42    0.00    0.00    0.00    0.00    0.00   62.11
08:16:28      24   17.71    0.00   12.50    7.29    0.00    0.00    0.00    0.00    0.00   62.50
08:16:28      25   18.56    0.00   10.31    8.25    0.00    0.00    0.00    0.00    0.00   62.89
08:16:28      26   15.62    0.00   12.50    5.21    0.00    0.00    0.00    0.00    0.00   66.67
08:16:28      27   16.67    0.00   11.46    7.29    0.00    0.00    0.00    0.00    0.00   64.58
08:16:28      28   15.62    0.00   11.46    6.25    0.00    0.00    0.00    0.00    0.00   66.67
08:16:28      29   16.84    0.00    9.47    7.37    0.00    0.00    0.00    0.00    0.00   66.32
08:16:28      30   15.62    0.00   12.50    6.25    0.00    0.00    0.00    0.00    0.00   65.62
08:16:28      31   16.67    0.00   10.42    7.29    0.00    0.00    0.00    0.00    0.00   65.62

08:16:28     CPU    %usr   %nice    %sys %iowait    %irq   %soft  %steal  %guest  %gnice   %idle
08:16:29     all   16.63    0.00   11.14    7.10    0.00    0.03    0.00    0.00    0.00   65.09
08:16:29       0   17.71    0.00   10.42    7.29    0.00    0.00    0.00    0.00    0.00   64.58
08:16:29       1   14.89    0.00   12.77    7.45    0.00    0.00    0.00    0.00    0.00   64.89
08:16:29       2   15.96    0.00   10.64    7.45    0.00    0.00    0.00    0.00    0.00   65.96
