# Benchmark: [POSTGRES DISK] pgbench TPC-B - PostgreSQL OLTP

**Date:** 2026-01-04 07:53:15
**Scenario:** PostgreSQL OLTP - 100 clients, TPC-B like workload with full monitoring

---

## Target Disk

| Property | Value |
|----------|-------|
| **Name** | **POSTGRES** |
| **Mount Point** | `/data,/wal` |
| **Device** | `/dev/md0,/dev/md1` |
| **Volumes** | `nvme1n1, nvme2n1, nvme3n1, nvme4n1, nvme5n1, nvme6n1, nvme7n1, nvme8n1, nvme9n1, nvme10n1, nvme11n1, nvme12n1, nvme13n1, nvme14n1, nvme15n1, nvme16n1, md0, md1` |

---

## System Configuration

```
=== INSTANCE ===

Linux ip-10-0-1-171 6.14.0-1018-aws #18~24.04.1-Ubuntu SMP Mon Nov 24 19:32:52 UTC 2025 aarch64 aarch64 aarch64 GNU/Linux
Architecture:                            aarch64
CPU(s):                                  32
Model name:                              Neoverse-V2
total        used        free      shared  buff/cache   available
Mem:            61Gi       1.6Gi        41Gi       471Mi        19Gi        60Gi
Swap:             0B          0B          0B

=== OS TUNING ===
vm.swappiness = 1
vm.dirty_ratio = 4
vm.dirty_background_ratio = 1
vm.dirty_expire_centisecs = 200
vm.dirty_writeback_centisecs = 100
always madvise [never]

=== NETWORK ===
net.core.somaxconn = 4096
net.core.rmem_max = 16777216
net.core.wmem_max = 16777216
net.ipv4.tcp_tw_reuse = 1
net.ipv4.tcp_fin_timeout = 15

=== DISK - RAID ===
Personalities : [raid10] 
md1 : active raid10 nvme9n1[6] nvme13n1[2] nvme15n1[1] nvme11n1[7] nvme14n1[4] nvme12n1[0] nvme10n1[3] nvme16n1[5]
      125759488 blocks super 1.2 256K chunks 2 near-copies [8/8] [UUUUUUUU]
      
md0 : active raid10 nvme0n1[4] nvme4n1[6] nvme7n1[2] nvme6n1[3] nvme3n1[5] nvme2n1[7] nvme8n1[0] nvme5n1[1]
      209580032 blocks super 1.2 64K chunks 2 near-copies [8/8] [UUUUUUUU]
      
unused devices: <none>
/dev/md0:
           Version : 1.2
     Creation Time : Sat Jan  3 08:26:08 2026
        Raid Level : raid10
        Array Size : 209580032 (199.87 GiB 214.61 GB)
     Used Dev Size : 52395008 (49.97 GiB 53.65 GB)
      Raid Devices : 8
     Total Devices : 8
       Persistence : Superblock is persistent

       Update Time : Sun Jan  4 07:52:04 2026
             State : clean 
    Active Devices : 8
   Working Devices : 8
    Failed Devices : 0
     Spare Devices : 0

            Layout : near=2
        Chunk Size : 64K

Consistency Policy : resync

              Name : ip-10-0-1-227:0
              UUID : ec94b08e:1ec1acd2:a24076ab:c0b61faa
            Events : 292

    Number   Major   Minor   RaidDevice State
       0     259        8        0      active sync set-A   /dev/nvme8n1
       1     259        2        1      active sync set-B   /dev/nvme5n1
       2     259        7        2      active sync set-A   /dev/nvme7n1
       3     259        6        3      active sync set-B   /dev/nvme6n1
       4     259        3        4      active sync set-A   /dev/nvme0n1
       5     259        5        5      active sync set-B   /dev/nvme3n1
       6     259        1        6      active sync set-A   /dev/nvme4n1
       7     259        4        7      active sync set-B   /dev/nvme2n1
/dev/md1:
           Version : 1.2
     Creation Time : Sat Jan  3 08:26:08 2026
        Raid Level : raid10
        Array Size : 125759488 (119.93 GiB 128.78 GB)
     Used Dev Size : 31439872 (29.98 GiB 32.19 GB)
      Raid Devices : 8
     Total Devices : 8
       Persistence : Superblock is persistent

       Update Time : Sun Jan  4 07:51:56 2026
             State : clean 
    Active Devices : 8
   Working Devices : 8
    Failed Devices : 0
     Spare Devices : 0

            Layout : near=2
        Chunk Size : 256K

Consistency Policy : resync

              Name : ip-10-0-1-227:1
              UUID : 4920b43f:4424608d:2e163255:f781c5ec
            Events : 19

    Number   Major   Minor   RaidDevice State
       0     259       12        0      active sync set-A   /dev/nvme12n1
       1     259       18        1      active sync set-B   /dev/nvme15n1
       2     259       15        2      active sync set-A   /dev/nvme13n1
       3     259       14        3      active sync set-B   /dev/nvme10n1
       4     259       17        4      active sync set-A   /dev/nvme14n1
       5     259       19        5      active sync set-B   /dev/nvme16n1
       6     259       16        6      active sync set-A   /dev/nvme9n1
       7     259       13        7      active sync set-B   /dev/nvme11n1

=== DISK - BLOCK TUNING ===
--- md0 ---
scheduler: 
read_ahead_kb: 512
nr_requests: 
--- md1 ---
scheduler: 
read_ahead_kb: 4096
nr_requests: 

=== DISK - MOUNT ===
/dev/md1 on /wal type xfs (rw,noatime,nodiratime,attr2,inode64,logbufs=8,logbsize=256k,sunit=512,swidth=2048,noquota)
/dev/md0 on /data type xfs (rw,noatime,nodiratime,attr2,inode64,allocsize=65536k,logbufs=8,logbsize=256k,sunit=128,swidth=512,noquota)
Filesystem      Size  Used Avail Use% Mounted on
/dev/md0        200G   40G  160G  20% /data
/dev/md1        120G   20G  101G  17% /wal

=== DISK - XFS ===
meta-data=/dev/md0               isize=512    agcount=16, agsize=3274688 blks
         =                       sectsz=4096  attr=2, projid32bit=1
         =                       crc=1        finobt=1, sparse=1, rmapbt=1
         =                       reflink=1    bigtime=1 inobtcount=1 nrext64=0
data     =                       bsize=4096   blocks=52395008, imaxpct=25
         =                       sunit=16     swidth=64 blks
naming   =version 2              bsize=4096   ascii-ci=0, ftype=1
log      =internal log           bsize=4096   blocks=25583, version=2
         =                       sectsz=4096  sunit=1 blks, lazy-count=1
realtime =none                   extsz=4096   blocks=0, rtextents=0
meta-data=/dev/md1               isize=512    agcount=8, agsize=3929984 blks
         =                       sectsz=4096  attr=2, projid32bit=1
         =                       crc=1        finobt=1, sparse=1, rmapbt=1
         =                       reflink=1    bigtime=1 inobtcount=1 nrext64=0
data     =                       bsize=4096   blocks=31439872, imaxpct=25
         =                       sunit=64     swidth=256 blks
naming   =version 2              bsize=4096   ascii-ci=0, ftype=1
log      =internal log           bsize=4096   blocks=16384, version=2
         =                       sectsz=4096  sunit=1 blks, lazy-count=1
realtime =none                   extsz=4096   blocks=0, rtextents=0
```

---

## Command 1: Begin:sysctl_swappiness

### Command
```bash
sysctl -w vm.swappiness=1
```

### Output
```
vm.swappiness = 1

```

---

## Command 2: Begin:sysctl_dirty_background

### Command
```bash
sysctl -w vm.dirty_background_ratio=1
```

### Output
```
vm.dirty_background_ratio = 1

```

---

## Command 3: Begin:sysctl_dirty_ratio

### Command
```bash
sysctl -w vm.dirty_ratio=4
```

### Output
```
vm.dirty_ratio = 4

```

---

## Command 4: Begin:sysctl_dirty_expire

### Command
```bash
sysctl -w vm.dirty_expire_centisecs=200
```

### Output
```
vm.dirty_expire_centisecs = 200

```

---

## Command 5: Begin:sysctl_dirty_writeback

### Command
```bash
sysctl -w vm.dirty_writeback_centisecs=100
```

### Output
```
vm.dirty_writeback_centisecs = 100

```

---

## Command 6: Begin:pg_stat_reset

### Command
```bash
sudo -u postgres psql -c 'SELECT pg_stat_reset(); SELECT pg_stat_reset_shared('"'"'bgwriter'"'"');'
```

### Output
```
 pg_stat_reset 
---------------
 
(1 row)

 pg_stat_reset_shared 
----------------------
 
(1 row)


```

---

## Command 7: pgbench

### Command
```bash
sudo -u postgres pgbench -c 100 -j 6 -T 60 -P 5 -b tpcb-like pgbench
```

### Output
```
pgbench (16.11 (Ubuntu 16.11-1.pgdg24.04+1))
transaction type: <builtin: TPC-B (sort of)>
scaling factor: 1250
query mode: simple
number of clients: 100
number of threads: 6
maximum number of tries: 1
duration: 60 s
number of transactions actually processed: 1890951
number of failed transactions: 0 (0.000%)
latency average = 3.163 ms
latency stddev = 0.632 ms
initial connection time = 46.498 ms
tps = 31532.293566 (without initial connection time)
starting vacuum...end.
progress: 5.0 s, 28743.4 tps, lat 3.438 ms stddev 0.687, 0 failed
progress: 10.0 s, 29698.5 tps, lat 3.358 ms stddev 0.646, 0 failed
progress: 15.0 s, 30229.4 tps, lat 3.301 ms stddev 0.650, 0 failed
progress: 20.0 s, 30521.5 tps, lat 3.269 ms stddev 0.651, 0 failed
progress: 25.0 s, 31013.6 tps, lat 3.217 ms stddev 0.609, 0 failed
progress: 30.0 s, 31442.6 tps, lat 3.173 ms stddev 0.617, 0 failed
progress: 35.0 s, 31786.2 tps, lat 3.139 ms stddev 0.631, 0 failed
progress: 40.0 s, 32225.1 tps, lat 3.096 ms stddev 0.604, 0 failed
progress: 45.0 s, 32620.4 tps, lat 3.057 ms stddev 0.580, 0 failed
progress: 50.0 s, 33005.5 tps, lat 3.023 ms stddev 0.574, 0 failed
progress: 55.0 s, 33319.2 tps, lat 2.994 ms stddev 0.572, 0 failed
progress: 60.0 s, 33564.8 tps, lat 2.972 ms stddev 0.565, 0 failed

```

---

## Command 8: meminfo

### Command
```bash
bash -c 'for i in $(seq 1 70); do date '"'"'+%H:%M:%S'"'"'; grep -E '"'"'Dirty|Writeback'"'"' /proc/meminfo; echo '"'"'---'"'"'; sleep 1; done'
```

### Output
```
07:52:11
Dirty:               384 kB
Writeback:             0 kB
WritebackTmp:          0 kB
---
07:52:12
Dirty:               444 kB
Writeback:             8 kB
WritebackTmp:          0 kB
---
07:52:13
Dirty:               460 kB
Writeback:             0 kB
WritebackTmp:          0 kB
---
07:52:14
Dirty:               536 kB
Writeback:           128 kB
WritebackTmp:          0 kB
---
07:52:15
Dirty:               712 kB
Writeback:             0 kB
WritebackTmp:          0 kB
---
07:52:16
Dirty:               172 kB
Writeback:           152 kB
WritebackTmp:          0 kB
---
07:52:17
Dirty:               404 kB
Writeback:           104 kB
WritebackTmp:          0 kB
---
07:52:18
Dirty:               376 kB
Writeback:            72 kB
WritebackTmp:          0 kB
---
07:52:19
Dirty:              1144 kB
Writeback:            88 kB
WritebackTmp:          0 kB
---
07:52:20
Dirty:               452 kB
Writeback:           512 kB
WritebackTmp:          0 kB
---
07:52:21
Dirty:               356 kB
Writeback:           144 kB
WritebackTmp:          0 kB
---
07:52:22
Dirty:               552 kB
Writeback:            72 kB
WritebackTmp:          0 kB
---
07:52:23
Dirty:               380 kB
Writeback:           112 kB
WritebackTmp:          0 kB
---
07:52:24
Dirty:               468 kB
Writeback:            56 kB
WritebackTmp:          0 kB
---
07:52:25
Dirty:               372 kB
Writeback:           104 kB
WritebackTmp:          0 kB
---
07:52:26
Dirty:               640 kB
Writeback:             0 kB
WritebackTmp:          0 kB
---
07:52:27
Dirty:               308 kB
Writeback:            48 kB
WritebackTmp:          0 kB
---
07:52:28
Dirty:               464 kB
Writeback:             0 kB
WritebackTmp:          0 kB
---
07:52:29
Dirty:               612 kB
Writeback:            64 kB
WritebackTmp:          0 kB
---
07:52:30
Dirty:               508 kB
Writeback:            80 kB
WritebackTmp:          0 kB
---
07:52:31
Dirty:               544 kB
Writeback:            80 kB
WritebackTmp:          0 kB
---
07:52:32
Dirty:               360 kB
Writeback:            72 kB
WritebackTmp:          0 kB
---
07:52:33
Dirty:               472 kB
Writeback:            96 kB
WritebackTmp:          0 kB
---
07:52:34
Dirty:               336 kB
Writeback:            88 kB
WritebackTmp:          0 kB
---
07:52:35
Dirty:               448 kB
Writeback:             0 kB
WritebackTmp:          0 kB
---
07:52:36
Dirty:               448 kB
Writeback:           112 kB
WritebackTmp:          0 kB
---
07:52:37
Dirty:              2384 kB
Writeback:           128 kB
WritebackTmp:          0 kB
---
07:52:38
Dirty:               320 kB
Writeback:            88 kB
WritebackTmp:          0 kB
---
07:52:39
Dirty:               264 kB
Writeback:            56 kB
WritebackTmp:          0 kB
---
07:52:40
Dirty:               332 kB
Writeback:             0 kB
WritebackTmp:          0 kB
---
07:52:41
Dirty:               480 kB
Writeback:            64 kB
WritebackTmp:          0 kB
---
07:52:42
Dirty:               572 kB
Writeback:            80 kB
WritebackTmp:          0 kB
---
07:52:43
Dirty:               436 kB
Writeback:            80 kB
WritebackTmp:          0 kB
---
07:52:44
Dirty:               304 kB
Writeback:             0 kB
WritebackTmp:          0 kB
---
07:52:45
Dirty:               444 kB
Writeback:             0 kB
WritebackTmp:          0 kB
---
07:52:46
Dirty:               396 kB
Writeback:           344 kB
WritebackTmp:          0 kB
---
07:52:47
Dirty:               432 kB
Writeback:           104 kB
WritebackTmp:          0 kB
---
07:52:48
Dirty:               568 kB
Writeback:            56 kB
WritebackTmp:          0 kB
---
07:52:49
Dirty:               548 kB
Writeback:             0 kB
WritebackTmp:          0 kB
---
07:52:50
Dirty:               940 kB
Writeback:            72 kB
WritebackTmp:          0 kB
---
07:52:51
Dirty:               236 kB
Writeback:            96 kB
WritebackTmp:          0 kB
---
07:52:52
Dirty:               520 kB
Writeback:            88 kB
WritebackTmp:          0 kB
---
07:52:53
Dirty:               392 kB
Writeback:            48 kB
WritebackTmp:          0 kB
---
07:52:54
Dirty:               512 kB
Writeback:            40 kB
WritebackTmp:          0 kB
---
07:52:55
Dirty:               420 kB
Writeback:            56 kB
WritebackTmp:          0 kB
---
07:52:56
Dirty:               228 kB
Writeback:            64 kB
WritebackTmp:          0 kB
---
07:52:57
Dirty:               388 kB
Writeback:            40 kB
WritebackTmp:          0 kB
---
07:52:58
Dirty:               216 kB
Writeback:            56 kB
WritebackTmp:          0 kB
---
07:52:59
Dirty:               440 kB
Writeback:            64 kB
WritebackTmp:          0 kB
---
07:53:00
Dirty:               264 kB
Writeback:            72 kB
WritebackTmp:          0 kB
---
07:53:01
Dirty:               376 kB
Writeback:            56 kB
WritebackTmp:          0 kB
---
07:53:02
Dirty:               240 kB
Writeback:            48 kB
WritebackTmp:          0 kB
---
07:53:03
Dirty:               424 kB
Writeback:           112 kB
WritebackTmp:          0 kB
---
07:53:04
Dirty:               280 kB
Writeback:            56 kB
WritebackTmp:          0 kB
---
07:53:05
Dirty:               688 kB
Writeback:             0 kB
WritebackTmp:          0 kB
---
07:53:06
Dirty:               260 kB
Writeback:            64 kB
WritebackTmp:          0 kB
---
07:53:07
Dirty:               428 kB
Writeback:            32 kB
WritebackTmp:          0 kB
---
07:53:08
Dirty:               252 kB
Writeback:            64 kB
WritebackTmp:          0 kB
---
07:53:09
Dirty:               404 kB
Writeback:            24 kB
WritebackTmp:          0 kB
---
07:53:10
Dirty:               264 kB
Writeback:            80 kB
WritebackTmp:          0 kB
---
07:53:11
Dirty:               576 kB
Writeback:            64 kB
WritebackTmp:          0 kB
---
07:53:12
Dirty:               284 kB
Writeback:            64 kB
WritebackTmp:          0 kB
---
07:53:13
Dirty:               424 kB
Writeback:             0 kB
WritebackTmp:          0 kB
---
07:53:14
Dirty:               392 kB
Writeback:             0 kB
WritebackTmp:          0 kB
---

```

---

## Command 9: dstat

### Command
```bash
dstat -tcmdr --disk-util 1 70
```

### Output
```
----system---- ----total-usage---- ------memory-usage----- -dsk/total- --io/total- nvme nvme nvme nvme nvme nvme nvme nvme nvme nvme nvme nvme nvme nvme nvme nvme nvme
     time     |usr sys idl wai stl| used  free  buf   cach| read  writ| read  writ|util:util:util:util:util:util:util:util:util:util:util:util:util:util:util:util:util
04-01 07:52:11|                   | 997M   42G   45M   19G|           |           |    :    :    :    :    :    :    :    :    :    :    :    :    :    :    :    :    
04-01 07:52:12|  0   0 100   0   0| 999M   42G   45M   19G|   0    24k|   0  18.0 |   0:   0:   0:   0:   0:   0:   0:   0:   0:0.10:0.10:0.10:0.20:0.10:0.10:0.20:0.10
04-01 07:52:13|  0   0 100   0   0|1000M   42G   45M   19G|   0   424k|   0  43.0 |   0:0.80:   0:   0:   0:   0:   0:   0:   0:0.10:0.10:0.10:0.30:0.10:0.10:0.20:0.10
04-01 07:52:14| 21  14  60   2   0|1682M   41G   45M   20G|   0    86M|   0  1546 |0.20:0.10:0.10:0.20:0.20:0.10:0.20:0.20:0.10:23.7:23.9:24.0:24.9:23.8:24.7:25.0:24.3
04-01 07:52:15| 21  14  60   2   0|2193M   40G   45M   20G|   0    87M|   0  1563 |0.10:   0:   0:0.20:0.10:0.10:0.20:0.20:0.10:25.7:26.4:25.6:25.3:26.6:25.9:25.3:25.9
04-01 07:52:16| 21  13  60   2   0|2680M   40G   45M   21G|   0    89M|   0  1645 |0.70:0.20:0.20:0.90:0.80:0.60:0.80:0.80:0.40:25.5:26.0:25.1:24.9:26.1:25.2:25.1:25.1
04-01 07:52:17| 22  13  60   2   0|3146M   39G   45M   21G|   0    86M|   0  1555 |0.10:   0:   0:0.10:0.20:0.10:   0:0.20:   0:26.0:26.4:25.9:25.9:26.0:25.9:25.8:25.8
04-01 07:52:18| 21  13  60   2   0|3593M   39G   45M   22G|   0    86M|   0  1583 |0.20:0.10:   0:0.20:0.10:0.10:0.30:0.30:   0:26.3:25.0:25.9:25.8:24.9:25.6:25.5:25.4
04-01 07:52:19| 21  13  61   2   0|4026M   38G   45M   22G|8192B   86M|2.00  1583 |0.30:0.10:   0:0.30:0.20:0.20:0.30:0.40:0.20:25.8:25.0:25.6:25.3:24.9:26.4:25.2:26.7
04-01 07:52:20| 21  13  60   2   0|4443M   38G   45M   22G|   0    88M|   0  1631 |0.70:   0:0.30:0.70:0.50:0.60:0.70:0.70:0.60:25.5:26.1:25.4:25.6:25.9:25.0:25.3:24.8
04-01 07:52:21| 21  13  61   2   0|4845M   38G   45M   23G|   0    85M|   0  1624 |0.10:0.10:   0:0.10:0.10:0.10:0.10:0.10:0.10:25.6:26.6:25.7:24.6:26.6:25.8:25.0:25.8
04-01 07:52:22| 21  13  61   2   0|5233M   37G   45M   23G|   0    84M|   0  1577 |0.20:   0:   0:0.20:0.20:0.20:0.20:0.20:0.20:27.0:25.3:26.7:25.3:25.4:24.8:25.3:25.0
04-01 07:52:23| 21  12  61   2   0|5606M   37G   45M   23G|   0    86M|   0  1649 |0.30:0.10:0.10:0.20:0.20:0.20:0.20:0.20:0.20:25.0:25.7:24.8:25.8:25.4:26.1:25.5:25.9
04-01 07:52:24| 20  12  61   2   0|5971M   36G   45M   24G|   0    86M|   0  1638 |0.40:   0:0.20:0.50:0.40:0.50:0.40:0.40:0.40:25.6:26.0:25.9:26.2:25.9:25.1:26.0:25.1
04-01 07:52:25| 21  12  61   2   0|6321M   36G   45M   24G|   0    85M|   0  1656 |0.50:0.10:0.10:0.50:0.50:0.40:0.40:0.40:0.40:24.4:25.5:24.8:27.3:25.5:25.1:26.9:25.1
04-01 07:52:26| 20  13  61   2   0|6656M   36G   45M   24G|   0    83M|   0  1616 |0.30:   0:   0:0.40:0.20:0.40:0.20:0.20:0.20:25.2:25.0:25.0:25.9:25.0:25.5:25.4:24.7
04-01 07:52:27| 22  12  61   2   0|6986M   35G   45M   25G|   0    85M|   0  1780 |0.70:0.10:0.50:0.70:0.80:0.90:1.10:1.10:0.90:26.8:25.0:26.8:25.5:25.0:25.9:25.4:25.9
04-01 07:52:28| 22  13  60   2   0|7311M   35G   45M   25G|   0    84M|   0  1655 |0.70:0.10:0.10:0.70:0.70:0.40:0.70:0.80:0.30:26.0:27.6:26.0:24.4:27.9:25.6:24.5:25.5
04-01 07:52:29| 21  13  61   2   0|7611M   35G   45M   25G|   0    82M|   0  1649 |0.60:0.30:0.10:0.60:0.40:0.10:0.10:0.20:0.30:24.5:25.5:24.7:25.3:25.4:25.8:25.2:26.0
04-01 07:52:30| 21  13  61   2   0|7910M   34G   45M   25G|   0    83M|   0  1650 |0.40:   0:0.10:0.40:0.40:0.30:0.30:0.30:0.30:25.8:25.8:25.9:25.8:25.7:25.4:25.9:25.3
04-01 07:52:31| 21  13  60   2   0|8203M   34G   45M   26G|   0    82M|   0  1683 |0.50:0.10:0.30:0.50:0.70:0.60:0.50:0.50:0.60:25.0:25.3:25.2:26.2:25.3:25.4:26.2:25.5
04-01 07:52:32| 21  12  61   2   0|8476M   34G   45M   26G|   0    79M|   0  1592 |0.30:0.10:   0:0.20:0.30:0.30:0.20:0.20:0.20:25.7:24.9:25.4:25.5:25.2:25.0:25.7:24.3
04-01 07:52:33| 21  13  61   2   0|8758M   33G   45M   26G|   0    80M|   0  1638 |0.30:0.10:0.20:0.30:0.60:0.50:0.30:0.30:0.40:24.8:24.2:24.2:25.8:24.1:24.5:25.8:24.4
04-01 07:52:34| 21  12  61   2   0|9023M   33G   45M   27G|   0    79M|   0  1595 |0.20:0.10:   0:0.20:0.20:0.40:0.30:0.20:0.30:25.4:25.1:25.3:23.7:25.2:24.4:23.8:24.7
04-01 07:52:35| 22  13  61   2   0|9281M   33G   45M   27G|   0    82M|   0  1662 |0.30:0.20:0.20:0.40:0.50:0.40:0.50:0.50:0.40:25.5:25.1:25.5:25.1:25.0:25.5:25.1:25.1
04-01 07:52:36| 22  13  60   2   0|9537M   32G   45M   27G|   0    79M|   0  1646 |0.40:   0:0.30:0.40:0.50:0.50:0.40:0.40:0.50:24.9:24.9:24.7:24.7:25.1:26.4:24.7:25.7
04-01 07:52:37| 22  13  60   2   0|9796M   32G   45M   27G|   0    78M|   0  1615 |0.10:0.10:   0:   0:0.10:0.20:   0:0.10:   0:25.2:26.3:25.9:25.2:26.7:25.9:24.7:26.1
04-01 07:52:38| 22  13  60   2   0|  10G   32G   45M   27G|   0    83M|   0  1747 |0.60:0.10:0.40:0.60:0.50:0.70:0.60:0.50:0.70:25.6:24.7:25.5:25.0:24.5:24.3:24.9:24.2
04-01 07:52:39| 21  13  61   2   0|  10G   32G   45M   28G|   0    79M|   0  1689 |0.40:0.10:0.20:0.40:0.60:0.60:0.40:0.50:0.40:25.8:25.6:25.5:24.9:25.9:25.2:25.3:25.4
04-01 07:52:40| 22  13  60   2   0|  10G   31G   45M   28G|   0    78M|   0  1643 |0.30:0.10:0.10:0.30:0.30:0.50:0.40:0.40:0.50:25.6:25.3:25.5:24.3:25.0:24.9:24.6:25.0
04-01 07:52:41| 20  12  60   2   0|  10G   31G   45M   28G|   0    77M|   0  1630 |0.20:   0:   0:0.20:0.40:0.40:0.20:0.30:0.30:24.6:23.1:24.3:25.0:22.7:25.4:25.2:25.5
04-01 07:52:42| 18  11  60   2   0|  11G   31G   45M   28G|   0    79M|   0  1725 |0.70:0.10:0.30:0.60:0.50:0.50:0.50:0.50:0.40:23.5:23.9:23.6:25.2:24.2:24.4:25.0:24.5
04-01 07:52:43| 19  11  60   2   0|  11G   31G   45M   29G|   0    74M|   0  1606 |0.20:   0:   0:0.20:0.20:0.30:0.20:0.20:0.20:24.0:23.5:24.2:23.5:23.2:24.7:23.7:24.6
04-01 07:52:44| 22  13  61   2   0|  11G   30G   45M   29G|   0    74M|   0  1620 |0.10:0.10:   0:0.20:0.20:0.20:0.20:0.20:0.20:24.7:24.5:24.6:24.1:24.7:24.7:24.1:25.0
04-01 07:52:45| 22  13  60   2   0|  11G   30G   45M   29G|   0    74M|   0  1642 |0.20:   0:   0:0.30:0.20:0.30:0.10:0.30:0.20:24.9:24.8:25.0:24.5:25.3:26.2:24.4:25.7
04-01 07:52:46| 22  12  60   2   0|  12G   30G   45M   29G|   0    76M|   0  1660 |0.10:   0:0.10:0.10:0.30:0.50:0.50:0.60:0.40:25.5:24.4:25.3:25.3:24.6:25.1:25.2:25.2
04-01 07:52:47| 22  12  59   2   0|  12G   30G   45M   29G|   0    75M|   0  1681 |0.40:0.10:0.10:0.40:0.40:0.40:0.50:0.50:0.40:24.8:25.5:25.2:23.8:25.5:24.3:23.8:24.4
04-01 07:52:48| 21  12  60   2   0|  12G   30G   45M   30G|   0    74M|   0  1649 |0.30:   0:0.10:0.30:0.20:0.20:0.20:0.30:0.20:25.8:25.5:25.6:24.9:25.2:24.2:24.6:24.3
04-01 07:52:49| 21  12  60   2   0|  12G   29G   45M   30G|   0    74M|   0  1663 |0.30:0.10:0.20:0.30:0.30:0.30:0.30:0.30:0.30:24.6:25.0:24.5:25.3:25.0:24.9:25.2:24.7
04-01 07:52:50| 21  13  60   2   0|  12G   29G   45M   30G|   0    74M|   0  1645 |0.40:   0:0.30:0.40:0.40:0.30:0.30:0.30:0.30:24.8:23.2:24.8:24.3:22.8:25.1:24.1:25.0
04-01 07:52:51| 22  13  60   2   0|  12G   29G   45M   30G|   0    75M|   0  1753 |0.70:0.10:0.50:0.70:0.60:0.70:0.70:0.70:0.80:23.3:24.9:23.5:25.9:24.6:23.1:25.9:23.1
04-01 07:52:52| 23  13  60   2   0|  13G   29G   45M   30G|   0    72M|   0  1621 |0.20:   0:0.10:0.20:0.20:0.20:0.30:0.30:0.20:24.6:24.5:24.5:24.3:24.6:24.2:23.9:23.9
04-01 07:52:53| 21  12  60   2   0|  13G   28G   45M   30G|   0    72M|   0  1685 |0.40:   0:0.40:0.40:0.50:0.60:0.40:0.40:0.60:24.7:24.3:24.8:24.5:24.5:24.1:24.7:24.8
04-01 07:52:54| 22  13  59   2   0|  13G   28G   45M   31G|   0    70M|   0  1629 |   0:0.10:   0:   0:   0:   0:   0:   0:   0:23.9:24.5:24.2:24.0:24.8:24.2:24.1:24.3
04-01 07:52:55| 21  13  60   2   0|  13G   28G   45M   31G|   0    70M|   0  1627 |0.20:0.10:0.10:0.20:0.20:0.20:0.20:0.20:0.20:23.3:24.7:23.4:24.8:24.9:25.2:24.7:25.5
04-01 07:52:56| 22  13  59   1   0|  13G   28G   45M   31G|   0    71M|   0  1668 |0.30:0.10:0.20:0.30:0.30:0.30:0.30:0.30:0.30:25.2:24.4:24.9:24.0:24.0:25.4:24.2:25.3
04-01 07:52:57| 21  13  59   2   0|  14G   28G   45M   31G|   0    71M|   0  1750 |0.50:   0:0.50:0.60:0.60:0.50:0.50:0.50:0.60:24.0:25.1:24.2:23.7:25.6:23.7:23.3:23.8
04-01 07:52:58| 21  13  59   2   0|  14G   27G   45M   31G|   0    69M|   0  1668 |0.20:0.10:0.10:0.20:0.10:0.10:0.20:0.20:0.10:24.2:24.7:23.8:24.1:24.8:25.2:24.1:24.9
04-01 07:52:59| 21  12  59   2   0|  14G   27G   45M   31G|   0    70M|   0  1651 |0.40:0.20:0.30:0.30:0.30:0.20:0.40:0.40:0.20:24.0:24.2:24.1:24.2:24.6:24.3:24.0:24.6
04-01 07:53:00| 22  13  59   2   0|  14G   27G   45M   32G|   0    71M|   0  1718 |0.60:0.10:0.60:0.60:0.60:0.60:0.60:0.60:0.50:23.8:22.9:23.4:25.4:23.2:24.8:25.5:24.9
04-01 07:53:01| 22  13  59   2   0|  14G   27G   45M   32G|   0    71M|   0  1714 |0.50:   0:0.60:0.50:0.60:0.60:0.50:0.60:0.60:24.8:23.4:24.6:23.6:23.4:24.3:23.2:24.4
04-01 07:53:02| 21  12  59   1   0|  14G   27G   45M   32G|   0    69M|   0  1691 |0.40:0.10:0.50:0.50:0.50:0.40:0.40:0.50:0.40:24.2:25.1:24.7:25.2:25.2:22.9:25.0:23.0
04-01 07:53:03| 22  13  59   2   0|  14G   27G   45M   32G|   0    70M|   0  1696 |0.60:   0:0.60:0.50:0.60:0.50:0.50:0.50:0.60:23.9:24.1:23.7:25.6:24.1:24.4:25.7:24.5
04-01 07:53:04| 22  13  59   2   0|  15G   26G   45M   32G|   0    69M|   0  1722 |0.40:0.10:0.40:0.40:0.40:0.40:0.50:0.40:0.40:25.0:24.4:24.7:24.6:24.4:23.5:24.4:23.8
04-01 07:53:05| 23  13  59   2   0|  15G   26G   45M   32G|   0    68M|   0  1667 |0.30:0.10:0.30:0.30:0.30:0.30:0.30:0.30:0.30:24.0:24.5:23.6:24.6:24.3:24.6:24.2:24.9
04-01 07:53:06| 22  12  59   2   0|  15G   26G   45M   33G|   0    71M|   0  1764 |0.90:0.10:1.00:0.90:1.00:0.90:1.00:1.00:1.00:23.3:24.9:23.4:24.5:24.9:24.4:24.6:24.4
04-01 07:53:07| 22  13  58   2   0|  15G   26G   45M   33G|   0    66M|   0  1649 |0.30:   0:0.20:0.20:0.30:0.20:0.30:0.30:0.20:25.1:23.3:25.4:24.3:23.2:23.2:24.1:23.4
04-01 07:53:08| 22  13  58   2   0|  15G   26G   45M   33G|   0    68M|   0  1709 |0.50:0.20:0.40:0.50:0.40:0.40:0.50:0.50:0.40:23.5:24.1:23.5:23.6:24.2:24.4:24.2:24.8
04-01 07:53:09| 22  13  59   2   0|  15G   25G   45M   33G|   0    66M|   0  1658 |0.20:   0:0.20:0.20:0.20:0.30:0.20:0.20:0.30:24.1:23.7:24.1:24.4:23.6:24.4:23.4:24.6
04-01 07:53:10| 22  13  59   2   0|  15G   25G   45M   33G|   0    67M|   0  1714 |0.30:0.10:0.20:0.30:0.20:0.30:0.40:0.40:0.30:24.6:23.5:24.3:24.1:24.0:24.3:23.6:24.5
04-01 07:53:11| 22  13  59   2   0|  16G   25G   45M   33G|   0    65M|   0  1670 |0.50:   0:0.50:0.50:0.50:0.50:0.40:0.40:0.50:23.3:23.9:23.2:25.1:23.9:24.0:24.2:23.8
04-01 07:53:12| 22  13  58   2   0|  16G   25G   45M   33G|   0    66M|   0  1707 |0.30:0.10:0.30:0.30:0.30:0.40:0.40:0.40:0.40:24.8:23.3:24.5:24.9:23.4:24.1:24.8:24.3
04-01 07:53:13| 22  13  58   2   0|  16G   25G   45M   34G|   0    66M|   0  1680 |0.50:   0:0.30:0.60:0.30:0.30:0.50:0.50:0.30:23.6:24.8:23.5:23.0:24.6:24.9:23.0:25.1
04-01 07:53:14|  1  16  83   0   0|  14G   27G   45M   34G|   0   508k|   0  49.0 |   0:0.20:   0:   0:   0:   0:   0:   0:   0:0.60:   0:0.60:   0:   0:   0:   0:   0
04-01 07:53:15|  0   0 100   0   0|  14G   27G   45M   34G|   0   440k|   0  26.0 |0.20:   0:0.20:0.20:0.20:0.20:0.20:0.20:0.20:   0:   0:   0:   0:   0:   0:   0:   0

```

---

## Command 10: mpstat

### Command
```bash
mpstat -P ALL 1 70
```

### Output
```
Linux 6.14.0-1018-aws (ip-10-0-1-171) 	01/04/26 	_aarch64_	(32 CPU)

07:52:11     CPU    %usr   %nice    %sys %iowait    %irq   %soft  %steal  %guest  %gnice   %idle
07:52:12     all    0.25    0.00    0.03    0.00    0.00    0.00    0.00    0.00    0.00   99.72
07:52:12       0    0.00    0.00    0.00    0.00    0.00    0.00    0.00    0.00    0.00  100.00
07:52:12       1    0.00    0.00    0.00    0.00    0.00    0.00    0.00    0.00    0.00  100.00
07:52:12       2    0.00    0.00    0.00    0.00    0.00    0.00    0.00    0.00    0.00  100.00
07:52:12       3    0.00    0.00    0.00    0.00    0.00    0.00    0.00    0.00    0.00  100.00
07:52:12       4    0.99    0.00    0.99    0.00    0.00    0.00    0.00    0.00    0.00   98.02
07:52:12       5    0.00    0.00    0.00    0.00    0.00    0.00    0.00    0.00    0.00  100.00
07:52:12       6    0.00    0.00    0.00    0.00    0.00    0.00    0.00    0.00    0.00  100.00
07:52:12       7    0.00    0.00    0.00    0.00    0.00    0.00    0.00    0.00    0.00  100.00
07:52:12       8    0.00    0.00    0.00    0.00    0.00    0.00    0.00    0.00    0.00  100.00
07:52:12       9    0.00    0.00    0.00    0.00    0.00    0.00    0.00    0.00    0.00  100.00
07:52:12      10    0.00    0.00    0.00    0.00    0.00    0.00    0.00    0.00    0.00  100.00
07:52:12      11    1.01    0.00    0.00    0.00    0.00    0.00    0.00    0.00    0.00   98.99
07:52:12      12    0.00    0.00    0.00    0.00    0.00    0.00    0.00    0.00    0.00  100.00
07:52:12      13    0.00    0.00    0.00    0.00    0.00    0.00    0.00    0.00    0.00  100.00
07:52:12      14    0.00    0.00    0.00    0.00    0.00    0.00    0.00    0.00    0.00  100.00
07:52:12      15    0.00    0.00    0.00    0.00    0.00    0.00    0.00    0.00    0.00  100.00
07:52:12      16    0.00    0.00    0.00    0.00    0.00    0.00    0.00    0.00    0.00  100.00
07:52:12      17    0.00    0.00    0.00    0.00    0.00    0.00    0.00    0.00    0.00  100.00
07:52:12      18    0.00    0.00    0.00    0.00    0.00    0.00    0.00    0.00    0.00  100.00
07:52:12      19    0.00    0.00    0.00    0.00    0.00    0.00    0.00    0.00    0.00  100.00
07:52:12      20    0.99    0.00    0.00    0.00    0.00    0.00    0.00    0.00    0.00   99.01
07:52:12      21    0.00    0.00    0.00    0.00    0.00    0.00    0.00    0.00    0.00  100.00
07:52:12      22    0.00    0.00    0.00    0.00    0.00    0.00    0.00    0.00    0.00  100.00
07:52:12      23    0.00    0.00    0.00    0.00    0.00    0.00    0.00    0.00    0.00  100.00
07:52:12      24    0.00    0.00    0.00    0.00    0.00    0.00    0.00    0.00    0.00  100.00
07:52:12      25    0.00    0.00    0.00    0.00    0.00    0.00    0.00    0.00    0.00  100.00
07:52:12      26    0.00    0.00    0.00    0.00    0.00    0.00    0.00    0.00    0.00  100.00
07:52:12      27    0.00    0.00    0.00    0.00    0.00    0.00    0.00    0.00    0.00  100.00
07:52:12      28    0.00    0.00    0.00    0.00    0.00    0.00    0.00    0.00    0.00  100.00
07:52:12      29    4.95    0.00    0.00    0.00    0.00    0.00    0.00    0.00    0.00   95.05
07:52:12      30    0.00    0.00    0.00    0.00    0.00    0.00    0.00    0.00    0.00  100.00
07:52:12      31    0.00    0.00    0.00    0.00    0.00    0.00    0.00    0.00    0.00  100.00

07:52:12     CPU    %usr   %nice    %sys %iowait    %irq   %soft  %steal  %guest  %gnice   %idle
07:52:13     all    0.03    0.00    0.13    0.03    0.00    0.00    0.00    0.00    0.00   99.81
07:52:13       0    0.00    0.00    1.00    0.00    0.00    0.00    0.00    0.00    0.00   99.00
07:52:13       1    0.00    0.00    0.00    0.00    0.00    0.00    0.00    0.00    0.00  100.00
07:52:13       2    0.00    0.00    0.00    0.00    0.00    0.00    0.00    0.00    0.00  100.00
07:52:13       3    0.00    0.00    0.00    0.00    0.00    0.00    0.00    0.00    0.00  100.00
07:52:13       4    0.00    0.00    0.00    0.00    0.00    0.00    0.00    0.00    0.00  100.00
07:52:13       5    0.00    0.00    0.00    0.00    0.00    0.00    0.00    0.00    0.00  100.00
07:52:13       6    0.00    0.00    0.00    0.00    0.00    0.00    0.00    0.00    0.00  100.00
07:52:13       7    0.00    0.00    0.00    0.00    0.00    0.00    0.00    0.00    0.00  100.00
07:52:13       8    0.00    0.00    1.00    0.00    0.00    0.00    0.00    0.00    0.00   99.00
07:52:13       9    1.00    0.00    1.00    0.00    0.00    0.00    0.00    0.00    0.00   98.00
07:52:13      10    0.00    0.00    0.00    0.00    0.00    0.00    0.00    0.00    0.00  100.00
07:52:13      11    0.00    0.00    0.00    1.00    0.00    0.00    0.00    0.00    0.00   99.00
07:52:13      12    0.00    0.00    0.00    0.00    0.00    0.00    0.00    0.00    0.00  100.00
07:52:13      13    0.00    0.00    0.00    0.00    0.00    0.00    0.00    0.00    0.00  100.00
07:52:13      14    0.00    0.00    0.00    0.00    0.00    0.00    0.00    0.00    0.00  100.00
07:52:13      15    0.00    0.00    0.00    0.00    0.00    0.00    0.00    0.00    0.00  100.00
07:52:13      16    0.00    0.00    0.00    0.00    0.00    0.00    0.00    0.00    0.00  100.00
07:52:13      17    0.00    0.00    0.00    0.00    0.00    0.00    0.00    0.00    0.00  100.00
07:52:13      18    0.00    0.00    0.00    0.00    0.00    0.00    0.00    0.00    0.00  100.00
07:52:13      19    0.00    0.00    0.00    0.00    0.00    0.00    0.00    0.00    0.00  100.00
07:52:13      20    0.00    0.00    0.00    0.00    0.00    0.00    0.00    0.00    0.00  100.00
07:52:13      21    0.00    0.00    0.00    0.00    0.00    0.00    0.00    0.00    0.00  100.00
07:52:13      22    0.00    0.00    0.00    0.00    0.00    0.00    0.00    0.00    0.00  100.00
07:52:13      23    0.00    0.00    0.00    0.00    0.00    0.00    0.00    0.00    0.00  100.00
07:52:13      24    0.00    0.00    0.00    0.00    0.00    0.00    0.00    0.00    0.00  100.00
07:52:13      25    0.00    0.00    0.00    0.00    0.00    0.00    0.00    0.00    0.00  100.00
07:52:13      26    0.00    0.00    0.00    0.00    0.00    0.00    0.00    0.00    0.00  100.00
07:52:13      27    0.00    0.00    0.00    0.00    0.00    0.00    0.00    0.00    0.00  100.00
07:52:13      28    0.00    0.00    0.00    0.00    0.00    0.00    0.00    0.00    0.00  100.00
07:52:13      29    0.00    0.00    1.00    0.00    0.00    0.00    0.00    0.00    0.00   99.00
07:52:13      30    0.00    0.00    0.00    0.00    0.00    0.00    0.00    0.00    0.00  100.00
07:52:13      31    0.00    0.00    0.00    0.00    0.00    0.00    0.00    0.00    0.00  100.00

07:52:13     CPU    %usr   %nice    %sys %iowait    %irq   %soft  %steal  %guest  %gnice   %idle
07:52:14     all   20.69    0.00   13.62    1.60    0.00    0.00    0.00    0.00    0.00   64.09
07:52:14       0   20.62    0.00   14.43    1.03    0.00    0.00    0.00    0.00    0.00   63.92
07:52:14       1   22.92    0.00   11.46    1.04    0.00    0.00    0.00    0.00    0.00   64.58
07:52:14       2   20.83    0.00   13.54    1.04    0.00    0.00    0.00    0.00    0.00   64.58
07:52:14       3   19.79    0.00   14.58    2.08    0.00    0.00    0.00    0.00    0.00   63.54
07:52:14       4   21.28    0.00   11.70    1.06    0.00    0.00    0.00    0.00    0.00   65.96
07:52:14       5   18.95    0.00   14.74    2.11    0.00    0.00    0.00    0.00    0.00   64.21
07:52:14       6   21.88    0.00   12.50    1.04    0.00    0.00    0.00    0.00    0.00   64.58
07:52:14       7   21.05    0.00   13.68    2.11    0.00    0.00    0.00    0.00    0.00   63.16
07:52:14       8   20.00    0.00   13.68    1.05    0.00    0.00    0.00    0.00    0.00   65.26
07:52:14       9   21.05    0.00   13.68    1.05    0.00    0.00    0.00    0.00    0.00   64.21
07:52:14      10   20.83    0.00   13.54    1.04    0.00    0.00    0.00    0.00    0.00   64.58
07:52:14      11   19.79    0.00   14.58    1.04    0.00    0.00    0.00    0.00    0.00   64.58
07:52:14      12   19.59    0.00   15.46    2.06    0.00    0.00    0.00    0.00    0.00   62.89
07:52:14      13   20.83    0.00   13.54    1.04    0.00    0.00    0.00    0.00    0.00   64.58
07:52:14      14   20.83    0.00   13.54    1.04    0.00    0.00    0.00    0.00    0.00   64.58
07:52:14      15   19.79    0.00   13.54    1.04    0.00    0.00    0.00    0.00    0.00   65.62
07:52:14      16   20.62    0.00   14.43    2.06    0.00    0.00    0.00    0.00    0.00   62.89
07:52:14      17   20.83    0.00   13.54    1.04    0.00    0.00    0.00    0.00    0.00   64.58
07:52:14      18   19.79    0.00   14.58    2.08    0.00    0.00    0.00    0.00    0.00   63.54
07:52:14      19   20.00    0.00   13.68    2.11    0.00    0.00    0.00    0.00    0.00   64.21
07:52:14      20   18.95    0.00   14.74    1.05    0.00    0.00    0.00    0.00    0.00   65.26
07:52:14      21   21.65    0.00   12.37    2.06    0.00    0.00    0.00    0.00    0.00   63.92
07:52:14      22   19.79    0.00   13.54    2.08    0.00    0.00    0.00    0.00    0.00   64.58
07:52:14      23   22.68    0.00   13.40    2.06    0.00    0.00    0.00    0.00    0.00   61.86
07:52:14      24   21.05    0.00   12.63    2.11    0.00    0.00    0.00    0.00    0.00   64.21
07:52:14      25   23.47    0.00   11.22    3.06    0.00    0.00    0.00    0.00    0.00   62.24
07:52:14      26   20.83    0.00   14.58    1.04    0.00    0.00    0.00    0.00    0.00   63.54
07:52:14      27   21.65    0.00   14.43    2.06    0.00    0.00    0.00    0.00    0.00   61.86
07:52:14      28   21.65    0.00   11.34    2.06    0.00    0.00    0.00    0.00    0.00   64.95
07:52:14      29   18.75    0.00   14.58    2.08    0.00    0.00    0.00    0.00    0.00   64.58
07:52:14      30   21.05    0.00   15.79    2.11    0.00    0.00    0.00    0.00    0.00   61.05
07:52:14      31   19.15    0.00   12.77    1.06    0.00    0.00    0.00    0.00    0.00   67.02

07:52:14     CPU    %usr   %nice    %sys %iowait    %irq   %soft  %steal  %guest  %gnice   %idle
07:52:15     all   21.77    0.00   14.20    1.66    0.00    0.00    0.00    0.00    0.00   62.38
07:52:15       0   22.45    0.00   15.31    2.04    0.00    0.00    0.00    0.00    0.00   60.20
07:52:15       1   22.92    0.00   12.50    1.04    0.00    0.00    0.00    0.00    0.00   63.54
07:52:15       2   21.05    0.00   13.68    2.11    0.00    0.00    0.00    0.00    0.00   63.16
07:52:15       3   22.68    0.00   14.43    2.06    0.00    0.00    0.00    0.00    0.00   60.82
07:52:15       4   22.11    0.00   13.68    1.05    0.00    0.00    0.00    0.00    0.00   63.16
07:52:15       5   22.11    0.00   13.68    1.05    0.00    0.00    0.00    0.00    0.00   63.16
07:52:15       6   21.28    0.00   13.83    2.13    0.00    0.00    0.00    0.00    0.00   62.77
07:52:15       7   21.05    0.00   14.74    2.11    0.00    0.00    0.00    0.00    0.00   62.11
07:52:15       8   20.83    0.00   13.54    2.08    0.00    0.00    0.00    0.00    0.00   63.54
07:52:15       9   21.88    0.00   13.54    2.08    0.00    0.00    0.00    0.00    0.00   62.50
07:52:15      10   21.88    0.00   14.58    1.04    0.00    0.00    0.00    0.00    0.00   62.50
07:52:15      11   21.88    0.00   14.58    2.08    0.00    0.00    0.00    0.00    0.00   61.46
07:52:15      12   22.92    0.00   12.50    2.08    0.00    0.00    0.00    0.00    0.00   62.50
07:52:15      13   21.88    0.00   13.54    1.04    0.00    0.00    0.00    0.00    0.00   63.54
07:52:15      14   19.79    0.00   15.62    2.08    0.00    0.00    0.00    0.00    0.00   62.50
07:52:15      15   21.65    0.00   14.43    1.03    0.00    0.00    0.00    0.00    0.00   62.89
07:52:15      16   22.92    0.00   12.50    2.08    0.00    0.00    0.00    0.00    0.00   62.50
07:52:15      17   21.65    0.00   14.43    2.06    0.00    0.00    0.00    0.00    0.00   61.86
07:52:15      18   21.88    0.00   14.58    1.04    0.00    0.00    0.00    0.00    0.00   62.50
07:52:15      19   20.83    0.00   13.54    2.08    0.00    0.00    0.00    0.00    0.00   63.54
07:52:15      20   20.62    0.00   15.46    2.06    0.00    0.00    0.00    0.00    0.00   61.86
07:52:15      21   21.88    0.00   14.58    1.04    0.00    0.00    0.00    0.00    0.00   62.50
07:52:15      22   21.88    0.00   14.58    2.08    0.00    0.00    0.00    0.00    0.00   61.46
07:52:15      23   21.88    0.00   14.58    2.08    0.00    0.00    0.00    0.00    0.00   61.46
07:52:15      24   21.88    0.00   13.54    1.04    0.00    0.00    0.00    0.00    0.00   63.54
07:52:15      25   21.65    0.00   15.46    1.03    0.00    0.00    0.00    0.00    0.00   61.86
07:52:15      26   21.65    0.00   14.43    2.06    0.00    0.00    0.00    0.00    0.00   61.86
07:52:15      27   21.65    0.00   14.43    2.06    0.00    0.00    0.00    0.00    0.00   61.86
07:52:15      28   21.05    0.00   14.74    2.11    0.00    0.00    0.00    0.00    0.00   62.11
07:52:15      29   20.62    0.00   15.46    1.03    0.00    0.00    0.00    0.00    0.00   62.89
07:52:15      30   22.68    0.00   13.40    1.03    0.00    0.00    0.00    0.00    0.00   62.89
07:52:15      31   23.47    0.00   14.29    1.02    0.00    0.00    0.00    0.00    0.00   61.22

07:52:15     CPU    %usr   %nice    %sys %iowait    %irq   %soft  %steal  %guest  %gnice   %idle
07:52:16     all   21.92    0.00   13.56    1.77    0.00    0.00    0.00    0.00    0.00   62.75
07:52:16       0   23.96    0.00   12.50    2.08    0.00    0.00    0.00    0.00    0.00   61.46
07:52:16       1   24.21    0.00   12.63    2.11    0.00    0.00    0.00    0.00    0.00   61.05
07:52:16       2   22.11    0.00   12.63    2.11    0.00    0.00    0.00    0.00    0.00   63.16
07:52:16       3   21.88    0.00   14.58    2.08    0.00    0.00    0.00    0.00    0.00   61.46
07:52:16       4   20.00    0.00   14.74    2.11    0.00    0.00    0.00    0.00    0.00   63.16
07:52:16       5   22.45    0.00   13.27    2.04    0.00    0.00    0.00    0.00    0.00   62.24
07:52:16       6   21.88    0.00   12.50    2.08    0.00    0.00    0.00    0.00    0.00   63.54
07:52:16       7   22.68    0.00   14.43    1.03    0.00    0.00    0.00    0.00    0.00   61.86
07:52:16       8   21.28    0.00   13.83    2.13    0.00    0.00    0.00    0.00    0.00   62.77
07:52:16       9   20.43    0.00   12.90    2.15    0.00    0.00    0.00    0.00    0.00   64.52
07:52:16      10   20.83    0.00   14.58    1.04    0.00    0.00    0.00    0.00    0.00   63.54
07:52:16      11   20.21    0.00   13.83    2.13    0.00    0.00    0.00    0.00    0.00   63.83
07:52:16      12   22.11    0.00   13.68    2.11    0.00    0.00    0.00    0.00    0.00   62.11
07:52:16      13   21.51    0.00   12.90    2.15    0.00    0.00    0.00    0.00    0.00   63.44
07:52:16      14   22.34    0.00   12.77    1.06    0.00    0.00    0.00    0.00    0.00   63.83
07:52:16      15   22.11    0.00   13.68    2.11    0.00    0.00    0.00    0.00    0.00   62.11
07:52:16      16   21.65    0.00   14.43    2.06    0.00    0.00    0.00    0.00    0.00   61.86
07:52:16      17   21.43    0.00   15.31    2.04    0.00    0.00    0.00    0.00    0.00   61.22
07:52:16      18   21.05    0.00   14.74    1.05    0.00    0.00    0.00    0.00    0.00   63.16
07:52:16      19   22.34    0.00   12.77    1.06    0.00    0.00    0.00    0.00    0.00   63.83
07:52:16      20   22.11    0.00   13.68    1.05    0.00    0.00    0.00    0.00    0.00   63.16
07:52:16      21   21.88    0.00   13.54    2.08    0.00    0.00    0.00    0.00    0.00   62.50
07:52:16      22   22.68    0.00   13.40    2.06    0.00    0.00    0.00    0.00    0.00   61.86
07:52:16      23   21.05    0.00   13.68    2.11    0.00    0.00    0.00    0.00    0.00   63.16
07:52:16      24   20.00    0.00   14.74    2.11    0.00    0.00    0.00    0.00    0.00   63.16
07:52:16      25   19.79    0.00   15.62    2.08    0.00    0.00    0.00    0.00    0.00   62.50
07:52:16      26   23.16    0.00   11.58    2.11    0.00    0.00    0.00    0.00    0.00   63.16
07:52:16      27   22.11    0.00   13.68    1.05    0.00    0.00    0.00    0.00    0.00   63.16
07:52:16      28   23.96    0.00   11.46    1.04    0.00    0.00    0.00    0.00    0.00   63.54
07:52:16      29   21.28    0.00   13.83    0.00    0.00    0.00    0.00    0.00    0.00   64.89
07:52:16      30   23.16    0.00   13.68    2.11    0.00    0.00    0.00    0.00    0.00   61.05
07:52:16      31   23.71    0.00   12.37    2.06    0.00    0.00    0.00    0.00    0.00   61.86

07:52:16     CPU    %usr   %nice    %sys %iowait    %irq   %soft  %steal  %guest  %gnice   %idle
07:52:17     all   22.45    0.00   13.33    1.73    0.00    0.00    0.00    0.00    0.00   62.50
07:52:17       0   24.49    0.00   12.24    1.02    0.00    0.00    0.00    0.00    0.00   62.24
07:52:17       1   23.23    0.00   13.13    2.02    0.00    0.00    0.00    0.00    0.00   61.62
07:52:17       2   22.11    0.00   13.68    2.11    0.00    0.00    0.00    0.00    0.00   62.11
07:52:17       3   23.16    0.00   12.63    1.05    0.00    0.00    0.00    0.00    0.00   63.16
07:52:17       4   22.11    0.00   13.68    1.05    0.00    0.00    0.00    0.00    0.00   63.16
07:52:17       5   23.96    0.00   12.50    2.08    0.00    0.00    0.00    0.00    0.00   61.46
07:52:17       6   22.92    0.00   13.54    1.04    0.00    0.00    0.00    0.00    0.00   62.50
07:52:17       7   22.11    0.00   12.63    2.11    0.00    0.00    0.00    0.00    0.00   63.16
07:52:17       8   22.92    0.00   13.54    1.04    0.00    0.00    0.00    0.00    0.00   62.50
07:52:17       9   23.16    0.00   12.63    1.05    0.00    0.00    0.00    0.00    0.00   63.16
07:52:17      10   24.21    0.00   11.58    2.11    0.00    0.00    0.00    0.00    0.00   62.11
07:52:17      11   23.16    0.00   12.63    2.11    0.00    0.00    0.00    0.00    0.00   62.11
07:52:17      12   21.88    0.00   13.54    2.08    0.00    0.00    0.00    0.00    0.00   62.50
07:52:17      13   23.47    0.00   13.27    3.06    0.00    0.00    0.00    0.00    0.00   60.20
07:52:17      14   24.21    0.00   12.63    2.11    0.00    0.00    0.00    0.00    0.00   61.05
07:52:17      15   23.16    0.00   12.63    1.05    0.00    0.00    0.00    0.00    0.00   63.16
07:52:17      16   22.68    0.00   13.40    1.03    0.00    0.00    0.00    0.00    0.00   62.89
07:52:17      17   20.21    0.00   13.83    1.06    0.00    0.00    0.00    0.00    0.00   64.89
07:52:17      18   21.88    0.00   13.54    2.08    0.00    0.00    0.00    0.00    0.00   62.50
07:52:17      19   21.28    0.00   12.77    1.06    0.00    0.00    0.00    0.00    0.00   64.89
07:52:17      20   21.88    0.00   12.50    2.08    0.00    0.00    0.00    0.00    0.00   63.54
07:52:17      21   21.65    0.00   15.46    1.03    0.00    0.00    0.00    0.00    0.00   61.86
07:52:17      22   19.79    0.00   16.67    2.08    0.00    0.00    0.00    0.00    0.00   61.46
07:52:17      23   22.11    0.00   13.68    2.11    0.00    0.00    0.00    0.00    0.00   62.11
07:52:17      24   21.88    0.00   13.54    2.08    0.00    0.00    0.00    0.00    0.00   62.50
07:52:17      25   22.68    0.00   13.40    2.06    0.00    0.00    0.00    0.00    0.00   61.86
07:52:17      26   21.88    0.00   14.58    1.04    0.00    0.00    0.00    0.00    0.00   62.50
07:52:17      27   23.16    0.00   11.58    2.11    0.00    0.00    0.00    0.00    0.00   63.16
07:52:17      28   20.83    0.00   14.58    2.08    0.00    0.00    0.00    0.00    0.00   62.50
07:52:17      29   22.92    0.00   12.50    2.08    0.00    0.00    0.00    0.00    0.00   62.50
07:52:17      30   22.45    0.00   14.29    2.04    0.00    0.00    0.00    0.00    0.00   61.22
07:52:17      31   20.83    0.00   13.54    2.08    0.00    0.00    0.00    0.00    0.00   63.54

07:52:17     CPU    %usr   %nice    %sys %iowait    %irq   %soft  %steal  %guest  %gnice   %idle
07:52:18     all   22.37    0.00   13.59    1.69    0.00    0.00    0.00    0.00    0.00   62.35
07:52:18       0   22.92    0.00   13.54    1.04    0.00    0.00    0.00    0.00    0.00   62.50
07:52:18       1   24.21    0.00   12.63    1.05    0.00    0.00    0.00    0.00    0.00   62.11
07:52:18       2   21.65    0.00   14.43    1.03    0.00    0.00    0.00    0.00    0.00   62.89
07:52:18       3   21.43    0.00   15.31    2.04    0.00    0.00    0.00    0.00    0.00   61.22
07:52:18       4   22.45    0.00   13.27    2.04    0.00    0.00    0.00    0.00    0.00   62.24
07:52:18       5   23.96    0.00   12.50    1.04    0.00    0.00    0.00    0.00    0.00   62.50
07:52:18       6   21.43    0.00   15.31    1.02    0.00    0.00    0.00    0.00    0.00   62.24
07:52:18       7   21.65    0.00   14.43    1.03    0.00    0.00    0.00    0.00    0.00   62.89
07:52:18       8   22.45    0.00   14.29    1.02    0.00    0.00    0.00    0.00    0.00   62.24
07:52:18       9   23.96    0.00   12.50    2.08    0.00    0.00    0.00    0.00    0.00   61.46
07:52:18      10   23.96    0.00   12.50    2.08    0.00    0.00    0.00    0.00    0.00   61.46
07:52:18      11   19.79    0.00   15.62    2.08    0.00    0.00    0.00    0.00    0.00   62.50
07:52:18      12   21.28    0.00   13.83    1.06    0.00    0.00    0.00    0.00    0.00   63.83
07:52:18      13   23.96    0.00   12.50    2.08    0.00    0.00    0.00    0.00    0.00   61.46
07:52:18      14   20.62    0.00   15.46    2.06    0.00    0.00    0.00    0.00    0.00   61.86
07:52:18      15   21.43    0.00   14.29    2.04    0.00    0.00    0.00    0.00    0.00   62.24
07:52:18      16   22.68    0.00   13.40    2.06    0.00    0.00    0.00    0.00    0.00   61.86
07:52:18      17   23.96    0.00   11.46    2.08    0.00    0.00    0.00    0.00    0.00   62.50
07:52:18      18   23.40    0.00   11.70    3.19    0.00    0.00    0.00    0.00    0.00   61.70
07:52:18      19   20.83    0.00   15.62    2.08    0.00    0.00    0.00    0.00    0.00   61.46
07:52:18      20   23.16    0.00   13.68    1.05    0.00    0.00    0.00    0.00    0.00   62.11
07:52:18      21   20.83    0.00   14.58    2.08    0.00    0.00    0.00    0.00    0.00   62.50
07:52:18      22   21.88    0.00   14.58    2.08    0.00    0.00    0.00    0.00    0.00   61.46
07:52:18      23   21.28    0.00   12.77    1.06    0.00    0.00    0.00    0.00    0.00   64.89
07:52:18      24   22.92    0.00   12.50    2.08    0.00    0.00    0.00    0.00    0.00   62.50
07:52:18      25   21.88    0.00   14.58    2.08    0.00    0.00    0.00    0.00    0.00   61.46
07:52:18      26   25.00    0.00   11.46    2.08    0.00    0.00    0.00    0.00    0.00   61.46
07:52:18      27   22.92    0.00   12.50    1.04    0.00    0.00    0.00    0.00    0.00   63.54
07:52:18      28   21.88    0.00   13.54    2.08    0.00    0.00    0.00    0.00    0.00   62.50
07:52:18      29   20.00    0.00   14.74    1.05    0.00    0.00    0.00    0.00    0.00   64.21
07:52:18      30   22.68    0.00   13.40    2.06    0.00    0.00    0.00    0.00    0.00   61.86
07:52:18      31   23.40    0.00   11.70    1.06    0.00    0.00    0.00    0.00    0.00   63.83

07:52:18     CPU    %usr   %nice    %sys %iowait    %irq   %soft  %steal  %guest  %gnice   %idle
07:52:19     all   21.71    0.00   13.37    1.82    0.00    0.00    0.00    0.00    0.00   63.10
07:52:19       0   22.92    0.00   12.50    2.08    0.00    0.00    0.00    0.00    0.00   62.50
07:52:19       1   21.05    0.00   13.68    2.11    0.00    0.00    0.00    0.00    0.00   63.16
07:52:19       2   21.05    0.00   13.68    2.11    0.00    0.00    0.00    0.00    0.00   63.16
07:52:19       3   21.05    0.00   13.68    1.05    0.00    0.00    0.00    0.00    0.00   64.21
07:52:19       4   22.92    0.00   12.50    1.04    0.00    0.00    0.00    0.00    0.00   63.54
07:52:19       5   22.68    0.00   12.37    3.09    0.00    0.00    0.00    0.00    0.00   61.86
07:52:19       6   22.11    0.00   12.63    2.11    0.00    0.00    0.00    0.00    0.00   63.16
07:52:19       7   21.88    0.00   13.54    1.04    0.00    0.00    0.00    0.00    0.00   63.54
07:52:19       8   21.88    0.00   12.50    2.08    0.00    0.00    0.00    0.00    0.00   63.54
07:52:19       9   21.88    0.00   12.50    2.08    0.00    0.00    0.00    0.00    0.00   63.54
07:52:19      10   21.65    0.00   13.40    2.06    0.00    0.00    0.00    0.00    0.00   62.89
07:52:19      11   20.00    0.00   14.74    1.05    0.00    0.00    0.00    0.00    0.00   64.21
07:52:19      12   19.15    0.00   14.89    1.06    0.00    0.00    0.00    0.00    0.00   64.89
07:52:19      13   18.56    0.00   16.49    2.06    0.00    0.00    0.00    0.00    0.00   62.89
07:52:19      14   24.74    0.00   10.31    2.06    0.00    0.00    0.00    0.00    0.00   62.89
07:52:19      15   20.83    0.00   14.58    1.04    0.00    0.00    0.00    0.00    0.00   63.54
07:52:19      16   21.88    0.00   13.54    2.08    0.00    0.00    0.00    0.00    0.00   62.50
07:52:19      17   20.62    0.00   14.43    2.06    0.00    0.00    0.00    0.00    0.00   62.89
07:52:19      18   19.79    0.00   14.58    2.08    0.00    0.00    0.00    0.00    0.00   63.54
07:52:19      19   21.65    0.00   13.40    2.06    0.00    0.00    0.00    0.00    0.00   62.89
07:52:19      20   22.22    0.00   14.14    2.02    0.00    0.00    0.00    0.00    0.00   61.62
07:52:19      21   22.45    0.00   14.29    2.04    0.00    0.00    0.00    0.00    0.00   61.22
07:52:19      22   22.11    0.00   12.63    2.11    0.00    0.00    0.00    0.00    0.00   63.16
07:52:19      23   20.62    0.00   14.43    2.06    0.00    0.00    0.00    0.00    0.00   62.89
07:52:19      24   22.68    0.00   14.43    1.03    0.00    0.00    0.00    0.00    0.00   61.86
07:52:19      25   22.34    0.00   11.70    1.06    0.00    0.00    0.00    0.00    0.00   64.89
07:52:19      26   22.45    0.00   12.24    2.04    0.00    0.00    0.00    0.00    0.00   63.27
07:52:19      27   22.68    0.00   12.37    2.06    0.00    0.00    0.00    0.00    0.00   62.89
07:52:19      28   22.68    0.00   12.37    3.09    0.00    0.00    0.00    0.00    0.00   61.86
07:52:19      29   23.71    0.00   11.34    1.03    0.00    0.00    0.00    0.00    0.00   63.92
07:52:19      30   19.79    0.00   14.58    1.04    0.00    0.00    0.00    0.00    0.00   64.58
07:52:19      31   22.68    0.00   13.40    2.06    0.00    0.00    0.00    0.00    0.00   61.86

07:52:19     CPU    %usr   %nice    %sys %iowait    %irq   %soft  %steal  %guest  %gnice   %idle
07:52:20     all   22.20    0.00   13.13    1.76    0.00    0.00    0.00    0.00    0.00   62.91
07:52:20       0   21.88    0.00   13.54    2.08    0.00    0.00    0.00    0.00    0.00   62.50
07:52:20       1   22.45    0.00   13.27    2.04    0.00    0.00    0.00    0.00    0.00   62.24
07:52:20       2   21.43    0.00   15.31    1.02    0.00    0.00    0.00    0.00    0.00   62.24
07:52:20       3   23.96    0.00   11.46    2.08    0.00    0.00    0.00    0.00    0.00   62.50
07:52:20       4   20.83    0.00   14.58    2.08    0.00    0.00    0.00    0.00    0.00   62.50
07:52:20       5   21.05    0.00   13.68    1.05    0.00    0.00    0.00    0.00    0.00   64.21
07:52:20       6   22.68    0.00   13.40    2.06    0.00    0.00    0.00    0.00    0.00   61.86
07:52:20       7   23.71    0.00   11.34    2.06    0.00    0.00    0.00    0.00    0.00   62.89
07:52:20       8   21.88    0.00   13.54    2.08    0.00    0.00    0.00    0.00    0.00   62.50
07:52:20       9   22.34    0.00   11.70    1.06    0.00    0.00    0.00    0.00    0.00   64.89
07:52:20      10   23.71    0.00   11.34    1.03    0.00    0.00    0.00    0.00    0.00   63.92
07:52:20      11   24.74    0.00   11.34    2.06    0.00    0.00    0.00    0.00    0.00   61.86
07:52:20      12   22.92    0.00   12.50    1.04    0.00    0.00    0.00    0.00    0.00   63.54
07:52:20      13   23.71    0.00   12.37    1.03    0.00    0.00    0.00    0.00    0.00   62.89
07:52:20      14   22.11    0.00   13.68    1.05    0.00    0.00    0.00    0.00    0.00   63.16
07:52:20      15   20.83    0.00   14.58    1.04    0.00    0.00    0.00    0.00    0.00   63.54
07:52:20      16   21.43    0.00   14.29    2.04    0.00    0.00    0.00    0.00    0.00   62.24
07:52:20      17   22.11    0.00   12.63    1.05    0.00    0.00    0.00    0.00    0.00   64.21
07:52:20      18   21.05    0.00   13.68    1.05    0.00    0.00    0.00    0.00    0.00   64.21
07:52:20      19   20.62    0.00   14.43    2.06    0.00    0.00    0.00    0.00    0.00   62.89
07:52:20      20   23.16    0.00   11.58    2.11    0.00    0.00    0.00    0.00    0.00   63.16
07:52:20      21   20.83    0.00   13.54    2.08    0.00    0.00    0.00    0.00    0.00   63.54
07:52:20      22   22.68    0.00   12.37    2.06    0.00    0.00    0.00    0.00    0.00   62.89
07:52:20      23   21.05    0.00   13.68    2.11    0.00    0.00    0.00    0.00    0.00   63.16
07:52:20      24   21.05    0.00   13.68    3.16    0.00    0.00    0.00    0.00    0.00   62.11
07:52:20      25   21.88    0.00   13.54    2.08    0.00    0.00    0.00    0.00    0.00   62.50
07:52:20      26   22.92    0.00   13.54    1.04    0.00    0.00    0.00    0.00    0.00   62.50
07:52:20      27   21.05    0.00   13.68    2.11    0.00    0.00    0.00    0.00    0.00   63.16
07:52:20      28   23.16    0.00   13.68    2.11    0.00    0.00    0.00    0.00    0.00   61.05
07:52:20      29   22.68    0.00   13.40    2.06    0.00    0.00    0.00    0.00    0.00   61.86
07:52:20      30   22.92    0.00   12.50    2.08    0.00    0.00    0.00    0.00    0.00   62.50
07:52:20      31   21.65    0.00   12.37    2.06    0.00    0.00    0.00    0.00    0.00   63.92

07:52:20     CPU    %usr   %nice    %sys %iowait    %irq   %soft  %steal  %guest  %gnice   %idle
07:52:21     all   21.86    0.00   13.20    1.82    0.00    0.00    0.00    0.00    0.00   63.12
07:52:21       0   22.11    0.00   13.68    1.05    0.00    0.00    0.00    0.00    0.00   63.16
07:52:21       1   23.16    0.00   11.58    2.11    0.00    0.00    0.00    0.00    0.00   63.16
07:52:21       2   22.68    0.00   12.37    2.06    0.00    0.00    0.00    0.00    0.00   62.89
07:52:21       3   21.65    0.00   13.40    2.06    0.00    0.00    0.00    0.00    0.00   62.89
07:52:21       4   22.11    0.00   12.63    2.11    0.00    0.00    0.00    0.00    0.00   63.16
07:52:21       5   21.88    0.00   13.54    1.04    0.00    0.00    0.00    0.00    0.00   63.54
07:52:21       6   21.28    0.00   12.77    2.13    0.00    0.00    0.00    0.00    0.00   63.83
07:52:21       7   21.88    0.00   13.54    3.12    0.00    0.00    0.00    0.00    0.00   61.46
07:52:21       8   21.88    0.00   12.50    1.04    0.00    0.00    0.00    0.00    0.00   64.58
07:52:21       9   20.62    0.00   15.46    2.06    0.00    0.00    0.00    0.00    0.00   61.86
07:52:21      10   20.62    0.00   15.46    2.06    0.00    0.00    0.00    0.00    0.00   61.86
07:52:21      11   21.05    0.00   13.68    1.05    0.00    0.00    0.00    0.00    0.00   64.21
07:52:21      12   21.88    0.00   12.50    3.12    0.00    0.00    0.00    0.00    0.00   62.50
07:52:21      13   20.83    0.00   14.58    2.08    0.00    0.00    0.00    0.00    0.00   62.50
07:52:21      14   21.65    0.00   13.40    2.06    0.00    0.00    0.00    0.00    0.00   62.89
07:52:21      15   22.68    0.00   13.40    2.06    0.00    0.00    0.00    0.00    0.00   61.86
07:52:21      16   21.65    0.00   14.43    2.06    0.00    0.00    0.00    0.00    0.00   61.86
07:52:21      17   22.22    0.00   14.14    2.02    0.00    0.00    0.00    0.00    0.00   61.62
07:52:21      18   22.45    0.00   13.27    1.02    0.00    0.00    0.00    0.00    0.00   63.27
07:52:21      19   21.65    0.00   13.40    2.06    0.00    0.00    0.00    0.00    0.00   62.89
07:52:21      20   21.65    0.00   13.40    1.03    0.00    0.00    0.00    0.00    0.00   63.92
07:52:21      21   20.83    0.00   13.54    2.08    0.00    0.00    0.00    0.00    0.00   63.54
07:52:21      22   22.92    0.00   11.46    2.08    0.00    0.00    0.00    0.00    0.00   63.54
07:52:21      23   21.88    0.00   12.50    1.04    0.00    0.00    0.00    0.00    0.00   64.58
07:52:21      24   21.88    0.00   13.54    1.04    0.00    0.00    0.00    0.00    0.00   63.54
07:52:21      25   20.83    0.00   13.54    2.08    0.00    0.00    0.00    0.00    0.00   63.54
07:52:21      26   23.96    0.00   10.42    2.08    0.00    0.00    0.00    0.00    0.00   63.54
07:52:21      27   23.71    0.00   11.34    2.06    0.00    0.00    0.00    0.00    0.00   62.89
07:52:21      28   21.65    0.00   13.40    1.03    0.00    0.00    0.00    0.00    0.00   63.92
07:52:21      29   21.88    0.00   12.50    2.08    0.00    0.00    0.00    0.00    0.00   63.54
07:52:21      30   20.62    0.00   14.43    2.06    0.00    0.00    0.00    0.00    0.00   62.89
07:52:21      31   21.88    0.00   12.50    1.04    0.00    0.00    0.00    0.00    0.00   64.58

07:52:21     CPU    %usr   %nice    %sys %iowait    %irq   %soft  %steal  %guest  %gnice   %idle
07:52:22     all   21.98    0.00   13.53    1.72    0.00    0.00    0.00    0.00    0.00   62.77
07:52:22       0   21.65    0.00   14.43    2.06    0.00    0.00    0.00    0.00    0.00   61.86
07:52:22       1   21.43    0.00   15.31    2.04    0.00    0.00    0.00    0.00    0.00   61.22
07:52:22       2   22.68    0.00   14.43    1.03    0.00    0.00    0.00    0.00    0.00   61.86
07:52:22       3   22.11    0.00   12.63    2.11    0.00    0.00    0.00    0.00    0.00   63.16
07:52:22       4   22.68    0.00   12.37    1.03    0.00    0.00    0.00    0.00    0.00   63.92
07:52:22       5   22.22    0.00   14.14    3.03    0.00    0.00    0.00    0.00    0.00   60.61
07:52:22       6   21.05    0.00   12.63    2.11    0.00    0.00    0.00    0.00    0.00   64.21
07:52:22       7   20.62    0.00   14.43    1.03    0.00    0.00    0.00    0.00    0.00   63.92
07:52:22       8   22.92    0.00   12.50    1.04    0.00    0.00    0.00    0.00    0.00   63.54
07:52:22       9   19.59    0.00   15.46    2.06    0.00    0.00    0.00    0.00    0.00   62.89
07:52:22      10   21.05    0.00   13.68    1.05    0.00    0.00    0.00    0.00    0.00   64.21
07:52:22      11   22.92    0.00   12.50    2.08    0.00    0.00    0.00    0.00    0.00   62.50
07:52:22      12   21.88    0.00   13.54    2.08    0.00    0.00    0.00    0.00    0.00   62.50
07:52:22      13   21.43    0.00   14.29    2.04    0.00    0.00    0.00    0.00    0.00   62.24
07:52:22      14   22.45    0.00   13.27    2.04    0.00    0.00    0.00    0.00    0.00   62.24
07:52:22      15   21.88    0.00   13.54    1.04    0.00    0.00    0.00    0.00    0.00   63.54
07:52:22      16   20.83    0.00   14.58    1.04    0.00    0.00    0.00    0.00    0.00   63.54
07:52:22      17   21.88    0.00   13.54    1.04    0.00    0.00    0.00    0.00    0.00   63.54
07:52:22      18   23.16    0.00   11.58    2.11    0.00    0.00    0.00    0.00    0.00   63.16
07:52:22      19   21.05    0.00   13.68    1.05    0.00    0.00    0.00    0.00    0.00   64.21
07:52:22      20   24.24    0.00   13.13    2.02    0.00    0.00    0.00    0.00    0.00   60.61
07:52:22      21   23.23    0.00   14.14    3.03    0.00    0.00    0.00    0.00    0.00   59.60
07:52:22      22   20.83    0.00   14.58    2.08    0.00    0.00    0.00    0.00    0.00   62.50
07:52:22      23   22.11    0.00   14.74    2.11    0.00    0.00    0.00    0.00    0.00   61.05
07:52:22      24   22.92    0.00   11.46    2.08    0.00    0.00    0.00    0.00    0.00   63.54
07:52:22      25   21.28    0.00   12.77    1.06    0.00    0.00    0.00    0.00    0.00   64.89
07:52:22      26   19.79    0.00   15.62    2.08    0.00    0.00    0.00    0.00    0.00   62.50
07:52:22      27   21.88    0.00   13.54    1.04    0.00    0.00    0.00    0.00    0.00   63.54
07:52:22      28   22.68    0.00   12.37    2.06    0.00    0.00    0.00    0.00    0.00   62.89
07:52:22      29   23.47    0.00   12.24    1.02    0.00    0.00    0.00    0.00    0.00   63.27
07:52:22      30   22.45    0.00   13.27    2.04    0.00    0.00    0.00    0.00    0.00   62.24
07:52:22      31   22.92    0.00   12.50    1.04    0.00    0.00    0.00    0.00    0.00   63.54

07:52:22     CPU    %usr   %nice    %sys %iowait    %irq   %soft  %steal  %guest  %gnice   %idle
07:52:23     all   21.91    0.00   12.77    1.74    0.00    0.00    0.00    0.00    0.00   63.58
07:52:23       0   20.83    0.00   14.58    2.08    0.00    0.00    0.00    0.00    0.00   62.50
07:52:23       1   22.58    0.00   11.83    2.15    0.00    0.00    0.00    0.00    0.00   63.44
07:52:23       2   20.00    0.00   13.68    2.11    0.00    0.00    0.00    0.00    0.00   64.21
07:52:23       3   22.11    0.00   12.63    2.11    0.00    0.00    0.00    0.00    0.00   63.16
07:52:23       4   21.28    0.00   12.77    1.06    0.00    0.00    0.00    0.00    0.00   64.89
07:52:23       5   23.40    0.00   11.70    1.06    0.00    0.00    0.00    0.00    0.00   63.83
07:52:23       6   22.11    0.00   11.58    2.11    0.00    0.00    0.00    0.00    0.00   64.21
07:52:23       7   21.05    0.00   13.68    2.11    0.00    0.00    0.00    0.00    0.00   63.16
07:52:23       8   22.92    0.00   12.50    1.04    0.00    0.00    0.00    0.00    0.00   63.54
07:52:23       9   23.16    0.00   13.68    1.05    0.00    0.00    0.00    0.00    0.00   62.11
07:52:23      10   21.88    0.00   13.54    3.12    0.00    0.00    0.00    0.00    0.00   61.46
07:52:23      11   22.11    0.00   12.63    1.05    0.00    0.00    0.00    0.00    0.00   64.21
07:52:23      12   22.68    0.00   13.40    1.03    0.00    0.00    0.00    0.00    0.00   62.89
07:52:23      13   22.92    0.00   12.50    2.08    0.00    0.00    0.00    0.00    0.00   62.50
07:52:23      14   22.34    0.00   11.70    1.06    0.00    0.00    0.00    0.00    0.00   64.89
07:52:23      15   22.92    0.00   11.46    3.12    0.00    0.00    0.00    0.00    0.00   62.50
07:52:23      16   21.88    0.00   12.50    2.08    0.00    0.00    0.00    0.00    0.00   63.54
07:52:23      17   22.92    0.00   11.46    2.08    0.00    0.00    0.00    0.00    0.00   63.54
07:52:23      18   20.83    0.00   13.54    1.04    0.00    0.00    0.00    0.00    0.00   64.58
07:52:23      19   22.34    0.00   11.70    1.06    0.00    0.00    0.00    0.00    0.00   64.89
07:52:23      20   23.47    0.00   12.24    2.04    0.00    0.00    0.00    0.00    0.00   62.24
07:52:23      21   21.28    0.00   12.77    1.06    0.00    0.00    0.00    0.00    0.00   64.89
07:52:23      22   20.62    0.00   14.43    2.06    0.00    0.00    0.00    0.00    0.00   62.89
07:52:23      23   22.11    0.00   11.58    2.11    0.00    0.00    0.00    0.00    0.00   64.21
07:52:23      24   20.83    0.00   13.54    1.04    0.00    0.00    0.00    0.00    0.00   64.58
07:52:23      25   21.88    0.00   13.54    2.08    0.00    0.00    0.00    0.00    0.00   62.50
07:52:23      26   22.68    0.00   12.37    2.06    0.00    0.00    0.00    0.00    0.00   62.89
07:52:23      27   21.88    0.00   12.50    2.08    0.00    0.00    0.00    0.00    0.00   63.54
07:52:23      28   21.05    0.00   12.63    2.11    0.00    0.00    0.00    0.00    0.00   64.21
07:52:23      29   20.62    0.00   14.43    1.03    0.00    0.00    0.00    0.00    0.00   63.92
07:52:23      30   21.28    0.00   12.77    1.06    0.00    0.00    0.00    0.00    0.00   64.89
07:52:23      31   21.28    0.00   12.77    2.13    0.00    0.00    0.00    0.00    0.00   63.83

07:52:23     CPU    %usr   %nice    %sys %iowait    %irq   %soft  %steal  %guest  %gnice   %idle
07:52:24     all   21.37    0.00   12.83    1.83    0.00    0.00    0.00    0.00    0.00   63.96
07:52:24       0   22.92    0.00   12.50    2.08    0.00    0.00    0.00    0.00    0.00   62.50
07:52:24       1   23.23    0.00   12.12    2.02    0.00    0.00    0.00    0.00    0.00   62.63
07:52:24       2   21.88    0.00   12.50    1.04    0.00    0.00    0.00    0.00    0.00   64.58
07:52:24       3   22.11    0.00   11.58    2.11    0.00    0.00    0.00    0.00    0.00   64.21
07:52:24       4   21.65    0.00   13.40    2.06    0.00    0.00    0.00    0.00    0.00   62.89
07:52:24       5   19.79    0.00   14.58    2.08    0.00    0.00    0.00    0.00    0.00   63.54
07:52:24       6   22.34    0.00   12.77    1.06    0.00    0.00    0.00    0.00    0.00   63.83
07:52:24       7   22.11    0.00   12.63    1.05    0.00    0.00    0.00    0.00    0.00   64.21
07:52:24       8   20.83    0.00   13.54    3.12    0.00    0.00    0.00    0.00    0.00   62.50
07:52:24       9   22.92    0.00   11.46    2.08    0.00    0.00    0.00    0.00    0.00   63.54
07:52:24      10   21.05    0.00   13.68    1.05    0.00    0.00    0.00    0.00    0.00   64.21
07:52:24      11   21.05    0.00   12.63    2.11    0.00    0.00    0.00    0.00    0.00   64.21
07:52:24      12   20.83    0.00   13.54    1.04    0.00    0.00    0.00    0.00    0.00   64.58
07:52:24      13   22.11    0.00   11.58    2.11    0.00    0.00    0.00    0.00    0.00   64.21
07:52:24      14   21.05    0.00   12.63    2.11    0.00    0.00    0.00    0.00    0.00   64.21
07:52:24      15   21.28    0.00   12.77    2.13    0.00    0.00    0.00    0.00    0.00   63.83
07:52:24      16   23.16    0.00   11.58    1.05    0.00    0.00    0.00    0.00    0.00   64.21
07:52:24      17   21.88    0.00   12.50    2.08    0.00    0.00    0.00    0.00    0.00   63.54
07:52:24      18   20.43    0.00   11.83    2.15    0.00    0.00    0.00    0.00    0.00   65.59
07:52:24      19   21.43    0.00   13.27    2.04    0.00    0.00    0.00    0.00    0.00   63.27
07:52:24      20   20.00    0.00   14.74    2.11    0.00    0.00    0.00    0.00    0.00   63.16
07:52:24      21   20.00    0.00   13.68    2.11    0.00    0.00    0.00    0.00    0.00   64.21
07:52:24      22   20.00    0.00   14.74    1.05    0.00    0.00    0.00    0.00    0.00   64.21
07:52:24      23   22.11    0.00   11.58    2.11    0.00    0.00    0.00    0.00    0.00   64.21
07:52:24      24   21.65    0.00   13.40    2.06    0.00    0.00    0.00    0.00    0.00   62.89
07:52:24      25   21.65    0.00   12.37    3.09    0.00    0.00    0.00    0.00    0.00   62.89
07:52:24      26   20.00    0.00   13.68    1.05    0.00    0.00    0.00    0.00    0.00   65.26
07:52:24      27   19.79    0.00   13.54    1.04    0.00    0.00    0.00    0.00    0.00   65.62
07:52:24      28   21.05    0.00   13.68    1.05    0.00    0.00    0.00    0.00    0.00   64.21
07:52:24      29   21.28    0.00   11.70    1.06    0.00    0.00    0.00    0.00    0.00   65.96
07:52:24      30   21.28    0.00   11.70    2.13    0.00    0.00    0.00    0.00    0.00   64.89
07:52:24      31   21.05    0.00   12.63    3.16    0.00    0.00    0.00    0.00    0.00   63.16

07:52:24     CPU    %usr   %nice    %sys %iowait    %irq   %soft  %steal  %guest  %gnice   %idle
07:52:25     all   21.90    0.00   12.97    1.73    0.00    0.00    0.00    0.00    0.00   63.41
07:52:25       0   21.65    0.00   14.43    2.06    0.00    0.00    0.00    0.00    0.00   61.86
07:52:25       1   22.58    0.00   11.83    1.08    0.00    0.00    0.00    0.00    0.00   64.52
07:52:25       2   21.88    0.00   13.54    1.04    0.00    0.00    0.00    0.00    0.00   63.54
07:52:25       3   20.62    0.00   14.43    2.06    0.00    0.00    0.00    0.00    0.00   62.89
07:52:25       4   22.92    0.00   11.46    2.08    0.00    0.00    0.00    0.00    0.00   63.54
07:52:25       5   21.65    0.00   14.43    1.03    0.00    0.00    0.00    0.00    0.00   62.89
07:52:25       6   22.92    0.00   11.46    2.08    0.00    0.00    0.00    0.00    0.00   63.54
07:52:25       7   21.05    0.00   12.63    1.05    0.00    0.00    0.00    0.00    0.00   65.26
07:52:25       8   20.21    0.00   13.83    1.06    0.00    0.00    0.00    0.00    0.00   64.89
07:52:25       9   21.65    0.00   13.40    2.06    0.00    0.00    0.00    0.00    0.00   62.89
07:52:25      10   20.83    0.00   13.54    2.08    0.00    0.00    0.00    0.00    0.00   63.54
07:52:25      11   21.88    0.00   12.50    2.08    0.00    0.00    0.00    0.00    0.00   63.54
07:52:25      12   21.88    0.00   12.50    1.04    0.00    0.00    0.00    0.00    0.00   64.58
07:52:25      13   22.92    0.00   12.50    2.08    0.00    0.00    0.00    0.00    0.00   62.50
07:52:25      14   23.16    0.00   11.58    1.05    0.00    0.00    0.00    0.00    0.00   64.21
07:52:25      15   22.68    0.00   13.40    2.06    0.00    0.00    0.00    0.00    0.00   61.86
07:52:25      16   19.79    0.00   14.58    2.08    0.00    0.00    0.00    0.00    0.00   63.54
07:52:25      17   22.11    0.00   12.63    2.11    0.00    0.00    0.00    0.00    0.00   63.16
07:52:25      18   23.71    0.00   12.37    1.03    0.00    0.00    0.00    0.00    0.00   62.89
07:52:25      19   20.21    0.00   13.83    1.06    0.00    0.00    0.00    0.00    0.00   64.89
07:52:25      20   23.16    0.00   11.58    2.11    0.00    0.00    0.00    0.00    0.00   63.16
07:52:25      21   20.83    0.00   13.54    2.08    0.00    0.00    0.00    0.00    0.00   63.54
07:52:25      22   20.83    0.00   13.54    2.08    0.00    0.00    0.00    0.00    0.00   63.54
07:52:25      23   22.45    0.00   13.27    2.04    0.00    0.00    0.00    0.00    0.00   62.24
07:52:25      24   19.79    0.00   14.58    2.08    0.00    0.00    0.00    0.00    0.00   63.54
07:52:25      25   23.16    0.00   11.58    1.05    0.00    0.00    0.00    0.00    0.00   64.21
07:52:25      26   23.23    0.00   13.13    3.03    0.00    0.00    0.00    0.00    0.00   60.61
07:52:25      27   21.65    0.00   14.43    1.03    0.00    0.00    0.00    0.00    0.00   62.89
07:52:25      28   21.05    0.00   12.63    1.05    0.00    0.00    0.00    0.00    0.00   65.26
07:52:25      29   22.34    0.00   11.70    2.13    0.00    0.00    0.00    0.00    0.00   63.83
07:52:25      30   23.16    0.00   11.58    2.11    0.00    0.00    0.00    0.00    0.00   63.16
07:52:25      31   22.68    0.00   12.37    2.06    0.00    0.00    0.00    0.00    0.00   62.89

07:52:25     CPU    %usr   %nice    %sys %iowait    %irq   %soft  %steal  %guest  %gnice   %idle
07:52:26     all   21.22    0.00   13.04    1.92    0.00    0.00    0.00    0.00    0.00   63.82
07:52:26       0   21.05    0.00   12.63    2.11    0.00    0.00    0.00    0.00    0.00   64.21
07:52:26       1   21.88    0.00   12.50    3.12    0.00    0.00    0.00    0.00    0.00   62.50
07:52:26       2   20.83    0.00   13.54    2.08    0.00    0.00    0.00    0.00    0.00   63.54
07:52:26       3   20.00    0.00   14.74    1.05    0.00    0.00    0.00    0.00    0.00   64.21
07:52:26       4   22.45    0.00   14.29    2.04    0.00    0.00    0.00    0.00    0.00   61.22
07:52:26       5   22.92    0.00   11.46    2.08    0.00    0.00    0.00    0.00    0.00   63.54
07:52:26       6   23.16    0.00   11.58    1.05    0.00    0.00    0.00    0.00    0.00   64.21
07:52:26       7   20.00    0.00   13.68    2.11    0.00    0.00    0.00    0.00    0.00   64.21
07:52:26       8   22.45    0.00   13.27    2.04    0.00    0.00    0.00    0.00    0.00   62.24
07:52:26       9   21.88    0.00   12.50    2.08    0.00    0.00    0.00    0.00    0.00   63.54
07:52:26      10   21.05    0.00   13.68    2.11    0.00    0.00    0.00    0.00    0.00   63.16
07:52:26      11   22.11    0.00   12.63    2.11    0.00    0.00    0.00    0.00    0.00   63.16
07:52:26      12   21.88    0.00   12.50    1.04    0.00    0.00    0.00    0.00    0.00   64.58
07:52:26      13   20.21    0.00   12.77    2.13    0.00    0.00    0.00    0.00    0.00   64.89
07:52:26      14   20.62    0.00   13.40    2.06    0.00    0.00    0.00    0.00    0.00   63.92
07:52:26      15   18.95    0.00   14.74    2.11    0.00    0.00    0.00    0.00    0.00   64.21
07:52:26      16   21.88    0.00   13.54    2.08    0.00    0.00    0.00    0.00    0.00   62.50
07:52:26      17   20.83    0.00   12.50    2.08    0.00    0.00    0.00    0.00    0.00   64.58
07:52:26      18   21.88    0.00   12.50    2.08    0.00    0.00    0.00    0.00    0.00   63.54
07:52:26      19   21.43    0.00   12.24    2.04    0.00    0.00    0.00    0.00    0.00   64.29
07:52:26      20   21.88    0.00   11.46    2.08    0.00    0.00    0.00    0.00    0.00   64.58
07:52:26      21   21.88    0.00   12.50    1.04    0.00    0.00    0.00    0.00    0.00   64.58
07:52:26      22   19.79    0.00   14.58    1.04    0.00    0.00    0.00    0.00    0.00   64.58
07:52:26      23   21.05    0.00   12.63    1.05    0.00    0.00    0.00    0.00    0.00   65.26
07:52:26      24   19.15    0.00   13.83    1.06    0.00    0.00    0.00    0.00    0.00   65.96
07:52:26      25   19.79    0.00   14.58    2.08    0.00    0.00    0.00    0.00    0.00   63.54
07:52:26      26   22.34    0.00   11.70    1.06    0.00    0.00    0.00    0.00    0.00   64.89
07:52:26      27   21.05    0.00   12.63    2.11    0.00    0.00    0.00    0.00    0.00   64.21
07:52:26      28   20.41    0.00   14.29    3.06    0.00    0.00    0.00    0.00    0.00   62.24
07:52:26      29   21.65    0.00   12.37    3.09    0.00    0.00    0.00    0.00    0.00   62.89
07:52:26      30   20.83    0.00   12.50    2.08    0.00    0.00    0.00    0.00    0.00   64.58
07:52:26      31   21.65    0.00   13.40    2.06    0.00    0.00    0.00    0.00    0.00   62.89

07:52:26     CPU    %usr   %nice    %sys %iowait    %irq   %soft  %steal  %guest  %gnice   %idle
07:52:27     all   22.36    0.00   12.69    1.55    0.00    0.00    0.00    0.00    0.00   63.40
07:52:27       0   19.59    0.00   15.46    2.06    0.00    0.00    0.00    0.00    0.00   62.89
07:52:27       1   23.47    0.00   12.24    2.04    0.00    0.00    0.00    0.00    0.00   62.24
07:52:27       2   20.83    0.00   13.54    1.04    0.00    0.00    0.00    0.00    0.00   64.58
07:52:27       3   22.92    0.00   11.46    1.04    0.00    0.00    0.00    0.00    0.00   64.58
07:52:27       4   21.88    0.00   12.50    1.04    0.00    0.00    0.00    0.00    0.00   64.58
07:52:27       5   22.92    0.00   12.50    1.04    0.00    0.00    0.00    0.00    0.00   63.54
07:52:27       6   22.22    0.00   14.14    2.02    0.00    0.00    0.00    0.00    0.00   61.62
07:52:27       7   20.83    0.00   13.54    2.08    0.00    0.00    0.00    0.00    0.00   63.54
07:52:27       8   21.88    0.00   12.50    2.08    0.00    0.00    0.00    0.00    0.00   63.54
07:52:27       9   21.28    0.00   12.77    1.06    0.00    0.00    0.00    0.00    0.00   64.89
07:52:27      10   24.49    0.00   11.22    2.04    0.00    0.00    0.00    0.00    0.00   62.24
07:52:27      11   22.92    0.00   12.50    1.04    0.00    0.00    0.00    0.00    0.00   63.54
07:52:27      12   22.34    0.00   11.70    1.06    0.00    0.00    0.00    0.00    0.00   64.89
07:52:27      13   25.51    0.00   11.22    2.04    0.00    0.00    0.00    0.00    0.00   61.22
07:52:27      14   23.96    0.00   11.46    1.04    0.00    0.00    0.00    0.00    0.00   63.54
07:52:27      15   21.65    0.00   13.40    1.03    0.00    0.00    0.00    0.00    0.00   63.92
07:52:27      16   20.62    0.00   14.43    2.06    0.00    0.00    0.00    0.00    0.00   62.89
07:52:27      17   23.47    0.00   12.24    1.02    0.00    0.00    0.00    0.00    0.00   63.27
07:52:27      18   20.62    0.00   14.43    1.03    0.00    0.00    0.00    0.00    0.00   63.92
07:52:27      19   22.92    0.00   12.50    1.04    0.00    0.00    0.00    0.00    0.00   63.54
07:52:27      20   20.83    0.00   13.54    1.04    0.00    0.00    0.00    0.00    0.00   64.58
07:52:27      21   21.88    0.00   12.50    2.08    0.00    0.00    0.00    0.00    0.00   63.54
07:52:27      22   21.65    0.00   13.40    2.06    0.00    0.00    0.00    0.00    0.00   62.89
07:52:27      23   23.47    0.00   11.22    2.04    0.00    0.00    0.00    0.00    0.00   63.27
07:52:27      24   21.88    0.00   12.50    1.04    0.00    0.00    0.00    0.00    0.00   64.58
07:52:27      25   22.45    0.00   13.27    2.04    0.00    0.00    0.00    0.00    0.00   62.24
07:52:27      26   23.71    0.00   11.34    1.03    0.00    0.00    0.00    0.00    0.00   63.92
07:52:27      27   22.92    0.00   11.46    3.12    0.00    0.00    0.00    0.00    0.00   62.50
07:52:27      28   23.16    0.00   11.58    1.05    0.00    0.00    0.00    0.00    0.00   64.21
07:52:27      29   22.92    0.00   13.54    2.08    0.00    0.00    0.00    0.00    0.00   61.46
07:52:27      30   21.65    0.00   13.40    1.03    0.00    0.00    0.00    0.00    0.00   63.92
07:52:27      31   22.68    0.00   12.37    2.06    0.00    0.00    0.00    0.00    0.00   62.89

07:52:27     CPU    %usr   %nice    %sys %iowait    %irq   %soft  %steal  %guest  %gnice   %idle
07:52:28     all   22.46    0.00   12.99    1.81    0.00    0.00    0.00    0.00    0.00   62.73
07:52:28       0   22.11    0.00   13.68    1.05    0.00    0.00    0.00    0.00    0.00   63.16
07:52:28       1   23.47    0.00   13.27    2.04    0.00    0.00    0.00    0.00    0.00   61.22
07:52:28       2   22.92    0.00   12.50    2.08    0.00    0.00    0.00    0.00    0.00   62.50
07:52:28       3   24.74    0.00   10.31    2.06    0.00    0.00    0.00    0.00    0.00   62.89
07:52:28       4   22.45    0.00   13.27    2.04    0.00    0.00    0.00    0.00    0.00   62.24
07:52:28       5   21.65    0.00   14.43    2.06    0.00    0.00    0.00    0.00    0.00   61.86
07:52:28       6   22.11    0.00   13.68    1.05    0.00    0.00    0.00    0.00    0.00   63.16
07:52:28       7   20.83    0.00   14.58    1.04    0.00    0.00    0.00    0.00    0.00   63.54
07:52:28       8   22.68    0.00   13.40    1.03    0.00    0.00    0.00    0.00    0.00   62.89
07:52:28       9   23.16    0.00   11.58    1.05    0.00    0.00    0.00    0.00    0.00   64.21
07:52:28      10   22.68    0.00   13.40    2.06    0.00    0.00    0.00    0.00    0.00   61.86
07:52:28      11   22.68    0.00   13.40    2.06    0.00    0.00    0.00    0.00    0.00   61.86
07:52:28      12   23.71    0.00   12.37    2.06    0.00    0.00    0.00    0.00    0.00   61.86
07:52:28      13   23.47    0.00   13.27    2.04    0.00    0.00    0.00    0.00    0.00   61.22
07:52:28      14   21.88    0.00   12.50    2.08    0.00    0.00    0.00    0.00    0.00   63.54
07:52:28      15   22.68    0.00   12.37    2.06    0.00    0.00    0.00    0.00    0.00   62.89
07:52:28      16   22.68    0.00   12.37    2.06    0.00    0.00    0.00    0.00    0.00   62.89
07:52:28      17   20.41    0.00   15.31    2.04    0.00    0.00    0.00    0.00    0.00   62.24
07:52:28      18   22.92    0.00   11.46    2.08    0.00    0.00    0.00    0.00    0.00   63.54
07:52:28      19   21.88    0.00   13.54    2.08    0.00    0.00    0.00    0.00    0.00   62.50
07:52:28      20   22.92    0.00   12.50    2.08    0.00    0.00    0.00    0.00    0.00   62.50
07:52:28      21   22.92    0.00   12.50    1.04    0.00    0.00    0.00    0.00    0.00   63.54
07:52:28      22   22.68    0.00   12.37    3.09    0.00    0.00    0.00    0.00    0.00   61.86
07:52:28      23   22.68    0.00   13.40    2.06    0.00    0.00    0.00    0.00    0.00   61.86
07:52:28      24   22.68    0.00   13.40    2.06    0.00    0.00    0.00    0.00    0.00   61.86
07:52:28      25   22.34    0.00   12.77    1.06    0.00    0.00    0.00    0.00    0.00   63.83
07:52:28      26   21.65    0.00   13.40    1.03    0.00    0.00    0.00    0.00    0.00   63.92
07:52:28      27   22.92    0.00   12.50    2.08    0.00    0.00    0.00    0.00    0.00   62.50
07:52:28      28   20.62    0.00   14.43    2.06    0.00    0.00    0.00    0.00    0.00   62.89
07:52:28      29   20.62    0.00   14.43    2.06    0.00    0.00    0.00    0.00    0.00   62.89
07:52:28      30   22.58    0.00   10.75    2.15    0.00    0.00    0.00    0.00    0.00   64.52
07:52:28      31   22.92    0.00   12.50    1.04    0.00    0.00    0.00    0.00    0.00   63.54

07:52:28     CPU    %usr   %nice    %sys %iowait    %irq   %soft  %steal  %guest  %gnice   %idle
07:52:29     all   22.16    0.00   13.05    1.79    0.00    0.00    0.00    0.00    0.00   63.00
07:52:29       0   22.68    0.00   13.40    2.06    0.00    0.00    0.00    0.00    0.00   61.86
07:52:29       1   21.88    0.00   13.54    2.08    0.00    0.00    0.00    0.00    0.00   62.50
07:52:29       2   20.00    0.00   14.74    2.11    0.00    0.00    0.00    0.00    0.00   63.16
07:52:29       3   22.11    0.00   12.63    2.11    0.00    0.00    0.00    0.00    0.00   63.16
07:52:29       4   22.68    0.00   13.40    1.03    0.00    0.00    0.00    0.00    0.00   62.89
07:52:29       5   22.11    0.00   11.58    2.11    0.00    0.00    0.00    0.00    0.00   64.21
07:52:29       6   22.22    0.00   14.14    2.02    0.00    0.00    0.00    0.00    0.00   61.62
07:52:29       7   20.62    0.00   15.46    2.06    0.00    0.00    0.00    0.00    0.00   61.86
07:52:29       8   21.65    0.00   14.43    1.03    0.00    0.00    0.00    0.00    0.00   62.89
07:52:29       9   21.65    0.00   13.40    3.09    0.00    0.00    0.00    0.00    0.00   61.86
07:52:29      10   23.71    0.00   12.37    1.03    0.00    0.00    0.00    0.00    0.00   62.89
07:52:29      11   22.45    0.00   13.27    3.06    0.00    0.00    0.00    0.00    0.00   61.22
07:52:29      12   23.47    0.00   12.24    2.04    0.00    0.00    0.00    0.00    0.00   62.24
07:52:29      13   22.11    0.00   12.63    1.05    0.00    0.00    0.00    0.00    0.00   64.21
07:52:29      14   22.11    0.00   12.63    2.11    0.00    0.00    0.00    0.00    0.00   63.16
07:52:29      15   22.34    0.00   12.77    2.13    0.00    0.00    0.00    0.00    0.00   62.77
07:52:29      16   23.96    0.00   12.50    1.04    0.00    0.00    0.00    0.00    0.00   62.50
07:52:29      17   21.05    0.00   13.68    1.05    0.00    0.00    0.00    0.00    0.00   64.21
07:52:29      18   21.05    0.00   13.68    2.11    0.00    0.00    0.00    0.00    0.00   63.16
07:52:29      19   22.11    0.00   11.58    2.11    0.00    0.00    0.00    0.00    0.00   64.21
07:52:29      20   22.92    0.00   12.50    1.04    0.00    0.00    0.00    0.00    0.00   63.54
07:52:29      21   23.96    0.00   12.50    2.08    0.00    0.00    0.00    0.00    0.00   61.46
07:52:29      22   20.00    0.00   14.74    1.05    0.00    0.00    0.00    0.00    0.00   64.21
07:52:29      23   23.16    0.00   11.58    2.11    0.00    0.00    0.00    0.00    0.00   63.16
07:52:29      24   23.71    0.00   11.34    1.03    0.00    0.00    0.00    0.00    0.00   63.92
07:52:29      25   21.65    0.00   13.40    2.06    0.00    0.00    0.00    0.00    0.00   62.89
07:52:29      26   20.21    0.00   12.77    2.13    0.00    0.00    0.00    0.00    0.00   64.89
07:52:29      27   21.88    0.00   13.54    2.08    0.00    0.00    0.00    0.00    0.00   62.50
07:52:29      28   22.11    0.00   13.68    1.05    0.00    0.00    0.00    0.00    0.00   63.16
07:52:29      29   23.71    0.00   12.37    1.03    0.00    0.00    0.00    0.00    0.00   62.89
07:52:29      30   20.83    0.00   13.54    2.08    0.00    0.00    0.00    0.00    0.00   63.54
07:52:29      31   22.92    0.00   11.46    2.08    0.00    0.00    0.00    0.00    0.00   63.54

07:52:29     CPU    %usr   %nice    %sys %iowait    %irq   %soft  %steal  %guest  %gnice   %idle
07:52:30     all   21.83    0.00   13.50    1.81    0.00    0.00    0.00    0.00    0.00   62.86
07:52:30       0   22.92    0.00   12.50    1.04    0.00    0.00    0.00    0.00    0.00   63.54
07:52:30       1   22.68    0.00   13.40    2.06    0.00    0.00    0.00    0.00    0.00   61.86
07:52:30       2   20.83    0.00   14.58    2.08    0.00    0.00    0.00    0.00    0.00   62.50
07:52:30       3   21.65    0.00   14.43    2.06    0.00    0.00    0.00    0.00    0.00   61.86
07:52:30       4   19.79    0.00   14.58    1.04    0.00    0.00    0.00    0.00    0.00   64.58
07:52:30       5   21.21    0.00   15.15    2.02    0.00    0.00    0.00    0.00    0.00   61.62
07:52:30       6   21.65    0.00   14.43    2.06    0.00    0.00    0.00    0.00    0.00   61.86
07:52:30       7   20.00    0.00   13.68    2.11    0.00    0.00    0.00    0.00    0.00   64.21
07:52:30       8   21.21    0.00   14.14    2.02    0.00    0.00    0.00    0.00    0.00   62.63
07:52:30       9   22.45    0.00   15.31    1.02    0.00    0.00    0.00    0.00    0.00   61.22
07:52:30      10   21.43    0.00   14.29    2.04    0.00    0.00    0.00    0.00    0.00   62.24
07:52:30      11   21.05    0.00   14.74    1.05    0.00    0.00    0.00    0.00    0.00   63.16
07:52:30      12   21.88    0.00   13.54    2.08    0.00    0.00    0.00    0.00    0.00   62.50
07:52:30      13   21.65    0.00   13.40    2.06    0.00    0.00    0.00    0.00    0.00   62.89
07:52:30      14   22.68    0.00   13.40    1.03    0.00    0.00    0.00    0.00    0.00   62.89
07:52:30      15   21.88    0.00   12.50    2.08    0.00    0.00    0.00    0.00    0.00   63.54
07:52:30      16   21.65    0.00   13.40    2.06    0.00    0.00    0.00    0.00    0.00   62.89
07:52:30      17   21.88    0.00   12.50    2.08    0.00    0.00    0.00    0.00    0.00   63.54
07:52:30      18   21.88    0.00   13.54    2.08    0.00    0.00    0.00    0.00    0.00   62.50
07:52:30      19   22.68    0.00   13.40    1.03    0.00    0.00    0.00    0.00    0.00   62.89
07:52:30      20   20.62    0.00   14.43    2.06    0.00    0.00    0.00    0.00    0.00   62.89
07:52:30      21   21.65    0.00   13.40    2.06    0.00    0.00    0.00    0.00    0.00   62.89
07:52:30      22   22.92    0.00   12.50    1.04    0.00    0.00    0.00    0.00    0.00   63.54
07:52:30      23   21.65    0.00   13.40    2.06    0.00    0.00    0.00    0.00    0.00   62.89
07:52:30      24   22.92    0.00   11.46    2.08    0.00    0.00    0.00    0.00    0.00   63.54
07:52:30      25   22.22    0.00   15.15    3.03    0.00    0.00    0.00    0.00    0.00   59.60
07:52:30      26   23.16    0.00   11.58    1.05    0.00    0.00    0.00    0.00    0.00   64.21
07:52:30      27   22.68    0.00   12.37    1.03    0.00    0.00    0.00    0.00    0.00   63.92
07:52:30      28   21.43    0.00   13.27    2.04    0.00    0.00    0.00    0.00    0.00   63.27
07:52:30      29   21.88    0.00   12.50    2.08    0.00    0.00    0.00    0.00    0.00   63.54
07:52:30      30   21.88    0.00   12.50    2.08    0.00    0.00    0.00    0.00    0.00   63.54
07:52:30      31   22.68    0.00   12.37    2.06    0.00    0.00    0.00    0.00    0.00   62.89

07:52:30     CPU    %usr   %nice    %sys %iowait    %irq   %soft  %steal  %guest  %gnice   %idle
07:52:31     all   21.91    0.00   13.25    1.70    0.00    0.00    0.00    0.00    0.00   63.14
07:52:31       0   21.28    0.00   13.83    1.06    0.00    0.00    0.00    0.00    0.00   63.83
07:52:31       1   21.88    0.00   12.50    2.08    0.00    0.00    0.00    0.00    0.00   63.54
07:52:31       2   20.62    0.00   14.43    2.06    0.00    0.00    0.00    0.00    0.00   62.89
07:52:31       3   22.92    0.00   11.46    2.08    0.00    0.00    0.00    0.00    0.00   63.54
07:52:31       4   22.34    0.00   11.70    1.06    0.00    0.00    0.00    0.00    0.00   64.89
07:52:31       5   23.16    0.00   12.63    1.05    0.00    0.00    0.00    0.00    0.00   63.16
07:52:31       6   21.05    0.00   13.68    1.05    0.00    0.00    0.00    0.00    0.00   64.21
07:52:31       7   21.05    0.00   13.68    1.05    0.00    0.00    0.00    0.00    0.00   64.21
07:52:31       8   21.88    0.00   13.54    1.04    0.00    0.00    0.00    0.00    0.00   63.54
07:52:31       9   21.65    0.00   13.40    2.06    0.00    0.00    0.00    0.00    0.00   62.89
07:52:31      10   20.83    0.00   15.62    1.04    0.00    0.00    0.00    0.00    0.00   62.50
07:52:31      11   21.88    0.00   13.54    3.12    0.00    0.00    0.00    0.00    0.00   61.46
07:52:31      12   23.16    0.00   12.63    1.05    0.00    0.00    0.00    0.00    0.00   63.16
07:52:31      13   21.88    0.00   13.54    1.04    0.00    0.00    0.00    0.00    0.00   63.54
07:52:31      14   21.28    0.00   12.77    3.19    0.00    0.00    0.00    0.00    0.00   62.77
07:52:31      15   22.11    0.00   12.63    1.05    0.00    0.00    0.00    0.00    0.00   64.21
07:52:31      16   21.88    0.00   12.50    3.12    0.00    0.00    0.00    0.00    0.00   62.50
07:52:31      17   20.83    0.00   14.58    1.04    0.00    0.00    0.00    0.00    0.00   63.54
07:52:31      18   21.65    0.00   14.43    1.03    0.00    0.00    0.00    0.00    0.00   62.89
07:52:31      19   22.68    0.00   13.40    1.03    0.00    0.00    0.00    0.00    0.00   62.89
07:52:31      20   23.40    0.00   11.70    2.13    0.00    0.00    0.00    0.00    0.00   62.77
07:52:31      21   20.83    0.00   14.58    2.08    0.00    0.00    0.00    0.00    0.00   62.50
07:52:31      22   23.47    0.00   12.24    2.04    0.00    0.00    0.00    0.00    0.00   62.24
07:52:31      23   21.88    0.00   13.54    2.08    0.00    0.00    0.00    0.00    0.00   62.50
07:52:31      24   21.05    0.00   13.68    2.11    0.00    0.00    0.00    0.00    0.00   63.16
07:52:31      25   22.92    0.00   12.50    2.08    0.00    0.00    0.00    0.00    0.00   62.50
07:52:31      26   22.11    0.00   12.63    1.05    0.00    0.00    0.00    0.00    0.00   64.21
07:52:31      27   21.88    0.00   13.54    2.08    0.00    0.00    0.00    0.00    0.00   62.50
07:52:31      28   21.88    0.00   13.54    1.04    0.00    0.00    0.00    0.00    0.00   63.54
07:52:31      29   21.88    0.00   13.54    2.08    0.00    0.00    0.00    0.00    0.00   62.50
07:52:31      30   21.65    0.00   13.40    3.09    0.00    0.00    0.00    0.00    0.00   61.86
07:52:31      31   22.11    0.00   12.63    1.05    0.00    0.00    0.00    0.00    0.00   64.21

07:52:31     CPU    %usr   %nice    %sys %iowait    %irq   %soft  %steal  %guest  %gnice   %idle
07:52:32     all   22.05    0.00   13.15    1.69    0.00    0.00    0.00    0.00    0.00   63.12
07:52:32       0   22.45    0.00   13.27    2.04    0.00    0.00    0.00    0.00    0.00   62.24
07:52:32       1   21.65    0.00   14.43    2.06    0.00    0.00    0.00    0.00    0.00   61.86
07:52:32       2   22.68    0.00   13.40    2.06    0.00    0.00    0.00    0.00    0.00   61.86
07:52:32       3   22.92    0.00   13.54    1.04    0.00    0.00    0.00    0.00    0.00   62.50
07:52:32       4   20.83    0.00   13.54    2.08    0.00    0.00    0.00    0.00    0.00   63.54
07:52:32       5   20.41    0.00   15.31    2.04    0.00    0.00    0.00    0.00    0.00   62.24
07:52:32       6   21.88    0.00   13.54    1.04    0.00    0.00    0.00    0.00    0.00   63.54
07:52:32       7   21.88    0.00   13.54    2.08    0.00    0.00    0.00    0.00    0.00   62.50
07:52:32       8   22.68    0.00   13.40    2.06    0.00    0.00    0.00    0.00    0.00   61.86
07:52:32       9   22.11    0.00   12.63    2.11    0.00    0.00    0.00    0.00    0.00   63.16
07:52:32      10   20.00    0.00   14.74    2.11    0.00    0.00    0.00    0.00    0.00   63.16
07:52:32      11   21.05    0.00   13.68    2.11    0.00    0.00    0.00    0.00    0.00   63.16
07:52:32      12   21.88    0.00   12.50    2.08    0.00    0.00    0.00    0.00    0.00   63.54
07:52:32      13   20.83    0.00   14.58    2.08    0.00    0.00    0.00    0.00    0.00   62.50
07:52:32      14   22.68    0.00   13.40    1.03    0.00    0.00    0.00    0.00    0.00   62.89
07:52:32      15   22.68    0.00   12.37    2.06    0.00    0.00    0.00    0.00    0.00   62.89
07:52:32      16   22.92    0.00   13.54    1.04    0.00    0.00    0.00    0.00    0.00   62.50
07:52:32      17   22.68    0.00   12.37    1.03    0.00    0.00    0.00    0.00    0.00   63.92
07:52:32      18   22.11    0.00   12.63    1.05    0.00    0.00    0.00    0.00    0.00   64.21
07:52:32      19   21.88    0.00   13.54    2.08    0.00    0.00    0.00    0.00    0.00   62.50
07:52:32      20   23.23    0.00   13.13    1.01    0.00    0.00    0.00    0.00    0.00   62.63
07:52:32      21   21.05    0.00   12.63    2.11    0.00    0.00    0.00    0.00    0.00   64.21
07:52:32      22   22.34    0.00   11.70    2.13    0.00    0.00    0.00    0.00    0.00   63.83
07:52:32      23   21.88    0.00   12.50    1.04    0.00    0.00    0.00    0.00    0.00   64.58
07:52:32      24   21.43    0.00   14.29    2.04    0.00    0.00    0.00    0.00    0.00   62.24
07:52:32      25   23.16    0.00   12.63    1.05    0.00    0.00    0.00    0.00    0.00   63.16
07:52:32      26   22.68    0.00   12.37    2.06    0.00    0.00    0.00    0.00    0.00   62.89
07:52:32      27   20.83    0.00   13.54    2.08    0.00    0.00    0.00    0.00    0.00   63.54
07:52:32      28   21.88    0.00   12.50    1.04    0.00    0.00    0.00    0.00    0.00   64.58
07:52:32      29   22.92    0.00   11.46    2.08    0.00    0.00    0.00    0.00    0.00   63.54
07:52:32      30   22.92    0.00   12.50    1.04    0.00    0.00    0.00    0.00    0.00   63.54
07:52:32      31   22.92    0.00   11.46    1.04    0.00    0.00    0.00    0.00    0.00   64.58

07:52:32     CPU    %usr   %nice    %sys %iowait    %irq   %soft  %steal  %guest  %gnice   %idle
07:52:33     all   21.60    0.00   12.85    1.89    0.00    0.00    0.00    0.00    0.00   63.65
07:52:33       0   22.92    0.00   12.50    2.08    0.00    0.00    0.00    0.00    0.00   62.50
07:52:33       1   22.11    0.00   12.63    1.05    0.00    0.00    0.00    0.00    0.00   64.21
07:52:33       2   23.96    0.00   11.46    1.04    0.00    0.00    0.00    0.00    0.00   63.54
07:52:33       3   22.68    0.00   12.37    2.06    0.00    0.00    0.00    0.00    0.00   62.89
07:52:33       4   22.34    0.00   11.70    2.13    0.00    0.00    0.00    0.00    0.00   63.83
07:52:33       5   20.21    0.00   12.77    2.13    0.00    0.00    0.00    0.00    0.00   64.89
07:52:33       6   20.41    0.00   14.29    2.04    0.00    0.00    0.00    0.00    0.00   63.27
07:52:33       7   22.92    0.00   11.46    2.08    0.00    0.00    0.00    0.00    0.00   63.54
07:52:33       8   22.92    0.00   11.46    2.08    0.00    0.00    0.00    0.00    0.00   63.54
07:52:33       9   21.43    0.00   14.29    2.04    0.00    0.00    0.00    0.00    0.00   62.24
07:52:33      10   20.00    0.00   13.68    2.11    0.00    0.00    0.00    0.00    0.00   64.21
07:52:33      11   21.28    0.00   12.77    1.06    0.00    0.00    0.00    0.00    0.00   64.89
07:52:33      12   21.65    0.00   13.40    2.06    0.00    0.00    0.00    0.00    0.00   62.89
07:52:33      13   20.83    0.00   13.54    3.12    0.00    0.00    0.00    0.00    0.00   62.50
07:52:33      14   21.88    0.00   12.50    3.12    0.00    0.00    0.00    0.00    0.00   62.50
07:52:33      15   20.83    0.00   14.58    2.08    0.00    0.00    0.00    0.00    0.00   62.50
07:52:33      16   22.22    0.00   15.15    2.02    0.00    0.00    0.00    0.00    0.00   60.61
07:52:33      17   22.11    0.00   11.58    1.05    0.00    0.00    0.00    0.00    0.00   65.26
07:52:33      18   21.65    0.00   13.40    2.06    0.00    0.00    0.00    0.00    0.00   62.89
07:52:33      19   21.05    0.00   12.63    1.05    0.00    0.00    0.00    0.00    0.00   65.26
07:52:33      20   21.65    0.00   13.40    2.06    0.00    0.00    0.00    0.00    0.00   62.89
07:52:33      21   22.34    0.00   11.70    2.13    0.00    0.00    0.00    0.00    0.00   63.83
07:52:33      22   21.65    0.00   13.40    2.06    0.00    0.00    0.00    0.00    0.00   62.89
07:52:33      23   20.00    0.00   13.68    2.11    0.00    0.00    0.00    0.00    0.00   64.21
07:52:33      24   24.21    0.00   10.53    1.05    0.00    0.00    0.00    0.00    0.00   64.21
07:52:33      25   19.79    0.00   14.58    2.08    0.00    0.00    0.00    0.00    0.00   63.54
07:52:33      26   19.79    0.00   14.58    2.08    0.00    0.00    0.00    0.00    0.00   63.54
07:52:33      27   21.88    0.00   12.50    1.04    0.00    0.00    0.00    0.00    0.00   64.58
07:52:33      28   21.05    0.00   12.63    2.11    0.00    0.00    0.00    0.00    0.00   64.21
07:52:33      29   21.28    0.00   11.70    2.13    0.00    0.00    0.00    0.00    0.00   64.89
07:52:33      30   20.83    0.00   12.50    2.08    0.00    0.00    0.00    0.00    0.00   64.58
07:52:33      31   21.28    0.00   11.70    1.06    0.00    0.00    0.00    0.00    0.00   65.96

07:52:33     CPU    %usr   %nice    %sys %iowait    %irq   %soft  %steal  %guest  %gnice   %idle
07:52:34     all   22.34    0.00   12.92    1.72    0.00    0.00    0.00    0.00    0.00   63.03
07:52:34       0   22.68    0.00   13.40    1.03    0.00    0.00    0.00    0.00    0.00   62.89
07:52:34       1   21.88    0.00   12.50    2.08    0.00    0.00    0.00    0.00    0.00   63.54
07:52:34       2   23.47    0.00   12.24    3.06    0.00    0.00    0.00    0.00    0.00   61.22
