# Benchmark: [POSTGRES DISK] pgbench TPC-B - PostgreSQL OLTP

**Date:** 2026-01-04 08:23:43
**Scenario:** PostgreSQL OLTP - 100 clients, TPC-B like workload with full monitoring

---

## Target Disk

| Property | Value |
|----------|-------|
| **Name** | **POSTGRES** |
| **Mount Point** | `/data,/wal` |
| **Device** | `/dev/md0,/dev/md1` |
| **Volumes** | `nvme1n1, nvme2n1, nvme3n1, nvme4n1, nvme5n1, nvme6n1, nvme7n1, nvme8n1, nvme9n1, nvme10n1, nvme11n1, nvme12n1, nvme13n1, nvme14n1, nvme15n1, nvme16n1, md0, md1` |

---

## System Configuration

```
=== INSTANCE ===

Linux ip-10-0-1-171 6.14.0-1018-aws #18~24.04.1-Ubuntu SMP Mon Nov 24 19:32:52 UTC 2025 aarch64 aarch64 aarch64 GNU/Linux
Architecture:                            aarch64
CPU(s):                                  32
Model name:                              Neoverse-V2
total        used        free      shared  buff/cache   available
Mem:            61Gi        24Gi       5.7Gi       2.6Mi        33Gi        37Gi
Swap:             0B          0B          0B

=== OS TUNING ===
vm.swappiness = 1
vm.dirty_ratio = 4
vm.dirty_background_ratio = 1
vm.dirty_expire_centisecs = 200
vm.dirty_writeback_centisecs = 100
always madvise [never]

=== NETWORK ===
net.core.somaxconn = 4096
net.core.rmem_max = 16777216
net.core.wmem_max = 16777216
net.ipv4.tcp_tw_reuse = 1
net.ipv4.tcp_fin_timeout = 15

=== DISK - RAID ===
Personalities : [raid10] 
md1 : active raid10 nvme9n1[6] nvme13n1[2] nvme15n1[1] nvme11n1[7] nvme14n1[4] nvme12n1[0] nvme10n1[3] nvme16n1[5]
      125759488 blocks super 1.2 256K chunks 2 near-copies [8/8] [UUUUUUUU]
      
md0 : active raid10 nvme0n1[4] nvme4n1[6] nvme7n1[2] nvme6n1[3] nvme3n1[5] nvme2n1[7] nvme8n1[0] nvme5n1[1]
      209580032 blocks super 1.2 64K chunks 2 near-copies [8/8] [UUUUUUUU]
      
unused devices: <none>
/dev/md0:
           Version : 1.2
     Creation Time : Sat Jan  3 08:26:08 2026
        Raid Level : raid10
        Array Size : 209580032 (199.87 GiB 214.61 GB)
     Used Dev Size : 52395008 (49.97 GiB 53.65 GB)
      Raid Devices : 8
     Total Devices : 8
       Persistence : Superblock is persistent

       Update Time : Sun Jan  4 08:21:24 2026
             State : clean 
    Active Devices : 8
   Working Devices : 8
    Failed Devices : 0
     Spare Devices : 0

            Layout : near=2
        Chunk Size : 64K

Consistency Policy : resync

              Name : ip-10-0-1-227:0
              UUID : ec94b08e:1ec1acd2:a24076ab:c0b61faa
            Events : 292

    Number   Major   Minor   RaidDevice State
       0     259        8        0      active sync set-A   /dev/nvme8n1
       1     259        2        1      active sync set-B   /dev/nvme5n1
       2     259        7        2      active sync set-A   /dev/nvme7n1
       3     259        6        3      active sync set-B   /dev/nvme6n1
       4     259        3        4      active sync set-A   /dev/nvme0n1
       5     259        5        5      active sync set-B   /dev/nvme3n1
       6     259        1        6      active sync set-A   /dev/nvme4n1
       7     259        4        7      active sync set-B   /dev/nvme2n1
/dev/md1:
           Version : 1.2
     Creation Time : Sat Jan  3 08:26:08 2026
        Raid Level : raid10
        Array Size : 125759488 (119.93 GiB 128.78 GB)
     Used Dev Size : 31439872 (29.98 GiB 32.19 GB)
      Raid Devices : 8
     Total Devices : 8
       Persistence : Superblock is persistent

       Update Time : Sun Jan  4 08:21:32 2026
             State : clean 
    Active Devices : 8
   Working Devices : 8
    Failed Devices : 0
     Spare Devices : 0

            Layout : near=2
        Chunk Size : 256K

Consistency Policy : resync

              Name : ip-10-0-1-227:1
              UUID : 4920b43f:4424608d:2e163255:f781c5ec
            Events : 19

    Number   Major   Minor   RaidDevice State
       0     259       12        0      active sync set-A   /dev/nvme12n1
       1     259       18        1      active sync set-B   /dev/nvme15n1
       2     259       15        2      active sync set-A   /dev/nvme13n1
       3     259       14        3      active sync set-B   /dev/nvme10n1
       4     259       17        4      active sync set-A   /dev/nvme14n1
       5     259       19        5      active sync set-B   /dev/nvme16n1
       6     259       16        6      active sync set-A   /dev/nvme9n1
       7     259       13        7      active sync set-B   /dev/nvme11n1

=== DISK - BLOCK TUNING ===
--- md0 ---
scheduler: 
read_ahead_kb: 512
nr_requests: 
--- md1 ---
scheduler: 
read_ahead_kb: 4096
nr_requests: 

=== DISK - MOUNT ===
/dev/md1 on /wal type xfs (rw,noatime,nodiratime,attr2,inode64,logbufs=8,logbsize=256k,sunit=512,swidth=2048,noquota)
/dev/md0 on /data type xfs (rw,noatime,nodiratime,attr2,inode64,allocsize=65536k,logbufs=8,logbsize=256k,sunit=128,swidth=512,noquota)
Filesystem      Size  Used Avail Use% Mounted on
/dev/md0        200G   44G  157G  22% /data
/dev/md1        120G   31G   90G  26% /wal

=== DISK - XFS ===
meta-data=/dev/md0               isize=512    agcount=16, agsize=3274688 blks
         =                       sectsz=4096  attr=2, projid32bit=1
         =                       crc=1        finobt=1, sparse=1, rmapbt=1
         =                       reflink=1    bigtime=1 inobtcount=1 nrext64=0
data     =                       bsize=4096   blocks=52395008, imaxpct=25
         =                       sunit=16     swidth=64 blks
naming   =version 2              bsize=4096   ascii-ci=0, ftype=1
log      =internal log           bsize=4096   blocks=25583, version=2
         =                       sectsz=4096  sunit=1 blks, lazy-count=1
realtime =none                   extsz=4096   blocks=0, rtextents=0
meta-data=/dev/md1               isize=512    agcount=8, agsize=3929984 blks
         =                       sectsz=4096  attr=2, projid32bit=1
         =                       crc=1        finobt=1, sparse=1, rmapbt=1
         =                       reflink=1    bigtime=1 inobtcount=1 nrext64=0
data     =                       bsize=4096   blocks=31439872, imaxpct=25
         =                       sunit=64     swidth=256 blks
naming   =version 2              bsize=4096   ascii-ci=0, ftype=1
log      =internal log           bsize=4096   blocks=16384, version=2
         =                       sectsz=4096  sunit=1 blks, lazy-count=1
realtime =none                   extsz=4096   blocks=0, rtextents=0
```

---

## Command 1: Begin:sysctl_swappiness

### Command
```bash
sysctl -w vm.swappiness=1
```

### Output
```
vm.swappiness = 1

```

---

## Command 2: Begin:sysctl_dirty_background

### Command
```bash
sysctl -w vm.dirty_background_ratio=1
```

### Output
```
vm.dirty_background_ratio = 1

```

---

## Command 3: Begin:sysctl_dirty_ratio

### Command
```bash
sysctl -w vm.dirty_ratio=4
```

### Output
```
vm.dirty_ratio = 4

```

---

## Command 4: Begin:sysctl_dirty_expire

### Command
```bash
sysctl -w vm.dirty_expire_centisecs=200
```

### Output
```
vm.dirty_expire_centisecs = 200

```

---

## Command 5: Begin:sysctl_dirty_writeback

### Command
```bash
sysctl -w vm.dirty_writeback_centisecs=100
```

### Output
```
vm.dirty_writeback_centisecs = 100

```

---

## Command 6: Begin:pg_stat_reset

### Command
```bash
sudo -u postgres psql -c 'SELECT pg_stat_reset(); SELECT pg_stat_reset_shared('"'"'bgwriter'"'"');'
```

### Output
```
 pg_stat_reset 
---------------
 
(1 row)

 pg_stat_reset_shared 
----------------------
 
(1 row)


```

---

## Command 7: pgbench

### Command
```bash
sudo -u postgres pgbench -c 100 -j 32 -T 120 -P 5 -b tpcb-like pgbench
```

### Output
```
pgbench (16.11 (Ubuntu 16.11-1.pgdg24.04+1))
transaction type: <builtin: TPC-B (sort of)>
scaling factor: 1374
query mode: simple
number of clients: 100
number of threads: 32
maximum number of tries: 1
duration: 120 s
number of transactions actually processed: 4889043
number of failed transactions: 0 (0.000%)
latency average = 2.452 ms
latency stddev = 0.759 ms
initial connection time = 39.400 ms
tps = 40751.945722 (without initial connection time)
starting vacuum...end.
progress: 5.0 s, 39220.1 tps, lat 2.528 ms stddev 0.462, 0 failed
progress: 10.0 s, 39769.2 tps, lat 2.513 ms stddev 0.451, 0 failed
progress: 15.0 s, 39927.8 tps, lat 2.503 ms stddev 0.454, 0 failed
progress: 20.0 s, 40026.6 tps, lat 2.497 ms stddev 0.473, 0 failed
progress: 25.0 s, 40125.2 tps, lat 2.491 ms stddev 0.454, 0 failed
progress: 30.0 s, 40359.6 tps, lat 2.476 ms stddev 0.469, 0 failed
progress: 35.0 s, 40323.6 tps, lat 2.479 ms stddev 0.466, 0 failed
progress: 40.0 s, 40500.6 tps, lat 2.468 ms stddev 0.465, 0 failed
progress: 45.0 s, 40582.0 tps, lat 2.463 ms stddev 0.476, 0 failed
progress: 50.0 s, 40755.0 tps, lat 2.452 ms stddev 0.446, 0 failed
progress: 55.0 s, 40727.2 tps, lat 2.454 ms stddev 0.456, 0 failed
progress: 60.0 s, 40949.4 tps, lat 2.441 ms stddev 0.446, 0 failed
progress: 65.0 s, 40950.7 tps, lat 2.440 ms stddev 0.448, 0 failed
progress: 70.0 s, 41157.6 tps, lat 2.428 ms stddev 0.444, 0 failed
progress: 75.0 s, 41275.0 tps, lat 2.421 ms stddev 0.430, 0 failed
progress: 80.0 s, 41101.0 tps, lat 2.432 ms stddev 0.482, 0 failed
progress: 85.0 s, 41285.4 tps, lat 2.421 ms stddev 0.455, 0 failed
progress: 90.0 s, 41267.6 tps, lat 2.422 ms stddev 0.467, 0 failed
progress: 95.0 s, 40474.2 tps, lat 2.469 ms stddev 2.329, 0 failed
progress: 100.0 s, 40748.0 tps, lat 2.453 ms stddev 1.827, 0 failed
progress: 105.0 s, 41539.0 tps, lat 2.406 ms stddev 0.569, 0 failed
progress: 110.0 s, 41583.6 tps, lat 2.403 ms stddev 0.609, 0 failed
progress: 115.0 s, 41647.2 tps, lat 2.400 ms stddev 0.629, 0 failed

```

---

## Command 8: meminfo

### Command
```bash
bash -c 'for i in $(seq 1 130); do date '"'"'+%H:%M:%S'"'"'; grep -E '"'"'Dirty|Writeback'"'"' /proc/meminfo; echo '"'"'---'"'"'; sleep 1; done'
```

### Output
```
08:21:39
Dirty:               340 kB
Writeback:             0 kB
WritebackTmp:          0 kB
---
08:21:40
Dirty:               516 kB
Writeback:             0 kB
WritebackTmp:          0 kB
---
08:21:41
Dirty:               160 kB
Writeback:             0 kB
WritebackTmp:          0 kB
---
08:21:42
Dirty:              1884 kB
Writeback:             0 kB
WritebackTmp:          0 kB
---
08:21:43
Dirty:              2648 kB
Writeback:           256 kB
WritebackTmp:          0 kB
---
08:21:44
Dirty:              1260 kB
Writeback:             0 kB
WritebackTmp:          0 kB
---
08:21:45
Dirty:              2304 kB
Writeback:             0 kB
WritebackTmp:          0 kB
---
08:21:46
Dirty:              3408 kB
Writeback:           744 kB
WritebackTmp:          0 kB
---
08:21:47
Dirty:              1300 kB
Writeback:             0 kB
WritebackTmp:          0 kB
---
08:21:48
Dirty:              1764 kB
Writeback:             0 kB
WritebackTmp:          0 kB
---
08:21:49
Dirty:              1904 kB
Writeback:             0 kB
WritebackTmp:          0 kB
---
08:21:50
Dirty:              2772 kB
Writeback:           256 kB
WritebackTmp:          0 kB
---
08:21:51
Dirty:              1236 kB
Writeback:             0 kB
WritebackTmp:          0 kB
---
08:21:52
Dirty:              2828 kB
Writeback:             0 kB
WritebackTmp:          0 kB
---
08:21:53
Dirty:              1696 kB
Writeback:           256 kB
WritebackTmp:          0 kB
---
08:21:54
Dirty:              2048 kB
Writeback:             0 kB
WritebackTmp:          0 kB
---
08:21:55
Dirty:              2432 kB
Writeback:             0 kB
WritebackTmp:          0 kB
---
08:21:56
Dirty:              2448 kB
Writeback:           512 kB
WritebackTmp:          0 kB
---
08:21:57
Dirty:              1644 kB
Writeback:             0 kB
WritebackTmp:          0 kB
---
08:21:58
Dirty:               640 kB
Writeback:             0 kB
WritebackTmp:          0 kB
---
08:21:59
Dirty:              1536 kB
Writeback:             0 kB
WritebackTmp:          0 kB
---
08:22:00
Dirty:               868 kB
Writeback:             0 kB
WritebackTmp:          0 kB
---
08:22:01
Dirty:              1728 kB
Writeback:             0 kB
WritebackTmp:          0 kB
---
08:22:02
Dirty:              1052 kB
Writeback:             0 kB
WritebackTmp:          0 kB
---
08:22:03
Dirty:              1268 kB
Writeback:             0 kB
WritebackTmp:          0 kB
---
08:22:04
Dirty:               720 kB
Writeback:           768 kB
WritebackTmp:          0 kB
---
08:22:05
Dirty:              1588 kB
Writeback:             0 kB
WritebackTmp:          0 kB
---
08:22:06
Dirty:               516 kB
Writeback:             0 kB
WritebackTmp:          0 kB
---
08:22:07
Dirty:              1328 kB
Writeback:             0 kB
WritebackTmp:          0 kB
---
08:22:08
Dirty:               400 kB
Writeback:          1024 kB
WritebackTmp:          0 kB
---
08:22:09
Dirty:              1264 kB
Writeback:             0 kB
WritebackTmp:          0 kB
---
08:22:10
Dirty:               764 kB
Writeback:           256 kB
WritebackTmp:          0 kB
---
08:22:11
Dirty:              1100 kB
Writeback:             0 kB
WritebackTmp:          0 kB
---
08:22:12
Dirty:               728 kB
Writeback:           256 kB
WritebackTmp:          0 kB
---
08:22:13
Dirty:              1488 kB
Writeback:             0 kB
WritebackTmp:          0 kB
---
08:22:14
Dirty:               360 kB
Writeback:             0 kB
WritebackTmp:          0 kB
---
08:22:15
Dirty:              1832 kB
Writeback:             0 kB
WritebackTmp:          0 kB
---
08:22:16
Dirty:               492 kB
Writeback:             0 kB
WritebackTmp:          0 kB
---
08:22:17
Dirty:              1988 kB
Writeback:             0 kB
WritebackTmp:          0 kB
---
08:22:18
Dirty:               792 kB
Writeback:             0 kB
WritebackTmp:          0 kB
---
08:22:19
Dirty:               816 kB
Writeback:             0 kB
WritebackTmp:          0 kB
---
08:22:20
Dirty:               520 kB
Writeback:           256 kB
WritebackTmp:          0 kB
---
08:22:21
Dirty:              1060 kB
Writeback:           256 kB
WritebackTmp:          0 kB
---
08:22:22
Dirty:               656 kB
Writeback:             0 kB
WritebackTmp:          0 kB
---
08:22:23
Dirty:              1632 kB
Writeback:             0 kB
WritebackTmp:          0 kB
---
08:22:24
Dirty:               344 kB
Writeback:             0 kB
WritebackTmp:          0 kB
---
08:22:25
Dirty:               972 kB
Writeback:             0 kB
WritebackTmp:          0 kB
---
08:22:26
Dirty:              3384 kB
Writeback:           768 kB
WritebackTmp:          0 kB
---
08:22:27
Dirty:               668 kB
Writeback:             0 kB
WritebackTmp:          0 kB
---
08:22:28
Dirty:              1024 kB
Writeback:             0 kB
WritebackTmp:          0 kB
---
08:22:29
Dirty:               872 kB
Writeback:             0 kB
WritebackTmp:          0 kB
---
08:22:30
Dirty:              2124 kB
Writeback:             0 kB
WritebackTmp:          0 kB
---
08:22:31
Dirty:              1124 kB
Writeback:             0 kB
WritebackTmp:          0 kB
---
08:22:32
Dirty:              1296 kB
Writeback:             0 kB
WritebackTmp:          0 kB
---
08:22:33
Dirty:               492 kB
Writeback:             0 kB
WritebackTmp:          0 kB
---
08:22:34
Dirty:               976 kB
Writeback:           256 kB
WritebackTmp:          0 kB
---
08:22:35
Dirty:              1448 kB
Writeback:             0 kB
WritebackTmp:          0 kB
---
08:22:36
Dirty:               252 kB
Writeback:           512 kB
WritebackTmp:          0 kB
---
08:22:37
Dirty:              1408 kB
Writeback:             0 kB
WritebackTmp:          0 kB
---
08:22:38
Dirty:               456 kB
Writeback:           256 kB
WritebackTmp:          0 kB
---
08:22:39
Dirty:               840 kB
Writeback:             0 kB
WritebackTmp:          0 kB
---
08:22:40
Dirty:               700 kB
Writeback:           512 kB
WritebackTmp:          0 kB
---
08:22:41
Dirty:              1332 kB
Writeback:             0 kB
WritebackTmp:          0 kB
---
08:22:42
Dirty:               556 kB
Writeback:             0 kB
WritebackTmp:          0 kB
---
08:22:43
Dirty:               844 kB
Writeback:             0 kB
WritebackTmp:          0 kB
---
08:22:44
Dirty:               892 kB
Writeback:             0 kB
WritebackTmp:          0 kB
---
08:22:45
Dirty:              1764 kB
Writeback:           512 kB
WritebackTmp:          0 kB
---
08:22:46
Dirty:               252 kB
Writeback:           360 kB
WritebackTmp:          0 kB
---
08:22:47
Dirty:               748 kB
Writeback:             0 kB
WritebackTmp:          0 kB
---
08:22:48
Dirty:               268 kB
Writeback:           256 kB
WritebackTmp:          0 kB
---
08:22:49
Dirty:              1116 kB
Writeback:             0 kB
WritebackTmp:          0 kB
---
08:22:50
Dirty:               964 kB
Writeback:             0 kB
WritebackTmp:          0 kB
---
08:22:51
Dirty:               452 kB
Writeback:           512 kB
WritebackTmp:          0 kB
---
08:22:52
Dirty:               708 kB
Writeback:             0 kB
WritebackTmp:          0 kB
---
08:22:53
Dirty:               608 kB
Writeback:             0 kB
WritebackTmp:          0 kB
---
08:22:54
Dirty:              1984 kB
Writeback:             0 kB
WritebackTmp:          0 kB
---
08:22:55
Dirty:               492 kB
Writeback:             0 kB
WritebackTmp:          0 kB
---
08:22:56
Dirty:              1192 kB
Writeback:             0 kB
WritebackTmp:          0 kB
---
08:22:57
Dirty:               972 kB
Writeback:           808 kB
WritebackTmp:          0 kB
---
08:22:58
Dirty:               876 kB
Writeback:           512 kB
WritebackTmp:          0 kB
---
08:22:59
Dirty:               732 kB
Writeback:             0 kB
WritebackTmp:          0 kB
---
08:23:00
Dirty:               612 kB
Writeback:             0 kB
WritebackTmp:          0 kB
---
08:23:01
Dirty:               960 kB
Writeback:             0 kB
WritebackTmp:          0 kB
---
08:23:02
Dirty:              1100 kB
Writeback:             0 kB
WritebackTmp:          0 kB
---
08:23:03
Dirty:              1248 kB
Writeback:           832 kB
WritebackTmp:          0 kB
---
08:23:04
Dirty:              1740 kB
Writeback:             0 kB
WritebackTmp:          0 kB
---
08:23:05
Dirty:              1304 kB
Writeback:             0 kB
WritebackTmp:          0 kB
---
08:23:06
Dirty:              1028 kB
Writeback:             0 kB
WritebackTmp:          0 kB
---
08:23:07
Dirty:              1348 kB
Writeback:             0 kB
WritebackTmp:          0 kB
---
08:23:08
Dirty:               460 kB
Writeback:             0 kB
WritebackTmp:          0 kB
---
08:23:09
Dirty:               364 kB
Writeback:             0 kB
WritebackTmp:          0 kB
---
08:23:10
Dirty:               924 kB
Writeback:             0 kB
WritebackTmp:          0 kB
---
08:23:11
Dirty:               780 kB
Writeback:             0 kB
WritebackTmp:          0 kB
---
08:23:12
Dirty:              2128 kB
Writeback:             0 kB
WritebackTmp:          0 kB
---
08:23:13
Dirty:               780 kB
Writeback:             0 kB
WritebackTmp:          0 kB
---
08:23:14
Dirty:               552 kB
Writeback:          1024 kB
WritebackTmp:          0 kB
---
08:23:15
Dirty:              1100 kB
Writeback:             0 kB
WritebackTmp:          0 kB
---
08:23:16
Dirty:               676 kB
Writeback:             0 kB
WritebackTmp:          0 kB
---
08:23:17
Dirty:              1108 kB
Writeback:          2128 kB
WritebackTmp:          0 kB
---
08:23:18
Dirty:               364 kB
Writeback:          1052 kB
WritebackTmp:          0 kB
---
08:23:19
Dirty:              1052 kB
Writeback:          2176 kB
WritebackTmp:          0 kB
---
08:23:20
Dirty:              2372 kB
Writeback:          1760 kB
WritebackTmp:          0 kB
---
08:23:21
Dirty:               992 kB
Writeback:          1816 kB
WritebackTmp:          0 kB
---
08:23:22
Dirty:              1432 kB
Writeback:          1736 kB
WritebackTmp:          0 kB
---
08:23:23
Dirty:              4096 kB
Writeback:          1080 kB
WritebackTmp:          0 kB
---
08:23:24
Dirty:              1556 kB
Writeback:          1400 kB
WritebackTmp:          0 kB
---
08:23:25
Dirty:              3556 kB
Writeback:             0 kB
WritebackTmp:          0 kB
---
08:23:26
Dirty:              2224 kB
Writeback:           856 kB
WritebackTmp:          0 kB
---
08:23:27
Dirty:              2308 kB
Writeback:          3552 kB
WritebackTmp:          0 kB
---
08:23:28
Dirty:              1520 kB
Writeback:          1672 kB
WritebackTmp:          0 kB
---
08:23:29
Dirty:              1336 kB
Writeback:          1016 kB
WritebackTmp:          0 kB
---
08:23:30
Dirty:              4116 kB
Writeback:           440 kB
WritebackTmp:          0 kB
---
08:23:31
Dirty:              1100 kB
Writeback:            28 kB
WritebackTmp:          0 kB
---
08:23:32
Dirty:              1200 kB
Writeback:          1684 kB
WritebackTmp:          0 kB
---
08:23:33
Dirty:              1428 kB
Writeback:          1332 kB
WritebackTmp:          0 kB
---
08:23:34
Dirty:              2456 kB
Writeback:             0 kB
WritebackTmp:          0 kB
---
08:23:35
Dirty:              3820 kB
Writeback:             0 kB
WritebackTmp:          0 kB
---
08:23:36
Dirty:              1952 kB
Writeback:           512 kB
WritebackTmp:          0 kB
---
08:23:37
Dirty:              4096 kB
Writeback:             0 kB
WritebackTmp:          0 kB
---
08:23:38
Dirty:              1504 kB
Writeback:             0 kB
WritebackTmp:          0 kB
---
08:23:39
Dirty:              1712 kB
Writeback:             0 kB
WritebackTmp:          0 kB
---
08:23:40
Dirty:              2780 kB
Writeback:             0 kB
WritebackTmp:          0 kB
---
08:23:41
Dirty:              2060 kB
Writeback:             0 kB
WritebackTmp:          0 kB
---
08:23:42
Dirty:               184 kB
Writeback:            24 kB
WritebackTmp:          0 kB
---

```

---

## Command 9: dstat

### Command
```bash
dstat -tcmdr --disk-util 1 130
```

### Output
```
----system---- ----total-usage---- ------memory-usage----- -dsk/total- --io/total- nvme nvme nvme nvme nvme nvme nvme nvme nvme nvme nvme nvme nvme nvme nvme nvme nvme
     time     |usr sys idl wai stl| used  free  buf   cach| read  writ| read  writ|util:util:util:util:util:util:util:util:util:util:util:util:util:util:util:util:util
04-01 08:21:39|                   |  22G 5824M   22M   34G|           |           |    :    :    :    :    :    :    :    :    :    :    :    :    :    :    :    :    
04-01 08:21:40|  0   0 100   0   0|  22G 5821M   22M   34G|   0   280k|   0  46.0 |0.20:   0:   0:0.20:   0:0.20:   0:   0:0.20:   0:   0:   0:   0:   0:   0:   0:   0
04-01 08:21:41|  0   0 100   0   0|  22G 5898M   22M   34G|   0   568k|   0  69.5 |   0:1.00:   0:   0:   0:   0:   0:   0:   0:0.10:   0:0.10:0.10:   0:0.20:0.10:0.30
04-01 08:21:42| 25  17  53   2   0|  22G 5721M   22M   34G| 900k   56M| 120  1811 |1.40:0.10:0.80:0.70:1.70:1.00:0.60:1.60:2.10:24.4:24.5:24.3:24.4:24.3:24.2:24.5:24.4
04-01 08:21:43| 26  17  52   2   0|  22G 5716M   22M   34G|1068k   60M| 140  1878 |1.50:   0:1.10:0.50:1.70:0.80:0.60:2.20:1.60:26.0:25.4:25.8:25.3:25.3:26.1:25.3:26.0
04-01 08:21:44| 26  16  52   2   0|  22G 5711M   22M   34G|1300k   65M| 164  2017 |2.80:0.10:1.10:1.20:3.10:1.50:0.70:1.80:2.70:25.5:25.7:25.4:26.1:25.9:25.5:26.7:25.7
04-01 08:21:45| 27  16  51   2   0|  22G 5696M   22M   34G|1640k   63M| 222  1952 |3.10:   0:0.90:0.80:3.00:1.90:0.70:2.20:3.40:26.5:24.7:25.7:25.7:24.5:25.9:25.9:26.3
04-01 08:21:46| 26  16  51   2   0|  22G 5694M   22M   34G| 684k   61M|94.0  1962 |1.90:0.10:0.60:1.30:1.90:0.80:0.20:1.30:1.40:25.5:26.3:25.9:25.0:26.5:25.6:25.1:25.8
04-01 08:21:47| 26  17  52   2   0|  22G 5690M   22M   34G| 844k   66M| 113  2002 |1.90:0.10:0.50:1.20:1.50:1.00:0.80:1.50:2.40:26.1:25.2:26.4:25.2:25.1:25.4:25.0:25.4
04-01 08:21:48| 26  17  51   2   0|  22G 5681M   22M   34G| 736k   60M|99.0  1959 |1.60:0.10:0.50:0.50:1.60:1.10:0.50:1.50:1.50:26.2:25.4:25.8:25.7:25.2:25.5:25.7:25.5
04-01 08:21:49| 26  16  52   1   0|  22G 5676M   22M   34G| 376k   64M|57.0  1984 |1.00:   0:0.30:0.90:1.30:1.00:0.30:1.00:1.10:25.2:26.0:25.3:25.4:26.0:25.2:25.5:24.8
04-01 08:21:50| 26  17  52   2   0|  22G 5675M   22M   34G| 932k   61M| 124  1927 |2.30:0.10:0.80:1.00:1.40:0.80:0.70:1.60:1.50:26.0:25.4:26.2:25.0:25.6:26.0:25.2:26.1
04-01 08:21:51| 26  16  51   1   0|  22G 5672M   22M   34G| 456k   64M|68.0  2047 |1.40:0.10:0.30:0.70:1.00:0.70:0.30:1.00:0.90:24.7:25.8:24.5:24.6:25.7:25.4:24.3:25.9
04-01 08:21:52| 27  17  50   2   0|  22G 5655M   23M   34G|  24M   61M| 418  1970 |1.20:19.8:0.20:0.50:1.20:0.60:0.50:1.00:1.70:26.6:25.8:25.9:26.4:25.9:25.7:25.5:25.4
04-01 08:21:53| 26  16  51   2   0|  22G 5643M   23M   34G| 456k   65M|60.0  2105 |1.20:0.10:0.50:0.60:1.00:0.70:0.50:0.60:1.30:25.0:25.7:25.0:25.7:26.0:25.5:25.7:25.5
04-01 08:21:54| 26  17  51   2   0|  22G 5648M   23M   34G| 364k   59M|53.0  1968 |0.70:   0:0.70:0.50:1.10:0.60:0.20:0.40:1.00:26.5:24.8:26.0:25.2:25.1:25.3:25.4:24.9
04-01 08:21:55| 27  17  51   2   0|  22G 5643M   23M   34G| 344k   59M|46.0  1981 |1.40:   0:0.60:0.80:1.30:0.90:0.50:1.20:1.10:24.9:26.1:25.2:24.9:26.2:26.1:25.0:26.5
04-01 08:21:56| 26  17  51   2   0|  22G 5635M   23M   34G| 284k   60M|40.0  1911 |0.60:   0:0.50:0.80:0.90:0.40:0.40:0.40:0.70:25.4:25.2:25.2:26.3:25.8:25.2:26.4:24.9
04-01 08:21:57| 26  16  51   2   0|  22G 5626M   23M   34G| 400k   63M|52.0  2067 |1.40:0.10:0.70:0.90:1.30:0.60:0.70:1.00:1.20:25.4:26.8:25.1:24.9:26.2:26.4:25.1:26.1
04-01 08:21:58| 27  16  51   2   0|  22G 5619M   23M   34G| 316k   60M|50.0  1968 |1.00:   0:0.40:0.60:1.00:0.60:0.50:0.60:1.30:26.2:24.1:26.4:25.6:24.7:24.9:25.3:25.3
04-01 08:21:59| 26  17  51   2   0|  22G 5609M   23M   34G| 336k   56M|46.0  1888 |0.80:0.20:0.10:0.10:0.50:0.20:   0:0.70:0.60:26.0:24.6:26.1:25.7:25.4:25.1:25.5:25.5
04-01 08:22:00| 26  17  51   1   0|  22G 5606M   23M   34G| 296k   59M|44.0  1915 |1.20:0.10:0.60:0.70:1.30:0.70:0.40:0.70:1.10:25.1:25.7:25.2:25.3:25.7:25.8:25.1:25.8
04-01 08:22:01| 26  17  51   2   0|  22G 5608M   23M   34G| 212k   55M|29.0  1837 |0.30:   0:0.10:   0:0.60:   0:0.10:0.40:0.20:25.6:25.7:25.3:24.7:25.5:25.3:24.9:25.2
04-01 08:22:02| 26  17  51   2   0|  22G 5606M   23M   34G| 292k   59M|44.0  1951 |1.40:0.10:1.00:0.70:1.00:0.60:0.70:1.10:1.00:24.8:25.0:24.9:25.6:25.5:26.0:25.2:26.0
04-01 08:22:03| 27  17  51   1   0|  22G 5602M   23M   34G| 152k   55M|20.0  1878 |0.60:   0:0.40:0.20:0.70:0.30:0.20:0.30:0.40:24.7:25.6:25.3:25.6:25.6:25.7:24.8:25.6
04-01 08:22:04| 27  17  51   2   0|  22G 5604M   23M   34G| 216k   57M|33.0  1936 |1.00:0.10:0.50:0.60:1.00:0.30:0.60:0.80:0.60:24.3:26.0:24.3:26.0:25.9:24.9:26.2:25.0
04-01 08:22:05| 26  17  51   1   0|  22G 5600M   23M   34G| 172k   55M|26.0  1874 |0.60:   0:0.30:0.20:0.70:0.20:0.20:0.20:0.50:25.9:25.5:25.3:25.8:25.2:24.9:25.2:24.7
04-01 08:22:06| 26  17  51   2   0|  22G 5602M   23M   34G| 140k   58M|22.0  1968 |0.50:0.20:0.20:0.20:0.50:0.20:0.40:0.20:0.70:25.4:25.3:25.1:25.6:25.3:25.8:25.8:25.8
04-01 08:22:07| 26  17  51   2   0|  22G 5597M   23M   34G| 104k   56M|20.0  1888 |0.40:   0:0.20:0.30:0.80:0.20:0.20:0.40:0.70:25.3:25.9:25.6:25.1:26.1:25.9:24.8:25.9
04-01 08:22:08| 26  17  51   2   0|  22G 5588M   23M   34G| 176k   59M|25.0  2023 |1.00:0.10:0.70:0.70:0.90:0.60:0.60:0.80:1.00:25.2:25.3:25.4:26.1:25.7:25.1:25.8:25.1
04-01 08:22:09| 26  17  51   1   0|  22G 5585M   23M   34G|  96k   55M|15.0  1905 |0.80:   0:0.70:0.70:0.80:0.60:0.70:0.80:0.90:25.8:25.5:25.6:24.3:25.4:25.4:24.4:26.2
04-01 08:22:10| 26  17  51   2   0|  22G 5584M   23M   34G| 140k   58M|20.0  2025 |0.70:0.10:0.80:0.60:0.80:0.70:0.50:0.70:0.90:25.7:25.2:26.2:25.7:25.3:24.7:25.8:24.6
04-01 08:22:11| 27  17  51   1   0|  22G 5580M   23M   34G| 120k   58M|19.0  1959 |0.50:   0:0.40:0.30:0.50:0.30:0.30:0.70:0.60:25.9:25.4:25.6:24.6:25.5:25.6:24.4:26.0
04-01 08:22:12| 27  17  51   2   0|  22G 5574M   23M   34G|  32k   60M|5.00  2008 |0.60:0.10:0.60:0.50:0.60:0.40:0.50:0.60:0.50:25.4:25.6:25.3:24.5:25.5:26.0:24.8:25.7
04-01 08:22:13| 26  17  51   2   0|  22G 5573M   23M   34G|  28k   56M|5.00  1934 |0.80:   0:0.50:0.80:0.60:0.60:0.60:0.90:0.60:24.9:24.7:24.7:25.4:24.9:25.0:25.1:25.5
04-01 08:22:14| 26  18  51   2   0|  22G 5574M   23M   34G|  92k   60M|15.0  2045 |0.80:0.10:0.70:0.60:1.10:0.50:0.60:0.70:0.80:24.8:25.7:24.7:25.6:25.1:25.8:25.9:25.9
04-01 08:22:15| 27  17  51   2   0|  22G 5567M   23M   34G|  68k   55M|11.0  1905 |0.50:0.10:0.20:0.20:0.50:0.30:0.20:0.40:0.40:26.5:25.8:26.2:24.4:25.8:25.3:24.0:25.7
04-01 08:22:16| 27  17  51   1   0|  22G 5561M   23M   34G|  80k   60M|12.0  2000 |0.70:   0:0.50:0.60:0.70:0.50:0.50:0.60:0.50:24.9:25.5:24.5:25.6:25.5:25.9:25.6:25.6
04-01 08:22:17| 27  17  51   2   0|  22G 5574M   23M   34G|  96k   54M|14.0  1935 |0.40:0.10:0.20:0.20:0.30:0.20:0.20:0.30:0.30:25.5:25.0:26.0:25.2:25.2:24.9:25.5:25.2
04-01 08:22:18| 27  17  51   1   0|  22G 5574M   23M   34G| 100k   62M|13.0  2029 |0.80:0.10:0.40:0.50:0.60:0.40:0.40:0.50:0.50:25.0:24.7:25.1:23.7:25.2:25.6:23.9:25.3
04-01 08:22:19| 26  17  50   2   0|  22G 5582M   23M   34G| 120k   55M|19.0  1961 |0.90:0.20:0.50:0.50:0.70:0.60:0.40:0.50:0.80:25.6:25.2:25.9:25.3:25.0:25.3:25.3:25.4
04-01 08:22:20| 26  17  51   2   0|  22G 5571M   23M   34G|  32k   58M|6.00  1971 |1.00:   0:1.00:0.90:1.00:1.00:0.70:0.90:0.90:24.3:26.1:24.3:25.0:25.5:25.9:25.3:25.3
04-01 08:22:21| 27  17  51   2   0|  22G 5578M   23M   34G|  32k   57M|6.00  1987 |0.40:0.20:0.30:0.30:0.40:0.30:0.50:0.40:0.40:25.2:25.9:25.2:25.4:26.2:23.8:25.3:24.3
04-01 08:22:22| 27  17  51   1   0|  22G 5574M   23M   34G|  60k   56M|10.0  1951 |0.40:0.20:0.40:0.50:0.60:0.40:0.50:0.60:0.60:25.5:24.1:25.3:24.8:24.1:25.7:24.9:26.0
04-01 08:22:23| 26  17  50   2   0|  22G 5574M   23M   34G| 100k   53M|16.0  1863 |0.20:   0:0.30:0.10:0.60:   0:   0:0.30:0.10:24.6:25.0:25.0:25.0:25.0:25.0:25.2:25.3
04-01 08:22:24| 27  17  50   1   0|  22G 5566M   23M   34G|  64k   57M|9.00  1998 |0.40:0.10:0.30:0.30:0.30:0.30:0.30:0.30:0.50:26.0:24.8:25.4:25.7:25.0:23.8:25.7:24.0
04-01 08:22:25| 26  17  50   2   0|  22G 5573M   23M   34G|  68k   55M|12.0  1938 |0.30:   0:0.20:0.40:0.30:0.40:0.10:0.20:0.40:24.8:25.6:24.7:24.5:25.5:25.5:24.4:24.9
04-01 08:22:26| 27  18  50   2   0|  22G 5565M   23M   34G|8192B   53M|2.00  1935 |0.10:0.20:0.10:0.10:0.20:0.20:0.70:0.10:0.20:24.9:25.0:25.2:25.9:25.3:25.0:25.9:24.9
04-01 08:22:27| 27  17  50   1   0|  22G 5563M   23M   34G|  12k   62M|3.00  2045 |0.90:   0:0.80:0.80:0.80:0.60:0.80:0.90:0.80:25.0:25.3:24.9:25.1:25.2:25.8:24.9:25.7
04-01 08:22:28| 26  17  50   1   0|  22G 5556M   23M   34G|8192B   54M|2.00  1967 |0.30:0.10:0.20:0.20:0.20:0.20:0.10:0.20:0.20:25.8:25.1:25.6:26.3:24.9:24.6:26.4:24.4
04-01 08:22:29| 27  18  50   1   0|  22G 5548M   23M   34G|  36k   58M|6.00  2015 |0.80:   0:0.70:0.70:1.00:0.60:0.50:0.80:0.60:24.3:26.4:24.2:24.9:26.0:25.5:25.1:25.5
04-01 08:22:30| 26  17  50   2   0|  22G 5551M   23M   34G|  20k   54M|2.00  1947 |0.40:0.10:0.30:0.40:0.40:0.30:0.40:0.40:0.30:26.0:25.8:26.2:25.5:25.7:25.5:25.1:25.6
04-01 08:22:31| 27  17  50   1   0|  22G 5560M   23M   34G|4096B   60M|1.00  2027 |0.70:   0:0.80:0.70:0.80:1.00:0.90:0.80:1.10:25.3:24.4:25.0:25.6:24.7:24.8:25.7:24.7
04-01 08:22:32| 27  17  50   2   0|  22G 5554M   23M   34G|  20k   54M|3.00  1958 |0.40:0.10:0.40:0.40:0.40:0.30:0.40:0.40:0.30:24.9:25.2:25.2:26.1:25.3:24.8:25.8:25.1
04-01 08:22:33| 27  18  50   2   0|  22G 5557M   23M   34G|  20k   56M|4.00  1962 |0.90:0.20:0.90:0.90:1.00:0.90:0.90:0.90:0.90:25.7:25.7:25.5:24.8:25.8:25.1:24.9:25.1
04-01 08:22:34| 27  17  50   2   0|  22G 5553M   23M   34G|  28k   55M|4.00  1984 |0.60:0.10:0.60:0.60:0.60:0.70:0.50:0.50:0.50:24.8:25.1:24.8:24.9:25.0:25.8:24.5:26.2
04-01 08:22:35| 27  17  50   1   0|  22G 5548M   23M   34G|   0    54M|   0  1923 |0.60:   0:0.60:0.60:0.60:0.60:0.50:0.50:0.60:24.9:25.7:24.7:25.3:25.5:24.9:25.2:25.1
04-01 08:22:36| 27  17  50   1   0|  22G 5540M   23M   34G|  20k   56M|3.00  1993 |0.60:0.10:0.60:0.60:0.60:0.60:0.40:0.50:0.60:25.0:25.3:25.2:25.6:25.3:25.3:25.1:25.6
04-01 08:22:37| 27  17  50   2   0|  22G 5538M   23M   34G|  28k   53M|3.00  1926 |0.50:   0:0.60:0.60:0.70:0.60:0.70:0.80:0.80:26.3:25.1:25.8:25.1:25.3:25.3:24.6:25.3
04-01 08:22:38| 27  17  50   2   0|  22G 5532M   23M   34G|4096B   58M|1.00  2048 |0.60:0.10:0.60:0.60:0.50:0.60:0.60:0.70:0.60:25.2:25.3:25.0:25.3:25.7:25.5:25.1:25.5
04-01 08:22:39| 27  17  50   1   0|  22G 5529M   23M   34G|  48k   54M|8.00  1949 |0.50:   0:0.40:0.40:0.50:0.40:0.40:0.50:0.60:25.4:25.5:25.2:25.3:24.7:25.5:25.6:25.6
04-01 08:22:40| 27  17  50   1   0|  22G 5525M   23M   34G|  28k   54M|4.00  2013 |0.60:0.10:0.50:0.50:0.70:0.50:0.40:0.40:0.50:25.7:24.3:25.6:25.5:24.7:25.6:25.7:25.2
04-01 08:22:41| 27  17  50   2   0|  22G 5521M   23M   34G|8192B   52M|2.00  1905 |0.20:   0:0.20:0.30:0.20:0.20:0.20:0.20:0.30:26.5:24.7:26.3:23.9:24.4:25.0:24.3:24.9
04-01 08:22:42| 26  17  50   1   0|  22G 5517M   23M   34G|  40k   56M|5.00  2046 |0.60:0.10:1.10:0.60:1.20:1.00:0.80:0.80:1.10:25.0:24.8:25.1:25.4:24.9:24.9:25.5:25.5
04-01 08:22:43| 27  17  50   2   0|  22G 5520M   23M   34G|  32k   52M|5.00  1909 |0.20:   0:0.30:0.30:0.40:0.30:0.30:0.40:0.30:25.4:25.1:25.3:25.9:25.6:25.3:25.8:25.5
04-01 08:22:44| 27  17  50   2   0|  22G 5516M   23M   34G|  24k   54M|4.00  1967 |0.60:0.10:0.60:0.60:0.60:0.60:0.50:0.60:0.60:25.5:25.4:25.1:26.0:25.4:24.5:25.8:24.6
04-01 08:22:45| 28  18  49   2   0|  22G 5510M   23M   34G|  40k   54M|6.00  1906 |0.40:   0:0.30:0.40:0.60:0.30:0.30:0.40:0.30:26.2:24.2:26.0:23.9:24.2:26.6:24.5:26.3
04-01 08:22:46| 27  17  50   1   0|  22G 5507M   23M   34G|8192B   57M|2.00  2075 |0.50:0.10:0.70:0.50:0.80:0.70:0.70:0.60:0.70:24.4:24.8:24.1:25.7:25.3:25.0:25.6:25.0
04-01 08:22:47| 27  17  50   1   0|  22G 5506M   23M   34G|  16k   51M|3.00  1892 |0.20:   0:0.20:0.20:0.30:0.20:0.10:0.30:0.20:25.8:24.8:26.2:25.6:25.1:24.2:25.8:24.2
04-01 08:22:48| 27  18  50   1   0|  22G 5500M   23M   34G|4095B   51M|1.00  1889 |0.20:   0:0.10:0.10:0.10:0.30:   0:   0:0.20:24.8:25.4:24.5:24.1:25.9:25.5:24.4:25.6
04-01 08:22:49| 27  17  50   2   0|  22G 5500M   23M   34G|  32k   54M|4.00  2007 |0.50:0.10:0.50:0.50:0.60:0.60:0.40:0.60:0.60:25.2:25.4:24.9:25.2:25.3:25.2:25.1:25.1
04-01 08:22:50| 26  18  50   1   0|  22G 5500M   23M   34G|  44k   53M|7.00  1928 |0.50:   0:0.60:0.40:0.60:0.50:0.40:0.50:0.60:25.8:25.1:25.6:24.0:24.8:26.1:23.5:25.9
04-01 08:22:51| 27  18  50   2   0|  22G 5497M   23M   34G|4096B   55M|1.00  2021 |0.60:0.10:0.70:0.60:0.60:0.60:0.60:0.70:0.60:24.0:25.9:24.2:26.7:26.0:24.6:26.8:24.4
04-01 08:22:52| 27  17  50   1   0|  22G 5499M   23M   34G|   0    52M|   0  1918 |0.40:0.20:0.40:0.40:0.40:0.30:0.40:0.40:0.30:25.8:23.9:25.8:25.4:24.0:25.4:25.1:25.0
04-01 08:22:53| 27  18  50   2   0|  22G 5509M   23M   34G|   0    55M|   0  2025 |0.70:0.10:0.70:0.60:0.50:0.60:0.70:0.60:0.60:24.3:26.2:24.2:24.9:26.3:25.4:24.0:25.4
04-01 08:22:54| 28  17  50   1   0|  22G 5511M   23M   34G|  44k   54M|6.00  1990 |0.60:   0:0.60:0.70:0.60:0.50:0.50:0.60:0.70:26.2:25.2:26.6:25.1:24.8:24.8:25.2:24.5
04-01 08:22:55| 26  17  50   2   0|  22G 5517M   23M   34G| 272k   55M|17.0  1998 |0.70:0.50:0.60:0.60:0.60:0.60:0.60:0.60:0.60:24.4:25.9:24.3:24.8:25.9:24.8:24.8:24.6
04-01 08:22:56| 27  17  50   1   0|  22G 5520M   23M   34G|8192B   52M|1.00  1930 |0.20:   0:0.10:0.10:0.30:0.30:0.20:0.20:0.20:25.3:24.8:25.4:24.9:24.6:26.0:24.5:25.8
04-01 08:22:57| 26  17  50   1   0|  22G 5515M   23M   34G|   0    58M|   0  2079 |0.40:0.10:0.40:0.50:0.40:0.40:0.50:0.50:0.40:25.9:24.2:25.6:25.5:24.5:25.6:26.1:25.7
04-01 08:22:58| 28  17  50   1   0|  22G 5509M   23M   34G|  16k   52M|3.00  1932 |0.70:   0:0.70:0.70:0.80:0.60:0.70:0.60:0.60:24.2:25.7:24.1:25.1:26.0:24.6:24.9:25.4
04-01 08:22:59| 27  17  50   1   0|  22G 5501M   23M   34G|  20k   55M|4.00  2070 |0.90:0.30:0.70:0.80:0.80:0.80:0.70:0.90:0.70:24.9:25.5:24.6:24.7:25.5:26.8:24.2:26.6
04-01 08:23:00| 27  17  50   1   0|  22G 5509M   23M   34G|   0    51M|   0  1944 |0.50:0.10:0.50:0.60:0.50:0.50:0.50:0.50:0.50:24.3:24.3:24.8:24.8:24.7:25.2:25.1:25.5
04-01 08:23:01| 27  18  50   2   0|  22G 5513M   23M   34G|4096B   53M|1.00  1959 |0.40:   0:0.50:0.40:0.50:0.90:0.50:0.50:0.90:25.6:24.4:25.6:25.7:24.3:24.3:25.6:24.5
04-01 08:23:02| 27  18  50   2   0|  22G 5509M   23M   34G|   0    53M|   0  2001 |0.60:0.20:0.60:0.50:0.70:0.70:0.50:0.50:0.70:25.0:24.7:25.1:25.4:24.7:25.2:25.3:24.8
04-01 08:23:03| 28  17  50   1   0|  22G 5499M   23M   34G|4096B   53M|1.00  1960 |0.40:   0:0.40:0.50:0.50:0.40:0.60:0.50:0.40:25.5:25.1:25.2:25.5:25.2:24.8:25.6:25.0
04-01 08:23:04| 28  17  50   1   0|  22G 5502M   23M   34G|  16k   52M|2.00  1999 |0.80:0.10:0.70:0.80:0.70:0.90:0.70:0.70:0.90:25.3:24.9:24.9:25.3:24.7:25.2:25.1:25.3
04-01 08:23:05| 27  18  49   1   0|  22G 5496M   23M   34G|   0    53M|   0  1963 |0.40:0.10:0.60:0.40:0.40:0.50:0.50:0.50:0.40:24.8:25.1:25.0:25.7:25.0:24.8:25.9:24.3
04-01 08:23:06| 27  17  50   1   0|  22G 5492M   23M   34G|8192B   54M|1.00  2017 |0.60:0.10:0.80:0.60:1.00:0.70:0.70:0.70:0.70:25.6:24.3:25.7:25.5:24.4:25.6:25.4:24.7
04-01 08:23:07| 27  17  50   1   0|  22G 5497M   23M   34G|  40k   53M|5.00  1909 |0.70:   0:0.70:0.70:0.70:0.70:0.70:0.80:0.70:24.7:25.1:25.3:24.2:25.4:25.5:24.5:25.6
04-01 08:23:08| 27  18  49   2   0|  22G 5495M   23M   34G|  12k   54M|2.00  2026 |0.80:0.10:0.70:0.90:0.90:0.70:0.90:1.00:0.70:24.9:25.7:25.3:24.9:25.4:25.8:24.9:25.2
04-01 08:23:09| 27  17  50   1   0|  22G 5492M   23M   34G|  28k   50M|4.00  1898 |0.30:   0:0.20:0.20:0.30:0.20:0.20:0.20:0.20:25.0:25.1:24.9:25.9:25.2:25.2:25.5:25.0
04-01 08:23:10| 28  17  49   2   0|  22G 5490M   23M   34G|   0    56M|   0  2083 |0.80:0.10:0.90:0.90:0.80:1.00:0.90:1.10:1.10:25.2:24.5:25.0:25.1:24.8:25.3:24.7:25.1
04-01 08:23:11| 27  18  50   2   0|  22G 5487M   23M   34G|   0    51M|   0  1924 |0.30:0.10:0.20:0.30:0.20:0.40:0.20:0.20:0.40:25.0:25.2:25.0:25.4:25.0:25.5:24.9:25.2
04-01 08:23:12| 27  18  50   2   0|  22G 5497M   23M   34G|4096B   53M|1.00  2012 |0.60:0.10:0.50:0.60:0.50:0.60:0.60:0.70:0.60:25.3:24.7:25.1:25.2:25.2:24.9:24.9:24.8
04-01 08:23:13| 27  17  50   2   0|  22G 5485M   23M   34G|8192B   55M|1.00  1999 |0.60:   0:0.70:0.60:0.30:0.60:0.70:0.60:0.60:25.5:25.1:25.1:24.8:25.1:25.4:24.4:25.1
04-01 08:23:14| 27  18  49   1   0|  22G 5479M   23M   34G|   0    53M|   0  2013 |0.80:0.20:0.60:0.80:0.80:0.90:0.70:0.80:0.90:25.1:24.4:25.0:25.7:24.4:25.2:25.6:24.9
04-01 08:23:15| 27  18  49   1   0|  22G 5484M   23M   34G|4095B   52M|1.00  1951 |0.40:0.10:0.40:0.40:0.50:0.40:0.40:0.40:0.40:25.0:25.0:24.8:25.0:25.3:25.0:24.4:25.2
04-01 08:23:16| 35  16  44   1   0|  22G 5487M   23M   34G|   0    48M|   0  1893 |0.60:   0:0.40:0.60:0.40:0.40:0.80:0.90:0.50:22.5:22.9:22.4:22.5:22.6:28.8:22.5:28.6
04-01 08:23:17| 27  17  49   1   0|  22G 5482M   23M   34G|  12k   50M|2.00  1941 |0.20:0.20:0.20:0.20:0.30:0.20:0.20:0.30:0.20:24.7:23.3:25.3:25.1:23.4:26.8:25.0:26.9
04-01 08:23:18| 35  16  43   1   0|  22G 5512M   23M   34G|  12k  290M|2.00  33.1k|16.1:   0:16.3:16.1:16.5:16.1:16.7:16.2:16.1:25.1:23.5:24.8:25.4:23.5:23.1:25.6:23.1
04-01 08:23:19| 27  18  49   1   0|  22G 5515M   23M   34G|  12k  341M|3.00  39.1k|20.9:0.10:19.1:20.8:18.8:19.4:20.3:19.8:20.3:25.6:24.9:26.0:25.4:24.7:25.2:25.3:25.4
04-01 08:23:20| 27  17  48   2   0|  22G 5517M   23M   34G|8192B  237M|1.00  25.6k|43.3:0.10:16.0:42.6:15.8:83.2: 100: 100:83.4:25.1:24.2:24.9:24.4:24.6:25.3:24.3:25.3
04-01 08:23:21| 27  17  49   2   0|  22G 5513M   23M   34G|   0   242M|   0  26.0k|89.7:0.10:16.0:89.1:16.4: 100:91.8:91.6: 100:23.9:26.2:24.2:25.3:26.4:23.9:25.2:24.0
04-01 08:23:22| 27  18  48   2   0|  22G 5520M   23M   34G|   0   235M|   0  25.6k|93.5:0.10:15.3:93.3:15.8: 100:26.6:26.7: 100:25.7:24.2:25.6:24.4:24.1:25.6:24.3:25.8
04-01 08:23:23| 28  18  48   2   0|  22G 5510M   23M   34G|  28k  233M|3.00  25.3k|28.3:0.30:26.1:27.8:25.9:82.0:25.9:25.9:81.4:24.7:26.1:24.9:23.7:25.8:25.8:24.1:26.2
04-01 08:23:24| 27  18  48   2   0|  22G 5507M   23M   34G|  28k  250M|4.00  26.7k|34.6:0.10:33.4:33.4:33.7:67.4:33.8:34.1:67.2:25.4:24.9:25.0:25.4:25.3:24.6:25.4:24.1
04-01 08:23:25| 27  18  48   2   0|  22G 5504M   23M   34G|8189B  243M|1.00  26.2k|70.2:0.10:23.4:68.6:24.2:89.4:32.2:34.1:89.6:25.0:24.8:24.6:25.6:24.8:24.5:25.6:25.0
04-01 08:23:26| 28  18  48   2   0|  22G 5495M   23M   34G|8195B  240M|1.00  25.9k| 100:0.10:17.5: 100:17.5:99.3:17.3:17.6:99.5:25.5:24.2:25.4:23.9:24.4:25.1:23.9:25.1
04-01 08:23:27| 28  17  48   2   0|  22G 5490M   23M   34G|  12k  241M|2.00  26.0k|61.6:   0:26.5:60.2:26.6:82.6:30.8:32.5:82.4:24.2:25.2:24.0:26.1:25.2:25.5:25.8:25.4
04-01 08:23:28| 28  18  48   2   0|  22G 5490M   23M   34G|   0   242M|   0  26.1k|93.1:0.10:16.1:92.1:16.4: 100:42.2:45.2: 100:25.6:24.3:25.5:24.9:24.8:25.0:24.6:25.2
04-01 08:23:29| 26  18  48   2   0|  22G 5483M   23M   34G|   0   241M|   0  25.9k|72.6:   0:16.5:69.8:16.5:99.3:95.7:96.5:99.5:25.3:25.6:25.0:24.1:25.4:25.0:24.3:25.1
04-01 08:23:30| 27  18  48   2   0|  22G 5490M   23M   34G|   0   234M|   0  25.6k|16.9:0.10:15.8:16.8:15.4:95.9:96.3:97.4:96.1:25.0:24.9:25.2:25.9:25.0:24.5:25.7:24.7
04-01 08:23:31| 27  18  48   2   0|  22G 5491M   23M   34G|   0   248M|   0  26.4k|19.1:   0:16.3:18.5:16.2:93.7:99.6:99.8:94.2:24.9:24.2:24.9:25.2:23.8:25.3:25.0:25.7
04-01 08:23:32| 27  18  48   2   0|  22G 5483M   23M   34G|   0   237M|   0  25.9k|99.2:0.10:16.1:99.1:15.9:86.7: 100: 100:87.4:24.2:25.9:23.8:25.0:25.7:25.3:24.7:25.0
04-01 08:23:33| 28  18  48   2   0|  22G 5486M   23M   34G|   0   243M|   0  25.9k|85.5:   0:16.3:83.0:16.5:30.2: 100: 100:30.7:25.7:24.5:26.4:25.1:24.7:25.0:25.2:24.6
04-01 08:23:34| 28  18  48   2   0|  22G 5477M   23M   34G|   0   187M|   0  19.3k|20.8:0.10:11.5:12.3:11.6:12.1:75.1:75.2:12.7:24.3:25.9:24.3:24.7:25.7:25.5:24.2:25.0
04-01 08:23:35| 27  18  49   2   0|  22G 5476M   23M   34G|8192B   50M|1.00  2021 |0.30:   0:0.30:0.30:0.30:0.40:0.30:0.40:0.40:25.5:24.3:25.2:25.4:24.0:24.5:25.5:24.6
04-01 08:23:36| 27  17  49   1   0|  22G 5460M   23M   34G|   0    57M|   0  2188 |0.40:0.10:0.60:0.60:0.60:0.60:0.30:0.30:0.60:24.6:25.6:24.7:24.3:25.8:26.0:24.4:26.1
04-01 08:23:37| 27  17  50   2   0|  22G 5451M   23M   34G|  12k   50M|2.00  2021 |0.10:   0:0.30:0.30:0.30:0.30:0.30:0.20:0.30:25.7:24.1:25.4:25.4:24.0:24.7:25.1:24.3
04-01 08:23:38| 27  18  50   1   0|  22G 5449M   23M   34G|   0    59M|   0  2256 |0.20:0.20:0.60:0.70:0.80:0.60:0.60:0.60:0.70:24.9:25.9:24.6:24.4:25.5:24.5:24.7:24.7
04-01 08:23:39| 28  18  49   1   0|  22G 5444M   23M   34G|   0    52M|   0  2055 |0.20:   0:0.40:0.40:0.40:0.30:0.40:0.40:0.30:25.7:23.9:25.2:24.5:24.0:25.2:24.8:25.2
04-01 08:23:40| 27  17  49   2   0|  22G 5435M   23M   34G|   0    53M|   0  2161 |0.10:0.10:0.60:0.40:0.60:0.60:0.40:0.40:0.50:24.2:26.1:24.1:25.2:25.6:24.0:25.4:24.5
04-01 08:23:41| 27  17  49   1   0|  22G 5439M   23M   34G|   0    54M|   0  2105 |0.20:   0:0.50:0.50:0.50:0.50:0.50:0.50:0.50:24.8:24.5:24.9:24.2:24.8:26.1:24.1:26.1
04-01 08:23:42|  0   1  99   0   0|  22G 5672M   23M   34G|   0  3588k|   0   174 |0.10:0.10:0.30:0.30:0.30:0.20:0.40:0.40:0.20:0.50:0.10:0.50:0.10:0.10:0.10:0.10:0.20
04-01 08:23:43|  0   0 100   0   0|  22G 5669M   23M   34G|   0   164k|   0  51.0 |   0:   0:0.20:0.10:   0:0.10:0.30:0.10:0.10:   0:   0:   0:   0:   0:   0:   0:   0

```

---

## Command 10: mpstat

### Command
```bash
mpstat -P ALL 1 130
```

### Output
```
Linux 6.14.0-1018-aws (ip-10-0-1-171) 	01/04/26 	_aarch64_	(32 CPU)

08:21:39     CPU    %usr   %nice    %sys %iowait    %irq   %soft  %steal  %guest  %gnice   %idle
08:21:40     all    0.16    0.00    0.12    0.00    0.00    0.00    0.00    0.00    0.00   99.72
08:21:40       0    1.00    0.00    1.00    0.00    0.00    0.00    0.00    0.00    0.00   98.00
08:21:40       1    0.00    0.00    0.00    0.00    0.00    0.00    0.00    0.00    0.00  100.00
08:21:40       2    0.00    0.00    0.00    0.00    0.00    0.00    0.00    0.00    0.00  100.00
08:21:40       3    0.00    0.00    0.99    0.00    0.00    0.00    0.00    0.00    0.00   99.01
08:21:40       4    0.00    0.00    0.00    0.00    0.00    0.00    0.00    0.00    0.00  100.00
08:21:40       5    0.00    0.00    0.00    0.00    0.00    0.00    0.00    0.00    0.00  100.00
08:21:40       6    0.00    0.00    0.00    0.00    0.00    0.00    0.00    0.00    0.00  100.00
08:21:40       7    0.00    0.00    0.00    0.00    0.00    0.00    0.00    0.00    0.00  100.00
08:21:40       8    0.00    0.00    0.00    0.00    0.00    0.00    0.00    0.00    0.00  100.00
08:21:40       9    0.00    0.00    0.00    0.00    0.00    0.00    0.00    0.00    0.00  100.00
08:21:40      10    0.00    0.00    0.00    0.00    0.00    0.00    0.00    0.00    0.00  100.00
08:21:40      11    0.00    0.00    0.00    0.00    0.00    0.00    0.00    0.00    0.00  100.00
08:21:40      12    0.00    0.00    0.00    0.00    0.00    0.00    0.00    0.00    0.00  100.00
08:21:40      13    0.00    0.00    0.00    0.00    0.00    0.00    0.00    0.00    0.00  100.00
08:21:40      14    0.00    0.00    0.00    0.00    0.00    0.00    0.00    0.00    0.00  100.00
08:21:40      15    0.00    0.00    0.00    0.00    0.00    0.00    0.00    0.00    0.00  100.00
08:21:40      16    0.00    0.00    0.99    0.00    0.00    0.00    0.00    0.00    0.00   99.01
08:21:40      17    0.00    0.00    0.00    0.00    0.00    0.00    0.00    0.00    0.00  100.00
08:21:40      18    0.00    0.00    0.00    0.00    0.00    0.00    0.00    0.00    0.00  100.00
08:21:40      19    0.00    0.00    0.00    0.00    0.00    0.00    0.00    0.00    0.00  100.00
08:21:40      20    0.00    0.00    0.00    0.00    0.00    0.00    0.00    0.00    0.00  100.00
08:21:40      21    0.00    0.00    0.00    0.00    0.00    0.00    0.00    0.00    0.00  100.00
08:21:40      22    0.00    0.00    0.00    0.00    0.00    0.00    0.00    0.00    0.00  100.00
08:21:40      23    0.00    0.00    0.00    0.00    0.00    0.00    0.00    0.00    0.00  100.00
08:21:40      24    0.00    0.00    0.00    0.00    0.00    0.00    0.00    0.00    0.00  100.00
08:21:40      25    0.00    0.00    0.00    0.00    0.00    0.00    0.00    0.00    0.00  100.00
08:21:40      26    0.00    0.00    0.00    0.00    0.00    0.00    0.00    0.00    0.00  100.00
08:21:40      27    0.00    0.00    0.00    0.00    0.00    0.00    0.00    0.00    0.00  100.00
08:21:40      28    0.00    0.00    0.00    0.00    0.00    0.00    0.00    0.00    0.00  100.00
08:21:40      29    0.00    0.00    0.00    0.00    0.00    0.00    0.00    0.00    0.00  100.00
08:21:40      30    0.00    0.00    0.00    0.00    0.00    0.00    0.00    0.00    0.00  100.00
08:21:40      31    3.96    0.00    0.99    0.00    0.00    0.00    0.00    0.00    0.00   95.05

08:21:40     CPU    %usr   %nice    %sys %iowait    %irq   %soft  %steal  %guest  %gnice   %idle
08:21:41     all    0.06    0.00    0.06    0.00    0.00    0.00    0.00    0.00    0.00   99.87
08:21:41       0    0.00    0.00    0.00    0.00    0.00    0.00    0.00    0.00    0.00  100.00
08:21:41       1    0.00    0.00    0.00    0.00    0.00    0.00    0.00    0.00    0.00  100.00
08:21:41       2    0.00    0.00    0.00    0.00    0.00    0.00    0.00    0.00    0.00  100.00
08:21:41       3    1.00    0.00    0.00    0.00    0.00    0.00    0.00    0.00    0.00   99.00
08:21:41       4    0.00    0.00    0.00    0.00    0.00    0.00    0.00    0.00    0.00  100.00
08:21:41       5    0.00    0.00    0.00    0.00    0.00    0.00    0.00    0.00    0.00  100.00
08:21:41       6    0.00    0.00    0.00    0.00    0.00    0.00    0.00    0.00    0.00  100.00
08:21:41       7    0.00    0.00    0.00    0.00    0.00    0.00    0.00    0.00    0.00  100.00
08:21:41       8    0.00    0.00    0.00    0.00    0.00    0.00    0.00    0.00    0.00  100.00
08:21:41       9    0.00    0.00    0.00    0.00    0.00    0.00    0.00    0.00    0.00  100.00
08:21:41      10    0.00    0.00    0.00    0.00    0.00    0.00    0.00    0.00    0.00  100.00
08:21:41      11    0.00    0.00    0.00    0.00    0.00    0.00    0.00    0.00    0.00  100.00
08:21:41      12    0.00    0.00    0.00    0.00    0.00    0.00    0.00    0.00    0.00  100.00
08:21:41      13    0.00    0.00    0.00    0.00    0.00    0.00    0.00    0.00    0.00  100.00
08:21:41      14    0.00    0.00    0.00    0.00    0.00    0.00    0.00    0.00    0.00  100.00
08:21:41      15    0.00    0.00    0.00    0.00    0.00    0.00    0.00    0.00    0.00  100.00
08:21:41      16    0.00    0.00    0.00    0.00    0.00    0.00    0.00    0.00    0.00  100.00
08:21:41      17    1.00    0.00    1.00    0.00    0.00    0.00    0.00    0.00    0.00   98.00
08:21:41      18    0.00    0.00    0.00    0.00    0.00    0.00    0.00    0.00    0.00  100.00
08:21:41      19    0.00    0.00    0.00    0.00    0.00    0.00    0.00    0.00    0.00  100.00
08:21:41      20    0.00    0.00    0.00    0.00    0.00    0.00    0.00    0.00    0.00  100.00
08:21:41      21    0.00    0.00    0.00    0.00    0.00    0.00    0.00    0.00    0.00  100.00
08:21:41      22    0.00    0.00    0.00    0.00    0.00    0.00    0.00    0.00    0.00  100.00
08:21:41      23    0.00    0.00    0.00    0.00    0.00    0.00    0.00    0.00    0.00  100.00
08:21:41      24    0.00    0.00    0.00    0.00    0.00    0.00    0.00    0.00    0.00  100.00
08:21:41      25    0.00    0.00    0.00    0.00    0.00    0.00    0.00    0.00    0.00  100.00
08:21:41      26    0.00    0.00    0.00    0.00    0.00    0.00    0.00    0.00    0.00  100.00
08:21:41      27    0.00    0.00    0.00    0.00    0.00    0.00    0.00    0.00    0.00  100.00
08:21:41      28    0.00    0.00    0.00    0.00    0.00    0.00    0.00    0.00    0.00  100.00
08:21:41      29    0.00    0.00    0.99    0.00    0.00    0.00    0.00    0.00    0.00   99.01
08:21:41      30    0.00    0.00    0.00    0.00    0.00    0.00    0.00    0.00    0.00  100.00
08:21:41      31    0.00    0.00    0.00    0.00    0.00    0.00    0.00    0.00    0.00  100.00

08:21:41     CPU    %usr   %nice    %sys %iowait    %irq   %soft  %steal  %guest  %gnice   %idle
08:21:42     all   24.68    0.00   16.51    1.55    0.00    0.00    0.00    0.00    0.00   57.25
08:21:42       0   26.04    0.00   14.58    1.04    0.00    0.00    0.00    0.00    0.00   58.33
08:21:42       1   25.00    0.00   15.62    1.04    0.00    0.00    0.00    0.00    0.00   58.33
08:21:42       2   24.74    0.00   17.53    2.06    0.00    0.00    0.00    0.00    0.00   55.67
08:21:42       3   23.71    0.00   17.53    2.06    0.00    0.00    0.00    0.00    0.00   56.70
08:21:42       4   24.74    0.00   16.49    2.06    0.00    0.00    0.00    0.00    0.00   56.70
08:21:42       5   25.26    0.00   15.79    2.11    0.00    0.00    0.00    0.00    0.00   56.84
08:21:42       6   24.74    0.00   16.49    1.03    0.00    0.00    0.00    0.00    0.00   57.73
08:21:42       7   26.04    0.00   14.58    1.04    0.00    0.00    0.00    0.00    0.00   58.33
08:21:42       8   23.96    0.00   16.67    2.08    0.00    0.00    0.00    0.00    0.00   57.29
08:21:42       9   25.25    0.00   17.17    1.01    0.00    0.00    0.00    0.00    0.00   56.57
08:21:42      10   23.71    0.00   18.56    2.06    0.00    0.00    0.00    0.00    0.00   55.67
08:21:42      11   26.32    0.00   15.79    2.11    0.00    0.00    0.00    0.00    0.00   55.79
08:21:42      12   25.77    0.00   15.46    2.06    0.00    0.00    0.00    0.00    0.00   56.70
08:21:42      13   25.51    0.00   16.33    2.04    0.00    0.00    0.00    0.00    0.00   56.12
08:21:42      14   24.74    0.00   16.49    3.09    0.00    0.00    0.00    0.00    0.00   55.67
08:21:42      15   24.74    0.00   17.53    1.03    0.00    0.00    0.00    0.00    0.00   56.70
08:21:42      16   24.49    0.00   16.33    2.04    0.00    0.00    0.00    0.00    0.00   57.14
08:21:42      17   24.49    0.00   17.35    1.02    0.00    0.00    0.00    0.00    0.00   57.14
08:21:42      18   23.71    0.00   17.53    2.06    0.00    0.00    0.00    0.00    0.00   56.70
08:21:42      19   22.92    0.00   17.71    1.04    0.00    0.00    0.00    0.00    0.00   58.33
08:21:42      20   25.51    0.00   18.37    1.02    0.00    0.00    0.00    0.00    0.00   55.10
08:21:42      21   27.08    0.00   13.54    1.04    0.00    0.00    0.00    0.00    0.00   58.33
08:21:42      22   24.21    0.00   15.79    1.05    0.00    0.00    0.00    0.00    0.00   58.95
08:21:42      23   24.49    0.00   17.35    1.02    0.00    0.00    0.00    0.00    0.00   57.14
08:21:42      24   24.74    0.00   15.46    2.06    0.00    0.00    0.00    0.00    0.00   57.73
08:21:42      25   23.96    0.00   16.67    2.08    0.00    0.00    0.00    0.00    0.00   57.29
08:21:42      26   23.47    0.00   17.35    1.02    0.00    0.00    0.00    0.00    0.00   58.16
08:21:42      27   23.96    0.00   16.67    1.04    0.00    0.00    0.00    0.00    0.00   58.33
08:21:42      28   23.71    0.00   17.53    1.03    0.00    0.00    0.00    0.00    0.00   57.73
08:21:42      29   25.26    0.00   14.74    1.05    0.00    0.00    0.00    0.00    0.00   58.95
08:21:42      30   23.96    0.00   16.67    1.04    0.00    0.00    0.00    0.00    0.00   58.33
08:21:42      31   23.71    0.00   16.49    2.06    0.00    0.00    0.00    0.00    0.00   57.73

08:21:42     CPU    %usr   %nice    %sys %iowait    %irq   %soft  %steal  %guest  %gnice   %idle
08:21:43     all   26.83    0.00   17.57    1.63    0.00    0.00    0.00    0.00    0.00   53.96
08:21:43       0   26.60    0.00   17.02    2.13    0.00    0.00    0.00    0.00    0.00   54.26
08:21:43       1   26.04    0.00   18.75    2.08    0.00    0.00    0.00    0.00    0.00   53.12
08:21:43       2   27.84    0.00   18.56    2.06    0.00    0.00    0.00    0.00    0.00   51.55
08:21:43       3   25.26    0.00   18.95    1.05    0.00    0.00    0.00    0.00    0.00   54.74
08:21:43       4   26.80    0.00   18.56    2.06    0.00    0.00    0.00    0.00    0.00   52.58
08:21:43       5   28.12    0.00   16.67    1.04    0.00    0.00    0.00    0.00    0.00   54.17
08:21:43       6   28.12    0.00   15.62    2.08    0.00    0.00    0.00    0.00    0.00   54.17
08:21:43       7   27.08    0.00   17.71    1.04    0.00    0.00    0.00    0.00    0.00   54.17
08:21:43       8   29.17    0.00   15.62    1.04    0.00    0.00    0.00    0.00    0.00   54.17
08:21:43       9   25.77    0.00   18.56    2.06    0.00    0.00    0.00    0.00    0.00   53.61
08:21:43      10   26.32    0.00   18.95    1.05    0.00    0.00    0.00    0.00    0.00   53.68
08:21:43      11   27.37    0.00   16.84    2.11    0.00    0.00    0.00    0.00    0.00   53.68
08:21:43      12   26.32    0.00   17.89    2.11    0.00    0.00    0.00    0.00    0.00   53.68
08:21:43      13   27.08    0.00   16.67    1.04    0.00    0.00    0.00    0.00    0.00   55.21
08:21:43      14   27.08    0.00   17.71    2.08    0.00    0.00    0.00    0.00    0.00   53.12
08:21:43      15   27.84    0.00   17.53    2.06    0.00    0.00    0.00    0.00    0.00   52.58
08:21:43      16   27.37    0.00   16.84    1.05    0.00    0.00    0.00    0.00    0.00   54.74
08:21:43      17   27.08    0.00   17.71    2.08    0.00    0.00    0.00    0.00    0.00   53.12
08:21:43      18   25.00    0.00   17.71    1.04    0.00    0.00    0.00    0.00    0.00   56.25
08:21:43      19   26.04    0.00   17.71    1.04    0.00    0.00    0.00    0.00    0.00   55.21
08:21:43      20   26.80    0.00   17.53    2.06    0.00    0.00    0.00    0.00    0.00   53.61
08:21:43      21   27.84    0.00   17.53    2.06    0.00    0.00    0.00    0.00    0.00   52.58
08:21:43      22   26.04    0.00   17.71    3.12    0.00    0.00    0.00    0.00    0.00   53.12
08:21:43      23   26.04    0.00   17.71    1.04    0.00    0.00    0.00    0.00    0.00   55.21
08:21:43      24   25.26    0.00   18.95    1.05    0.00    0.00    0.00    0.00    0.00   54.74
08:21:43      25   26.80    0.00   18.56    2.06    0.00    0.00    0.00    0.00    0.00   52.58
08:21:43      26   27.37    0.00   16.84    1.05    0.00    0.00    0.00    0.00    0.00   54.74
08:21:43      27   28.12    0.00   15.62    2.08    0.00    0.00    0.00    0.00    0.00   54.17
08:21:43      28   26.04    0.00   17.71    2.08    0.00    0.00    0.00    0.00    0.00   54.17
08:21:43      29   27.08    0.00   17.71    1.04    0.00    0.00    0.00    0.00    0.00   54.17
08:21:43      30   26.04    0.00   17.71    1.04    0.00    0.00    0.00    0.00    0.00   55.21
08:21:43      31   26.88    0.00   17.20    1.08    0.00    0.00    0.00    0.00    0.00   54.84

08:21:43     CPU    %usr   %nice    %sys %iowait    %irq   %soft  %steal  %guest  %gnice   %idle
08:21:44     all   27.07    0.00   17.28    1.63    0.00    0.00    0.00    0.00    0.00   54.02
08:21:44       0   27.66    0.00   15.96    2.13    0.00    0.00    0.00    0.00    0.00   54.26
08:21:44       1   29.47    0.00   15.79    2.11    0.00    0.00    0.00    0.00    0.00   52.63
08:21:44       2   26.32    0.00   18.95    1.05    0.00    0.00    0.00    0.00    0.00   53.68
08:21:44       3   28.57    0.00   16.33    2.04    0.00    0.00    0.00    0.00    0.00   53.06
08:21:44       4   26.88    0.00   16.13    1.08    0.00    0.00    0.00    0.00    0.00   55.91
08:21:44       5   27.08    0.00   17.71    2.08    0.00    0.00    0.00    0.00    0.00   53.12
08:21:44       6   27.37    0.00   17.89    1.05    0.00    0.00    0.00    0.00    0.00   53.68
08:21:44       7   26.60    0.00   18.09    2.13    0.00    0.00    0.00    0.00    0.00   53.19
08:21:44       8   26.04    0.00   18.75    2.08    0.00    0.00    0.00    0.00    0.00   53.12
08:21:44       9   26.04    0.00   17.71    2.08    0.00    0.00    0.00    0.00    0.00   54.17
08:21:44      10   27.37    0.00   16.84    2.11    0.00    0.00    0.00    0.00    0.00   53.68
08:21:44      11   27.37    0.00   16.84    1.05    0.00    0.00    0.00    0.00    0.00   54.74
08:21:44      12   26.04    0.00   17.71    1.04    0.00    0.00    0.00    0.00    0.00   55.21
08:21:44      13   25.77    0.00   18.56    2.06    0.00    0.00    0.00    0.00    0.00   53.61
08:21:44      14   27.66    0.00   15.96    1.06    0.00    0.00    0.00    0.00    0.00   55.32
08:21:44      15   28.42    0.00   16.84    1.05    0.00    0.00    0.00    0.00    0.00   53.68
08:21:44      16   26.53    0.00   18.37    2.04    0.00    0.00    0.00    0.00    0.00   53.06
08:21:44      17   27.55    0.00   17.35    2.04    0.00    0.00    0.00    0.00    0.00   53.06
08:21:44      18   26.80    0.00   18.56    1.03    0.00    0.00    0.00    0.00    0.00   53.61
08:21:44      19   27.08    0.00   16.67    2.08    0.00    0.00    0.00    0.00    0.00   54.17
08:21:44      20   28.42    0.00   15.79    2.11    0.00    0.00    0.00    0.00    0.00   53.68
08:21:44      21   26.32    0.00   16.84    1.05    0.00    0.00    0.00    0.00    0.00   55.79
08:21:44      22   28.87    0.00   16.49    1.03    0.00    0.00    0.00    0.00    0.00   53.61
08:21:44      23   27.84    0.00   17.53    2.06    0.00    0.00    0.00    0.00    0.00   52.58
08:21:44      24   27.66    0.00   14.89    1.06    0.00    0.00    0.00    0.00    0.00   56.38
08:21:44      25   25.81    0.00   17.20    2.15    0.00    0.00    0.00    0.00    0.00   54.84
08:21:44      26   25.77    0.00   18.56    2.06    0.00    0.00    0.00    0.00    0.00   53.61
08:21:44      27   27.08    0.00   17.71    1.04    0.00    0.00    0.00    0.00    0.00   54.17
08:21:44      28   27.08    0.00   17.71    1.04    0.00    0.00    0.00    0.00    0.00   54.17
08:21:44      29   27.08    0.00   16.67    1.04    0.00    0.00    0.00    0.00    0.00   55.21
08:21:44      30   26.04    0.00   18.75    2.08    0.00    0.00    0.00    0.00    0.00   53.12
08:21:44      31   25.77    0.00   17.53    2.06    0.00    0.00    0.00    0.00    0.00   54.64

08:21:44     CPU    %usr   %nice    %sys %iowait    %irq   %soft  %steal  %guest  %gnice   %idle
08:21:45     all   27.95    0.00   17.17    1.63    0.00    0.00    0.00    0.00    0.00   53.25
08:21:45       0   32.29    0.00   14.58    1.04    0.00    0.00    0.00    0.00    0.00   52.08
08:21:45       1   26.32    0.00   18.95    2.11    0.00    0.00    0.00    0.00    0.00   52.63
08:21:45       2   25.00    0.00   19.79    2.08    0.00    0.00    0.00    0.00    0.00   53.12
08:21:45       3   25.53    0.00   20.21    1.06    0.00    0.00    0.00    0.00    0.00   53.19
08:21:45       4   28.87    0.00   17.53    2.06    0.00    0.00    0.00    0.00    0.00   51.55
08:21:45       5   26.32    0.00   18.95    1.05    0.00    0.00    0.00    0.00    0.00   53.68
08:21:45       6   26.32    0.00   17.89    2.11    0.00    0.00    0.00    0.00    0.00   53.68
08:21:45       7   31.63    0.00   16.33    2.04    0.00    0.00    0.00    0.00    0.00   50.00
08:21:45       8   27.66    0.00   18.09    1.06    0.00    0.00    0.00    0.00    0.00   53.19
08:21:45       9   27.08    0.00   17.71    2.08    0.00    0.00    0.00    0.00    0.00   53.12
08:21:45      10   25.77    0.00   19.59    2.06    0.00    0.00    0.00    0.00    0.00   52.58
08:21:45      11   27.84    0.00   17.53    2.06    0.00    0.00    0.00    0.00    0.00   52.58
08:21:45      12   28.42    0.00   15.79    1.05    0.00    0.00    0.00    0.00    0.00   54.74
08:21:45      13   29.17    0.00   15.62    1.04    0.00    0.00    0.00    0.00    0.00   54.17
08:21:45      14   32.63    0.00   14.74    2.11    0.00    0.00    0.00    0.00    0.00   50.53
08:21:45      15   27.08    0.00   16.67    2.08    0.00    0.00    0.00    0.00    0.00   54.17
08:21:45      16   27.08    0.00   17.71    2.08    0.00    0.00    0.00    0.00    0.00   53.12
08:21:45      17   30.85    0.00   13.83    1.06    0.00    0.00    0.00    0.00    0.00   54.26
08:21:45      18   25.53    0.00   19.15    1.06    0.00    0.00    0.00    0.00    0.00   54.26
08:21:45      19   29.17    0.00   16.67    2.08    0.00    0.00    0.00    0.00    0.00   52.08
08:21:45      20   27.08    0.00   17.71    1.04    0.00    0.00    0.00    0.00    0.00   54.17
08:21:45      21   28.87    0.00   17.53    2.06    0.00    0.00    0.00    0.00    0.00   51.55
08:21:45      22   29.47    0.00   14.74    1.05    0.00    0.00    0.00    0.00    0.00   54.74
08:21:45      23   27.37    0.00   17.89    2.11    0.00    0.00    0.00    0.00    0.00   52.63
08:21:45      24   26.80    0.00   18.56    2.06    0.00    0.00    0.00    0.00    0.00   52.58
08:21:45      25   27.08    0.00   17.71    2.08    0.00    0.00    0.00    0.00    0.00   53.12
08:21:45      26   29.47    0.00   14.74    2.11    0.00    0.00    0.00    0.00    0.00   53.68
08:21:45      27   27.08    0.00   16.67    1.04    0.00    0.00    0.00    0.00    0.00   55.21
08:21:45      28   26.60    0.00   15.96    1.06    0.00    0.00    0.00    0.00    0.00   56.38
08:21:45      29   29.90    0.00   15.46    1.03    0.00    0.00    0.00    0.00    0.00   53.61
08:21:45      30   28.87    0.00   15.46    1.03    0.00    0.00    0.00    0.00    0.00   54.64
08:21:45      31   25.00    0.00   19.79    2.08    0.00    0.00    0.00    0.00    0.00   53.12

08:21:45     CPU    %usr   %nice    %sys %iowait    %irq   %soft  %steal  %guest  %gnice   %idle
08:21:46     all   27.39    0.00   17.22    1.79    0.00    0.00    0.00    0.00    0.00   53.60
08:21:46       0   28.87    0.00   16.49    2.06    0.00    0.00    0.00    0.00    0.00   52.58
08:21:46       1   28.12    0.00   16.67    2.08    0.00    0.00    0.00    0.00    0.00   53.12
08:21:46       2   27.37    0.00   17.89    2.11    0.00    0.00    0.00    0.00    0.00   52.63
08:21:46       3   27.08    0.00   17.71    2.08    0.00    0.00    0.00    0.00    0.00   53.12
08:21:46       4   26.80    0.00   18.56    2.06    0.00    0.00    0.00    0.00    0.00   52.58
08:21:46       5   25.00    0.00   18.75    2.08    0.00    0.00    0.00    0.00    0.00   54.17
08:21:46       6   26.04    0.00   18.75    2.08    0.00    0.00    0.00    0.00    0.00   53.12
08:21:46       7   26.80    0.00   18.56    1.03    0.00    0.00    0.00    0.00    0.00   53.61
08:21:46       8   27.08    0.00   16.67    3.12    0.00    0.00    0.00    0.00    0.00   53.12
08:21:46       9   28.12    0.00   16.67    1.04    0.00    0.00    0.00    0.00    0.00   54.17
08:21:46      10   26.80    0.00   18.56    2.06    0.00    0.00    0.00    0.00    0.00   52.58
08:21:46      11   28.42    0.00   15.79    2.11    0.00    0.00    0.00    0.00    0.00   53.68
08:21:46      12   28.87    0.00   17.53    2.06    0.00    0.00    0.00    0.00    0.00   51.55
08:21:46      13   28.12    0.00   16.67    2.08    0.00    0.00    0.00    0.00    0.00   53.12
08:21:46      14   27.84    0.00   16.49    2.06    0.00    0.00    0.00    0.00    0.00   53.61
08:21:46      15   29.17    0.00   16.67    2.08    0.00    0.00    0.00    0.00    0.00   52.08
08:21:46      16   25.77    0.00   18.56    1.03    0.00    0.00    0.00    0.00    0.00   54.64
08:21:46      17   27.66    0.00   15.96    1.06    0.00    0.00    0.00    0.00    0.00   55.32
08:21:46      18   26.80    0.00   18.56    1.03    0.00    0.00    0.00    0.00    0.00   53.61
08:21:46      19   27.66    0.00   17.02    2.13    0.00    0.00    0.00    0.00    0.00   53.19
08:21:46      20   28.42    0.00   15.79    2.11    0.00    0.00    0.00    0.00    0.00   53.68
08:21:46      21   27.66    0.00   15.96    1.06    0.00    0.00    0.00    0.00    0.00   55.32
08:21:46      22   29.17    0.00   15.62    2.08    0.00    0.00    0.00    0.00    0.00   53.12
08:21:46      23   27.08    0.00   16.67    2.08    0.00    0.00    0.00    0.00    0.00   54.17
08:21:46      24   26.80    0.00   18.56    2.06    0.00    0.00    0.00    0.00    0.00   52.58
08:21:46      25   27.66    0.00   15.96    1.06    0.00    0.00    0.00    0.00    0.00   55.32
08:21:46      26   27.08    0.00   17.71    1.04    0.00    0.00    0.00    0.00    0.00   54.17
08:21:46      27   27.37    0.00   16.84    2.11    0.00    0.00    0.00    0.00    0.00   53.68
08:21:46      28   27.84    0.00   17.53    2.06    0.00    0.00    0.00    0.00    0.00   52.58
08:21:46      29   27.08    0.00   16.67    2.08    0.00    0.00    0.00    0.00    0.00   54.17
08:21:46      30   26.04    0.00   17.71    1.04    0.00    0.00    0.00    0.00    0.00   55.21
08:21:46      31   25.81    0.00   17.20    1.08    0.00    0.00    0.00    0.00    0.00   55.91

08:21:46     CPU    %usr   %nice    %sys %iowait    %irq   %soft  %steal  %guest  %gnice   %idle
08:21:47     all   27.02    0.00   17.14    1.64    0.00    0.00    0.00    0.00    0.00   54.20
08:21:47       0   27.37    0.00   17.89    1.05    0.00    0.00    0.00    0.00    0.00   53.68
08:21:47       1   27.37    0.00   16.84    2.11    0.00    0.00    0.00    0.00    0.00   53.68
08:21:47       2   29.17    0.00   15.62    2.08    0.00    0.00    0.00    0.00    0.00   53.12
08:21:47       3   26.32    0.00   17.89    1.05    0.00    0.00    0.00    0.00    0.00   54.74
08:21:47       4   28.12    0.00   16.67    1.04    0.00    0.00    0.00    0.00    0.00   54.17
08:21:47       5   27.37    0.00   16.84    1.05    0.00    0.00    0.00    0.00    0.00   54.74
08:21:47       6   27.66    0.00   15.96    1.06    0.00    0.00    0.00    0.00    0.00   55.32
08:21:47       7   27.08    0.00   17.71    1.04    0.00    0.00    0.00    0.00    0.00   54.17
08:21:47       8   27.08    0.00   18.75    2.08    0.00    0.00    0.00    0.00    0.00   52.08
08:21:47       9   26.60    0.00   17.02    1.06    0.00    0.00    0.00    0.00    0.00   55.32
08:21:47      10   28.72    0.00   15.96    1.06    0.00    0.00    0.00    0.00    0.00   54.26
08:21:47      11   27.66    0.00   15.96    2.13    0.00    0.00    0.00    0.00    0.00   54.26
08:21:47      12   27.08    0.00   16.67    2.08    0.00    0.00    0.00    0.00    0.00   54.17
08:21:47      13   27.37    0.00   16.84    2.11    0.00    0.00    0.00    0.00    0.00   53.68
08:21:47      14   28.42    0.00   15.79    2.11    0.00    0.00    0.00    0.00    0.00   53.68
08:21:47      15   25.77    0.00   18.56    1.03    0.00    0.00    0.00    0.00    0.00   54.64
08:21:47      16   28.42    0.00   16.84    1.05    0.00    0.00    0.00    0.00    0.00   53.68
08:21:47      17   28.42    0.00   15.79    2.11    0.00    0.00    0.00    0.00    0.00   53.68
08:21:47      18   26.60    0.00   15.96    2.13    0.00    0.00    0.00    0.00    0.00   55.32
08:21:47      19   26.80    0.00   17.53    2.06    0.00    0.00    0.00    0.00    0.00   53.61
08:21:47      20   27.37    0.00   16.84    1.05    0.00    0.00    0.00    0.00    0.00   54.74
08:21:47      21   26.80    0.00   16.49    2.06    0.00    0.00    0.00    0.00    0.00   54.64
08:21:47      22   25.27    0.00   16.48    2.20    0.00    0.00    0.00    0.00    0.00   56.04
08:21:47      23   27.08    0.00   17.71    2.08    0.00    0.00    0.00    0.00    0.00   53.12
08:21:47      24   25.53    0.00   18.09    1.06    0.00    0.00    0.00    0.00    0.00   55.32
08:21:47      25   24.49    0.00   20.41    3.06    0.00    0.00    0.00    0.00    0.00   52.04
08:21:47      26   25.26    0.00   18.95    2.11    0.00    0.00    0.00    0.00    0.00   53.68
08:21:47      27   27.37    0.00   16.84    1.05    0.00    0.00    0.00    0.00    0.00   54.74
08:21:47      28   26.04    0.00   17.71    1.04    0.00    0.00    0.00    0.00    0.00   55.21
08:21:47      29   25.53    0.00   18.09    2.13    0.00    0.00    0.00    0.00    0.00   54.26
08:21:47      30   27.37    0.00   16.84    1.05    0.00    0.00    0.00    0.00    0.00   54.74
08:21:47      31   27.08    0.00   16.67    2.08    0.00    0.00    0.00    0.00    0.00   54.17

08:21:47     CPU    %usr   %nice    %sys %iowait    %irq   %soft  %steal  %guest  %gnice   %idle
08:21:48     all   26.72    0.00   17.38    1.61    0.00    0.00    0.00    0.00    0.00   54.29
08:21:48       0   28.42    0.00   15.79    1.05    0.00    0.00    0.00    0.00    0.00   54.74
08:21:48       1   27.66    0.00   17.02    1.06    0.00    0.00    0.00    0.00    0.00   54.26
08:21:48       2   25.53    0.00   18.09    1.06    0.00    0.00    0.00    0.00    0.00   55.32
08:21:48       3   25.53    0.00   18.09    1.06    0.00    0.00    0.00    0.00    0.00   55.32
08:21:48       4   27.96    0.00   16.13    1.08    0.00    0.00    0.00    0.00    0.00   54.84
08:21:48       5   27.08    0.00   16.67    1.04    0.00    0.00    0.00    0.00    0.00   55.21
08:21:48       6   27.08    0.00   17.71    1.04    0.00    0.00    0.00    0.00    0.00   54.17
08:21:48       7   27.37    0.00   16.84    3.16    0.00    0.00    0.00    0.00    0.00   52.63
08:21:48       8   27.37    0.00   17.89    2.11    0.00    0.00    0.00    0.00    0.00   52.63
08:21:48       9   25.00    0.00   18.75    2.08    0.00    0.00    0.00    0.00    0.00   54.17
08:21:48      10   27.08    0.00   16.67    2.08    0.00    0.00    0.00    0.00    0.00   54.17
08:21:48      11   26.32    0.00   18.95    2.11    0.00    0.00    0.00    0.00    0.00   52.63
08:21:48      12   25.26    0.00   20.00    2.11    0.00    0.00    0.00    0.00    0.00   52.63
08:21:48      13   26.32    0.00   18.95    1.05    0.00    0.00    0.00    0.00    0.00   53.68
08:21:48      14   26.32    0.00   17.89    1.05    0.00    0.00    0.00    0.00    0.00   54.74
08:21:48      15   26.80    0.00   18.56    2.06    0.00    0.00    0.00    0.00    0.00   52.58
08:21:48      16   27.66    0.00   14.89    2.13    0.00    0.00    0.00    0.00    0.00   55.32
08:21:48      17   27.37    0.00   16.84    2.11    0.00    0.00    0.00    0.00    0.00   53.68
08:21:48      18   27.08    0.00   17.71    1.04    0.00    0.00    0.00    0.00    0.00   54.17
08:21:48      19   25.26    0.00   17.89    1.05    0.00    0.00    0.00    0.00    0.00   55.79
08:21:48      20   26.04    0.00   16.67    2.08    0.00    0.00    0.00    0.00    0.00   55.21
08:21:48      21   26.32    0.00   17.89    1.05    0.00    0.00    0.00    0.00    0.00   54.74
08:21:48      22   25.26    0.00   18.95    2.11    0.00    0.00    0.00    0.00    0.00   53.68
08:21:48      23   27.08    0.00   17.71    2.08    0.00    0.00    0.00    0.00    0.00   53.12
08:21:48      24   29.17    0.00   15.62    2.08    0.00    0.00    0.00    0.00    0.00   53.12
08:21:48      25   27.37    0.00   16.84    1.05    0.00    0.00    0.00    0.00    0.00   54.74
08:21:48      26   26.32    0.00   15.79    2.11    0.00    0.00    0.00    0.00    0.00   55.79
08:21:48      27   26.32    0.00   17.89    1.05    0.00    0.00    0.00    0.00    0.00   54.74
08:21:48      28   25.81    0.00   17.20    1.08    0.00    0.00    0.00    0.00    0.00   55.91
08:21:48      29   27.08    0.00   16.67    2.08    0.00    0.00    0.00    0.00    0.00   54.17
08:21:48      30   26.80    0.00   17.53    2.06    0.00    0.00    0.00    0.00    0.00   53.61
08:21:48      31   26.88    0.00   16.13    1.08    0.00    0.00    0.00    0.00    0.00   55.91

08:21:48     CPU    %usr   %nice    %sys %iowait    %irq   %soft  %steal  %guest  %gnice   %idle
08:21:49     all   27.29    0.00   17.35    1.53    0.00    0.00    0.00    0.00    0.00   53.83
08:21:49       0   26.32    0.00   18.95    1.05    0.00    0.00    0.00    0.00    0.00   53.68
08:21:49       1   26.32    0.00   17.89    2.11    0.00    0.00    0.00    0.00    0.00   53.68
08:21:49       2   26.60    0.00   17.02    2.13    0.00    0.00    0.00    0.00    0.00   54.26
08:21:49       3   27.37    0.00   17.89    2.11    0.00    0.00    0.00    0.00    0.00   52.63
08:21:49       4   26.80    0.00   17.53    1.03    0.00    0.00    0.00    0.00    0.00   54.64
08:21:49       5   28.12    0.00   16.67    1.04    0.00    0.00    0.00    0.00    0.00   54.17
08:21:49       6   28.57    0.00   17.35    2.04    0.00    0.00    0.00    0.00    0.00   52.04
08:21:49       7   27.84    0.00   17.53    2.06    0.00    0.00    0.00    0.00    0.00   52.58
08:21:49       8   27.08    0.00   17.71    1.04    0.00    0.00    0.00    0.00    0.00   54.17
08:21:49       9   26.60    0.00   18.09    1.06    0.00    0.00    0.00    0.00    0.00   54.26
08:21:49      10   26.04    0.00   18.75    1.04    0.00    0.00    0.00    0.00    0.00   54.17
08:21:49      11   28.42    0.00   15.79    1.05    0.00    0.00    0.00    0.00    0.00   54.74
08:21:49      12   27.37    0.00   16.84    2.11    0.00    0.00    0.00    0.00    0.00   53.68
08:21:49      13   28.12    0.00   16.67    2.08    0.00    0.00    0.00    0.00    0.00   53.12
08:21:49      14   26.04    0.00   18.75    2.08    0.00    0.00    0.00    0.00    0.00   53.12
08:21:49      15   26.88    0.00   16.13    1.08    0.00    0.00    0.00    0.00    0.00   55.91
08:21:49      16   27.84    0.00   17.53    2.06    0.00    0.00    0.00    0.00    0.00   52.58
08:21:49      17   27.84    0.00   16.49    1.03    0.00    0.00    0.00    0.00    0.00   54.64
08:21:49      18   27.27    0.00   18.18    1.01    0.00    0.00    0.00    0.00    0.00   53.54
08:21:49      19   27.66    0.00   15.96    2.13    0.00    0.00    0.00    0.00    0.00   54.26
08:21:49      20   29.17    0.00   16.67    1.04    0.00    0.00    0.00    0.00    0.00   53.12
08:21:49      21   28.12    0.00   16.67    1.04    0.00    0.00    0.00    0.00    0.00   54.17
08:21:49      22   28.42    0.00   16.84    1.05    0.00    0.00    0.00    0.00    0.00   53.68
08:21:49      23   27.37    0.00   16.84    1.05    0.00    0.00    0.00    0.00    0.00   54.74
08:21:49      24   28.87    0.00   15.46    1.03    0.00    0.00    0.00    0.00    0.00   54.64
08:21:49      25   29.17    0.00   15.62    2.08    0.00    0.00    0.00    0.00    0.00   53.12
08:21:49      26   24.47    0.00   19.15    2.13    0.00    0.00    0.00    0.00    0.00   54.26
08:21:49      27   25.77    0.00   18.56    2.06    0.00    0.00    0.00    0.00    0.00   53.61
08:21:49      28   25.77    0.00   18.56    2.06    0.00    0.00    0.00    0.00    0.00   53.61
08:21:49      29   27.37    0.00   16.84    1.05    0.00    0.00    0.00    0.00    0.00   54.74
08:21:49      30   28.12    0.00   16.67    1.04    0.00    0.00    0.00    0.00    0.00   54.17
08:21:49      31   25.51    0.00   19.39    2.04    0.00    0.00    0.00    0.00    0.00   53.06

08:21:49     CPU    %usr   %nice    %sys %iowait    %irq   %soft  %steal  %guest  %gnice   %idle
08:21:50     all   27.24    0.00   17.57    1.72    0.00    0.00    0.00    0.00    0.00   53.47
08:21:50       0   29.90    0.00   15.46    3.09    0.00    0.00    0.00    0.00    0.00   51.55
08:21:50       1   27.84    0.00   18.56    2.06    0.00    0.00    0.00    0.00    0.00   51.55
08:21:50       2   26.80    0.00   19.59    2.06    0.00    0.00    0.00    0.00    0.00   51.55
08:21:50       3   28.12    0.00   15.62    2.08    0.00    0.00    0.00    0.00    0.00   54.17
08:21:50       4   28.42    0.00   15.79    2.11    0.00    0.00    0.00    0.00    0.00   53.68
08:21:50       5   27.08    0.00   17.71    2.08    0.00    0.00    0.00    0.00    0.00   53.12
08:21:50       6   26.04    0.00   18.75    2.08    0.00    0.00    0.00    0.00    0.00   53.12
08:21:50       7   27.08    0.00   17.71    2.08    0.00    0.00    0.00    0.00    0.00   53.12
08:21:50       8   25.51    0.00   19.39    2.04    0.00    0.00    0.00    0.00    0.00   53.06
08:21:50       9   26.53    0.00   18.37    2.04    0.00    0.00    0.00    0.00    0.00   53.06
08:21:50      10   27.37    0.00   17.89    1.05    0.00    0.00    0.00    0.00    0.00   53.68
08:21:50      11   26.80    0.00   18.56    2.06    0.00    0.00    0.00    0.00    0.00   52.58
08:21:50      12   26.80    0.00   17.53    1.03    0.00    0.00    0.00    0.00    0.00   54.64
08:21:50      13   25.25    0.00   20.20    2.02    0.00    0.00    0.00    0.00    0.00   52.53
08:21:50      14   27.08    0.00   17.71    2.08    0.00    0.00    0.00    0.00    0.00   53.12
08:21:50      15   26.32    0.00   18.95    1.05    0.00    0.00    0.00    0.00    0.00   53.68
08:21:50      16   26.53    0.00   19.39    1.02    0.00    0.00    0.00    0.00    0.00   53.06
08:21:50      17   29.59    0.00   16.33    2.04    0.00    0.00    0.00    0.00    0.00   52.04
08:21:50      18   29.17    0.00   15.62    2.08    0.00    0.00    0.00    0.00    0.00   53.12
08:21:50      19   28.42    0.00   16.84    1.05    0.00    0.00    0.00    0.00    0.00   53.68
08:21:50      20   29.17    0.00   14.58    2.08    0.00    0.00    0.00    0.00    0.00   54.17
08:21:50      21   26.60    0.00   17.02    1.06    0.00    0.00    0.00    0.00    0.00   55.32
08:21:50      22   25.00    0.00   18.75    2.08    0.00    0.00    0.00    0.00    0.00   54.17
08:21:50      23   26.32    0.00   17.89    1.05    0.00    0.00    0.00    0.00    0.00   54.74
08:21:50      24   28.12    0.00   16.67    1.04    0.00    0.00    0.00    0.00    0.00   54.17
08:21:50      25   25.26    0.00   18.95    2.11    0.00    0.00    0.00    0.00    0.00   53.68
08:21:50      26   28.42    0.00   15.79    1.05    0.00    0.00    0.00    0.00    0.00   54.74
08:21:50      27   27.84    0.00   16.49    1.03    0.00    0.00    0.00    0.00    0.00   54.64
08:21:50      28   26.53    0.00   18.37    1.02    0.00    0.00    0.00    0.00    0.00   54.08
08:21:50      29   27.55    0.00   17.35    2.04    0.00    0.00    0.00    0.00    0.00   53.06
08:21:50      30   26.80    0.00   17.53    2.06    0.00    0.00    0.00    0.00    0.00   53.61
08:21:50      31   27.37    0.00   16.84    1.05    0.00    0.00    0.00    0.00    0.00   54.74

08:21:50     CPU    %usr   %nice    %sys %iowait    %irq   %soft  %steal  %guest  %gnice   %idle
08:21:51     all   26.82    0.00   17.37    1.58    0.00    0.00    0.00    0.00    0.00   54.24
08:21:51       0   26.88    0.00   17.20    1.08    0.00    0.00    0.00    0.00    0.00   54.84
08:21:51       1   26.32    0.00   17.89    2.11    0.00    0.00    0.00    0.00    0.00   53.68
08:21:51       2   26.32    0.00   17.89    1.05    0.00    0.00    0.00    0.00    0.00   54.74
08:21:51       3   27.08    0.00   18.75    2.08    0.00    0.00    0.00    0.00    0.00   52.08
08:21:51       4   26.04    0.00   18.75    2.08    0.00    0.00    0.00    0.00    0.00   53.12
08:21:51       5   27.37    0.00   16.84    1.05    0.00    0.00    0.00    0.00    0.00   54.74
08:21:51       6   25.26    0.00   18.95    2.11    0.00    0.00    0.00    0.00    0.00   53.68
08:21:51       7   27.66    0.00   15.96    0.00    0.00    0.00    0.00    0.00    0.00   56.38
08:21:51       8   27.37    0.00   16.84    2.11    0.00    0.00    0.00    0.00    0.00   53.68
08:21:51       9   27.84    0.00   17.53    1.03    0.00    0.00    0.00    0.00    0.00   53.61
08:21:51      10   28.42    0.00   15.79    2.11    0.00    0.00    0.00    0.00    0.00   53.68
08:21:51      11   28.42    0.00   15.79    2.11    0.00    0.00    0.00    0.00    0.00   53.68
08:21:51      12   28.72    0.00   15.96    1.06    0.00    0.00    0.00    0.00    0.00   54.26
08:21:51      13   25.26    0.00   18.95    1.05    0.00    0.00    0.00    0.00    0.00   54.74
08:21:51      14   26.32    0.00   18.95    1.05    0.00    0.00    0.00    0.00    0.00   53.68
08:21:51      15   26.32    0.00   17.89    2.11    0.00    0.00    0.00    0.00    0.00   53.68
08:21:51      16   27.08    0.00   15.62    2.08    0.00    0.00    0.00    0.00    0.00   55.21
08:21:51      17   26.04    0.00   18.75    1.04    0.00    0.00    0.00    0.00    0.00   54.17
08:21:51      18   25.53    0.00   18.09    1.06    0.00    0.00    0.00    0.00    0.00   55.32
08:21:51      19   26.04    0.00   17.71    2.08    0.00    0.00    0.00    0.00    0.00   54.17
08:21:51      20   25.26    0.00   18.95    1.05    0.00    0.00    0.00    0.00    0.00   54.74
08:21:51      21   26.60    0.00   17.02    2.13    0.00    0.00    0.00    0.00    0.00   54.26
08:21:51      22   28.42    0.00   16.84    1.05    0.00    0.00    0.00    0.00    0.00   53.68
08:21:51      23   27.37    0.00   15.79    1.05    0.00    0.00    0.00    0.00    0.00   55.79
08:21:51      24   26.32    0.00   16.84    2.11    0.00    0.00    0.00    0.00    0.00   54.74
08:21:51      25   26.80    0.00   18.56    2.06    0.00    0.00    0.00    0.00    0.00   52.58
08:21:51      26   27.37    0.00   16.84    2.11    0.00    0.00    0.00    0.00    0.00   53.68
08:21:51      27   28.42    0.00   15.79    1.05    0.00    0.00    0.00    0.00    0.00   54.74
08:21:51      28   26.04    0.00   17.71    3.12    0.00    0.00    0.00    0.00    0.00   53.12
08:21:51      29   26.60    0.00   15.96    1.06    0.00    0.00    0.00    0.00    0.00   56.38
08:21:51      30   27.37    0.00   15.79    1.05    0.00    0.00    0.00    0.00    0.00   55.79
08:21:51      31   25.51    0.00   19.39    2.04    0.00    0.00    0.00    0.00    0.00   53.06

08:21:51     CPU    %usr   %nice    %sys %iowait    %irq   %soft  %steal  %guest  %gnice   %idle
08:21:52     all   28.13    0.00   17.89    1.99    0.00    0.00    0.00    0.00    0.00   51.99
08:21:52       0   28.12    0.00   17.71    2.08    0.00    0.00    0.00    0.00    0.00   52.08
08:21:52       1   28.12    0.00   18.75    2.08    0.00    0.00    0.00    0.00    0.00   51.04
08:21:52       2   30.61    0.00   15.31    2.04    0.00    0.00    0.00    0.00    0.00   52.04
08:21:52       3   30.21    0.00   16.67    1.04    0.00    0.00    0.00    0.00    0.00   52.08
08:21:52       4   27.37    0.00   18.95    1.05    0.00    0.00    0.00    0.00    0.00   52.63
08:21:52       5   30.21    0.00   17.71    1.04    0.00    0.00    0.00    0.00    0.00   51.04
08:21:52       6   27.66    0.00   18.09    2.13    0.00    0.00    0.00    0.00    0.00   52.13
08:21:52       7   27.84    0.00   17.53    2.06    0.00    0.00    0.00    0.00    0.00   52.58
08:21:52       8   28.42    0.00   17.89    1.05    0.00    0.00    0.00    0.00    0.00   52.63
08:21:52       9   26.32    0.00   18.95    1.05    0.00    0.00    0.00    0.00    0.00   53.68
08:21:52      10   27.08    0.00   18.75    2.08    0.00    0.00    0.00    0.00    0.00   52.08
08:21:52      11   30.85    0.00   17.02    2.13    0.00    0.00    0.00    0.00    0.00   50.00
08:21:52      12   28.12    0.00   17.71    2.08    0.00    0.00    0.00    0.00    0.00   52.08
08:21:52      13   25.77    0.00   20.62    2.06    0.00    0.00    0.00    0.00    0.00   51.55
08:21:52      14   28.87    0.00   17.53    2.06    0.00    0.00    0.00    0.00    0.00   51.55
08:21:52      15   27.55    0.00   18.37    2.04    0.00    0.00    0.00    0.00    0.00   52.04
08:21:52      16   25.26    0.00   21.05    2.11    0.00    0.00    0.00    0.00    0.00   51.58
08:21:52      17   27.96    0.00   17.20    3.23    0.00    0.00    0.00    0.00    0.00   51.61
08:21:52      18   29.90    0.00   15.46    2.06    0.00    0.00    0.00    0.00    0.00   52.58
08:21:52      19   27.08    0.00   17.71    2.08    0.00    0.00    0.00    0.00    0.00   53.12
08:21:52      20   26.04    0.00   18.75    2.08    0.00    0.00    0.00    0.00    0.00   53.12
08:21:52      21   28.12    0.00   17.71    2.08    0.00    0.00    0.00    0.00    0.00   52.08
08:21:52      22   28.57    0.00   18.37    3.06    0.00    0.00    0.00    0.00    0.00   50.00
08:21:52      23   27.08    0.00   17.71    3.12    0.00    0.00    0.00    0.00    0.00   52.08
08:21:52      24   28.42    0.00   17.89    2.11    0.00    0.00    0.00    0.00    0.00   51.58
08:21:52      25   28.12    0.00   18.75    3.12    0.00    0.00    0.00    0.00    0.00   50.00
08:21:52      26   29.03    0.00   16.13    1.08    0.00    0.00    0.00    0.00    0.00   53.76
08:21:52      27   28.12    0.00   17.71    2.08    0.00    0.00    0.00    0.00    0.00   52.08
08:21:52      28   28.42    0.00   17.89    1.05    0.00    0.00    0.00    0.00    0.00   52.63
08:21:52      29   28.28    0.00   19.19    2.02    0.00    0.00    0.00    0.00    0.00   50.51
08:21:52      30   29.17    0.00   16.67    2.08    0.00    0.00    0.00    0.00    0.00   52.08
08:21:52      31   27.37    0.00   16.84    2.11    0.00    0.00    0.00    0.00    0.00   53.68

08:21:52     CPU    %usr   %nice    %sys %iowait    %irq   %soft  %steal  %guest  %gnice   %idle
08:21:53     all   27.49    0.00   17.06    1.70    0.00    0.00    0.00    0.00    0.00   53.74
08:21:53       0   26.60    0.00   18.09    1.06    0.00    0.00    0.00    0.00    0.00   54.26
08:21:53       1   29.90    0.00   15.46    2.06    0.00    0.00    0.00    0.00    0.00   52.58
08:21:53       2   28.72    0.00   15.96    1.06    0.00    0.00    0.00    0.00    0.00   54.26
08:21:53       3   25.53    0.00   18.09    1.06    0.00    0.00    0.00    0.00    0.00   55.32
08:21:53       4   27.08    0.00   16.67    2.08    0.00    0.00    0.00    0.00    0.00   54.17
08:21:53       5   27.84    0.00   17.53    2.06    0.00    0.00    0.00    0.00    0.00   52.58
08:21:53       6   27.84    0.00   17.53    2.06    0.00    0.00    0.00    0.00    0.00   52.58
08:21:53       7   27.96    0.00   17.20    1.08    0.00    0.00    0.00    0.00    0.00   53.76
08:21:53       8   28.12    0.00   16.67    2.08    0.00    0.00    0.00    0.00    0.00   53.12
08:21:53       9   29.59    0.00   16.33    2.04    0.00    0.00    0.00    0.00    0.00   52.04
08:21:53      10   26.32    0.00   18.95    2.11    0.00    0.00    0.00    0.00    0.00   52.63
08:21:53      11   25.00    0.00   18.75    2.08    0.00    0.00    0.00    0.00    0.00   54.17
08:21:53      12   27.55    0.00   17.35    2.04    0.00    0.00    0.00    0.00    0.00   53.06
08:21:53      13   29.79    0.00   13.83    0.00    0.00    0.00    0.00    0.00    0.00   56.38
08:21:53      14   25.26    0.00   17.89    2.11    0.00    0.00    0.00    0.00    0.00   54.74
08:21:53      15   29.47    0.00   14.74    2.11    0.00    0.00    0.00    0.00    0.00   53.68
08:21:53      16   26.80    0.00   17.53    2.06    0.00    0.00    0.00    0.00    0.00   53.61
08:21:53      17   26.04    0.00   17.71    2.08    0.00    0.00    0.00    0.00    0.00   54.17
08:21:53      18   28.57    0.00   17.35    2.04    0.00    0.00    0.00    0.00    0.00   52.04
08:21:53      19   26.32    0.00   17.89    1.05    0.00    0.00    0.00    0.00    0.00   54.74
08:21:53      20   26.60    0.00   17.02    1.06    0.00    0.00    0.00    0.00    0.00   55.32
08:21:53      21   27.37    0.00   16.84    2.11    0.00    0.00    0.00    0.00    0.00   53.68
08:21:53      22   26.32    0.00   17.89    2.11    0.00    0.00    0.00    0.00    0.00   53.68
08:21:53      23   28.42    0.00   16.84    2.11    0.00    0.00    0.00    0.00    0.00   52.63
08:21:53      24   25.26    0.00   18.95    2.11    0.00    0.00    0.00    0.00    0.00   53.68
08:21:53      25   26.04    0.00   18.75    2.08    0.00    0.00    0.00    0.00    0.00   53.12
08:21:53      26   28.28    0.00   17.17    2.02    0.00    0.00    0.00    0.00    0.00   52.53
08:21:53      27   27.66    0.00   17.02    1.06    0.00    0.00    0.00    0.00    0.00   54.26
08:21:53      28   27.08    0.00   17.71    2.08    0.00    0.00    0.00    0.00    0.00   53.12
08:21:53      29   29.47    0.00   14.74    1.05    0.00    0.00    0.00    0.00    0.00   54.74
08:21:53      30   27.08    0.00   16.67    1.04    0.00    0.00    0.00    0.00    0.00   55.21
08:21:53      31   29.79    0.00   14.89    1.06    0.00    0.00    0.00    0.00    0.00   54.26

08:21:53     CPU    %usr   %nice    %sys %iowait    %irq   %soft  %steal  %guest  %gnice   %idle
08:21:54     all   27.37    0.00   17.50    1.66    0.00    0.00    0.00    0.00    0.00   53.47
08:21:54       0   27.08    0.00   17.71    3.12    0.00    0.00    0.00    0.00    0.00   52.08
08:21:54       1   27.08    0.00   18.75    1.04    0.00    0.00    0.00    0.00    0.00   53.12
08:21:54       2   27.84    0.00   17.53    2.06    0.00    0.00    0.00    0.00    0.00   52.58
08:21:54       3   25.77    0.00   18.56    3.09    0.00    0.00    0.00    0.00    0.00   52.58
08:21:54       4   29.17    0.00   16.67    1.04    0.00    0.00    0.00    0.00    0.00   53.12
08:21:54       5   25.77    0.00   19.59    2.06    0.00    0.00    0.00    0.00    0.00   52.58
08:21:54       6   25.26    0.00   18.95    2.11    0.00    0.00    0.00    0.00    0.00   53.68
08:21:54       7   26.04    0.00   17.71    2.08    0.00    0.00    0.00    0.00    0.00   54.17
08:21:54       8   27.37    0.00   16.84    1.05    0.00    0.00    0.00    0.00    0.00   54.74
08:21:54       9   26.32    0.00   17.89    1.05    0.00    0.00    0.00    0.00    0.00   54.74
08:21:54      10   27.37    0.00   17.89    2.11    0.00    0.00    0.00    0.00    0.00   52.63
08:21:54      11   27.84    0.00   18.56    2.06    0.00    0.00    0.00    0.00    0.00   51.55
08:21:54      12   29.17    0.00   16.67    1.04    0.00    0.00    0.00    0.00    0.00   53.12
08:21:54      13   27.55    0.00   18.37    2.04    0.00    0.00    0.00    0.00    0.00   52.04
08:21:54      14   27.66    0.00   17.02    1.06    0.00    0.00    0.00    0.00    0.00   54.26
08:21:54      15   27.08    0.00   17.71    1.04    0.00    0.00    0.00    0.00    0.00   54.17
08:21:54      16   27.55    0.00   17.35    1.02    0.00    0.00    0.00    0.00    0.00   54.08
08:21:54      17   28.12    0.00   16.67    1.04    0.00    0.00    0.00    0.00    0.00   54.17
08:21:54      18   28.12    0.00   17.71    1.04    0.00    0.00    0.00    0.00    0.00   53.12
08:21:54      19   28.12    0.00   16.67    2.08    0.00    0.00    0.00    0.00    0.00   53.12
08:21:54      20   27.84    0.00   16.49    2.06    0.00    0.00    0.00    0.00    0.00   53.61
08:21:54      21   28.57    0.00   16.33    2.04    0.00    0.00    0.00    0.00    0.00   53.06
08:21:54      22   27.37    0.00   17.89    1.05    0.00    0.00    0.00    0.00    0.00   53.68
08:21:54      23   28.12    0.00   16.67    1.04    0.00    0.00    0.00    0.00    0.00   54.17
08:21:54      24   25.77    0.00   18.56    2.06    0.00    0.00    0.00    0.00    0.00   53.61
08:21:54      25   27.08    0.00   17.71    2.08    0.00    0.00    0.00    0.00    0.00   53.12
08:21:54      26   29.17    0.00   15.62    2.08    0.00    0.00    0.00    0.00    0.00   53.12
08:21:54      27   27.55    0.00   17.35    2.04    0.00    0.00    0.00    0.00    0.00   53.06
08:21:54      28   28.12    0.00   16.67    1.04    0.00    0.00    0.00    0.00    0.00   54.17
08:21:54      29   27.08    0.00   16.67    1.04    0.00    0.00    0.00    0.00    0.00   55.21
08:21:54      30   27.08    0.00   17.71    1.04    0.00    0.00    0.00    0.00    0.00   54.17
08:21:54      31   25.77    0.00   17.53    2.06    0.00    0.00    0.00    0.00    0.00   54.64

08:21:54     CPU    %usr   %nice    %sys %iowait    %irq   %soft  %steal  %guest  %gnice   %idle
08:21:55     all   27.65    0.00   17.40    1.66    0.00    0.00    0.00    0.00    0.00   53.29
08:21:55       0   28.42    0.00   16.84    1.05    0.00    0.00    0.00    0.00    0.00   53.68
08:21:55       1   26.04    0.00   19.79    2.08    0.00    0.00    0.00    0.00    0.00   52.08
08:21:55       2   27.37    0.00   16.84    2.11    0.00    0.00    0.00    0.00    0.00   53.68
08:21:55       3   27.66    0.00   17.02    1.06    0.00    0.00    0.00    0.00    0.00   54.26
08:21:55       4   27.55    0.00   18.37    2.04    0.00    0.00    0.00    0.00    0.00   52.04
08:21:55       5   26.60    0.00   18.09    2.13    0.00    0.00    0.00    0.00    0.00   53.19
08:21:55       6   28.87    0.00   17.53    1.03    0.00    0.00    0.00    0.00    0.00   52.58
08:21:55       7   28.12    0.00   17.71    2.08    0.00    0.00    0.00    0.00    0.00   52.08
08:21:55       8   26.80    0.00   18.56    2.06    0.00    0.00    0.00    0.00    0.00   52.58
08:21:55       9   29.29    0.00   17.17    2.02    0.00    0.00    0.00    0.00    0.00   51.52
08:21:55      10   27.37    0.00   16.84    2.11    0.00    0.00    0.00    0.00    0.00   53.68
08:21:55      11   29.17    0.00   16.67    1.04    0.00    0.00    0.00    0.00    0.00   53.12
08:21:55      12   27.08    0.00   17.71    2.08    0.00    0.00    0.00    0.00    0.00   53.12
08:21:55      13   26.04    0.00   18.75    2.08    0.00    0.00    0.00    0.00    0.00   53.12
08:21:55      14   28.57    0.00   16.33    2.04    0.00    0.00    0.00    0.00    0.00   53.06
08:21:55      15   28.87    0.00   16.49    1.03    0.00    0.00    0.00    0.00    0.00   53.61
08:21:55      16   28.28    0.00   18.18    1.01    0.00    0.00    0.00    0.00    0.00   52.53
08:21:55      17   27.84    0.00   16.49    2.06    0.00    0.00    0.00    0.00    0.00   53.61
08:21:55      18   28.87    0.00   16.49    2.06    0.00    0.00    0.00    0.00    0.00   52.58
08:21:55      19   26.04    0.00   18.75    2.08    0.00    0.00    0.00    0.00    0.00   53.12
08:21:55      20   28.42    0.00   15.79    1.05    0.00    0.00    0.00    0.00    0.00   54.74
08:21:55      21   27.84    0.00   17.53    1.03    0.00    0.00    0.00    0.00    0.00   53.61
08:21:55      22   28.87    0.00   16.49    2.06    0.00    0.00    0.00    0.00    0.00   52.58
08:21:55      23   26.80    0.00   18.56    2.06    0.00    0.00    0.00    0.00    0.00   52.58
08:21:55      24   29.17    0.00   15.62    1.04    0.00    0.00    0.00    0.00    0.00   54.17
08:21:55      25   26.60    0.00   17.02    1.06    0.00    0.00    0.00    0.00    0.00   55.32
08:21:55      26   26.04    0.00   18.75    1.04    0.00    0.00    0.00    0.00    0.00   54.17
08:21:55      27   25.77    0.00   19.59    2.06    0.00    0.00    0.00    0.00    0.00   52.58
08:21:55      28   27.08    0.00   16.67    2.08    0.00    0.00    0.00    0.00    0.00   54.17
08:21:55      29   29.59    0.00   15.31    2.04    0.00    0.00    0.00    0.00    0.00   53.06
08:21:55      30   26.32    0.00   17.89    1.05    0.00    0.00    0.00    0.00    0.00   54.74
08:21:55      31   27.37    0.00   16.84    1.05    0.00    0.00    0.00    0.00    0.00   54.74

08:21:55     CPU    %usr   %nice    %sys %iowait    %irq   %soft  %steal  %guest  %gnice   %idle
08:21:56     all   27.21    0.00   17.53    1.51    0.00    0.00    0.00    0.00    0.00   53.76
08:21:56       0   25.26    0.00   20.00    1.05    0.00    0.00    0.00    0.00    0.00   53.68
08:21:56       1   26.60    0.00   18.09    1.06    0.00    0.00    0.00    0.00    0.00   54.26
08:21:56       2   27.66    0.00   17.02    2.13    0.00    0.00    0.00    0.00    0.00   53.19
08:21:56       3   26.32    0.00   18.95    2.11    0.00    0.00    0.00    0.00    0.00   52.63
08:21:56       4   27.08    0.00   17.71    2.08    0.00    0.00    0.00    0.00    0.00   53.12
08:21:56       5   26.32    0.00   17.89    1.05    0.00    0.00    0.00    0.00    0.00   54.74
08:21:56       6   27.66    0.00   17.02    2.13    0.00    0.00    0.00    0.00    0.00   53.19
08:21:56       7   28.42    0.00   15.79    1.05    0.00    0.00    0.00    0.00    0.00   54.74
08:21:56       8   29.17    0.00   16.67    2.08    0.00    0.00    0.00    0.00    0.00   52.08
08:21:56       9   26.60    0.00   17.02    1.06    0.00    0.00    0.00    0.00    0.00   55.32
08:21:56      10   25.53    0.00   19.15    2.13    0.00    0.00    0.00    0.00    0.00   53.19
08:21:56      11   26.60    0.00   17.02    1.06    0.00    0.00    0.00    0.00    0.00   55.32
08:21:56      12   28.12    0.00   17.71    1.04    0.00    0.00    0.00    0.00    0.00   53.12
08:21:56      13   26.88    0.00   17.20    1.08    0.00    0.00    0.00    0.00    0.00   54.84
08:21:56      14   25.53    0.00   19.15    1.06    0.00    0.00    0.00    0.00    0.00   54.26
08:21:56      15   27.08    0.00   17.71    2.08    0.00    0.00    0.00    0.00    0.00   53.12
08:21:56      16   26.32    0.00   17.89    1.05    0.00    0.00    0.00    0.00    0.00   54.74
08:21:56      17   28.72    0.00   17.02    1.06    0.00    0.00    0.00    0.00    0.00   53.19
08:21:56      18   26.80    0.00   18.56    2.06    0.00    0.00    0.00    0.00    0.00   52.58
08:21:56      19   27.84    0.00   17.53    1.03    0.00    0.00    0.00    0.00    0.00   53.61
08:21:56      20   30.21    0.00   14.58    1.04    0.00    0.00    0.00    0.00    0.00   54.17
08:21:56      21   27.37    0.00   16.84    2.11    0.00    0.00    0.00    0.00    0.00   53.68
08:21:56      22   27.37    0.00   17.89    1.05    0.00    0.00    0.00    0.00    0.00   53.68
08:21:56      23   27.96    0.00   16.13    1.08    0.00    0.00    0.00    0.00    0.00   54.84
08:21:56      24   27.08    0.00   17.71    2.08    0.00    0.00    0.00    0.00    0.00   53.12
08:21:56      25   27.08    0.00   17.71    2.08    0.00    0.00    0.00    0.00    0.00   53.12
08:21:56      26   25.77    0.00   18.56    1.03    0.00    0.00    0.00    0.00    0.00   54.64
08:21:56      27   28.42    0.00   16.84    1.05    0.00    0.00    0.00    0.00    0.00   53.68
08:21:56      28   28.57    0.00   17.35    2.04    0.00    0.00    0.00    0.00    0.00   52.04
08:21:56      29   25.26    0.00   18.95    1.05    0.00    0.00    0.00    0.00    0.00   54.74
08:21:56      30   27.84    0.00   16.49    2.06    0.00    0.00    0.00    0.00    0.00   53.61
08:21:56      31   27.08    0.00   16.67    2.08    0.00    0.00    0.00    0.00    0.00   54.17

08:21:56     CPU    %usr   %nice    %sys %iowait    %irq   %soft  %steal  %guest  %gnice   %idle
08:21:57     all   27.55    0.00   17.12    1.64    0.00    0.00    0.00    0.00    0.00   53.69
08:21:57       0   26.80    0.00   19.59    2.06    0.00    0.00    0.00    0.00    0.00   51.55
08:21:57       1   28.12    0.00   17.71    2.08    0.00    0.00    0.00    0.00    0.00   52.08
