# Benchmark: [POSTGRES DISK] pgbench TPC-B - PostgreSQL OLTP

**Date:** 2026-01-03 15:16:20
**Scenario:** PostgreSQL OLTP - 100 clients, TPC-B like workload with full monitoring

---

## Target Disk

| Property | Value |
|----------|-------|
| **Name** | **POSTGRES** |
| **Mount Point** | `/data,/wal` |
| **Device** | `/dev/md0,/dev/md1` |
| **Volumes** | `nvme1n1, nvme2n1, nvme3n1, nvme4n1, nvme5n1, nvme6n1, nvme7n1, nvme8n1, nvme9n1, nvme10n1, nvme11n1, nvme12n1, nvme13n1, nvme14n1, nvme15n1, nvme16n1, md0, md1` |

---

## System Configuration

```
=== INSTANCE ===

Linux ip-10-0-1-227 6.14.0-1018-aws #18~24.04.1-Ubuntu SMP Mon Nov 24 19:32:52 UTC 2025 aarch64 aarch64 aarch64 GNU/Linux
Architecture:                            aarch64
CPU(s):                                  8
Model name:                              Neoverse-V2
total        used        free      shared  buff/cache   available
Mem:            15Gi       5.0Gi       995Mi       4.2Gi        13Gi        10Gi
Swap:             0B          0B          0B

=== OS TUNING ===
vm.swappiness = 1
vm.dirty_ratio = 4
vm.dirty_background_ratio = 1
vm.dirty_expire_centisecs = 200
vm.dirty_writeback_centisecs = 100
always madvise [never]

=== NETWORK ===
net.core.somaxconn = 4096
net.core.rmem_max = 16777216
net.core.wmem_max = 16777216
net.ipv4.tcp_tw_reuse = 1
net.ipv4.tcp_fin_timeout = 15

=== DISK - RAID ===
Personalities : [raid10] 
md1 : active raid10 nvme16n1[7] nvme14n1[6] nvme13n1[5] nvme10n1[4] nvme7n1[3] nvme6n1[2] nvme4n1[1] nvme1n1[0]
      125759488 blocks super 1.2 256K chunks 2 near-copies [8/8] [UUUUUUUU]
      
md0 : active raid10 nvme15n1[7] nvme12n1[6] nvme11n1[5] nvme9n1[4] nvme8n1[3] nvme5n1[2] nvme3n1[1] nvme2n1[0]
      209580032 blocks super 1.2 64K chunks 2 near-copies [8/8] [UUUUUUUU]
      
unused devices: <none>
/dev/md0:
           Version : 1.2
     Creation Time : Sat Jan  3 08:26:08 2026
        Raid Level : raid10
        Array Size : 209580032 (199.87 GiB 214.61 GB)
     Used Dev Size : 52395008 (49.97 GiB 53.65 GB)
      Raid Devices : 8
     Total Devices : 8
       Persistence : Superblock is persistent

       Update Time : Sat Jan  3 15:13:46 2026
             State : active 
    Active Devices : 8
   Working Devices : 8
    Failed Devices : 0
     Spare Devices : 0

            Layout : near=2
        Chunk Size : 64K

Consistency Policy : resync

              Name : ip-10-0-1-227:0  (local to host ip-10-0-1-227)
              UUID : ec94b08e:1ec1acd2:a24076ab:c0b61faa
            Events : 20

    Number   Major   Minor   RaidDevice State
       0     259        5        0      active sync set-A   /dev/nvme2n1
       1     259        6        1      active sync set-B   /dev/nvme3n1
       2     259        8        2      active sync set-A   /dev/nvme5n1
       3     259       11        3      active sync set-B   /dev/nvme8n1
       4     259       12        4      active sync set-A   /dev/nvme9n1
       5     259       14        5      active sync set-B   /dev/nvme11n1
       6     259       15        6      active sync set-A   /dev/nvme12n1
       7     259       18        7      active sync set-B   /dev/nvme15n1
/dev/md1:
           Version : 1.2
     Creation Time : Sat Jan  3 08:26:08 2026
        Raid Level : raid10
        Array Size : 125759488 (119.93 GiB 128.78 GB)
     Used Dev Size : 31439872 (29.98 GiB 32.19 GB)
      Raid Devices : 8
     Total Devices : 8
       Persistence : Superblock is persistent

       Update Time : Sat Jan  3 15:15:01 2026
             State : clean 
    Active Devices : 8
   Working Devices : 8
    Failed Devices : 0
     Spare Devices : 0

            Layout : near=2
        Chunk Size : 256K

Consistency Policy : resync

              Name : ip-10-0-1-227:1  (local to host ip-10-0-1-227)
              UUID : 4920b43f:4424608d:2e163255:f781c5ec
            Events : 19

    Number   Major   Minor   RaidDevice State
       0     259        4        0      active sync set-A   /dev/nvme1n1
       1     259        7        1      active sync set-B   /dev/nvme4n1
       2     259        9        2      active sync set-A   /dev/nvme6n1
       3     259       10        3      active sync set-B   /dev/nvme7n1
       4     259       13        4      active sync set-A   /dev/nvme10n1
       5     259       16        5      active sync set-B   /dev/nvme13n1
       6     259       17        6      active sync set-A   /dev/nvme14n1
       7     259       19        7      active sync set-B   /dev/nvme16n1

=== DISK - BLOCK TUNING ===
--- md0 ---
scheduler: 
read_ahead_kb: 64
nr_requests: 
--- md1 ---
scheduler: 
read_ahead_kb: 4096
nr_requests: 

=== DISK - MOUNT ===
/dev/md0 on /data type xfs (rw,noatime,nodiratime,attr2,inode64,allocsize=65536k,logbufs=8,logbsize=256k,sunit=128,swidth=512,noquota)
/dev/md1 on /wal type xfs (rw,noatime,nodiratime,attr2,inode64,logbufs=8,logbsize=256k,sunit=512,swidth=2048,noquota)
Filesystem      Size  Used Avail Use% Mounted on
/dev/md0        200G   41G  160G  21% /data
/dev/md1        120G   29G   92G  24% /wal

=== DISK - XFS ===
meta-data=/dev/md0               isize=512    agcount=16, agsize=3274688 blks
         =                       sectsz=4096  attr=2, projid32bit=1
         =                       crc=1        finobt=1, sparse=1, rmapbt=1
         =                       reflink=1    bigtime=1 inobtcount=1 nrext64=0
data     =                       bsize=4096   blocks=52395008, imaxpct=25
         =                       sunit=16     swidth=64 blks
naming   =version 2              bsize=4096   ascii-ci=0, ftype=1
log      =internal log           bsize=4096   blocks=25583, version=2
         =                       sectsz=4096  sunit=1 blks, lazy-count=1
realtime =none                   extsz=4096   blocks=0, rtextents=0
meta-data=/dev/md1               isize=512    agcount=8, agsize=3929984 blks
         =                       sectsz=4096  attr=2, projid32bit=1
         =                       crc=1        finobt=1, sparse=1, rmapbt=1
         =                       reflink=1    bigtime=1 inobtcount=1 nrext64=0
data     =                       bsize=4096   blocks=31439872, imaxpct=25
         =                       sunit=64     swidth=256 blks
naming   =version 2              bsize=4096   ascii-ci=0, ftype=1
log      =internal log           bsize=4096   blocks=16384, version=2
         =                       sectsz=4096  sunit=1 blks, lazy-count=1
realtime =none                   extsz=4096   blocks=0, rtextents=0
```

---

## Command 1: Begin:sysctl_swappiness

### Command
```bash
sysctl -w vm.swappiness=1
```

### Output
```
vm.swappiness = 1

```

---

## Command 2: Begin:sysctl_dirty_background

### Command
```bash
sysctl -w vm.dirty_background_ratio=1
```

### Output
```
vm.dirty_background_ratio = 1

```

---

## Command 3: Begin:sysctl_dirty_ratio

### Command
```bash
sysctl -w vm.dirty_ratio=4
```

### Output
```
vm.dirty_ratio = 4

```

---

## Command 4: Begin:sysctl_dirty_expire

### Command
```bash
sysctl -w vm.dirty_expire_centisecs=200
```

### Output
```
vm.dirty_expire_centisecs = 200

```

---

## Command 5: Begin:sysctl_dirty_writeback

### Command
```bash
sysctl -w vm.dirty_writeback_centisecs=100
```

### Output
```
vm.dirty_writeback_centisecs = 100

```

---

## Command 6: Begin:pg_stat_reset

### Command
```bash
sudo -u postgres psql -c 'SELECT pg_stat_reset(); SELECT pg_stat_reset_shared('"'"'bgwriter'"'"');'
```

### Output
```
 pg_stat_reset 
---------------
 
(1 row)

 pg_stat_reset_shared 
----------------------
 
(1 row)


```

---

## Command 7: pgbench

### Command
```bash
sudo -u postgres pgbench -c 100 -j 6 -T 60 -P 5 -b tpcb-like pgbench
```

### Output
```
pgbench (16.11 (Ubuntu 16.11-1.pgdg24.04+1))
transaction type: <builtin: TPC-B (sort of)>
scaling factor: 1250
query mode: simple
number of clients: 100
number of threads: 6
maximum number of tries: 1
duration: 60 s
number of transactions actually processed: 580756
number of failed transactions: 0 (0.000%)
latency average = 10.378 ms
latency stddev = 20.181 ms
initial connection time = 39.265 ms
tps = 9529.630815 (without initial connection time)
starting vacuum...end.
progress: 5.0 s, 14791.6 tps, lat 6.701 ms stddev 1.795, 0 failed
progress: 10.0 s, 14999.5 tps, lat 6.652 ms stddev 2.135, 0 failed
progress: 15.0 s, 11169.4 tps, lat 8.938 ms stddev 10.763, 0 failed
progress: 20.0 s, 8758.7 tps, lat 11.265 ms stddev 19.485, 0 failed
progress: 25.0 s, 9121.4 tps, lat 11.104 ms stddev 19.653, 0 failed
progress: 30.0 s, 8051.8 tps, lat 12.328 ms stddev 24.720, 0 failed
progress: 35.0 s, 8207.1 tps, lat 12.057 ms stddev 22.204, 0 failed
progress: 40.0 s, 8082.9 tps, lat 12.408 ms stddev 24.939, 0 failed
progress: 45.0 s, 8109.6 tps, lat 12.227 ms stddev 24.351, 0 failed
progress: 50.0 s, 8384.9 tps, lat 12.172 ms stddev 22.489, 0 failed
progress: 55.0 s, 8154.0 tps, lat 12.215 ms stddev 23.346, 0 failed
progress: 60.0 s, 8300.1 tps, lat 12.042 ms stddev 24.027, 0 failed

```

---

## Command 8: meminfo

### Command
```bash
bash -c 'for i in $(seq 1 70); do date '"'"'+%H:%M:%S'"'"'; grep -E '"'"'Dirty|Writeback'"'"' /proc/meminfo; echo '"'"'---'"'"'; sleep 1; done'
```

### Output
```
15:15:15
Dirty:               540 kB
Writeback:             0 kB
WritebackTmp:          0 kB
---
15:15:16
Dirty:               772 kB
Writeback:             0 kB
WritebackTmp:          0 kB
---
15:15:17
Dirty:               600 kB
Writeback:             0 kB
WritebackTmp:          0 kB
---
15:15:18
Dirty:              1296 kB
Writeback:            64 kB
WritebackTmp:          0 kB
---
15:15:19
Dirty:               928 kB
Writeback:           312 kB
WritebackTmp:          0 kB
---
15:15:20
Dirty:               448 kB
Writeback:            56 kB
WritebackTmp:          0 kB
---
15:15:21
Dirty:               508 kB
Writeback:           144 kB
WritebackTmp:          0 kB
---
15:15:22
Dirty:               464 kB
Writeback:            88 kB
WritebackTmp:          0 kB
---
15:15:23
Dirty:              1260 kB
Writeback:            56 kB
WritebackTmp:          0 kB
---
15:15:24
Dirty:               548 kB
Writeback:           256 kB
WritebackTmp:          0 kB
---
15:15:25
Dirty:               600 kB
Writeback:           268 kB
WritebackTmp:          0 kB
---
15:15:26
Dirty:             59624 kB
Writeback:           316 kB
WritebackTmp:          0 kB
---
15:15:27
Dirty:            107112 kB
Writeback:           156 kB
WritebackTmp:          0 kB
---
15:15:28
Dirty:            159064 kB
Writeback:           100 kB
WritebackTmp:          0 kB
---
15:15:29
Dirty:            213620 kB
Writeback:           308 kB
WritebackTmp:          0 kB
---
15:15:30
Dirty:            253136 kB
Writeback:           320 kB
WritebackTmp:          0 kB
---
15:15:31
Dirty:            272416 kB
Writeback:           144 kB
WritebackTmp:          0 kB
---
15:15:32
Dirty:            287840 kB
Writeback:           208 kB
WritebackTmp:          0 kB
---
15:15:33
Dirty:            280520 kB
Writeback:           216 kB
WritebackTmp:          0 kB
---
15:15:34
Dirty:            263736 kB
Writeback:           252 kB
WritebackTmp:          0 kB
---
15:15:35
Dirty:            278452 kB
Writeback:           272 kB
WritebackTmp:          0 kB
---
15:15:36
Dirty:            284808 kB
Writeback:           180 kB
WritebackTmp:          0 kB
---
15:15:37
Dirty:            278956 kB
Writeback:           380 kB
WritebackTmp:          0 kB
---
15:15:38
Dirty:            280520 kB
Writeback:           128 kB
WritebackTmp:          0 kB
---
15:15:39
Dirty:            284284 kB
Writeback:           220 kB
WritebackTmp:          0 kB
---
15:15:40
Dirty:            291032 kB
Writeback:           228 kB
WritebackTmp:          0 kB
---
15:15:41
Dirty:            297172 kB
Writeback:            28 kB
WritebackTmp:          0 kB
---
15:15:42
Dirty:            306872 kB
Writeback:           248 kB
WritebackTmp:          0 kB
---
15:15:43
Dirty:            306404 kB
Writeback:           284 kB
WritebackTmp:          0 kB
---
15:15:44
Dirty:            289096 kB
Writeback:           460 kB
WritebackTmp:          0 kB
---
15:15:45
Dirty:            285572 kB
Writeback:           264 kB
WritebackTmp:          0 kB
---
15:15:46
Dirty:            284716 kB
Writeback:           228 kB
WritebackTmp:          0 kB
---
15:15:47
Dirty:            287680 kB
Writeback:          1008 kB
WritebackTmp:          0 kB
---
15:15:48
Dirty:            295248 kB
Writeback:           124 kB
WritebackTmp:          0 kB
---
15:15:49
Dirty:            301740 kB
Writeback:           264 kB
WritebackTmp:          0 kB
---
15:15:50
Dirty:            296324 kB
Writeback:           196 kB
WritebackTmp:          0 kB
---
15:15:51
Dirty:            297168 kB
Writeback:           480 kB
WritebackTmp:          0 kB
---
15:15:52
Dirty:            300824 kB
Writeback:            80 kB
WritebackTmp:          0 kB
---
15:15:53
Dirty:            297576 kB
Writeback:           224 kB
WritebackTmp:          0 kB
---
15:15:54
Dirty:            298800 kB
Writeback:           124 kB
WritebackTmp:          0 kB
---
15:15:55
Dirty:            287728 kB
Writeback:           208 kB
WritebackTmp:          0 kB
---
15:15:56
Dirty:            277148 kB
Writeback:           172 kB
WritebackTmp:          0 kB
---
15:15:57
Dirty:            290052 kB
Writeback:           132 kB
WritebackTmp:          0 kB
---
15:15:58
Dirty:            297576 kB
Writeback:           148 kB
WritebackTmp:          0 kB
---
15:15:59
Dirty:            287200 kB
Writeback:           196 kB
WritebackTmp:          0 kB
---
15:16:00
Dirty:            289596 kB
Writeback:           296 kB
WritebackTmp:          0 kB
---
15:16:01
Dirty:            315308 kB
Writeback:           304 kB
WritebackTmp:          0 kB
---
15:16:02
Dirty:            288416 kB
Writeback:           124 kB
WritebackTmp:          0 kB
---
15:16:03
Dirty:            286612 kB
Writeback:           172 kB
WritebackTmp:          0 kB
---
15:16:04
Dirty:            279224 kB
Writeback:           736 kB
WritebackTmp:          0 kB
---
15:16:05
Dirty:            290192 kB
Writeback:           220 kB
WritebackTmp:          0 kB
---
15:16:06
Dirty:            293700 kB
Writeback:           216 kB
WritebackTmp:          0 kB
---
15:16:07
Dirty:            293220 kB
Writeback:           736 kB
WritebackTmp:          0 kB
---
15:16:08
Dirty:            296880 kB
Writeback:           824 kB
WritebackTmp:          0 kB
---
15:16:09
Dirty:            311756 kB
Writeback:           172 kB
WritebackTmp:          0 kB
---
15:16:10
Dirty:            295896 kB
Writeback:           416 kB
WritebackTmp:          0 kB
---
15:16:11
Dirty:            284444 kB
Writeback:           656 kB
WritebackTmp:          0 kB
---
15:16:12
Dirty:            285060 kB
Writeback:           264 kB
WritebackTmp:          0 kB
---
15:16:13
Dirty:            282412 kB
Writeback:           292 kB
WritebackTmp:          0 kB
---
15:16:14
Dirty:            289124 kB
Writeback:           412 kB
WritebackTmp:          0 kB
---
15:16:15
Dirty:            297496 kB
Writeback:           140 kB
WritebackTmp:          0 kB
---
15:16:16
Dirty:            299380 kB
Writeback:           428 kB
WritebackTmp:          0 kB
---
15:16:17
Dirty:            296444 kB
Writeback:            96 kB
WritebackTmp:          0 kB
---
15:16:18
Dirty:            198508 kB
Writeback:           140 kB
WritebackTmp:          0 kB
---
15:16:19
Dirty:            120028 kB
Writeback:           568 kB
WritebackTmp:          0 kB
---

```

---

## Command 9: dstat

### Command
```bash
dstat -tcmdr --disk-util 1 70
```

### Output
```
----system---- ----total-usage---- ------memory-usage----- -dsk/total- --io/total- nvme nvme nvme nvme nvme nvme nvme nvme nvme nvme nvme nvme nvme nvme nvme nvme nvme
     time     |usr sys idl wai stl| used  free  buf   cach| read  writ| read  writ|util:util:util:util:util:util:util:util:util:util:util:util:util:util:util:util:util
03-01 15:15:15|                   |4697M  971M   24M   14G|           |           |    :    :    :    :    :    :    :    :    :    :    :    :    :    :    :    :    
03-01 15:15:16|  0   0  99   0   0|4698M  967M   24M   14G|   0    57M|   0  7173 |   0:   0:6.40:6.30:   0:6.40:   0:   0:6.30:6.20:   0:6.20:6.40:   0:   0:6.90:   0
03-01 15:15:17|  1   2  97   1   0|4812M  878M   24M   14G| 500k   49M|20.0  6641 |1.40:0.10:5.70:5.00:0.10:5.90:0.40:0.40:4.90:5.00:0.30:5.00:5.30:0.30:0.20:4.40:0.20
03-01 15:15:18| 49  39   8   3   0|4966M  567M   24M   14G| 120M  101M|13.4k 4769 |0.30:19.8:64.7:52.7:20.2:64.1:19.0:19.1:55.4:60.9:19.0:49.0:65.6:19.3:19.4:56.0:19.4
03-01 15:15:19| 49  35  10   4   0|5051M  482M   24M   14G| 119M  119M|13.2k 7478 |0.40:19.6:65.1:52.8:19.5:67.3:19.6:19.4:56.4:61.1:20.0:49.7:66.2:20.3:18.4:54.3:18.3
03-01 15:15:20| 50  35   9   4   0|5135M  241M   24M   14G| 121M  121M|13.4k 7361 |0.30:20.4:65.7:54.7:20.5:67.7:20.0:20.2:55.7:63.1:20.1:52.8:66.7:20.2:20.2:55.5:20.0
03-01 15:15:21| 50  36   9   4   0|5199M  319M   24M   14G| 126M  113M|13.9k 6504 |0.10:18.8:64.7:53.3:18.8:65.1:20.2:19.9:54.9:62.6:20.6:48.8:64.4:20.6:20.0:52.7:20.2
03-01 15:15:22| 51  36   8   3   0|5267M  237M   24M   14G| 127M  119M|14.0k 6872 |0.20:19.8:68.0:56.9:20.1:68.2:20.4:20.5:57.0:62.2:20.1:50.2:68.5:20.0:20.7:56.5:21.0
03-01 15:15:23| 52  37   7   4   0|5325M  563M   24M   14G| 125M  116M|13.7k 6849 |   0:19.9:66.5:55.5:19.7:69.0:20.5:20.3:56.0:64.3:20.2:52.2:68.1:19.7:19.5:54.1:19.3
03-01 15:15:24| 50  35   9   4   0|5412M  462M   24M   14G| 123M  118M|13.7k 7166 |0.10:20.6:67.7:56.5:20.4:69.2:20.2:20.2:55.8:63.1:19.8:53.5:69.3:19.3:20.0:57.0:19.6
03-01 15:15:25| 50  36   8   4   0|5408M  444M   24M   14G| 127M  133M|14.1k 9154 |0.20:19.1:67.9:58.6:19.3:68.9:20.8:20.7:58.2:65.4:20.2:56.3:68.2:20.0:21.9:57.5:21.8
03-01 15:15:26| 52  40   4   4   0|5441M  224M   24M   14G| 129M  253M|14.1k 24.4k|   0:21.6:84.0:73.5:21.3:83.0:20.0:19.8:76.4:82.6:21.5:74.0:85.0:21.6:19.9:74.1:20.3
03-01 15:15:27| 47  37   4  10   0|5467M  318M   24M   14G| 118M  204M|13.1k 18.8k|0.10:20.5:89.8:83.1:20.5:86.8:21.8:22.4:78.1:86.0:20.2:77.7:86.7:20.3:22.3:78.1:22.2
03-01 15:15:28| 39  31   3  23   0|5485M  454M   24M   14G| 101M  161M|11.2k 14.5k|0.20:21.7: 100: 100:21.7:89.3:22.7:22.4:80.5:91.0:23.5:81.3:89.1:23.8:22.3:83.9:22.4
03-01 15:15:29| 42  32   3  21   0|5507M  460M   24M   13G| 104M  160M|11.6k 14.4k|0.50:20.6: 100: 100:20.8:89.7:21.9:22.1:84.8:91.2:21.4:82.9:90.1:21.6:23.9:82.2:24.0
03-01 15:15:30| 35  28   6  27   0|5524M  339M   24M   14G|  94M  170M|10.3k 15.6k|0.30:21.8: 100:99.9:22.0:87.6:20.8:20.4:81.6:91.1:22.2:85.1:89.3:22.8:19.7:82.4:20.2
03-01 15:15:31| 33  26   9  27   0|5585M  407M   24M   13G|  86M  170M|9452  16.5k|0.50:23.6: 100: 100:22.9:91.0:19.1:19.0:82.9:90.2:20.7:83.6:87.0:20.9:24.4:78.1:24.5
03-01 15:15:32| 30  24   9  33   0|5550M  466M   24M   13G|  81M  169M|9010  16.8k|0.80:21.5:88.9:85.4:22.1:91.7:21.4:21.4:87.7:97.1:25.0:94.8:87.3:25.1:21.3:81.7:21.3
03-01 15:15:33| 22  19  15  40   0|5553M  515M   24M   13G|  61M  177M|6791  18.6k|0.50:20.0:97.5:95.7:19.8:87.5:22.5:22.2:81.5:94.9:22.4:91.8:87.0:22.0:20.8:79.3:20.7
03-01 15:15:34| 22  17  16  40   0|5563M  419M   24M   13G|  60M  183M|6509  19.6k|0.20:24.2:96.7:94.0:24.4:90.2:18.7:18.3:84.9:92.0:21.4:89.1:88.6:21.1:22.8:82.7:23.0
03-01 15:15:35| 32  26   8  31   0|5567M  293M   24M   14G|  85M  166M|9498  15.9k|   0:21.3:95.0:92.7:21.2:88.2:23.6:23.7:80.9:93.8:20.9:91.3:87.1:21.6:21.9:80.8:21.8
03-01 15:15:36| 30  24  13  28   0|5573M  314M   24M   14G|  82M  171M|9053  16.8k|0.10:23.5:99.9:99.9:23.4:87.0:22.2:22.8:81.7:89.4:20.2:81.6:88.2:20.0:19.7:83.9:19.9
03-01 15:15:37| 29  23  15  29   0|5579M  341M   24M   14G|  78M  175M|8635  17.1k|0.20:22.8: 100: 100:22.7:90.0:21.0:20.9:82.1:90.0:17.2:83.2:89.2:16.6:19.3:83.6:19.3
03-01 15:15:38| 27  21  17  32   0|5586M  233M   24M   14G|  70M  173M|7829  17.8k|0.40:17.4:99.5:99.6:17.2:89.1:20.5:20.4:81.0:91.0:22.7:85.2:88.2:23.0:18.8:83.3:18.8
03-01 15:15:39| 25  21   9  37   0|5592M  261M   24M   14G|  75M  174M|8292  17.8k|0.30:20.8:99.2:98.0:21.2:89.4:21.6:21.5:82.3:95.1:22.1:92.2:89.9:22.0:23.4:83.8:23.4
03-01 15:15:40| 28  21   9  35   0|5598M  289M   24M   14G|  77M  169M|8509  17.2k|0.40:22.1:99.7:99.5:22.3:88.2:21.9:21.8:81.5:95.0:23.7:92.2:89.3:24.2:21.4:81.3:21.4
03-01 15:15:41| 29  24  12  31   0|5602M  313M   24M   14G|  80M  169M|8888  16.7k|0.10:22.8: 100: 100:22.6:90.2:19.5:19.9:84.1:87.1:21.8:80.2:87.1:22.2:22.9:81.4:22.7
03-01 15:15:42| 28  22  11  32   0|5605M  340M   24M   14G|  79M  169M|8687  16.9k|0.40:20.4: 100:99.7:20.2:87.4:22.2:21.8:82.7:88.8:20.5:82.7:90.1:20.7:18.8:83.4:18.7
03-01 15:15:43| 24  20  20  31   0|5613M  236M   24M   14G|  68M  170M|7623  17.7k|0.30:24.6:98.9:98.6:24.5:87.9:19.2:19.2:84.1:89.3:20.5:83.9:90.5:20.2:19.5:85.0:19.4
03-01 15:15:44| 21  19  22  34   0|5616M  286M   24M   14G|  62M  185M|6904  19.4k|0.30:16.8:98.0:97.8:16.7:90.1:22.2:22.5:82.2:93.1:19.6:86.5:91.6:19.7:20.2:83.5:20.2
03-01 15:15:45| 23  21  16  35   0|5611M  336M   24M   14G|  67M  178M|7434  18.8k|0.10:19.3:99.6:99.1:19.3:92.6:22.1:22.2:88.0:91.4:21.2:85.0:91.4:21.3:18.4:86.1:18.2
03-01 15:15:46| 25  20  17  32   0|5618M  230M   24M   14G|  70M  169M|7796  17.6k|   0:20.5:86.5:78.7:20.4:99.9:22.6:22.3:99.9:85.2:20.0:78.6:87.7:20.2:19.8:81.5:19.7
03-01 15:15:47| 25  21  15  35   0|5614M  276M   24M   14G|  69M  175M|7653  18.0k|0.20:25.7:87.4:78.0:26.1:99.8:20.3:20.4:99.7:91.3:19.0:85.0:89.1:18.9:19.1:82.4:18.7
03-01 15:15:48| 26  21  17  30   0|5616M  312M   24M   14G|  72M  170M|8014  17.5k|   0:20.4:88.0:82.7:19.9:94.0:19.6:19.6:91.5:96.0:21.5:93.9:86.5:21.7:22.5:82.3:22.8
03-01 15:15:49| 26  19  14  34   0|5619M  205M   24M   14G|  72M  171M|7953  17.8k|0.60:24.6:87.6:80.4:24.6:90.2:23.7:23.3:81.9:99.8:18.8:99.8:90.2:18.9:18.7:83.5:18.8
03-01 15:15:50| 23  19  15  39   0|5620M  254M   24M   14G|  64M  173M|7050  18.4k|0.20:18.8:88.0:81.6:19.0:96.3:18.3:18.5:94.6:97.6:22.5:94.8:87.5:21.9:21.9:80.2:22.1
03-01 15:15:51| 27  21  17  31   0|5621M  289M   24M   14G|  73M  177M|8068  18.1k|0.30:19.5:87.6:81.1:19.7:95.8:26.1:25.8:92.8:95.6:20.2:93.0:91.4:20.1:19.2:86.2:19.2
03-01 15:15:52| 24  20  21  31   0|5625M  189M   24M   14G|  67M  169M|7407  17.9k|0.40:18.5:85.2:79.3:18.4:88.7:18.8:18.6:83.3:99.8:21.5:99.9:89.2:21.7:17.8:83.8:18.0
03-01 15:15:53| 25  20  14  36   0|5624M  231M   24M   14G|  70M  171M|7796  18.0k|0.50:20.9:86.3:78.5:20.7:88.7:21.0:21.4:81.3: 100:18.8:99.9:87.6:18.8:23.6:80.1:23.4
03-01 15:15:54| 25  20  18  32   0|5625M  273M   24M   14G|  68M  172M|7575  17.9k|0.10:17.2:89.5:80.7:16.9:89.3:18.0:17.9:84.7:99.7:21.2:99.8:88.1:22.3:23.6:82.4:23.4
03-01 15:15:55| 21  20  17  38   0|5627M  323M   24M   13G|  63M  176M|7015  18.6k|0.20:18.4:88.8:80.7:18.7:85.5:19.0:18.9:80.6:99.9:21.1:99.8:91.8:19.8:25.2:85.2:25.3
03-01 15:15:56| 23  18  23  35   0|5645M  218M   24M   14G|  60M  182M|6660  19.2k|0.30:18.5:88.0:81.4:18.3:86.8:17.2:17.0:82.6:98.2:16.1:98.3:89.0:16.2:22.3:82.5:22.4
03-01 15:15:57| 28  23  10  34   0|5629M  266M   24M   14G|  77M  168M|8556  17.2k|0.20:20.0:87.6:79.5:20.0:88.4:21.5:21.6:81.2: 100:22.1: 100:90.1:22.3:24.5:83.3:24.9
03-01 15:15:58| 28  22  15  31   0|5630M  300M   24M   14G|  75M  178M|8266  18.1k|0.20:19.5:88.6:82.3:19.5:90.2:17.7:17.8:83.3:99.6:20.3:99.4:89.5:20.5:23.8:83.3:23.9
03-01 15:15:59| 23  19  21  34   0|5633M  207M   24M   14G|  64M  172M|7149  18.5k|0.20:20.2:87.6:81.7:19.9:88.4:21.0:21.0:81.6:99.9:16.2:99.9:89.1:16.2:16.4:83.0:16.3
03-01 15:16:00| 26  22  14  34   0|5636M  242M   24M   14G|  73M  164M|8079  17.2k|0.10:19.4:86.3:79.6:19.2:86.2:20.4:20.7:80.0: 100:24.1: 100:89.9:24.0:18.4:81.4:18.8
03-01 15:16:01| 29  24  14  29   0|5631M  271M   24M   14G|  82M  162M|9050  16.2k|0.50:19.0:87.2:81.4:18.6:86.2:22.6:22.3:82.5:99.9:23.9:99.9:87.1:24.0:16.4:80.8:16.4
03-01 15:16:02| 19  14  25  38   0|5639M  190M   24M   14G|  51M  179M|5587  19.8k|0.20:17.3:86.8:82.4:17.5:87.8:17.7:17.5:83.1:99.3:16.6:99.2:89.8:16.1:17.6:81.5:17.9
03-01 15:16:03| 27  22  15  34   0|5637M  233M   24M   14G|  71M  175M|7894  18.0k|0.10:23.3:91.5:82.3:23.2:88.7:21.8:21.8:85.2:99.1:17.2:98.8:88.7:17.3:18.7:77.3:18.6
03-01 15:16:04| 23  20  18  35   0|5635M  287M   24M   14G|  64M  173M|7134  18.6k|   0:21.9:87.2:83.7:21.8:86.9:15.1:14.9:82.3:99.8:19.4:99.8:89.4:19.7:24.9:85.6:24.6
03-01 15:16:05| 26  21  15  33   0|5635M  324M   24M   13G|  73M  173M|8126  17.7k|0.30:22.7:88.7:82.5:22.6:90.2:21.5:21.8:84.3:99.3:17.4:98.7:88.5:17.3:21.1:83.8:20.8
03-01 15:16:06| 27  21  15  34   0|5640M  215M   24M   14G|  74M  170M|8117  17.9k|0.30:20.6:90.7:82.8:20.6:90.0:17.9:18.0:85.1: 100:23.3:99.9:90.5:23.8:22.8:82.1:22.9
03-01 15:16:07| 27  22  13  33   0|5637M  253M   24M   14G|  78M  169M|8533  17.7k|0.20:21.7:91.4:84.2:21.5:89.4:20.7:20.7:83.5: 100:21.8:99.9:90.2:21.4:20.4:82.3:20.0
03-01 15:16:08| 26  21  16  32   0|5638M  294M   24M   14G|  72M  175M|7959  18.3k|0.30:21.4:90.6:82.9:21.3:90.0:25.6:25.5:83.1:99.8:18.5:99.2:91.4:18.0:18.4:84.3:18.5
03-01 15:16:09| 26  21  13  34   0|5640M  326M   24M   13G|  74M  162M|8242  16.7k|   0:20.5:85.1:81.0:20.3:88.1:23.3:23.5:82.0:99.9:20.9:99.9:88.4:19.6:18.4:82.3:18.1
03-01 15:16:10| 20  16  22  35   0|5643M  240M   24M   14G|  59M  180M|6530  19.2k|   0:23.8:90.1:83.0:23.9:88.2:17.9:17.8:83.6: 100:18.9: 100:89.8:19.0:18.7:83.1:18.1
03-01 15:16:11| 25  20  15  35   0|5640M  286M   24M   14G|  70M  177M|7703  19.0k|0.20:20.1:89.9:84.0:20.2:94.0:16.0:16.1:89.4:97.9:19.4:97.9:90.4:19.3:24.3:85.4:24.5
03-01 15:16:12| 25  19  17  34   0|5643M  184M   24M   14G|  71M  170M|7800  18.1k|0.30:20.8:87.4:81.9:20.6:89.9:24.0:24.0:84.5:98.9:21.1:98.6:90.8:21.4:17.5:84.8:17.4
03-01 15:16:13| 23  19  19  34   0|5644M  232M   24M   14G|  65M  169M|7204  18.3k|   0:18.1:91.7:85.4:18.2:89.4:19.8:19.7:82.0:99.5:25.2:99.4:89.3:25.3:14.0:81.6:14.0
03-01 15:16:14| 25  20  17  33   0|5643M  278M   24M   14G|  69M  165M|7661  17.5k|0.10:17.7:88.0:81.4:17.6:87.9:21.9:21.8:80.6:99.4:17.8:99.5:88.3:19.1:17.7:80.2:18.2
03-01 15:16:15| 28  23  12  31   0|5649M  300M   24M   13G|  80M  169M|8839  17.2k|0.10:19.9:90.9:84.4:20.0:90.9:21.3:21.7:84.5: 100:21.4: 100:89.5:20.7:19.4:82.8:18.9
03-01 15:16:16| 23  19  22  30   0|5648M  207M   24M   14G|  67M  170M|7396  18.0k|0.20:18.9:90.0:84.8:18.6:87.2:15.7:16.0:83.3:99.6:20.4:99.4:89.3:19.5:21.7:84.2:21.4
03-01 15:16:17| 24  23  12  34   0|5652M  244M   24M   14G|  71M  169M|7844  17.5k|0.20:21.6:85.4:78.8:21.3:85.5:19.9:20.5:79.8: 100:22.3: 100:87.3:22.3:18.7:81.4:18.7
03-01 15:16:18|  1  21  55  22   0|4933M  962M   24M   14G| 563k  190M|59.4  23.8k|0.70:   0:78.5:78.3:   0:78.8:   0:   0:79.0:88.4:1.81:88.4:91.4:2.01:0.10:88.5:0.10
03-01 15:16:19|  0   2  81  16   0|4710M 1179M   24M   14G|   0   193M|   0  24.1k|0.50:   0:86.8:83.8:   0:82.6:   0:   0:81.3:80.5:   0:80.4:93.4:   0:   0:89.3:   0

```

---

## Command 10: mpstat

### Command
```bash
mpstat -P ALL 1 70
```

### Output
```
Linux 6.14.0-1018-aws (ip-10-0-1-227) 	01/03/26 	_aarch64_	(8 CPU)

15:15:15     CPU    %usr   %nice    %sys %iowait    %irq   %soft  %steal  %guest  %gnice   %idle
15:15:16     all    0.88    0.00    0.75    1.50    0.00    0.00    0.00    0.00    0.00   96.88
15:15:16       0    0.00    0.00    0.00    1.00    0.00    0.00    0.00    0.00    0.00   99.00
15:15:16       1    0.00    0.00    1.00    0.00    0.00    0.00    0.00    0.00    0.00   99.00
15:15:16       2    4.04    0.00    0.00    3.03    0.00    0.00    0.00    0.00    0.00   92.93
15:15:16       3    1.98    0.00    0.99    0.99    0.00    0.00    0.00    0.00    0.00   96.04
15:15:16       4    0.00    0.00    0.00    0.00    0.00    0.00    0.00    0.00    0.00  100.00
15:15:16       5    0.99    0.00    0.99    2.97    0.00    0.00    0.00    0.00    0.00   95.05
15:15:16       6    0.00    0.00    2.02    4.04    0.00    0.00    0.00    0.00    0.00   93.94
15:15:16       7    0.00    0.00    1.00    0.00    0.00    0.00    0.00    0.00    0.00   99.00

15:15:16     CPU    %usr   %nice    %sys %iowait    %irq   %soft  %steal  %guest  %gnice   %idle
15:15:17     all    0.37    0.00    0.37    0.50    0.00    0.12    0.00    0.00    0.00   98.63
15:15:17       0    0.00    0.00    0.99    0.00    0.00    0.00    0.00    0.00    0.00   99.01
15:15:17       1    0.00    0.00    0.00    0.00    0.00    0.00    0.00    0.00    0.00  100.00
15:15:17       2    0.99    0.00    0.00    0.00    0.00    0.00    0.00    0.00    0.00   99.01
15:15:17       3    0.00    0.00    0.00    0.00    0.00    0.00    0.00    0.00    0.00  100.00
15:15:17       4    0.00    0.00    0.00    1.00    0.00    0.00    0.00    0.00    0.00   99.00
15:15:17       5    1.00    0.00    1.00    1.00    0.00    0.00    0.00    0.00    0.00   97.00
15:15:17       6    0.00    0.00    1.00    2.00    0.00    1.00    0.00    0.00    0.00   96.00
15:15:17       7    1.00    0.00    0.00    0.00    0.00    0.00    0.00    0.00    0.00   99.00

15:15:17     CPU    %usr   %nice    %sys %iowait    %irq   %soft  %steal  %guest  %gnice   %idle
15:15:18     all   45.67    0.00   37.40    3.18    0.00    0.25    0.00    0.00    0.00   13.49
15:15:18       0   45.36    0.00   37.11    3.09    0.00    0.00    0.00    0.00    0.00   14.43
15:15:18       1   46.39    0.00   36.08    2.06    0.00    0.00    0.00    0.00    0.00   15.46
15:15:18       2   46.94    0.00   36.73    5.10    0.00    1.02    0.00    0.00    0.00   10.20
15:15:18       3   44.90    0.00   38.78    3.06    0.00    0.00    0.00    0.00    0.00   13.27
15:15:18       4   47.47    0.00   38.38    3.03    0.00    0.00    0.00    0.00    0.00   11.11
15:15:18       5   46.94    0.00   35.71    3.06    0.00    0.00    0.00    0.00    0.00   14.29
15:15:18       6   42.86    0.00   39.80    3.06    0.00    0.00    0.00    0.00    0.00   14.29
15:15:18       7   44.55    0.00   36.63    2.97    0.00    0.99    0.00    0.00    0.00   14.85

15:15:18     CPU    %usr   %nice    %sys %iowait    %irq   %soft  %steal  %guest  %gnice   %idle
15:15:19     all   48.80    0.00   36.19    4.04    0.00    1.01    0.00    0.00    0.00    9.96
15:15:19       0   51.00    0.00   34.00    3.00    0.00    1.00    0.00    0.00    0.00   11.00
15:15:19       1   45.45    0.00   36.36    4.04    0.00    1.01    0.00    0.00    0.00   13.13
15:15:19       2   51.02    0.00   34.69    5.10    0.00    1.02    0.00    0.00    0.00    8.16
15:15:19       3   50.51    0.00   34.34    4.04    0.00    1.01    0.00    0.00    0.00   10.10
15:15:19       4   49.49    0.00   36.36    4.04    0.00    1.01    0.00    0.00    0.00    9.09
15:15:19       5   47.96    0.00   37.76    4.08    0.00    1.02    0.00    0.00    0.00    9.18
15:15:19       6   47.52    0.00   38.61    3.96    0.00    0.99    0.00    0.00    0.00    8.91
15:15:19       7   47.47    0.00   37.37    4.04    0.00    1.01    0.00    0.00    0.00   10.10

15:15:19     CPU    %usr   %nice    %sys %iowait    %irq   %soft  %steal  %guest  %gnice   %idle
15:15:20     all   50.32    0.00   35.94    3.98    0.00    0.64    0.00    0.00    0.00    9.11
15:15:20       0   51.04    0.00   35.42    4.17    0.00    1.04    0.00    0.00    0.00    8.33
15:15:20       1   48.98    0.00   36.73    4.08    0.00    1.02    0.00    0.00    0.00    9.18
15:15:20       2   50.00    0.00   35.71    4.08    0.00    1.02    0.00    0.00    0.00    9.18
15:15:20       3   52.08    0.00   35.42    4.17    0.00    0.00    0.00    0.00    0.00    8.33
15:15:20       4   51.52    0.00   35.35    4.04    0.00    0.00    0.00    0.00    0.00    9.09
15:15:20       5   48.98    0.00   36.73    4.08    0.00    1.02    0.00    0.00    0.00    9.18
15:15:20       6   48.98    0.00   36.73    4.08    0.00    0.00    0.00    0.00    0.00   10.20
15:15:20       7   51.04    0.00   35.42    3.12    0.00    1.04    0.00    0.00    0.00    9.38

15:15:20     CPU    %usr   %nice    %sys %iowait    %irq   %soft  %steal  %guest  %gnice   %idle
15:15:21     all   49.81    0.00   36.38    3.80    0.00    0.89    0.00    0.00    0.00    9.13
15:15:21       0   50.00    0.00   35.71    4.08    0.00    1.02    0.00    0.00    0.00    9.18
15:15:21       1   49.48    0.00   36.08    3.09    0.00    1.03    0.00    0.00    0.00   10.31
15:15:21       2   52.53    0.00   34.34    3.03    0.00    1.01    0.00    0.00    0.00    9.09
15:15:21       3   51.00    0.00   36.00    4.00    0.00    1.00    0.00    0.00    0.00    8.00
15:15:21       4   48.98    0.00   37.76    3.06    0.00    1.02    0.00    0.00    0.00    9.18
15:15:21       5   49.49    0.00   36.36    5.05    0.00    0.00    0.00    0.00    0.00    9.09
15:15:21       6   47.47    0.00   38.38    4.04    0.00    1.01    0.00    0.00    0.00    9.09
15:15:21       7   49.49    0.00   36.36    4.04    0.00    1.01    0.00    0.00    0.00    9.09

15:15:21     CPU    %usr   %nice    %sys %iowait    %irq   %soft  %steal  %guest  %gnice   %idle
15:15:22     all   50.31    0.00   36.86    3.77    0.00    0.63    0.00    0.00    0.00    8.43
15:15:22       0   51.52    0.00   36.36    4.04    0.00    0.00    0.00    0.00    0.00    8.08
15:15:22       1   54.00    0.00   34.00    4.00    0.00    0.00    0.00    0.00    0.00    8.00
15:15:22       2   48.00    0.00   38.00    4.00    0.00    1.00    0.00    0.00    0.00    9.00
15:15:22       3   54.00    0.00   34.00    4.00    0.00    0.00    0.00    0.00    0.00    8.00
15:15:22       4   47.00    0.00   39.00    4.00    0.00    1.00    0.00    0.00    0.00    9.00
15:15:22       5   50.00    0.00   38.00    3.00    0.00    1.00    0.00    0.00    0.00    8.00
15:15:22       6   50.51    0.00   36.36    3.03    0.00    1.01    0.00    0.00    0.00    9.09
15:15:22       7   47.42    0.00   39.18    4.12    0.00    1.03    0.00    0.00    0.00    8.25

15:15:22     CPU    %usr   %nice    %sys %iowait    %irq   %soft  %steal  %guest  %gnice   %idle
15:15:23     all   51.77    0.00   36.74    3.79    0.00    0.63    0.00    0.00    0.00    7.07
15:15:23       0   50.51    0.00   38.38    3.03    0.00    1.01    0.00    0.00    0.00    7.07
15:15:23       1   50.51    0.00   37.37    4.04    0.00    1.01    0.00    0.00    0.00    7.07
15:15:23       2   50.00    0.00   37.00    4.00    0.00    2.00    0.00    0.00    0.00    7.00
15:15:23       3   54.08    0.00   35.71    3.06    0.00    0.00    0.00    0.00    0.00    7.14
15:15:23       4   50.51    0.00   36.36    4.04    0.00    1.01    0.00    0.00    0.00    8.08
15:15:23       5   53.06    0.00   35.71    4.08    0.00    0.00    0.00    0.00    0.00    7.14
15:15:23       6   53.54    0.00   35.35    4.04    0.00    0.00    0.00    0.00    0.00    7.07
15:15:23       7   52.00    0.00   38.00    4.00    0.00    0.00    0.00    0.00    0.00    6.00

15:15:23     CPU    %usr   %nice    %sys %iowait    %irq   %soft  %steal  %guest  %gnice   %idle
15:15:24     all   50.13    0.00   35.82    3.80    0.00    0.89    0.00    0.00    0.00    9.37
15:15:24       0   53.00    0.00   32.00    4.00    0.00    1.00    0.00    0.00    0.00   10.00
15:15:24       1   52.58    0.00   34.02    3.09    0.00    1.03    0.00    0.00    0.00    9.28
15:15:24       2   48.48    0.00   36.36    4.04    0.00    1.01    0.00    0.00    0.00   10.10
15:15:24       3   50.51    0.00   34.34    4.04    0.00    1.01    0.00    0.00    0.00   10.10
15:15:24       4   48.48    0.00   38.38    3.03    0.00    1.01    0.00    0.00    0.00    9.09
15:15:24       5   47.96    0.00   39.80    4.08    0.00    0.00    0.00    0.00    0.00    8.16
15:15:24       6   51.00    0.00   35.00    4.00    0.00    1.00    0.00    0.00    0.00    9.00
15:15:24       7   48.98    0.00   36.73    4.08    0.00    1.02    0.00    0.00    0.00    9.18

15:15:24     CPU    %usr   %nice    %sys %iowait    %irq   %soft  %steal  %guest  %gnice   %idle
15:15:25     all   50.00    0.00   36.58    4.30    0.00    0.76    0.00    0.00    0.00    8.35
15:15:25       0   50.00    0.00   37.76    4.08    0.00    1.02    0.00    0.00    0.00    7.14
15:15:25       1   47.00    0.00   38.00    4.00    0.00    1.00    0.00    0.00    0.00   10.00
15:15:25       2   50.00    0.00   37.76    4.08    0.00    0.00    0.00    0.00    0.00    8.16
15:15:25       3   48.48    0.00   38.38    4.04    0.00    1.01    0.00    0.00    0.00    8.08
15:15:25       4   49.49    0.00   37.37    5.05    0.00    0.00    0.00    0.00    0.00    8.08
15:15:25       5   50.51    0.00   36.36    4.04    0.00    1.01    0.00    0.00    0.00    8.08
15:15:25       6   52.04    0.00   34.69    4.08    0.00    1.02    0.00    0.00    0.00    8.16
15:15:25       7   52.53    0.00   32.32    5.05    0.00    1.01    0.00    0.00    0.00    9.09

15:15:25     CPU    %usr   %nice    %sys %iowait    %irq   %soft  %steal  %guest  %gnice   %idle
15:15:26     all   52.03    0.00   39.62    3.67    0.00    0.89    0.00    0.00    0.00    3.80
15:15:26       0   52.04    0.00   39.80    3.06    0.00    1.02    0.00    0.00    0.00    4.08
15:15:26       1   55.10    0.00   39.80    2.04    0.00    0.00    0.00    0.00    0.00    3.06
15:15:26       2   54.00    0.00   39.00    3.00    0.00    1.00    0.00    0.00    0.00    3.00
15:15:26       3   53.54    0.00   39.39    3.03    0.00    1.01    0.00    0.00    0.00    3.03
15:15:26       4   51.00    0.00   39.00    5.00    0.00    1.00    0.00    0.00    0.00    4.00
15:15:26       5   50.00    0.00   39.80    5.10    0.00    0.00    0.00    0.00    0.00    5.10
15:15:26       6   50.51    0.00   39.39    4.04    0.00    2.02    0.00    0.00    0.00    4.04
15:15:26       7   50.00    0.00   40.82    4.08    0.00    1.02    0.00    0.00    0.00    4.08

15:15:26     CPU    %usr   %nice    %sys %iowait    %irq   %soft  %steal  %guest  %gnice   %idle
15:15:27     all   46.79    0.00   37.61   10.19    0.00    1.13    0.00    0.00    0.00    4.28
15:15:27       0   48.51    0.00   39.60    7.92    0.00    0.99    0.00    0.00    0.00    2.97
15:15:27       1   52.48    0.00   37.62    6.93    0.00    0.99    0.00    0.00    0.00    1.98
15:15:27       2   51.52    0.00   38.38    7.07    0.00    1.01    0.00    0.00    0.00    2.02
15:15:27       3   47.47    0.00   42.42    7.07    0.00    1.01    0.00    0.00    0.00    2.02
15:15:27       4   41.24    0.00   38.14   13.40    0.00    1.03    0.00    0.00    0.00    6.19
15:15:27       5   44.44    0.00   33.33   14.14    0.00    2.02    0.00    0.00    0.00    6.06
15:15:27       6   43.43    0.00   36.36   12.12    0.00    1.01    0.00    0.00    0.00    7.07
15:15:27       7   45.00    0.00   35.00   13.00    0.00    1.00    0.00    0.00    0.00    6.00

15:15:27     CPU    %usr   %nice    %sys %iowait    %irq   %soft  %steal  %guest  %gnice   %idle
15:15:28     all   40.34    0.00   32.81   23.48    0.00    0.52    0.00    0.00    0.00    2.85
15:15:28       0   37.89    0.00   32.63   24.21    0.00    1.05    0.00    0.00    0.00    4.21
15:15:28       1   40.21    0.00   34.02   22.68    0.00    1.03    0.00    0.00    0.00    2.06
15:15:28       2   41.67    0.00   33.33   21.88    0.00    0.00    0.00    0.00    0.00    3.12
15:15:28       3   41.24    0.00   30.93   23.71    0.00    1.03    0.00    0.00    0.00    3.09
15:15:28       4   39.58    0.00   34.38   22.92    0.00    0.00    0.00    0.00    0.00    3.12
15:15:28       5   41.67    0.00   33.33   22.92    0.00    0.00    0.00    0.00    0.00    2.08
15:15:28       6   39.18    0.00   31.96   24.74    0.00    1.03    0.00    0.00    0.00    3.09
15:15:28       7   41.24    0.00   31.96   24.74    0.00    0.00    0.00    0.00    0.00    2.06

15:15:28     CPU    %usr   %nice    %sys %iowait    %irq   %soft  %steal  %guest  %gnice   %idle
15:15:29     all   41.84    0.00   33.29   21.30    0.00    0.77    0.00    0.00    0.00    2.81
15:15:29       0   40.40    0.00   36.36   20.20    0.00    1.01    0.00    0.00    0.00    2.02
15:15:29       1   43.75    0.00   34.38   19.79    0.00    0.00    0.00    0.00    0.00    2.08
15:15:29       2   42.57    0.00   34.65   19.80    0.00    0.99    0.00    0.00    0.00    1.98
15:15:29       3   47.42    0.00   29.90   19.59    0.00    0.00    0.00    0.00    0.00    3.09
15:15:29       4   38.78    0.00   34.69   22.45    0.00    1.02    0.00    0.00    0.00    3.06
15:15:29       5   39.39    0.00   33.33   22.22    0.00    1.01    0.00    0.00    0.00    4.04
15:15:29       6   42.27    0.00   28.87   24.74    0.00    1.03    0.00    0.00    0.00    3.09
15:15:29       7   40.21    0.00   34.02   21.65    0.00    1.03    0.00    0.00    0.00    3.09

15:15:29     CPU    %usr   %nice    %sys %iowait    %irq   %soft  %steal  %guest  %gnice   %idle
15:15:30     all   39.56    0.00   30.81   25.46    0.00    0.78    0.00    0.00    0.00    3.39
15:15:30       0   39.18    0.00   32.99   23.71    0.00    0.00    0.00    0.00    0.00    4.12
15:15:30       1   42.27    0.00   30.93   23.71    0.00    1.03    0.00    0.00    0.00    2.06
15:15:30       2   41.24    0.00   31.96   22.68    0.00    1.03    0.00    0.00    0.00    3.09
15:15:30       3   42.55    0.00   29.79   24.47    0.00    1.06    0.00    0.00    0.00    2.13
15:15:30       4   37.89    0.00   30.53   26.32    0.00    1.05    0.00    0.00    0.00    4.21
15:15:30       5   40.62    0.00   29.17   26.04    0.00    1.04    0.00    0.00    0.00    3.12
15:15:30       6   35.42    0.00   30.21   29.17    0.00    1.04    0.00    0.00    0.00    4.17
15:15:30       7   37.23    0.00   30.85   27.66    0.00    0.00    0.00    0.00    0.00    4.26

15:15:30     CPU    %usr   %nice    %sys %iowait    %irq   %soft  %steal  %guest  %gnice   %idle
15:15:31     all   30.98    0.00   25.88   30.07    0.00    0.78    0.00    0.00    0.00   12.29
15:15:31       0   29.47    0.00   25.26   29.47    0.00    1.05    0.00    0.00    0.00   14.74
15:15:31       1   30.21    0.00   27.08   30.21    0.00    0.00    0.00    0.00    0.00   12.50
15:15:31       2   31.25    0.00   23.96   35.42    0.00    1.04    0.00    0.00    0.00    8.33
15:15:31       3   30.61    0.00   26.53   25.51    0.00    1.02    0.00    0.00    0.00   16.33
15:15:31       4   35.05    0.00   24.74   25.77    0.00    1.03    0.00    0.00    0.00   13.40
15:15:31       5   31.91    0.00   26.60   35.11    0.00    0.00    0.00    0.00    0.00    6.38
15:15:31       6   29.03    0.00   26.88   33.33    0.00    1.08    0.00    0.00    0.00    9.68
15:15:31       7   30.21    0.00   26.04   26.04    0.00    1.04    0.00    0.00    0.00   16.67

15:15:31     CPU    %usr   %nice    %sys %iowait    %irq   %soft  %steal  %guest  %gnice   %idle
15:15:32     all   31.34    0.00   25.23   34.20    0.00    0.13    0.00    0.00    0.00    9.10
15:15:32       0   32.29    0.00   23.96   35.42    0.00    0.00    0.00    0.00    0.00    8.33
15:15:32       1   29.47    0.00   26.32   37.89    0.00    0.00    0.00    0.00    0.00    6.32
15:15:32       2   31.91    0.00   23.40   34.04    0.00    0.00    0.00    0.00    0.00   10.64
15:15:32       3   29.79    0.00   25.53   35.11    0.00    0.00    0.00    0.00    0.00    9.57
15:15:32       4   30.93    0.00   26.80   35.05    0.00    0.00    0.00    0.00    0.00    7.22
15:15:32       5   30.93    0.00   25.77   31.96    0.00    1.03    0.00    0.00    0.00   10.31
15:15:32       6   32.00    0.00   25.00   31.00    0.00    0.00    0.00    0.00    0.00   12.00
15:15:32       7   33.33    0.00   25.00   33.33    0.00    0.00    0.00    0.00    0.00    8.33

15:15:32     CPU    %usr   %nice    %sys %iowait    %irq   %soft  %steal  %guest  %gnice   %idle
15:15:33     all   24.08    0.00   19.76   40.31    0.00    0.65    0.00    0.00    0.00   15.18
15:15:33       0   23.96    0.00   18.75   42.71    0.00    1.04    0.00    0.00    0.00   13.54
15:15:33       1   24.47    0.00   19.15   43.62    0.00    1.06    0.00    0.00    0.00   11.70
15:15:33       2   22.11    0.00   21.05   40.00    0.00    1.05    0.00    0.00    0.00   15.79
15:15:33       3   24.21    0.00   18.95   42.11    0.00    1.05    0.00    0.00    0.00   13.68
15:15:33       4   24.49    0.00   20.41   38.78    0.00    1.02    0.00    0.00    0.00   15.31
15:15:33       5   24.74    0.00   20.62   35.05    0.00    0.00    0.00    0.00    0.00   19.59
15:15:33       6   23.16    0.00   20.00   43.16    0.00    0.00    0.00    0.00    0.00   13.68
15:15:33       7   25.53    0.00   19.15   37.23    0.00    0.00    0.00    0.00    0.00   18.09

15:15:33     CPU    %usr   %nice    %sys %iowait    %irq   %soft  %steal  %guest  %gnice   %idle
15:15:34     all   23.39    0.00   19.58   41.92    0.00    0.26    0.00    0.00    0.00   14.85
15:15:34       0   19.59    0.00   26.80   37.11    0.00    1.03    0.00    0.00    0.00   15.46
15:15:34       1   22.58    0.00   18.28   43.01    0.00    0.00    0.00    0.00    0.00   16.13
15:15:34       2   24.21    0.00   16.84   44.21    0.00    0.00    0.00    0.00    0.00   14.74
15:15:34       3   25.26    0.00   17.89   43.16    0.00    0.00    0.00    0.00    0.00   13.68
15:15:34       4   25.00    0.00   18.75   45.83    0.00    0.00    0.00    0.00    0.00   10.42
15:15:34       5   24.21    0.00   18.95   38.95    0.00    0.00    0.00    0.00    0.00   17.89
15:15:34       6   23.23    0.00   21.21   39.39    0.00    1.01    0.00    0.00    0.00   15.15
15:15:34       7   23.08    0.00   17.58   43.96    0.00    0.00    0.00    0.00    0.00   15.38

15:15:34     CPU    %usr   %nice    %sys %iowait    %irq   %soft  %steal  %guest  %gnice   %idle
15:15:35     all   30.06    0.00   24.52   34.58    0.00    0.52    0.00    0.00    0.00   10.32
15:15:35       0   29.17    0.00   26.04   30.21    0.00    0.00    0.00    0.00    0.00   14.58
15:15:35       1   33.00    0.00   24.00   37.00    0.00    1.00    0.00    0.00    0.00    5.00
15:15:35       2   32.63    0.00   24.21   33.68    0.00    0.00    0.00    0.00    0.00    9.47
15:15:35       3   32.00    0.00   24.00   32.00    0.00    1.00    0.00    0.00    0.00   11.00
15:15:35       4   27.37    0.00   25.26   41.05    0.00    0.00    0.00    0.00    0.00    6.32
15:15:35       5   28.87    0.00   23.71   36.08    0.00    1.03    0.00    0.00    0.00   10.31
15:15:35       6   29.90    0.00   24.74   31.96    0.00    0.00    0.00    0.00    0.00   13.40
15:15:35       7   27.37    0.00   24.21   34.74    0.00    1.05    0.00    0.00    0.00   12.63

15:15:35     CPU    %usr   %nice    %sys %iowait    %irq   %soft  %steal  %guest  %gnice   %idle
15:15:36     all   30.25    0.00   25.03   30.12    0.00    0.78    0.00    0.00    0.00   13.82
15:15:36       0   28.12    0.00   26.04   33.33    0.00    1.04    0.00    0.00    0.00   11.46
15:15:36       1   30.21    0.00   25.00   28.12    0.00    1.04    0.00    0.00    0.00   15.62
15:15:36       2   30.21    0.00   25.00   29.17    0.00    1.04    0.00    0.00    0.00   14.58
15:15:36       3   33.68    0.00   24.21   27.37    0.00    0.00    0.00    0.00    0.00   14.74
15:15:36       4   31.58    0.00   23.16   27.37    0.00    1.05    0.00    0.00    0.00   16.84
15:15:36       5   28.42    0.00   25.26   35.79    0.00    1.05    0.00    0.00    0.00    9.47
15:15:36       6   28.12    0.00   26.04   27.08    0.00    1.04    0.00    0.00    0.00   17.71
15:15:36       7   31.63    0.00   25.51   32.65    0.00    0.00    0.00    0.00    0.00   10.20

15:15:36     CPU    %usr   %nice    %sys %iowait    %irq   %soft  %steal  %guest  %gnice   %idle
15:15:37     all   32.81    0.00   26.38   27.30    0.00    0.39    0.00    0.00    0.00   13.12
15:15:37       0   31.91    0.00   27.66   24.47    0.00    0.00    0.00    0.00    0.00   15.96
15:15:37       1   34.04    0.00   25.53   30.85    0.00    0.00    0.00    0.00    0.00    9.57
15:15:37       2   34.02    0.00   26.80   22.68    0.00    0.00    0.00    0.00    0.00   16.49
15:15:37       3   35.42    0.00   25.00   30.21    0.00    0.00    0.00    0.00    0.00    9.38
15:15:37       4   31.63    0.00   26.53   28.57    0.00    1.02    0.00    0.00    0.00   12.24
15:15:37       5   32.26    0.00   25.81   23.66    0.00    1.08    0.00    0.00    0.00   17.20
15:15:37       6   30.85    0.00   25.53   36.17    0.00    1.06    0.00    0.00    0.00    6.38
15:15:37       7   32.29    0.00   28.12   21.88    0.00    0.00    0.00    0.00    0.00   17.71

15:15:37     CPU    %usr   %nice    %sys %iowait    %irq   %soft  %steal  %guest  %gnice   %idle
15:15:38     all   27.31    0.00   21.90   32.98    0.00    0.92    0.00    0.00    0.00   16.89
15:15:38       0   25.81    0.00   20.43   38.71    0.00    1.08    0.00    0.00    0.00   13.98
15:15:38       1   27.08    0.00   21.88   27.08    0.00    1.04    0.00    0.00    0.00   22.92
15:15:38       2   26.32    0.00   23.16   30.53    0.00    2.11    0.00    0.00    0.00   17.89
15:15:38       3   28.42    0.00   21.05   33.68    0.00    1.05    0.00    0.00    0.00   15.79
15:15:38       4   27.66    0.00   22.34   39.36    0.00    0.00    0.00    0.00    0.00   10.64
15:15:38       5   27.37    0.00   22.11   32.63    0.00    1.05    0.00    0.00    0.00   16.84
15:15:38       6   26.60    0.00   23.40   29.79    0.00    0.00    0.00    0.00    0.00   20.21
15:15:38       7   29.17    0.00   20.83   32.29    0.00    1.04    0.00    0.00    0.00   16.67

15:15:38     CPU    %usr   %nice    %sys %iowait    %irq   %soft  %steal  %guest  %gnice   %idle
15:15:39     all   25.81    0.00   21.10   39.92    0.00    0.00    0.00    0.00    0.00   13.17
15:15:39       0   25.81    0.00   20.43   47.31    0.00    0.00    0.00    0.00    0.00    6.45
15:15:39       1   26.09    0.00   21.74   36.96    0.00    0.00    0.00    0.00    0.00   15.22
15:15:39       2   26.04    0.00   22.92   35.42    0.00    0.00    0.00    0.00    0.00   15.62
15:15:39       3   25.53    0.00   22.34   37.23    0.00    0.00    0.00    0.00    0.00   14.89
15:15:39       4   25.84    0.00   20.22   40.45    0.00    0.00    0.00    0.00    0.00   13.48
15:15:39       5   26.88    0.00   19.35   43.01    0.00    0.00    0.00    0.00    0.00   10.75
15:15:39       6   24.73    0.00   20.43   37.63    0.00    0.00    0.00    0.00    0.00   17.20
15:15:39       7   25.53    0.00   21.28   41.49    0.00    0.00    0.00    0.00    0.00   11.70

15:15:39     CPU    %usr   %nice    %sys %iowait    %irq   %soft  %steal  %guest  %gnice   %idle
15:15:40     all   28.15    0.00   22.97   38.51    0.00    0.66    0.00    0.00    0.00    9.69
15:15:40       0   28.57    0.00   22.45   42.86    0.00    1.02    0.00    0.00    0.00    5.10
15:15:40       1   27.66    0.00   22.34   39.36    0.00    1.06    0.00    0.00    0.00    9.57
15:15:40       2   29.47    0.00   23.16   37.89    0.00    0.00    0.00    0.00    0.00    9.47
15:15:40       3   27.66    0.00   24.47   35.11    0.00    1.06    0.00    0.00    0.00   11.70
15:15:40       4   27.66    0.00   22.34   36.17    0.00    1.06    0.00    0.00    0.00   12.77
15:15:40       5   27.96    0.00   23.66   38.71    0.00    0.00    0.00    0.00    0.00    9.68
15:15:40       6   28.26    0.00   21.74   36.96    0.00    1.09    0.00    0.00    0.00   11.96
15:15:40       7   27.96    0.00   23.66   40.86    0.00    0.00    0.00    0.00    0.00    7.53

15:15:40     CPU    %usr   %nice    %sys %iowait    %irq   %soft  %steal  %guest  %gnice   %idle
15:15:41     all   29.42    0.00   24.41   33.11    0.00    0.66    0.00    0.00    0.00   12.40
15:15:41       0   25.00    0.00   26.09   42.39    0.00    1.09    0.00    0.00    0.00    5.43
15:15:41       1   30.53    0.00   26.32   32.63    0.00    0.00    0.00    0.00    0.00   10.53
15:15:41       2   28.12    0.00   25.00   32.29    0.00    1.04    0.00    0.00    0.00   13.54
15:15:41       3   27.55    0.00   26.53   29.59    0.00    1.02    0.00    0.00    0.00   15.31
15:15:41       4   29.79    0.00   24.47   30.85    0.00    0.00    0.00    0.00    0.00   14.89
15:15:41       5   30.53    0.00   23.16   30.53    0.00    1.05    0.00    0.00    0.00   14.74
15:15:41       6   32.29    0.00   22.92   35.42    0.00    0.00    0.00    0.00    0.00    9.38
15:15:41       7   31.52    0.00   20.65   31.52    0.00    1.09    0.00    0.00    0.00   15.22

15:15:41     CPU    %usr   %nice    %sys %iowait    %irq   %soft  %steal  %guest  %gnice   %idle
15:15:42     all   30.17    0.00   24.37   32.54    0.00    0.66    0.00    0.00    0.00   12.25
15:15:42       0   27.08    0.00   28.12   36.46    0.00    0.00    0.00    0.00    0.00    8.33
15:15:42       1   29.47    0.00   24.21   25.26    0.00    1.05    0.00    0.00    0.00   20.00
15:15:42       2   29.47    0.00   25.26   36.84    0.00    0.00    0.00    0.00    0.00    8.42
15:15:42       3   32.26    0.00   23.66   27.96    0.00    0.00    0.00    0.00    0.00   16.13
15:15:42       4   31.58    0.00   23.16   31.58    0.00    1.05    0.00    0.00    0.00   12.63
15:15:42       5   29.79    0.00   24.47   39.36    0.00    1.06    0.00    0.00    0.00    5.32
15:15:42       6   30.53    0.00   23.16   28.42    0.00    1.05    0.00    0.00    0.00   16.84
15:15:42       7   31.25    0.00   22.92   34.38    0.00    1.04    0.00    0.00    0.00   10.42

15:15:42     CPU    %usr   %nice    %sys %iowait    %irq   %soft  %steal  %guest  %gnice   %idle
15:15:43     all   24.77    0.00   21.30   33.42    0.00    0.53    0.00    0.00    0.00   19.97
15:15:43       0   25.00    0.00   20.83   37.50    0.00    1.04    0.00    0.00    0.00   15.62
15:15:43       1   20.65    0.00   23.91   30.43    0.00    1.09    0.00    0.00    0.00   23.91
15:15:43       2   25.00    0.00   22.92   28.12    0.00    1.04    0.00    0.00    0.00   22.92
15:15:43       3   25.00    0.00   20.65   29.35    0.00    1.09    0.00    0.00    0.00   23.91
15:15:43       4   27.37    0.00   20.00   41.05    0.00    0.00    0.00    0.00    0.00   11.58
15:15:43       5   25.53    0.00   20.21   27.66    0.00    0.00    0.00    0.00    0.00   26.60
15:15:43       6   24.73    0.00   20.43   39.78    0.00    0.00    0.00    0.00    0.00   15.05
15:15:43       7   24.73    0.00   21.51   33.33    0.00    0.00    0.00    0.00    0.00   20.43

15:15:43     CPU    %usr   %nice    %sys %iowait    %irq   %soft  %steal  %guest  %gnice   %idle
15:15:44     all   21.72    0.00   19.77   34.59    0.00    0.26    0.00    0.00    0.00   23.67
15:15:44       0   21.43    0.00   20.41   28.57    0.00    0.00    0.00    0.00    0.00   29.59
15:15:44       1   19.79    0.00   20.83   28.12    0.00    0.00    0.00    0.00    0.00   31.25
15:15:44       2   22.11    0.00   20.00   44.21    0.00    0.00    0.00    0.00    0.00   13.68
15:15:44       3   23.16    0.00   20.00   45.26    0.00    0.00    0.00    0.00    0.00   11.58
15:15:44       4   22.11    0.00   18.95   31.58    0.00    0.00    0.00    0.00    0.00   27.37
15:15:44       5   21.43    0.00   20.41   37.76    0.00    1.02    0.00    0.00    0.00   19.39
15:15:44       6   21.88    0.00   18.75   31.25    0.00    1.04    0.00    0.00    0.00   27.08
15:15:44       7   21.88    0.00   18.75   30.21    0.00    0.00    0.00    0.00    0.00   29.17

15:15:44     CPU    %usr   %nice    %sys %iowait    %irq   %soft  %steal  %guest  %gnice   %idle
15:15:45     all   25.56    0.00   22.13   36.89    0.00    0.26    0.00    0.00    0.00   15.15
15:15:45       0   23.40    0.00   23.40   35.11    0.00    0.00    0.00    0.00    0.00   18.09
15:15:45       1   28.42    0.00   20.00   34.74    0.00    0.00    0.00    0.00    0.00   16.84
15:15:45       2   25.26    0.00   21.05   45.26    0.00    1.05    0.00    0.00    0.00    7.37
15:15:45       3   26.32    0.00   22.11   28.42    0.00    0.00    0.00    0.00    0.00   23.16
15:15:45       4   23.16    0.00   24.21   31.58    0.00    0.00    0.00    0.00    0.00   21.05
15:15:45       5   25.26    0.00   23.16   36.84    0.00    0.00    0.00    0.00    0.00   14.74
15:15:45       6   25.53    0.00   22.34   35.11    0.00    0.00    0.00    0.00    0.00   17.02
15:15:45       7   27.08    0.00   20.83   47.92    0.00    1.04    0.00    0.00    0.00    3.12

15:15:45     CPU    %usr   %nice    %sys %iowait    %irq   %soft  %steal  %guest  %gnice   %idle
15:15:46     all   23.51    0.00   20.08   36.06    0.00    0.40    0.00    0.00    0.00   19.95
15:15:46       0   22.92    0.00   19.79   40.62    0.00    1.04    0.00    0.00    0.00   15.62
15:15:46       1   23.96    0.00   20.83   40.62    0.00    0.00    0.00    0.00    0.00   14.58
15:15:46       2   24.47    0.00   19.15   32.98    0.00    0.00    0.00    0.00    0.00   23.40
15:15:46       3   23.66    0.00   18.28   39.78    0.00    0.00    0.00    0.00    0.00   18.28
15:15:46       4   21.51    0.00   20.43   33.33    0.00    1.08    0.00    0.00    0.00   23.66
15:15:46       5   23.40    0.00   20.21   34.04    0.00    0.00    0.00    0.00    0.00   22.34
15:15:46       6   22.92    0.00   21.88   31.25    0.00    1.04    0.00    0.00    0.00   22.92
15:15:46       7   25.26    0.00   20.00   35.79    0.00    0.00    0.00    0.00    0.00   18.95

15:15:46     CPU    %usr   %nice    %sys %iowait    %irq   %soft  %steal  %guest  %gnice   %idle
15:15:47     all   27.92    0.00   22.73   34.03    0.00    0.52    0.00    0.00    0.00   14.81
15:15:47       0   27.66    0.00   22.34   29.79    0.00    0.00    0.00    0.00    0.00   20.21
15:15:47       1   26.80    0.00   22.68   34.02    0.00    1.03    0.00    0.00    0.00   15.46
15:15:47       2   27.08    0.00   23.96   31.25    0.00    1.04    0.00    0.00    0.00   16.67
15:15:47       3   28.12    0.00   23.96   40.62    0.00    1.04    0.00    0.00    0.00    6.25
15:15:47       4   29.47    0.00   21.05   42.11    0.00    0.00    0.00    0.00    0.00    7.37
15:15:47       5   27.55    0.00   22.45   28.57    0.00    1.02    0.00    0.00    0.00   20.41
15:15:47       6   26.80    0.00   23.71   26.80    0.00    0.00    0.00    0.00    0.00   22.68
15:15:47       7   29.90    0.00   21.65   39.18    0.00    0.00    0.00    0.00    0.00    9.28

15:15:47     CPU    %usr   %nice    %sys %iowait    %irq   %soft  %steal  %guest  %gnice   %idle
15:15:48     all   26.65    0.00   21.50   32.98    0.00    0.40    0.00    0.00    0.00   18.47
15:15:48       0   26.53    0.00   22.45   28.57    0.00    0.00    0.00    0.00    0.00   22.45
15:15:48       1   25.81    0.00   21.51   29.03    0.00    0.00    0.00    0.00    0.00   23.66
15:15:48       2   26.32    0.00   22.11   30.53    0.00    0.00    0.00    0.00    0.00   21.05
15:15:48       3   27.08    0.00   21.88   35.42    0.00    1.04    0.00    0.00    0.00   14.58
15:15:48       4   25.53    0.00   21.28   38.30    0.00    1.06    0.00    0.00    0.00   13.83
15:15:48       5   26.88    0.00   20.43   30.11    0.00    0.00    0.00    0.00    0.00   22.58
15:15:48       6   28.42    0.00   21.05   40.00    0.00    0.00    0.00    0.00    0.00   10.53
15:15:48       7   26.60    0.00   21.28   31.91    0.00    1.06    0.00    0.00    0.00   19.15

15:15:48     CPU    %usr   %nice    %sys %iowait    %irq   %soft  %steal  %guest  %gnice   %idle
15:15:49     all   26.53    0.00   19.89   36.47    0.00    0.53    0.00    0.00    0.00   16.58
15:15:49       0   25.53    0.00   20.21   37.23    0.00    1.06    0.00    0.00    0.00   15.96
15:15:49       1   26.04    0.00   20.83   31.25    0.00    1.04    0.00    0.00    0.00   20.83
15:15:49       2   25.81    0.00   19.35   38.71    0.00    1.08    0.00    0.00    0.00   15.05
15:15:49       3   27.96    0.00   19.35   35.48    0.00    0.00    0.00    0.00    0.00   17.20
15:15:49       4   29.03    0.00   18.28   39.78    0.00    0.00    0.00    0.00    0.00   12.90
15:15:49       5   27.37    0.00   18.95   36.84    0.00    0.00    0.00    0.00    0.00   16.84
15:15:49       6   25.26    0.00   21.05   32.63    0.00    1.05    0.00    0.00    0.00   20.00
15:15:49       7   25.26    0.00   21.05   40.00    0.00    0.00    0.00    0.00    0.00   13.68

15:15:49     CPU    %usr   %nice    %sys %iowait    %irq   %soft  %steal  %guest  %gnice   %idle
15:15:50     all   24.18    0.00   19.45   41.00    0.00    0.26    0.00    0.00    0.00   15.11
15:15:50       0   25.26    0.00   18.95   49.47    0.00    0.00    0.00    0.00    0.00    6.32
15:15:50       1   26.04    0.00   18.75   36.46    0.00    0.00    0.00    0.00    0.00   18.75
15:15:50       2   23.66    0.00   19.35   34.41    0.00    0.00    0.00    0.00    0.00   22.58
15:15:50       3   25.53    0.00   17.02   42.55    0.00    1.06    0.00    0.00    0.00   13.83
15:15:50       4   22.92    0.00   21.88   51.04    0.00    0.00    0.00    0.00    0.00    4.17
15:15:50       5   23.96    0.00   19.79   37.50    0.00    1.04    0.00    0.00    0.00   17.71
15:15:50       6   23.40    0.00   19.15   41.49    0.00    0.00    0.00    0.00    0.00   15.96
15:15:50       7   22.68    0.00   20.62   35.05    0.00    0.00    0.00    0.00    0.00   21.65

15:15:50     CPU    %usr   %nice    %sys %iowait    %irq   %soft  %steal  %guest  %gnice   %idle
15:15:51     all   27.34    0.00   21.61   33.20    0.00    0.65    0.00    0.00    0.00   17.19
15:15:51       0   27.08    0.00   20.83   31.25    0.00    1.04    0.00    0.00    0.00   19.79
15:15:51       1   29.47    0.00   21.05   28.42    0.00    0.00    0.00    0.00    0.00   21.05
15:15:51       2   24.49    0.00   24.49   37.76    0.00    1.02    0.00    0.00    0.00   12.24
15:15:51       3   26.88    0.00   22.58   34.41    0.00    0.00    0.00    0.00    0.00   16.13
15:15:51       4   28.12    0.00   19.79   29.17    0.00    0.00    0.00    0.00    0.00   22.92
15:15:51       5   27.55    0.00   21.43   30.61    0.00    1.02    0.00    0.00    0.00   19.39
15:15:51       6   27.84    0.00   21.65   40.21    0.00    1.03    0.00    0.00    0.00    9.28
15:15:51       7   27.37    0.00   21.05   33.68    0.00    1.05    0.00    0.00    0.00   16.84

15:15:51     CPU    %usr   %nice    %sys %iowait    %irq   %soft  %steal  %guest  %gnice   %idle
15:15:52     all   27.57    0.00   23.28   33.16    0.00    0.39    0.00    0.00    0.00   15.60
15:15:52       0   24.47    0.00   24.47   38.30    0.00    0.00    0.00    0.00    0.00   12.77
15:15:52       1   29.00    0.00   23.00   33.00    0.00    0.00    0.00    0.00    0.00   15.00
15:15:52       2   26.32    0.00   22.11   31.58    0.00    1.05    0.00    0.00    0.00   18.95
15:15:52       3   27.55    0.00   22.45   25.51    0.00    1.02    0.00    0.00    0.00   23.47
15:15:52       4   27.66    0.00   23.40   31.91    0.00    1.06    0.00    0.00    0.00   15.96
15:15:52       5   29.90    0.00   23.71   35.05    0.00    0.00    0.00    0.00    0.00   11.34
15:15:52       6   26.32    0.00   24.21   35.79    0.00    0.00    0.00    0.00    0.00   13.68
15:15:52       7   29.17    0.00   22.92   34.38    0.00    0.00    0.00    0.00    0.00   13.54

15:15:52     CPU    %usr   %nice    %sys %iowait    %irq   %soft  %steal  %guest  %gnice   %idle
15:15:53     all   22.54    0.00   18.87   36.44    0.00    0.52    0.00    0.00    0.00   21.63
15:15:53       0   21.43    0.00   20.41   44.90    0.00    1.02    0.00    0.00    0.00   12.24
15:15:53       1   21.51    0.00   19.35   34.41    0.00    1.08    0.00    0.00    0.00   23.66
15:15:53       2   23.16    0.00   17.89   33.68    0.00    0.00    0.00    0.00    0.00   25.26
15:15:53       3   23.16    0.00   18.95   35.79    0.00    0.00    0.00    0.00    0.00   22.11
15:15:53       4   22.34    0.00   19.15   38.30    0.00    0.00    0.00    0.00    0.00   20.21
15:15:53       5   23.71    0.00   17.53   30.93    0.00    0.00    0.00    0.00    0.00   27.84
15:15:53       6   20.83    0.00   19.79   35.42    0.00    1.04    0.00    0.00    0.00   22.92
15:15:53       7   24.21    0.00   17.89   37.89    0.00    1.05    0.00    0.00    0.00   18.95

15:15:53     CPU    %usr   %nice    %sys %iowait    %irq   %soft  %steal  %guest  %gnice   %idle
15:15:54     all   27.61    0.00   22.72   32.10    0.00    0.66    0.00    0.00    0.00   16.91
15:15:54       0   26.32    0.00   23.16   30.53    0.00    1.05    0.00    0.00    0.00   18.95
15:15:54       1   29.79    0.00   19.15   27.66    0.00    1.06    0.00    0.00    0.00   22.34
15:15:54       2   27.66    0.00   23.40   27.66    0.00    1.06    0.00    0.00    0.00   20.21
15:15:54       3   28.12    0.00   21.88   39.58    0.00    1.04    0.00    0.00    0.00    9.38
15:15:54       4   26.32    0.00   25.26   37.89    0.00    0.00    0.00    0.00    0.00   10.53
15:15:54       5   26.09    0.00   23.91   32.61    0.00    0.00    0.00    0.00    0.00   17.39
15:15:54       6   28.26    0.00   20.65   34.78    0.00    0.00    0.00    0.00    0.00   16.30
15:15:54       7   28.28    0.00   24.24   26.26    0.00    1.01    0.00    0.00    0.00   20.20

15:15:54     CPU    %usr   %nice    %sys %iowait    %irq   %soft  %steal  %guest  %gnice   %idle
15:15:55     all   21.16    0.00   19.18   39.95    0.00    0.26    0.00    0.00    0.00   19.44
15:15:55       0   20.21    0.00   18.09   45.74    0.00    1.06    0.00    0.00    0.00   14.89
15:15:55       1   22.11    0.00   18.95   45.26    0.00    0.00    0.00    0.00    0.00   13.68
15:15:55       2   18.95    0.00   21.05   36.84    0.00    0.00    0.00    0.00    0.00   23.16
15:15:55       3   21.05    0.00   20.00   36.84    0.00    0.00    0.00    0.00    0.00   22.11
15:15:55       4   23.16    0.00   16.84   34.74    0.00    0.00    0.00    0.00    0.00   25.26
15:15:55       5   22.11    0.00   18.95   46.32    0.00    1.05    0.00    0.00    0.00   11.58
15:15:55       6   22.34    0.00   19.15   39.36    0.00    0.00    0.00    0.00    0.00   19.15
15:15:55       7   19.35    0.00   20.43   34.41    0.00    0.00    0.00    0.00    0.00   25.81

15:15:55     CPU    %usr   %nice    %sys %iowait    %irq   %soft  %steal  %guest  %gnice   %idle
15:15:56     all   22.15    0.00   19.21   35.08    0.00    0.77    0.00    0.00    0.00   22.79
15:15:56       0   22.92    0.00   18.75   45.83    0.00    0.00    0.00    0.00    0.00   12.50
15:15:56       1   24.24    0.00   18.18   32.32    0.00    1.01    0.00    0.00    0.00   24.24
15:15:56       2   22.45    0.00   20.41   33.67    0.00    0.00    0.00    0.00    0.00   23.47
15:15:56       3   22.68    0.00   19.59   40.21    0.00    1.03    0.00    0.00    0.00   16.49
15:15:56       4   21.43    0.00   19.39   35.71    0.00    1.02    0.00    0.00    0.00   22.45
15:15:56       5   20.41    0.00   20.41   29.59    0.00    1.02    0.00    0.00    0.00   28.57
15:15:56       6   21.43    0.00   18.37   26.53    0.00    1.02    0.00    0.00    0.00   32.65
15:15:56       7   21.65    0.00   18.56   37.11    0.00    1.03    0.00    0.00    0.00   21.65

15:15:56     CPU    %usr   %nice    %sys %iowait    %irq   %soft  %steal  %guest  %gnice   %idle
15:15:57     all   30.09    0.00   24.44   34.95    0.00    0.66    0.00    0.00    0.00    9.86
15:15:57       0   29.17    0.00   25.00   35.42    0.00    1.04    0.00    0.00    0.00    9.38
15:15:57       1   31.58    0.00   24.21   35.79    0.00    0.00    0.00    0.00    0.00    8.42
15:15:57       2   29.79    0.00   24.47   36.17    0.00    1.06    0.00    0.00    0.00    8.51
15:15:57       3   30.11    0.00   23.66   34.41    0.00    0.00    0.00    0.00    0.00   11.83
15:15:57       4   30.85    0.00   24.47   35.11    0.00    1.06    0.00    0.00    0.00    8.51
15:15:57       5   29.59    0.00   25.51   33.67    0.00    1.02    0.00    0.00    0.00   10.20
15:15:57       6   31.25    0.00   23.96   35.42    0.00    1.04    0.00    0.00    0.00    8.33
15:15:57       7   28.42    0.00   24.21   33.68    0.00    0.00    0.00    0.00    0.00   13.68

15:15:57     CPU    %usr   %nice    %sys %iowait    %irq   %soft  %steal  %guest  %gnice   %idle
15:15:58     all   26.43    0.00   21.35   33.72    0.00    0.26    0.00    0.00    0.00   18.23
15:15:58       0   25.00    0.00   21.88   30.21    0.00    0.00    0.00    0.00    0.00   22.92
15:15:58       1   26.04    0.00   22.92   30.21    0.00    0.00    0.00    0.00    0.00   20.83
15:15:58       2   25.00    0.00   20.83   40.62    0.00    1.04    0.00    0.00    0.00   12.50
15:15:58       3   23.96    0.00   22.92   27.08    0.00    1.04    0.00    0.00    0.00   25.00
15:15:58       4   27.84    0.00   20.62   44.33    0.00    0.00    0.00    0.00    0.00    7.22
15:15:58       5   27.37    0.00   21.05   36.84    0.00    0.00    0.00    0.00    0.00   14.74
15:15:58       6   27.84    0.00   20.62   31.96    0.00    0.00    0.00    0.00    0.00   19.59
15:15:58       7   28.42    0.00   20.00   28.42    0.00    0.00    0.00    0.00    0.00   23.16

15:15:58     CPU    %usr   %nice    %sys %iowait    %irq   %soft  %steal  %guest  %gnice   %idle
15:15:59     all   25.45    0.00   21.32   33.46    0.00    0.78    0.00    0.00    0.00   18.99
15:15:59       0   27.27    0.00   21.21   36.36    0.00    1.01    0.00    0.00    0.00   14.14
15:15:59       1   26.53    0.00   20.41   28.57    0.00    1.02    0.00    0.00    0.00   23.47
15:15:59       2   25.77    0.00   22.68   25.77    0.00    0.00    0.00    0.00    0.00   25.77
15:15:59       3   25.00    0.00   21.88   28.12    0.00    0.00    0.00    0.00    0.00   25.00
15:15:59       4   23.96    0.00   21.88   30.21    0.00    1.04    0.00    0.00    0.00   22.92
15:15:59       5   25.00    0.00   21.88   32.29    0.00    1.04    0.00    0.00    0.00   19.79
15:15:59       6   23.16    0.00   22.11   46.32    0.00    1.05    0.00    0.00    0.00    7.37
15:15:59       7   26.80    0.00   18.56   40.21    0.00    1.03    0.00    0.00    0.00   13.40

15:15:59     CPU    %usr   %nice    %sys %iowait    %irq   %soft  %steal  %guest  %gnice   %idle
15:16:00     all   25.23    0.00   21.59   36.15    0.00    0.52    0.00    0.00    0.00   16.51
15:16:00       0   25.00    0.00   21.88   29.17    0.00    0.00    0.00    0.00    0.00   23.96
15:16:00       1   22.34    0.00   23.40   40.43    0.00    1.06    0.00    0.00    0.00   12.77
15:16:00       2   24.49    0.00   22.45   37.76    0.00    1.02    0.00    0.00    0.00   14.29
15:16:00       3   26.53    0.00   20.41   35.71    0.00    1.02    0.00    0.00    0.00   16.33
15:16:00       4   26.32    0.00   21.05   35.79    0.00    0.00    0.00    0.00    0.00   16.84
15:16:00       5   25.00    0.00   21.88   36.46    0.00    0.00    0.00    0.00    0.00   16.67
15:16:00       6   25.77    0.00   20.62   36.08    0.00    1.03    0.00    0.00    0.00   16.49
15:16:00       7   26.32    0.00   21.05   37.89    0.00    0.00    0.00    0.00    0.00   14.74

15:16:00     CPU    %usr   %nice    %sys %iowait    %irq   %soft  %steal  %guest  %gnice   %idle
15:16:01     all   29.06    0.00   24.21   30.89    0.00    0.26    0.00    0.00    0.00   15.58
15:16:01       0   28.12    0.00   25.00   28.12    0.00    0.00    0.00    0.00    0.00   18.75
15:16:01       1   29.90    0.00   23.71   32.99    0.00    0.00    0.00    0.00    0.00   13.40
15:16:01       2   31.18    0.00   22.58   26.88    0.00    0.00    0.00    0.00    0.00   19.35
15:16:01       3   30.93    0.00   23.71   28.87    0.00    0.00    0.00    0.00    0.00   16.49
15:16:01       4   28.12    0.00   23.96   30.21    0.00    1.04    0.00    0.00    0.00   16.67
15:16:01       5   26.88    0.00   24.73   36.56    0.00    0.00    0.00    0.00    0.00   11.83
15:16:01       6   29.17    0.00   23.96   34.38    0.00    1.04    0.00    0.00    0.00   11.46
15:16:01       7   28.12    0.00   26.04   29.17    0.00    0.00    0.00    0.00    0.00   16.67

15:16:01     CPU    %usr   %nice    %sys %iowait    %irq   %soft  %steal  %guest  %gnice   %idle
15:16:02     all   22.15    0.00   17.62   37.18    0.00    0.52    0.00    0.00    0.00   22.54
15:16:02       0   21.88    0.00   16.67   33.33    0.00    1.04    0.00    0.00    0.00   27.08
15:16:02       1   20.83    0.00   18.75   48.96    0.00    1.04    0.00    0.00    0.00   10.42
15:16:02       2   20.62    0.00   18.56   41.24    0.00    1.03    0.00    0.00    0.00   18.56
15:16:02       3   21.88    0.00   18.75   29.17    0.00    0.00    0.00    0.00    0.00   30.21
15:16:02       4   22.11    0.00   17.89   29.47    0.00    0.00    0.00    0.00    0.00   30.53
15:16:02       5   21.65    0.00   17.53   52.58    0.00    1.03    0.00    0.00    0.00    7.22
15:16:02       6   24.74    0.00   16.49   29.90    0.00    0.00    0.00    0.00    0.00   28.87
15:16:02       7   23.47    0.00   16.33   32.65    0.00    0.00    0.00    0.00    0.00   27.55

15:16:02     CPU    %usr   %nice    %sys %iowait    %irq   %soft  %steal  %guest  %gnice   %idle
15:16:03     all   23.93    0.00   20.31   36.35    0.00    0.39    0.00    0.00    0.00   19.02
15:16:03       0   25.00    0.00   20.83   33.33    0.00    0.00    0.00    0.00    0.00   20.83
15:16:03       1   24.47    0.00   20.21   34.04    0.00    0.00    0.00    0.00    0.00   21.28
15:16:03       2   23.47    0.00   20.41   38.78    0.00    0.00    0.00    0.00    0.00   17.35
15:16:03       3   21.65    0.00   21.65   40.21    0.00    1.03    0.00    0.00    0.00   15.46
15:16:03       4   23.96    0.00   19.79   32.29    0.00    1.04    0.00    0.00    0.00   22.92
15:16:03       5   24.21    0.00   18.95   30.53    0.00    0.00    0.00    0.00    0.00   26.32
15:16:03       6   24.49    0.00   20.41   39.80    0.00    0.00    0.00    0.00    0.00   15.31
15:16:03       7   24.24    0.00   20.20   41.41    0.00    1.01    0.00    0.00    0.00   13.13

15:16:03     CPU    %usr   %nice    %sys %iowait    %irq   %soft  %steal  %guest  %gnice   %idle
15:16:04     all   25.87    0.00   22.51   35.58    0.00    0.39    0.00    0.00    0.00   15.65
15:16:04       0   24.49    0.00   23.47   32.65    0.00    1.02    0.00    0.00    0.00   18.37
15:16:04       1   23.16    0.00   24.21   42.11    0.00    0.00    0.00    0.00    0.00   10.53
15:16:04       2   27.84    0.00   21.65   38.14    0.00    1.03    0.00    0.00    0.00   11.34
15:16:04       3   27.37    0.00   21.05   31.58    0.00    0.00    0.00    0.00    0.00   20.00
15:16:04       4   25.77    0.00   23.71   31.96    0.00    0.00    0.00    0.00    0.00   18.56
15:16:04       5   26.80    0.00   21.65   38.14    0.00    0.00    0.00    0.00    0.00   13.40
15:16:04       6   25.00    0.00   21.88   34.38    0.00    1.04    0.00    0.00    0.00   17.71
15:16:04       7   26.53    0.00   22.45   35.71    0.00    0.00    0.00    0.00    0.00   15.31

15:16:04     CPU    %usr   %nice    %sys %iowait    %irq   %soft  %steal  %guest  %gnice   %idle
15:16:05     all   26.46    0.00   21.14   35.15    0.00    0.26    0.00    0.00    0.00   16.99
15:16:05       0   26.53    0.00   23.47   31.63    0.00    0.00    0.00    0.00    0.00   18.37
15:16:05       1   27.55    0.00   21.43   28.57    0.00    0.00    0.00    0.00    0.00   22.45
15:16:05       2   28.57    0.00   20.41   34.69    0.00    0.00    0.00    0.00    0.00   16.33
15:16:05       3   27.84    0.00   19.59   26.80    0.00    1.03    0.00    0.00    0.00   24.74
15:16:05       4   24.73    0.00   20.43   33.33    0.00    0.00    0.00    0.00    0.00   21.51
15:16:05       5   24.74    0.00   21.65   38.14    0.00    1.03    0.00    0.00    0.00   14.43
15:16:05       6   26.04    0.00   21.88   44.79    0.00    0.00    0.00    0.00    0.00    7.29
15:16:05       7   25.53    0.00   20.21   43.62    0.00    0.00    0.00    0.00    0.00   10.64

15:16:05     CPU    %usr   %nice    %sys %iowait    %irq   %soft  %steal  %guest  %gnice   %idle
15:16:06     all   27.25    0.00   22.43   34.55    0.00    0.39    0.00    0.00    0.00   15.38
15:16:06       0   27.37    0.00   21.05   30.53    0.00    0.00    0.00    0.00    0.00   21.05
15:16:06       1   26.32    0.00   23.16   33.68    0.00    1.05    0.00    0.00    0.00   15.79
15:16:06       2   28.12    0.00   22.92   38.54    0.00    0.00    0.00    0.00    0.00   10.42
15:16:06       3   26.04    0.00   22.92   32.29    0.00    0.00    0.00    0.00    0.00   18.75
15:16:06       4   29.17    0.00   21.88   34.38    0.00    0.00    0.00    0.00    0.00   14.58
15:16:06       5   27.37    0.00   23.16   32.63    0.00    0.00    0.00    0.00    0.00   16.84
15:16:06       6   25.77    0.00   23.71   41.24    0.00    1.03    0.00    0.00    0.00    8.25
15:16:06       7   27.84    0.00   20.62   32.99    0.00    1.03    0.00    0.00    0.00   17.53

15:16:06     CPU    %usr   %nice    %sys %iowait    %irq   %soft  %steal  %guest  %gnice   %idle
15:16:07     all   26.74    0.00   23.07   34.99    0.00    0.79    0.00    0.00    0.00   14.42
15:16:07       0   25.00    0.00   25.00   45.83    0.00    1.04    0.00    0.00    0.00    3.12
15:16:07       1   26.32    0.00   24.21   34.74    0.00    0.00    0.00    0.00    0.00   14.74
15:16:07       2   25.53    0.00   22.34   29.79    0.00    2.13    0.00    0.00    0.00   20.21
15:16:07       3   30.21    0.00   20.83   29.17    0.00    0.00    0.00    0.00    0.00   19.79
15:16:07       4   25.53    0.00   22.34   36.17    0.00    1.06    0.00    0.00    0.00   14.89
15:16:07       5   27.84    0.00   23.71   36.08    0.00    1.03    0.00    0.00    0.00   11.34
15:16:07       6   27.08    0.00   22.92   36.46    0.00    1.04    0.00    0.00    0.00   12.50
15:16:07       7   26.32    0.00   23.16   31.58    0.00    0.00    0.00    0.00    0.00   18.95

15:16:07     CPU    %usr   %nice    %sys %iowait    %irq   %soft  %steal  %guest  %gnice   %idle
15:16:08     all   26.67    0.00   21.70   34.25    0.00    0.39    0.00    0.00    0.00   16.99
15:16:08       0   24.47    0.00   22.34   36.17    0.00    0.00    0.00    0.00    0.00   17.02
15:16:08       1   25.53    0.00   21.28   30.85    0.00    1.06    0.00    0.00    0.00   21.28
15:16:08       2   26.80    0.00   22.68   41.24    0.00    0.00    0.00    0.00    0.00    9.28
15:16:08       3   28.87    0.00   20.62   32.99    0.00    1.03    0.00    0.00    0.00   16.49
15:16:08       4   24.21    0.00   24.21   29.47    0.00    0.00    0.00    0.00    0.00   22.11
15:16:08       5   27.84    0.00   21.65   38.14    0.00    0.00    0.00    0.00    0.00   12.37
15:16:08       6   26.60    0.00   21.28   32.98    0.00    0.00    0.00    0.00    0.00   19.15
15:16:08       7   28.87    0.00   19.59   31.96    0.00    1.03    0.00    0.00    0.00   18.56

15:16:08     CPU    %usr   %nice    %sys %iowait    %irq   %soft  %steal  %guest  %gnice   %idle
15:16:09     all   26.97    0.00   21.76   36.45    0.00    0.67    0.00    0.00    0.00   14.15
15:16:09       0   26.60    0.00   22.34   29.79    0.00    1.06    0.00    0.00    0.00   20.21
15:16:09       1   28.72    0.00   20.21   42.55    0.00    1.06    0.00    0.00    0.00    7.45
15:16:09       2   25.00    0.00   23.96   35.42    0.00    1.04    0.00    0.00    0.00   14.58
15:16:09       3   26.60    0.00   22.34   38.30    0.00    0.00    0.00    0.00    0.00   12.77
15:16:09       4   28.26    0.00   20.65   44.57    0.00    1.09    0.00    0.00    0.00    5.43
15:16:09       5   27.96    0.00   20.43   32.26    0.00    0.00    0.00    0.00    0.00   19.35
15:16:09       6   25.00    0.00   22.83   36.96    0.00    1.09    0.00    0.00    0.00   14.13
15:16:09       7   27.66    0.00   21.28   31.91    0.00    0.00    0.00    0.00    0.00   19.15

15:16:09     CPU    %usr   %nice    %sys %iowait    %irq   %soft  %steal  %guest  %gnice   %idle
15:16:10     all   21.84    0.00   17.37   36.84    0.00    0.13    0.00    0.00    0.00   23.82
15:16:10       0   20.83    0.00   17.71   36.46    0.00    0.00    0.00    0.00    0.00   25.00
15:16:10       1   21.28    0.00   18.09   36.17    0.00    0.00    0.00    0.00    0.00   24.47
15:16:10       2   21.88    0.00   16.67   33.33    0.00    0.00    0.00    0.00    0.00   28.12
15:16:10       3   22.34    0.00   18.09   32.98    0.00    0.00    0.00    0.00    0.00   26.60
15:16:10       4   22.34    0.00   15.96   31.91    0.00    0.00    0.00    0.00    0.00   29.79
15:16:10       5   23.16    0.00   17.89   33.68    0.00    1.05    0.00    0.00    0.00   24.21
15:16:10       6   22.11    0.00   16.84   49.47    0.00    0.00    0.00    0.00    0.00   11.58
15:16:10       7   20.83    0.00   17.71   40.62    0.00    0.00    0.00    0.00    0.00   20.83

15:16:10     CPU    %usr   %nice    %sys %iowait    %irq   %soft  %steal  %guest  %gnice   %idle
15:16:11     all   25.03    0.00   20.18   37.61    0.00    0.52    0.00    0.00    0.00   16.64
15:16:11       0   24.74    0.00   21.65   30.93    0.00    1.03    0.00    0.00    0.00   21.65
15:16:11       1   28.12    0.00   18.75   30.21    0.00    0.00    0.00    0.00    0.00   22.92
15:16:11       2   25.00    0.00   20.65   42.39    0.00    0.00    0.00    0.00    0.00   11.96
15:16:11       3   24.21    0.00   20.00   49.47    0.00    1.05    0.00    0.00    0.00    5.26
15:16:11       4   26.60    0.00   18.09   36.17    0.00    0.00    0.00    0.00    0.00   19.15
15:16:11       5   23.16    0.00   22.11   34.74    0.00    0.00    0.00    0.00    0.00   20.00
15:16:11       6   25.51    0.00   19.39   35.71    0.00    1.02    0.00    0.00    0.00   18.37
15:16:11       7   22.92    0.00   20.83   41.67    0.00    1.04    0.00    0.00    0.00   13.54

15:16:11     CPU    %usr   %nice    %sys %iowait    %irq   %soft  %steal  %guest  %gnice   %idle
15:16:12     all   27.72    0.00   21.49   34.22    0.00    0.40    0.00    0.00    0.00   16.18
15:16:12       0   27.66    0.00   21.28   34.04    0.00    1.06    0.00    0.00    0.00   15.96
15:16:12       1   26.32    0.00   23.16   30.53    0.00    1.05    0.00    0.00    0.00   18.95
15:16:12       2   28.87    0.00   20.62   38.14    0.00    1.03    0.00    0.00    0.00   11.34
15:16:12       3   26.88    0.00   22.58   29.03    0.00    0.00    0.00    0.00    0.00   21.51
15:16:12       4   30.43    0.00   19.57   30.43    0.00    0.00    0.00    0.00    0.00   19.57
15:16:12       5   28.72    0.00   20.21   40.43    0.00    0.00    0.00    0.00    0.00   10.64
15:16:12       6   27.37    0.00   22.11   33.68    0.00    0.00    0.00    0.00    0.00   16.84
15:16:12       7   25.53    0.00   22.34   37.23    0.00    0.00    0.00    0.00    0.00   14.89

15:16:12     CPU    %usr   %nice    %sys %iowait    %irq   %soft  %steal  %guest  %gnice   %idle
15:16:13     all   23.63    0.00   20.10   36.42    0.00    0.65    0.00    0.00    0.00   19.19
15:16:13       0   21.65    0.00   22.68   41.24    0.00    0.00    0.00    0.00    0.00   14.43
15:16:13       1   22.34    0.00   21.28   30.85    0.00    0.00    0.00    0.00    0.00   25.53
15:16:13       2   23.47    0.00   21.43   31.63    0.00    1.02    0.00    0.00    0.00   22.45
15:16:13       3   25.53    0.00   17.02   45.74    0.00    1.06    0.00    0.00    0.00   10.64
15:16:13       4   25.77    0.00   18.56   45.36    0.00    1.03    0.00    0.00    0.00    9.28
15:16:13       5   21.88    0.00   21.88   33.33    0.00    1.04    0.00    0.00    0.00   21.88
15:16:13       6   24.21    0.00   17.89   32.63    0.00    1.05    0.00    0.00    0.00   24.21
15:16:13       7   24.21    0.00   20.00   30.53    0.00    0.00    0.00    0.00    0.00   25.26

15:16:13     CPU    %usr   %nice    %sys %iowait    %irq   %soft  %steal  %guest  %gnice   %idle
15:16:14     all   25.16    0.00   20.47   34.16    0.00    0.26    0.00    0.00    0.00   19.95
15:16:14       0   25.81    0.00   19.35   39.78    0.00    0.00    0.00    0.00    0.00   15.05
15:16:14       1   27.55    0.00   19.39   32.65    0.00    1.02    0.00    0.00    0.00   19.39
15:16:14       2   24.47    0.00   22.34   32.98    0.00    0.00    0.00    0.00    0.00   20.21
15:16:14       3   25.00    0.00   19.79   32.29    0.00    0.00    0.00    0.00    0.00   22.92
15:16:14       4   24.74    0.00   20.62   29.90    0.00    0.00    0.00    0.00    0.00   24.74
15:16:14       5   25.51    0.00   19.39   28.57    0.00    1.02    0.00    0.00    0.00   25.51
15:16:14       6   23.96    0.00   22.92   32.29    0.00    0.00    0.00    0.00    0.00   20.83
15:16:14       7   24.21    0.00   20.00   45.26    0.00    0.00    0.00    0.00    0.00   10.53

15:16:14     CPU    %usr   %nice    %sys %iowait    %irq   %soft  %steal  %guest  %gnice   %idle
15:16:15     all   29.91    0.00   24.37   33.20    0.00    0.40    0.00    0.00    0.00   12.12
15:16:15       0   30.61    0.00   24.49   28.57    0.00    1.02    0.00    0.00    0.00   15.31
15:16:15       1   32.98    0.00   24.47   34.04    0.00    0.00    0.00    0.00    0.00    8.51
15:16:15       2   29.17    0.00   25.00   40.62    0.00    0.00    0.00    0.00    0.00    5.21
15:16:15       3   26.60    0.00   26.60   30.85    0.00    0.00    0.00    0.00    0.00   15.96
15:16:15       4   31.18    0.00   22.58   34.41    0.00    1.08    0.00    0.00    0.00   10.75
15:16:15       5   30.93    0.00   23.71   39.18    0.00    0.00    0.00    0.00    0.00    6.19
15:16:15       6   30.11    0.00   22.58   30.11    0.00    0.00    0.00    0.00    0.00   17.20
15:16:15       7   27.66    0.00   25.53   27.66    0.00    1.06    0.00    0.00    0.00   18.09

15:16:15     CPU    %usr   %nice    %sys %iowait    %irq   %soft  %steal  %guest  %gnice   %idle
15:16:16     all   22.46    0.00   18.10   34.35    0.00    0.26    0.00    0.00    0.00   24.83
15:16:16       0   23.16    0.00   17.89   29.47    0.00    0.00    0.00    0.00    0.00   29.47
15:16:16       1   21.88    0.00   18.75   35.42    0.00    0.00    0.00    0.00    0.00   23.96
15:16:16       2   22.34    0.00   17.02   28.72    0.00    1.06    0.00    0.00    0.00   30.85
15:16:16       3   22.34    0.00   18.09   32.98    0.00    0.00    0.00    0.00    0.00   26.60
15:16:16       4   21.28    0.00   21.28   43.62    0.00    0.00    0.00    0.00    0.00   13.83
15:16:16       5   22.34    0.00   17.02   38.30    0.00    0.00    0.00    0.00    0.00   22.34
15:16:16       6   22.92    0.00   17.71   37.50    0.00    1.04    0.00    0.00    0.00   20.83
15:16:16       7   23.40    0.00   17.02   28.72    0.00    0.00    0.00    0.00    0.00   30.85

15:16:16     CPU    %usr   %nice    %sys %iowait    %irq   %soft  %steal  %guest  %gnice   %idle
15:16:17     all   26.93    0.00   22.93   36.40    0.00    0.67    0.00    0.00    0.00   13.07
15:16:17       0   23.40    0.00   26.60   43.62    0.00    1.06    0.00    0.00    0.00    5.32
15:16:17       1   27.96    0.00   23.66   30.11    0.00    1.08    0.00    0.00    0.00   17.20
15:16:17       2   26.88    0.00   23.66   34.41    0.00    0.00    0.00    0.00    0.00   15.05
15:16:17       3   27.84    0.00   23.71   27.84    0.00    1.03    0.00    0.00    0.00   19.59
15:16:17       4   28.12    0.00   21.88   33.33    0.00    1.04    0.00    0.00    0.00   15.62
15:16:17       5   27.78    0.00   21.11   38.89    0.00    0.00    0.00    0.00    0.00   12.22
15:16:17       6   25.53    0.00   22.34   43.62    0.00    1.06    0.00    0.00    0.00    7.45
15:16:17       7   27.96    0.00   20.43   39.78    0.00    0.00    0.00    0.00    0.00   11.83

15:16:17     CPU    %usr   %nice    %sys %iowait    %irq   %soft  %steal  %guest  %gnice   %idle
15:16:18     all    2.53    0.00   19.77   23.19    0.00    0.38    0.00    0.00    0.00   54.12
15:16:18       0    3.06    0.00   18.37    1.02    0.00    0.00    0.00    0.00    0.00   77.55
15:16:18       1    2.97    0.00   19.80   23.76    0.00    0.00    0.00    0.00    0.00   53.47
15:16:18       2    2.04    0.00   22.45   19.39    0.00    0.00    0.00    0.00    0.00   56.12
15:16:18       3    2.04    0.00   21.43    2.04    0.00    0.00    0.00    0.00    0.00   74.49
15:16:18       4    2.04    0.00   21.43   56.12    0.00    1.02    0.00    0.00    0.00   19.39
15:16:18       5    2.02    0.00   19.19   58.59    0.00    1.01    0.00    0.00    0.00   19.19
15:16:18       6    3.06    0.00   18.37   23.47    0.00    0.00    0.00    0.00    0.00   55.10
15:16:18       7    3.03    0.00   17.17    1.01    0.00    1.01    0.00    0.00    0.00   77.78

15:16:18     CPU    %usr   %nice    %sys %iowait    %irq   %soft  %steal  %guest  %gnice   %idle
15:16:19     all    0.25    0.00    7.71   14.92    0.00    0.25    0.00    0.00    0.00   76.86
15:16:19       0    1.00    0.00    7.00    0.00    0.00    0.00    0.00    0.00    0.00   92.00
15:16:19       1    0.00    0.00    8.16   20.41    0.00    0.00    0.00    0.00    0.00   71.43
15:16:19       2    0.99    0.00    5.94    2.97    0.00    0.99    0.00    0.00    0.00   89.11
15:16:19       3    0.00    0.00    7.07    2.02    0.00    0.00    0.00    0.00    0.00   90.91
15:16:19       4    0.00    0.00    8.16    9.18    0.00    0.00    0.00    0.00    0.00   82.65
15:16:19       5    0.00    0.00   10.31   86.60    0.00    0.00    0.00    0.00    0.00    3.09
15:16:19       6    0.00    0.00    7.07    0.00    0.00    1.01    0.00    0.00    0.00   91.92
15:16:19       7    0.00    0.00    8.08    0.00    0.00    0.00    0.00    0.00    0.00   91.92

15:16:19     CPU    %usr   %nice    %sys %iowait    %irq   %soft  %steal  %guest  %gnice   %idle
15:16:20     all    0.13    0.00    0.63   16.69    0.00    0.13    0.00    0.00    0.00   82.43
15:16:20       0    1.00    0.00    1.00    0.00    0.00    0.00    0.00    0.00    0.00   98.00
15:16:20       1    0.00    0.00    1.01   22.22    0.00    0.00    0.00    0.00    0.00   76.77
15:16:20       2    0.00    0.00    0.00    0.00    0.00    0.00    0.00    0.00    0.00  100.00
15:16:20       3    0.00    0.00    1.02   20.41    0.00    0.00    0.00    0.00    0.00   78.57
15:16:20       4    0.00    0.00    0.00    1.01    0.00    0.00    0.00    0.00    0.00   98.99
15:16:20       5    0.00    0.00    1.03   90.72    0.00    1.03    0.00    0.00    0.00    7.22
15:16:20       6    0.00    0.00    0.99    0.99    0.00    0.00    0.00    0.00    0.00   98.02
15:16:20       7    0.00    0.00    0.00    0.00    0.00    0.00    0.00    0.00    0.00  100.00

```

---

## Command 11: pg_wait_events

### Command
```bash
bash -c 'for i in $(seq 1 70); do echo "=== $(date '"'"'+%H:%M:%S'"'"') ==="; sudo -u postgres psql -t -c "SELECT coalesce(wait_event_type,'"'"'CPU'"'"') as type, coalesce(wait_event,'"'"'Running'"'"') as event, count(*) as cnt FROM pg_stat_activity WHERE state='"'"'active'"'"' AND pid<>pg_backend_pid() GROUP BY 1,2 ORDER BY 3 DESC LIMIT 10"; sleep 1; done'
```

### Output
```
=== 15:15:15 ===

=== 15:15:16 ===

=== 15:15:17 ===
 LWLock | WALWrite     |  62
 CPU    | Running      |   4
 IO     | DataFileRead |   3
 Client | ClientRead   |   1
 IO     | WALSync      |   1

=== 15:15:18 ===
 LWLock | WALWrite      |  91
 Lock   | transactionid |   5
 CPU    | Running       |   2
 IO     | WALSync       |   1

=== 15:15:19 ===
 LWLock | WALWrite      |  31
 LWLock | WALInsert     |  16
 LWLock | BufferContent |   7
 CPU    | Running       |   6
 Client | ClientRead    |   4
 Lock   | transactionid |   3

=== 15:15:20 ===
 IO     | DataFileRead |  28
 LWLock | WALWrite     |  16
 CPU    | Running      |   5
 Client | ClientRead   |   1
 IO     | WALSync      |   1

=== 15:15:21 ===
 LWLock | WALWrite      |  62
 IO     | DataFileRead  |  10
 CPU    | Running       |   4
 Lock   | transactionid |   3
 Client | ClientRead    |   2
 IO     | WALSync       |   1

=== 15:15:22 ===
 LWLock  | WALInsert     |  72
 IO      | DataFileRead  |   6
 LWLock  | BufferContent |   6
 Timeout | SpinDelay     |   6
 LWLock  | WALWrite      |   6
 CPU     | Running       |   1
 Lock    | transactionid |   1
 IO      | WALSync       |   1

=== 15:15:23 ===
 LWLock | WALInsert     |  17
 IO     | DataFileRead  |  14
 LWLock | WALWrite      |  10
 CPU    | Running       |   9
 Lock   | transactionid |   2
 Client | ClientRead    |   2
 LWLock | BufferContent |   1

=== 15:15:24 ===
 LWLock | WALWrite      |  80
 CPU    | Running       |   6
 Lock   | transactionid |   4
 Client | ClientRead    |   2
 IO     | WALWrite      |   1

=== 15:15:25 ===
 LWLock | WALWrite      |  25
 LWLock | WALInsert     |  19
 IO     | DataFileWrite |  10
 IO     | DataFileRead  |   7
 Client | ClientRead    |   6
 CPU    | Running       |   5
 LWLock | BufferContent |   2
 LWLock | BufferMapping |   1
 LWLock | LockManager   |   1
 IO     | WALSync       |   1

=== 15:15:26 ===
 LWLock | WALWrite      |  73
 IO     | DataFileRead  |   7
 CPU    | Running       |   2
 Lock   | transactionid |   2
 IO     | DataFileWrite |   1
 IO     | WALSync       |   1

=== 15:15:27 ===
 LWLock | WALWrite      |  33
 IO     | DataFileRead  |  28
 IO     | DataFileWrite |  28
 CPU    | Running       |   2
 IO     | WALSync       |   1
 Client | ClientRead    |   1
 Lock   | transactionid |   1

=== 15:15:28 ===
 IO     | DataFileRead  |  32
 LWLock | WALWrite      |  28
 IO     | DataFileWrite |  22
 CPU    | Running       |   3
 LWLock | WALInsert     |   3
 Lock   | transactionid |   2
 IO     | WALSync       |   1

=== 15:15:29 ===
 IO     | DataFileRead  |  44
 IO     | DataFileWrite |  39
 LWLock | WALWrite      |  11
 CPU    | Running       |   1
 IO     | WALSync       |   1

=== 15:15:31 ===
 LWLock | WALWrite      |  36
 IO     | DataFileRead  |  33
 IO     | DataFileWrite |  21
 CPU    | Running       |   5
 Client | ClientRead    |   1
 IO     | WALSync       |   1

=== 15:15:32 ===
 IO     | DataFileRead  |  49
 IO     | DataFileWrite |  43
 LWLock | WALWrite      |   4
 CPU    | Running       |   1
 Client | ClientRead    |   1
 IO     | WALSync       |   1

=== 15:15:33 ===
 IO     | DataFileRead  |  42
 IO     | DataFileWrite |  30
 LWLock | WALWrite      |  22
 CPU    | Running       |   2
 Client | ClientRead    |   1
 IO     | WALSync       |   1

=== 15:15:34 ===
 IO     | DataFileWrite |  45
 IO     | DataFileRead  |  42
 LWLock | WALWrite      |   9
 IO     | WALSync       |   1

=== 15:15:35 ===
 LWLock | WALWrite      |  65
 IO     | DataFileRead  |  21
 IO     | DataFileWrite |   8
 Client | ClientRead    |   3
 CPU    | Running       |   1
 IO     | WALSync       |   1

=== 15:15:36 ===
 LWLock | WALWrite      |  28
 IO     | DataFileRead  |  26
 IO     | DataFileWrite |  24
 CPU    | Running       |   4
 Client | ClientRead    |   1
 IO     | WALSync       |   1

=== 15:15:37 ===
 IO     | DataFileWrite |  51
 IO     | DataFileRead  |  24
 LWLock | WALWrite      |  23
 Client | ClientRead    |   1
 IO     | WALSync       |   1

=== 15:15:38 ===
 IO      | DataFileRead  |  34
 LWLock  | WALInsert     |  28
 IO      | DataFileWrite |  13
 Timeout | SpinDelay     |  10
 CPU     | Running       |   5
 LWLock  | WALWrite      |   4
 Client  | ClientRead    |   3
 Lock    | transactionid |   2

=== 15:15:39 ===
 IO     | DataFileRead  |  43
 IO     | DataFileWrite |  34
 LWLock | WALWrite      |  12
 Client | ClientRead    |   3
 CPU    | Running       |   1
 IO     | WALSync       |   1

=== 15:15:40 ===
 IO      | DataFileRead  |  40
 IO      | DataFileWrite |  32
 LWLock  | WALWrite      |  12
 Client  | ClientRead    |   3
 CPU     | Running       |   2
 IO      | WALSync       |   1
 Timeout | SpinDelay     |   1

=== 15:15:41 ===
 IO     | DataFileRead  |  63
 IO     | DataFileWrite |  24
 LWLock | WALWrite      |   8
 CPU    | Running       |   2
 IO     | WALSync       |   1

=== 15:15:42 ===
 IO     | DataFileRead  |  41
 IO     | DataFileWrite |  32
 LWLock | WALWrite      |  17
 CPU    | Running       |   1
 Client | ClientRead    |   1
 IO     | WALSync       |   1

=== 15:15:43 ===
 LWLock  | WALWrite      |  32
 IO      | DataFileRead  |  21
 IO      | DataFileWrite |  20
 LWLock  | WALInsert     |  18
 Timeout | SpinDelay     |   7
 LWLock  | BufferContent |   1
 IO      | WALSync       |   1

=== 15:15:44 ===
 IO     | DataFileWrite |  41
 IO     | DataFileRead  |  29
 LWLock | WALWrite      |  23
 CPU    | Running       |   1
 Client | ClientRead    |   1
 IO     | WALSync       |   1

=== 15:15:45 ===
 IO     | DataFileRead  |  53
 IO     | DataFileWrite |  43
 CPU    | Running       |   1
 IO     | WALSync       |   1
 LWLock | WALWrite      |   1
 Lock   | transactionid |   1

=== 15:15:46 ===
 IO     | DataFileRead  |  30
 LWLock | WALWrite      |  22
 IO     | DataFileWrite |  20
 CPU    | Running       |   9
 Client | ClientRead    |   5
 Lock   | transactionid |   2

=== 15:15:47 ===
 IO     | DataFileWrite |  42
 IO     | DataFileRead  |  40
 LWLock | WALWrite      |  14
 CPU    | Running       |   2
 Client | ClientRead    |   1
 IO     | WALSync       |   1

=== 15:15:48 ===
 IO     | DataFileRead  |  49
 IO     | DataFileWrite |  46
 LWLock | WALWrite      |   3
 CPU    | Running       |   1
 IO     | WALSync       |   1

=== 15:15:49 ===
 IO     | DataFileRead  |  48
 IO     | DataFileWrite |  39
 LWLock | WALWrite      |   9
 CPU    | Running       |   1
 Client | ClientRead    |   1
 IO     | WALSync       |   1

=== 15:15:50 ===
 IO   | DataFileRead  |  56
 IO   | DataFileWrite |  44

=== 15:15:51 ===
 IO     | DataFileWrite |  42
 IO     | DataFileRead  |  38
 LWLock | WALWrite      |  18
 IO     | WALSync       |   1

=== 15:15:52 ===
 IO     | DataFileWrite |  52
 IO     | DataFileRead  |  45
 Client | ClientRead    |   1
 IO     | WALSync       |   1
 LWLock | WALWrite      |   1

=== 15:15:53 ===
 IO     | DataFileWrite |  42
 IO     | DataFileRead  |  41
 LWLock | WALWrite      |  13
 Client | ClientRead    |   1
 IO     | WALSync       |   1

=== 15:15:54 ===
 IO     | DataFileWrite |  54
 IO     | DataFileRead  |  15
 LWLock | WALWrite      |   8
 Client | ClientRead    |   3
 CPU    | Running       |   2
 IO     | WALSync       |   1

=== 15:15:55 ===
 IO   | DataFileWrite |  56
 IO   | DataFileRead  |  44

=== 15:15:56 ===
 IO     | DataFileRead  |  28
 IO     | DataFileWrite |  27
 LWLock | WALWrite      |  13
 Client | ClientRead    |   8
 CPU    | Running       |   2

=== 15:15:57 ===
 IO     | DataFileRead  |  54
 IO     | DataFileWrite |  40
 LWLock | WALWrite      |   4
 CPU    | Running       |   1
 IO     | WALSync       |   1

=== 15:15:58 ===
 LWLock | WALWrite      |  41
 IO     | DataFileRead  |  30
 IO     | DataFileWrite |  22
 CPU    | Running       |   5

=== 15:15:59 ===
 IO     | DataFileRead  |  48
 IO     | DataFileWrite |  38
 LWLock | WALWrite      |  10
 IO     | WALSync       |   1

=== 15:16:00 ===
 IO     | DataFileRead  |  35
 IO     | DataFileWrite |  32
 LWLock | WALWrite      |  22
 CPU    | Running       |   3
 Client | ClientRead    |   2
 IO     | WALSync       |   1

=== 15:16:01 ===
 IO   | DataFileRead  |  52
 IO   | DataFileWrite |  48

=== 15:16:03 ===
 IO     | DataFileWrite |  50
 IO     | DataFileRead  |  48
 IO     | WALSync       |   1
 LWLock | WALWrite      |   1

=== 15:16:04 ===
 IO   | DataFileRead  |  54
 IO   | DataFileWrite |  46

=== 15:16:05 ===
 LWLock | WALWrite      |  62
 IO     | DataFileRead  |  22
 IO     | DataFileWrite |   8
 Lock   | transactionid |   2
 CPU    | Running       |   1
 IO     | WALSync       |   1
 Client | ClientRead    |   1

=== 15:16:06 ===
 IO     | DataFileRead    |  35
 LWLock | WALWrite        |  21
 IO     | DataFileWrite   |  20
 IPC    | XactGroupUpdate |   4
 CPU    | Running         |   3
 Client | ClientRead      |   3
 IO     | WALSync         |   1

=== 15:16:07 ===
 IO     | DataFileWrite |  44
 IO     | DataFileRead  |  36
 LWLock | WALWrite      |  13
 CPU    | Running       |   2
 Client | ClientRead    |   1
 IO     | WALSync       |   1

=== 15:16:08 ===
 IO     | DataFileRead  |  32
 LWLock | WALWrite      |  29
 IO     | DataFileWrite |  27
 Client | ClientRead    |   6
 CPU    | Running       |   3
 IO     | WALSync       |   1
 Lock   | transactionid |   1

=== 15:16:09 ===
 IO     | DataFileWrite |  47
 IO     | DataFileRead  |  40
 LWLock | WALWrite      |  10
 CPU    | Running       |   1
