# Benchmark: [POSTGRES DISK] pgbench TPC-B - PostgreSQL OLTP

**Date:** 2026-01-03 15:08:45
**Scenario:** PostgreSQL OLTP - 100 clients, TPC-B like workload with full monitoring

---

## Target Disk

| Property | Value |
|----------|-------|
| **Name** | **POSTGRES** |
| **Mount Point** | `/data,/wal` |
| **Device** | `/dev/md0,/dev/md1` |
| **Volumes** | `nvme1n1, nvme2n1, nvme3n1, nvme4n1, nvme5n1, nvme6n1, nvme7n1, nvme8n1, nvme9n1, nvme10n1, nvme11n1, nvme12n1, nvme13n1, nvme14n1, nvme15n1, nvme16n1, md0, md1` |

---

## System Configuration

```
=== INSTANCE ===

Linux ip-10-0-1-227 6.14.0-1018-aws #18~24.04.1-Ubuntu SMP Mon Nov 24 19:32:52 UTC 2025 aarch64 aarch64 aarch64 GNU/Linux
Architecture:                            aarch64
CPU(s):                                  8
Model name:                              Neoverse-V2
total        used        free      shared  buff/cache   available
Mem:            15Gi       5.0Gi       531Mi       4.2Gi        14Gi        10Gi
Swap:             0B          0B          0B

=== OS TUNING ===
vm.swappiness = 1
vm.dirty_ratio = 4
vm.dirty_background_ratio = 1
vm.dirty_expire_centisecs = 200
vm.dirty_writeback_centisecs = 100
always madvise [never]

=== NETWORK ===
net.core.somaxconn = 4096
net.core.rmem_max = 16777216
net.core.wmem_max = 16777216
net.ipv4.tcp_tw_reuse = 1
net.ipv4.tcp_fin_timeout = 15

=== DISK - RAID ===
Personalities : [raid10] 
md1 : active raid10 nvme16n1[7] nvme14n1[6] nvme13n1[5] nvme10n1[4] nvme7n1[3] nvme6n1[2] nvme4n1[1] nvme1n1[0]
      125759488 blocks super 1.2 256K chunks 2 near-copies [8/8] [UUUUUUUU]
      
md0 : active raid10 nvme15n1[7] nvme12n1[6] nvme11n1[5] nvme9n1[4] nvme8n1[3] nvme5n1[2] nvme3n1[1] nvme2n1[0]
      209580032 blocks super 1.2 64K chunks 2 near-copies [8/8] [UUUUUUUU]
      
unused devices: <none>
/dev/md0:
           Version : 1.2
     Creation Time : Sat Jan  3 08:26:08 2026
        Raid Level : raid10
        Array Size : 209580032 (199.87 GiB 214.61 GB)
     Used Dev Size : 52395008 (49.97 GiB 53.65 GB)
      Raid Devices : 8
     Total Devices : 8
       Persistence : Superblock is persistent

       Update Time : Sat Jan  3 15:07:29 2026
             State : clean 
    Active Devices : 8
   Working Devices : 8
    Failed Devices : 0
     Spare Devices : 0

            Layout : near=2
        Chunk Size : 64K

Consistency Policy : resync

              Name : ip-10-0-1-227:0  (local to host ip-10-0-1-227)
              UUID : ec94b08e:1ec1acd2:a24076ab:c0b61faa
            Events : 19

    Number   Major   Minor   RaidDevice State
       0     259        5        0      active sync set-A   /dev/nvme2n1
       1     259        6        1      active sync set-B   /dev/nvme3n1
       2     259        8        2      active sync set-A   /dev/nvme5n1
       3     259       11        3      active sync set-B   /dev/nvme8n1
       4     259       12        4      active sync set-A   /dev/nvme9n1
       5     259       14        5      active sync set-B   /dev/nvme11n1
       6     259       15        6      active sync set-A   /dev/nvme12n1
       7     259       18        7      active sync set-B   /dev/nvme15n1
/dev/md1:
           Version : 1.2
     Creation Time : Sat Jan  3 08:26:08 2026
        Raid Level : raid10
        Array Size : 125759488 (119.93 GiB 128.78 GB)
     Used Dev Size : 31439872 (29.98 GiB 32.19 GB)
      Raid Devices : 8
     Total Devices : 8
       Persistence : Superblock is persistent

       Update Time : Sat Jan  3 15:06:28 2026
             State : clean 
    Active Devices : 8
   Working Devices : 8
    Failed Devices : 0
     Spare Devices : 0

            Layout : near=2
        Chunk Size : 256K

Consistency Policy : resync

              Name : ip-10-0-1-227:1  (local to host ip-10-0-1-227)
              UUID : 4920b43f:4424608d:2e163255:f781c5ec
            Events : 19

    Number   Major   Minor   RaidDevice State
       0     259        4        0      active sync set-A   /dev/nvme1n1
       1     259        7        1      active sync set-B   /dev/nvme4n1
       2     259        9        2      active sync set-A   /dev/nvme6n1
       3     259       10        3      active sync set-B   /dev/nvme7n1
       4     259       13        4      active sync set-A   /dev/nvme10n1
       5     259       16        5      active sync set-B   /dev/nvme13n1
       6     259       17        6      active sync set-A   /dev/nvme14n1
       7     259       19        7      active sync set-B   /dev/nvme16n1

=== DISK - BLOCK TUNING ===
--- md0 ---
scheduler: 
read_ahead_kb: 64
nr_requests: 
--- md1 ---
scheduler: 
read_ahead_kb: 4096
nr_requests: 

=== DISK - MOUNT ===
/dev/md0 on /data type xfs (rw,noatime,nodiratime,attr2,inode64,allocsize=65536k,logbufs=8,logbsize=256k,sunit=128,swidth=512,noquota)
/dev/md1 on /wal type xfs (rw,noatime,nodiratime,attr2,inode64,logbufs=8,logbsize=256k,sunit=512,swidth=2048,noquota)
Filesystem      Size  Used Avail Use% Mounted on
/dev/md0        200G   40G  161G  20% /data
/dev/md1        120G   29G   92G  24% /wal

=== DISK - XFS ===
meta-data=/dev/md0               isize=512    agcount=16, agsize=3274688 blks
         =                       sectsz=4096  attr=2, projid32bit=1
         =                       crc=1        finobt=1, sparse=1, rmapbt=1
         =                       reflink=1    bigtime=1 inobtcount=1 nrext64=0
data     =                       bsize=4096   blocks=52395008, imaxpct=25
         =                       sunit=16     swidth=64 blks
naming   =version 2              bsize=4096   ascii-ci=0, ftype=1
log      =internal log           bsize=4096   blocks=25583, version=2
         =                       sectsz=4096  sunit=1 blks, lazy-count=1
realtime =none                   extsz=4096   blocks=0, rtextents=0
meta-data=/dev/md1               isize=512    agcount=8, agsize=3929984 blks
         =                       sectsz=4096  attr=2, projid32bit=1
         =                       crc=1        finobt=1, sparse=1, rmapbt=1
         =                       reflink=1    bigtime=1 inobtcount=1 nrext64=0
data     =                       bsize=4096   blocks=31439872, imaxpct=25
         =                       sunit=64     swidth=256 blks
naming   =version 2              bsize=4096   ascii-ci=0, ftype=1
log      =internal log           bsize=4096   blocks=16384, version=2
         =                       sectsz=4096  sunit=1 blks, lazy-count=1
realtime =none                   extsz=4096   blocks=0, rtextents=0
```

---

## Command 1: Begin:sysctl_swappiness

### Command
```bash
sysctl -w vm.swappiness=1
```

### Output
```
vm.swappiness = 1

```

---

## Command 2: Begin:sysctl_dirty_background

### Command
```bash
sysctl -w vm.dirty_background_ratio=1
```

### Output
```
vm.dirty_background_ratio = 1

```

---

## Command 3: Begin:sysctl_dirty_ratio

### Command
```bash
sysctl -w vm.dirty_ratio=4
```

### Output
```
vm.dirty_ratio = 4

```

---

## Command 4: Begin:sysctl_dirty_expire

### Command
```bash
sysctl -w vm.dirty_expire_centisecs=200
```

### Output
```
vm.dirty_expire_centisecs = 200

```

---

## Command 5: Begin:sysctl_dirty_writeback

### Command
```bash
sysctl -w vm.dirty_writeback_centisecs=100
```

### Output
```
vm.dirty_writeback_centisecs = 100

```

---

## Command 6: Begin:pg_stat_reset

### Command
```bash
bash -c sudo -u postgres psql -c 'SELECT pg_stat_reset(); SELECT pg_stat_reset_shared('\''bgwriter'\'')'
```

### Output
```
usage: sudo -h | -K | -k | -V
usage: sudo -v [-ABkNnS] [-g group] [-h host] [-p prompt] [-u user]
usage: sudo -l [-ABkNnS] [-g group] [-h host] [-p prompt] [-U user]
            [-u user] [command [arg ...]]
usage: sudo [-ABbEHkNnPS] [-r role] [-t type] [-C num] [-D directory]
            [-g group] [-h host] [-p prompt] [-R directory] [-T timeout]
            [-u user] [VAR=value] [-i | -s] [command [arg ...]]
usage: sudo -e [-ABkNnS] [-r role] [-t type] [-C num] [-D directory]
            [-g group] [-h host] [-p prompt] [-R directory] [-T timeout]
            [-u user] file ...

```

---

## Command 7: pgbench

### Command
```bash
sudo -u postgres pgbench -c 100 -j 6 -T 60 -P 5 -b tpcb-like pgbench
```

### Output
```
pgbench (16.11 (Ubuntu 16.11-1.pgdg24.04+1))
transaction type: <builtin: TPC-B (sort of)>
scaling factor: 1250
query mode: simple
number of clients: 100
number of threads: 6
maximum number of tries: 1
duration: 60 s
number of transactions actually processed: 678964
number of failed transactions: 0 (0.000%)
latency average = 8.885 ms
latency stddev = 26.412 ms
initial connection time = 43.180 ms
tps = 11148.863079 (without initial connection time)
starting vacuum...end.
progress: 5.0 s, 13801.1 tps, lat 7.177 ms stddev 1.899, 0 failed
progress: 10.0 s, 14757.9 tps, lat 6.773 ms stddev 1.703, 0 failed
progress: 15.0 s, 15083.3 tps, lat 6.628 ms stddev 1.654, 0 failed
progress: 20.0 s, 15288.7 tps, lat 6.535 ms stddev 1.642, 0 failed
progress: 25.0 s, 12461.5 tps, lat 7.995 ms stddev 5.345, 0 failed
progress: 30.0 s, 12028.9 tps, lat 8.313 ms stddev 5.710, 0 failed
progress: 35.0 s, 9853.7 tps, lat 8.365 ms stddev 8.963, 0 failed
progress: 40.0 s, 7886.2 tps, lat 14.897 ms stddev 96.101, 0 failed
progress: 45.0 s, 9955.5 tps, lat 9.960 ms stddev 16.197, 0 failed
progress: 50.0 s, 8327.0 tps, lat 12.089 ms stddev 22.961, 0 failed
progress: 55.0 s, 8151.2 tps, lat 12.260 ms stddev 17.212, 0 failed
progress: 60.0 s, 8177.6 tps, lat 12.056 ms stddev 17.350, 0 failed

```

---

## Command 8: meminfo

### Command
```bash
watch -n 1 -t grep -E 'Dirty|Writeback' /proc/meminfo
```

### Output
```
Error opening terminal: unknown.

```

---

## Command 9: dstat

### Command
```bash
dstat -tcmdr --disk-util 1 70
```

### Output
```
----system---- ----total-usage---- ------memory-usage----- -dsk/total- --io/total- nvme nvme nvme nvme nvme nvme nvme nvme nvme nvme nvme nvme nvme nvme nvme nvme nvme
     time     |usr sys idl wai stl| used  free  buf   cach| read  writ| read  writ|util:util:util:util:util:util:util:util:util:util:util:util:util:util:util:util:util
03-01 15:07:40|                   |4736M  521M   22M   14G|           |           |    :    :    :    :    :    :    :    :    :    :    :    :    :    :    :    :    
03-01 15:07:41|  0   0 100   0   0|4735M  522M   22M   14G|   0     0 |   0     0 |   0:   0:   0:   0:   0:   0:   0:   0:   0:   0:   0:   0:   0:   0:   0:   0:   0
03-01 15:07:42|  0   1  98   0   0|4798M  459M   22M   14G|   0   356k|   0  39.0 |0.40:0.10:   0:   0:0.10:   0:0.30:0.30:   0:   0:0.10:   0:   0:0.10:0.10:   0:0.10
03-01 15:07:43| 46  36  13   3   0|4962M  312M   22M   14G| 107M   88M|11.9k 1232 |0.30:20.8:51.4:40.5:20.8:59.0:21.5:21.2:42.5:54.6:21.0:43.8:54.7:21.5:20.5:43.6:20.6
03-01 15:07:44| 46  34  14   4   0|5111M  461M   19M   14G| 109M   86M|12.1k 1191 |0.10:21.6:50.7:39.0:21.7:53.7:20.9:20.7:41.7:49.8:21.2:42.0:54.7:21.0:20.0:42.3:20.1
03-01 15:07:45| 46  34  14   4   0|5125M  641M   19M   14G| 113M   86M|12.5k 1204 |0.30:21.1:54.9:41.5:21.1:53.8:21.8:21.5:43.9:52.6:21.2:44.1:58.0:21.1:21.6:47.8:21.7
03-01 15:07:46| 48  33  14   4   0|5187M  591M   19M   14G| 114M   86M|12.7k 1193 |   0:20.6:56.6:42.2:20.8:54.8:22.9:23.0:45.6:57.7:20.6:44.9:58.2:20.9:21.1:45.6:21.6
03-01 15:07:47| 47  33  13   5   0|5249M  527M   19M   14G| 119M   87M|13.0k 1220 |   0:20.8:56.2:44.4:20.8:55.6:21.3:21.1:46.3:57.3:21.7:45.1:57.8:21.7:22.2:45.2:22.1
03-01 15:07:48| 49  33  13   4   0|5309M  460M   18M   14G| 120M   87M|13.2k 1201 |0.10:22.4:57.8:45.2:22.5:58.7:21.4:21.2:47.4:58.5:21.5:48.4:58.4:21.9:22.1:47.9:22.0
03-01 15:07:49| 49  33  13   4   0|5356M  402M   17M   14G| 121M   89M|13.4k 1221 |   0:21.8:58.2:46.4:21.7:58.5:21.7:21.6:48.3:60.0:22.1:46.8:62.1:22.1:21.8:48.3:22.1
03-01 15:07:50| 48  35  11   4   0|5392M  504M   17M   14G| 120M   87M|13.3k 1266 |   0:21.6:61.2:46.6:21.5:58.1:22.1:22.2:47.5:58.3:22.0:47.6:61.9:21.8:20.8:50.6:20.7
03-01 15:07:51| 49  33  12   4   0|5427M  458M   17M   14G| 122M   84M|13.5k 1182 |   0:22.9:59.9:48.5:22.7:56.7:21.1:21.0:47.3:59.3:20.9:48.0:61.1:20.9:21.3:47.9:21.1
03-01 15:07:52| 49  35  11   5   0|5455M  412M   17M   14G| 124M   87M|13.7k 1283 |   0:21.5:59.4:47.6:21.3:60.7:21.7:21.7:47.6:61.7:21.9:51.1:63.6:22.0:22.1:51.0:22.5
03-01 15:07:53| 49  35  11   4   0|5481M  369M   17M   14G| 125M   84M|13.8k 1218 |   0:21.6:60.8:48.7:21.4:61.8:22.0:22.0:49.5:61.1:21.5:49.4:61.8:20.9:21.5:49.7:21.9
03-01 15:07:54| 48  34  12   5   0|5505M  329M   17M   14G| 126M   82M|13.9k 1231 |   0:21.9:60.1:47.1:21.5:60.7:20.3:20.5:49.0:60.9:21.9:50.6:60.4:21.7:21.1:48.7:21.0
03-01 15:07:55| 49  34  11   4   0|5526M  290M   17M   14G| 128M   90M|14.0k 2082 |   0:22.4:63.4:53.2:22.6:63.4:21.5:21.5:52.9:63.1:20.5:53.0:63.5:20.8:21.0:52.2:21.0
03-01 15:07:56| 50  35  10   4   0|5542M  253M   17M   14G| 132M   88M|14.3k 1971 |   0:22.2:62.4:50.4:22.0:61.0:20.4:20.4:47.8:62.5:20.5:50.2:63.2:20.1:21.0:51.8:21.0
03-01 15:07:57| 50  34  11   4   0|5556M  220M   17M   14G| 128M   91M|14.0k 2392 |   0:20.8:63.9:51.9:20.8:64.9:20.7:20.2:51.2:61.4:20.9:48.5:66.1:20.6:21.2:51.1:21.1
03-01 15:07:58| 49  35  10   5   0|5566M  336M   17M   14G| 130M   92M|14.3k 2421 |   0:21.2:64.8:53.0:21.4:63.6:21.8:21.5:54.2:64.0:21.6:52.6:63.0:21.5:21.6:51.7:21.3
03-01 15:07:59| 50  35   9   5   0|5578M  305M   17M   14G| 128M   94M|14.0k 2722 |   0:20.8:64.6:54.3:20.5:64.0:21.7:22.1:52.9:63.0:21.9:54.7:63.4:21.5:21.2:51.9:21.4
03-01 15:08:00| 50  33  10   4   0|5587M  278M   17M   14G| 128M   95M|14.1k 3243 |   0:20.1:65.5:52.6:20.5:64.9:21.6:21.7:52.1:64.6:21.2:52.5:65.5:21.0:21.1:54.7:20.8
03-01 15:08:01| 51  34   9   5   0|5596M  249M   17M   14G| 128M  105M|14.1k 4430 |   0:20.2:66.1:54.4:20.2:64.1:21.3:21.1:54.4:65.9:20.7:56.6:66.5:20.7:20.9:56.4:20.5
03-01 15:08:02| 50  35   9   4   0|5603M  365M   17M   13G| 129M  122M|14.1k 7089 |2.20:21.5:67.6:58.0:21.5:65.9:21.0:21.3:56.3:66.2:20.0:54.8:65.9:19.8:20.4:56.0:20.3
03-01 15:08:03| 51  38   5   5   0|5613M  315M   17M   14G| 132M  224M|14.5k 19.8k|1.80:22.7:81.4:72.6:22.9:80.3:21.0:20.8:71.1:83.0:23.6:71.9:82.4:22.8:21.9:73.2:21.8
03-01 15:08:04| 53  35   3   7   0|5672M  237M   17M   14G| 190M  316M|13.4k 24.5k|24.0:21.3:88.8:79.9:21.0:87.4:20.9:20.9:80.0:88.2:22.6:80.7:90.4:21.8:21.7:82.9:21.7
03-01 15:08:05| 43  34   2  17   0|5662M  243M   19M   14G| 105M  170M|11.6k 14.0k|9.70:22.7:87.1:79.3:22.8:88.6:22.0:22.0:81.5:89.3:22.3:82.1: 100:22.2:22.4: 100:22.5
03-01 15:08:06| 34  26   3  33   0|5651M  269M   19M   14G|  91M  172M|10.1k 16.1k|4.30:23.0:80.0:62.7:23.3:80.5:20.7:20.4:63.5:77.8:22.8:60.2: 100:23.3:22.2: 100:22.6
03-01 15:08:07| 31  25   3  38   0|5633M  314M   19M   14G|  84M  171M|9276  16.4k|1.20:23.7:78.2:67.2:24.0:71.2:22.0:21.8:56.1:73.0:22.7:57.8: 100:22.6:21.5: 100:21.8
03-01 15:08:08| 29  24   3  40   0|5635M  341M   19M   13G|  82M  174M|9011  17.1k|1.20:20.8:79.0:61.1:20.6:74.0:23.6:23.4:55.5:86.7:22.1:72.6:94.5:21.9:24.7:93.3:25.1
03-01 15:08:09| 42  33   3  20   0|5645M  295M   20M   14G| 109M  189M|12.0k 13.9k|26.5:22.8:88.6:80.8:22.8:89.0:22.8:22.9:82.6: 100:21.7: 100:82.8:21.5:22.7:73.8:22.7
03-01 15:08:10| 42  33   2  20   0|5647M  288M   21M   14G| 105M  169M|11.6k 14.6k|6.10:21.6:91.8:84.6:21.7:92.1:23.1:22.8:85.6: 100:22.0:99.8:90.2:21.7:21.3:83.1:21.3
03-01 15:08:11| 42  30   3  22   0|5644M  283M   21M   14G| 109M  161M|12.0k 13.4k|3.50:22.0:99.9: 100:22.0:87.8:22.6:22.2:80.8:87.9:21.8:78.3:87.7:21.8:22.6:79.5:22.3
03-01 15:08:12| 41  32   2  21   0|5644M  270M   21M   14G| 111M  160M|12.2k 13.8k|2.30:22.7: 100:99.9:22.4:89.4:23.1:23.1:81.7:89.9:21.9:82.1:89.2:22.1:22.1:82.3:21.9
03-01 15:08:13| 40  31   3  23   0|5643M  262M   21M   14G| 107M  162M|11.9k 13.9k|2.00:23.1:96.6:93.4:23.1:94.7:20.5:20.7:90.7:89.8:24.0:81.3:90.2:24.2:24.1:83.9:23.8
03-01 15:08:14| 38  30   3  25   0|5644M  257M   21M   14G| 104M  164M|11.4k 14.7k|1.70:22.0:90.4:86.8:21.9:99.7:23.0:22.7:99.5:88.3:21.2:81.7:91.2:21.1:22.9:84.2:22.8
03-01 15:08:15| 41  31   3  21   0|5644M  243M   21M   14G| 110M  154M|12.1k 13.1k|2.20:22.0: 100: 100:22.0:88.5:23.6:23.9:80.0:89.0:22.3:81.6:88.0:22.2:21.7:81.2:21.9
03-01 15:08:16| 33  27  10  26   0|5645M  250M   21M   14G|  95M  163M|10.4k 15.1k|2.10:21.2: 100: 100:21.1:87.9:24.0:23.7:82.6:90.3:20.2:83.8:92.9:19.9:21.6:84.3:21.6
03-01 15:08:17|  3   2  14  80   0|5647M  238M   21M   14G|6552k  190M| 699  23.1k|2.10:2.70:93.6:93.2:2.70:86.5:1.90:2.00:86.0:95.9:4.30:92.6:86.7:4.30:1.40:86.2:1.30
03-01 15:08:18|  3   2  19  75   0|5639M  396M   22M   13G| 840k  195M|87.0  24.1k|9.30:0.10:53.6:53.4:0.10:52.9:0.10:0.10:52.5: 100:1.30:61.2:54.4:1.30:1.10:54.0:1.10
03-01 15:08:19| 26  20  13  37   0|5639M  292M   22M   14G|  73M  187M|8093  18.8k|2.30:19.1:76.5:67.8:19.0:65.1:20.6:20.6:49.1:81.4:18.2:55.8:92.7:17.8:19.5:74.0:19.5
03-01 15:08:20| 29  23   4  41   0|5636M  327M   22M   13G|  81M  170M|8855  16.9k|2.30:23.9:69.6:49.1:24.2:73.0:21.8:21.5:53.1:78.9:21.5:58.8:99.9:21.7:22.0:99.9:22.1
03-01 15:08:21| 34  28   3  31   0|5638M  337M   22M   13G|  94M  160M|10.5k 14.9k|2.10:21.7:71.9:59.1:21.6:75.0:23.7:23.5:59.8:73.1:22.3:62.3: 100:22.5:21.0: 100:21.0
03-01 15:08:22| 34  25   3  33   0|5639M  205M   22M   14G|  94M  169M|10.4k 15.9k|2.00:21.9:78.4:56.9:21.8:77.4:21.6:21.4:60.6:80.6:22.2:65.0: 100:22.4:23.2: 100:23.4
03-01 15:08:23| 26  20   4  45   0|5641M  243M   22M   14G|  73M  172M|8040  17.6k|2.00:21.4:75.2:52.4:21.2:68.4:25.2:25.3:51.5:92.3:21.0:86.4:85.5:21.0:19.9:79.8:19.5
03-01 15:08:24| 37  28   3  26   0|5640M  243M   22M   14G| 103M  157M|11.3k 14.4k|2.40:21.3:87.7:77.7:21.0:86.4:21.7:21.5:80.6:96.4:21.8:94.2:95.4:21.8:22.6:90.2:22.6
03-01 15:08:25| 39  30   3  23   0|5639M  233M   22M   14G| 108M  160M|11.9k 14.2k|2.40:24.0:89.3:85.9:24.2:92.6:22.0:22.1:84.1: 100:23.3:99.8:89.8:23.1:20.8:81.6:20.7
03-01 15:08:26| 31  26   9  27   0|5639M  243M   22M   14G|  93M  164M|10.2k 14.9k|2.20:22.5:86.6:79.8:22.8:88.9:19.1:19.7:80.5:98.4:19.8:97.9:94.5:20.1:21.4:90.2:21.7
03-01 15:08:27| 17  14  30  34   0|5637M  315M   22M   14G|  52M  178M|5627  19.4k|2.00:12.9:90.0:83.7:12.8:86.7:12.3:12.3:81.6:99.2:17.8:99.2:87.6:18.0:19.7:81.7:19.9
03-01 15:08:28| 20  16  25  34   0|5640M  228M   22M   14G|  59M  175M|6560  18.8k|1.20:15.7:89.7:84.5:15.6:88.8:15.7:15.8:83.7:98.6:15.4:98.5:89.7:15.7:20.0:84.9:19.6
03-01 15:08:29| 26  20  17  31   0|5638M  265M   22M   14G|  75M  165M|8263  16.9k|2.10:17.4:88.3:82.4:17.3:89.6:21.1:21.0:81.4: 100:22.1: 100:86.0:21.9:17.4:77.9:17.7
03-01 15:08:30| 34  25   6  29   0|5646M  268M   22M   14G|  94M  157M|10.4k 14.7k|2.30:24.4:86.8:78.7:24.3:83.7:20.6:20.8:76.7: 100:20.7: 100:87.8:20.4:20.9:79.7:21.0
03-01 15:08:31| 20  16  22  38   0|5647M  324M   22M   13G|  59M  183M|6463  19.2k|2.30:17.2:79.5:71.2:17.2:83.2:18.8:18.7:71.4:99.5:23.2:99.4:84.8:23.0:19.1:72.5:19.2
03-01 15:08:32| 28  22   5  41   0|5644M  218M   22M   14G|  75M  179M|8285  17.9k|2.30:22.0:76.8:55.7:22.3:76.2:23.2:22.8:55.2: 100:21.1: 100:72.6:20.5:20.0:50.8:20.2
03-01 15:08:33| 26  22   8  40   0|5646M  251M   22M   14G|  76M  174M|8454  17.7k|2.20:22.0:74.3:54.1:22.1:78.2:22.5:22.5:55.7: 100:22.3: 100:80.2:22.4:20.3:56.6:20.7
03-01 15:08:34| 23  18  12  44   0|5645M  305M   23M   14G|  63M  175M|7048  18.4k|2.20:19.5:57.5:42.5:19.3:71.8:21.8:22.1:46.2: 100:25.8: 100:65.6:25.7:19.1:45.6:19.3
03-01 15:08:35| 24  18  10  46   0|5648M  211M   23M   14G|  66M  174M|7320  18.2k|2.30:18.2:61.7:46.1:18.4:61.4:22.1:22.1:44.8: 100:19.2: 100:73.8:19.1:26.1:49.3:25.9
03-01 15:08:36| 27  23   5  41   0|5647M  241M   23M   14G|  79M  165M|8695  16.8k|2.30:22.1:73.5:52.9:21.8:69.9:22.4:22.5:54.1: 100:21.5: 100:71.9:21.7:22.0:53.0:21.9
03-01 15:08:37| 25  20   7  46   0|5647M  289M   23M   14G|  67M  180M|7407  19.2k|2.30:21.4:75.2:50.1:21.6:74.3:22.4:22.7:49.3: 100:19.9: 100:79.8:19.8:20.6:51.5:20.9
03-01 15:08:38| 26  20   9  42   0|5646M  329M   23M   13G|  72M  176M|7871  18.3k|2.20:20.5:75.9:52.6:20.6:73.9:20.5:20.3:54.0: 100:23.7: 100:76.6:23.7:21.7:53.1:21.8
03-01 15:08:39| 22  18   6  49   0|5648M  236M   23M   14G|  65M  179M|7208  19.1k|2.30:21.0:79.5:55.2:20.9:74.5:20.6:21.0:54.1:99.4:20.9:99.3:94.7:20.7:25.4:90.3:25.1
03-01 15:08:40| 28  23   4  41   0|5647M  265M   23M   14G|  80M  171M|8764  17.0k|2.20:20.8:75.4:56.7:20.6:73.6:21.2:21.2:57.3: 100:22.1: 100:74.8:22.7:22.8:61.0:22.4
03-01 15:08:41| 28  22  11  36   0|5654M  306M   24M   13G|  69M  182M|7602  18.4k|18.5:24.7:83.4:68.6:24.7:79.9:24.0:24.3:67.9:99.2:17.5:98.6:77.9:17.8:17.9:67.4:17.8
03-01 15:08:42| 25  25  11  34   0|5658M  309M   24M   13G|  92M  170M|8018  17.8k|19.4:23.0:87.8:81.4:22.9:85.4:21.2:21.4:80.6:99.8:19.5:99.8:90.7:20.2:21.4:83.9:21.6
03-01 15:08:43|  1  24  48  26   0|4713M 1252M   24M   13G| 892k  192M|88.0  23.8k|0.80:   0:87.0:79.0:   0:77.7:   0:   0:76.3:90.8:1.40:91.0:84.4:1.00:0.60:80.9:0.60
03-01 15:08:44|  0   1  82  16   0|4705M 1255M   24M   13G|4096B  191M|1.00  24.0k|0.70:   0: 100:95.0:   0:81.2:   0:   0:81.4:82.9:   0:82.7:83.5:   0:   0:80.7:   0

```

---

## Command 10: mpstat

### Command
```bash
mpstat -P ALL 1 70
```

### Output
```
Linux 6.14.0-1018-aws (ip-10-0-1-227) 	01/03/26 	_aarch64_	(8 CPU)

15:07:40     CPU    %usr   %nice    %sys %iowait    %irq   %soft  %steal  %guest  %gnice   %idle
15:07:41     all    0.50    0.00    0.13    0.00    0.00    0.00    0.00    0.00    0.00   99.37
15:07:41       0    0.00    0.00    0.00    0.00    0.00    0.00    0.00    0.00    0.00  100.00
15:07:41       1    0.00    0.00    0.99    0.00    0.00    0.00    0.00    0.00    0.00   99.01
15:07:41       2    0.00    0.00    0.00    0.00    0.00    0.00    0.00    0.00    0.00  100.00
15:07:41       3    0.00    0.00    0.00    0.00    0.00    0.00    0.00    0.00    0.00  100.00
15:07:41       4    4.04    0.00    0.00    0.00    0.00    0.00    0.00    0.00    0.00   95.96
15:07:41       5    0.00    0.00    0.00    0.00    0.00    0.00    0.00    0.00    0.00  100.00
15:07:41       6    0.00    0.00    0.00    0.00    0.00    0.00    0.00    0.00    0.00  100.00
15:07:41       7    0.00    0.00    0.00    0.00    0.00    0.00    0.00    0.00    0.00  100.00

15:07:41     CPU    %usr   %nice    %sys %iowait    %irq   %soft  %steal  %guest  %gnice   %idle
15:07:42     all    0.00    0.00    0.00    0.00    0.00    0.00    0.00    0.00    0.00  100.00
15:07:42       0    0.00    0.00    0.00    0.00    0.00    0.00    0.00    0.00    0.00  100.00
15:07:42       1    0.00    0.00    0.00    0.00    0.00    0.00    0.00    0.00    0.00  100.00
15:07:42       2    0.00    0.00    0.00    0.00    0.00    0.00    0.00    0.00    0.00  100.00
15:07:42       3    0.00    0.00    0.00    0.00    0.00    0.00    0.00    0.00    0.00  100.00
15:07:42       4    0.00    0.00    0.00    0.00    0.00    0.00    0.00    0.00    0.00  100.00
15:07:42       5    0.00    0.00    0.00    0.00    0.00    0.00    0.00    0.00    0.00  100.00
15:07:42       6    0.00    0.00    0.00    0.00    0.00    0.00    0.00    0.00    0.00  100.00
15:07:42       7    0.00    0.00    0.00    0.00    0.00    0.00    0.00    0.00    0.00  100.00

15:07:42     CPU    %usr   %nice    %sys %iowait    %irq   %soft  %steal  %guest  %gnice   %idle
15:07:43     all   43.58    0.00   36.02    3.53    0.00    0.63    0.00    0.00    0.00   16.25
15:07:43       0   42.42    0.00   36.36    4.04    0.00    1.01    0.00    0.00    0.00   16.16
15:07:43       1   43.43    0.00   37.37    3.03    0.00    0.00    0.00    0.00    0.00   16.16
15:07:43       2   43.43    0.00   36.36    3.03    0.00    1.01    0.00    0.00    0.00   16.16
15:07:43       3   44.00    0.00   35.00    4.00    0.00    0.00    0.00    0.00    0.00   17.00
15:07:43       4   43.43    0.00   36.36    3.03    0.00    1.01    0.00    0.00    0.00   16.16
15:07:43       5   42.42    0.00   36.36    4.04    0.00    1.01    0.00    0.00    0.00   16.16
15:07:43       6   46.00    0.00   34.00    3.00    0.00    1.00    0.00    0.00    0.00   16.00
15:07:43       7   43.43    0.00   36.36    4.04    0.00    0.00    0.00    0.00    0.00   16.16

15:07:43     CPU    %usr   %nice    %sys %iowait    %irq   %soft  %steal  %guest  %gnice   %idle
15:07:44     all   45.97    0.00   34.70    4.10    0.00    0.64    0.00    0.00    0.00   14.60
15:07:44       0   47.42    0.00   32.99    3.09    0.00    1.03    0.00    0.00    0.00   15.46
15:07:44       1   48.45    0.00   31.96    4.12    0.00    1.03    0.00    0.00    0.00   14.43
15:07:44       2   45.92    0.00   35.71    5.10    0.00    0.00    0.00    0.00    0.00   13.27
15:07:44       3   44.90    0.00   35.71    4.08    0.00    1.02    0.00    0.00    0.00   14.29
15:07:44       4   48.48    0.00   32.32    4.04    0.00    0.00    0.00    0.00    0.00   15.15
15:07:44       5   45.36    0.00   36.08    4.12    0.00    0.00    0.00    0.00    0.00   14.43
15:07:44       6   43.30    0.00   37.11    4.12    0.00    1.03    0.00    0.00    0.00   14.43
15:07:44       7   43.88    0.00   35.71    4.08    0.00    1.02    0.00    0.00    0.00   15.31

15:07:44     CPU    %usr   %nice    %sys %iowait    %irq   %soft  %steal  %guest  %gnice   %idle
15:07:45     all   46.35    0.00   34.96    4.48    0.00    0.26    0.00    0.00    0.00   13.96
15:07:45       0   45.92    0.00   34.69    4.08    0.00    0.00    0.00    0.00    0.00   15.31
15:07:45       1   48.45    0.00   34.02    4.12    0.00    0.00    0.00    0.00    0.00   13.40
15:07:45       2   47.47    0.00   33.33    4.04    0.00    1.01    0.00    0.00    0.00   14.14
15:07:45       3   45.45    0.00   36.36    3.03    0.00    0.00    0.00    0.00    0.00   15.15
15:07:45       4   45.36    0.00   36.08    6.19    0.00    0.00    0.00    0.00    0.00   12.37
15:07:45       5   48.45    0.00   32.99    4.12    0.00    1.03    0.00    0.00    0.00   13.40
15:07:45       6   42.86    0.00   37.76    5.10    0.00    0.00    0.00    0.00    0.00   14.29
15:07:45       7   46.88    0.00   34.38    5.21    0.00    0.00    0.00    0.00    0.00   13.54

15:07:45     CPU    %usr   %nice    %sys %iowait    %irq   %soft  %steal  %guest  %gnice   %idle
15:07:46     all   47.73    0.00   32.87    4.66    0.00    1.01    0.00    0.00    0.00   13.73
15:07:46       0   45.54    0.00   34.65    3.96    0.00    0.99    0.00    0.00    0.00   14.85
15:07:46       1   49.00    0.00   31.00    6.00    0.00    1.00    0.00    0.00    0.00   13.00
15:07:46       2   48.98    0.00   31.63    4.08    0.00    1.02    0.00    0.00    0.00   14.29
15:07:46       3   48.98    0.00   31.63    4.08    0.00    1.02    0.00    0.00    0.00   14.29
15:07:46       4   46.46    0.00   35.35    4.04    0.00    1.01    0.00    0.00    0.00   13.13
15:07:46       5   47.00    0.00   33.00    5.00    0.00    1.00    0.00    0.00    0.00   14.00
15:07:46       6   47.47    0.00   33.33    5.05    0.00    1.01    0.00    0.00    0.00   13.13
15:07:46       7   48.48    0.00   32.32    5.05    0.00    1.01    0.00    0.00    0.00   13.13

15:07:46     CPU    %usr   %nice    %sys %iowait    %irq   %soft  %steal  %guest  %gnice   %idle
15:07:47     all   46.60    0.00   34.13    4.91    0.00    0.63    0.00    0.00    0.00   13.73
15:07:47       0   46.94    0.00   34.69    5.10    0.00    0.00    0.00    0.00    0.00   13.27
15:07:47       1   46.00    0.00   35.00    4.00    0.00    1.00    0.00    0.00    0.00   14.00
15:07:47       2   48.00    0.00   32.00    5.00    0.00    1.00    0.00    0.00    0.00   14.00
15:07:47       3   46.00    0.00   35.00    5.00    0.00    0.00    0.00    0.00    0.00   14.00
15:07:47       4   47.96    0.00   33.67    4.08    0.00    0.00    0.00    0.00    0.00   14.29
15:07:47       5   46.46    0.00   33.33    5.05    0.00    1.01    0.00    0.00    0.00   14.14
15:07:47       6   45.92    0.00   34.69    5.10    0.00    1.02    0.00    0.00    0.00   13.27
15:07:47       7   45.54    0.00   34.65    5.94    0.00    0.99    0.00    0.00    0.00   12.87

15:07:47     CPU    %usr   %nice    %sys %iowait    %irq   %soft  %steal  %guest  %gnice   %idle
15:07:48     all   49.17    0.00   33.38    3.95    0.00    0.38    0.00    0.00    0.00   13.12
15:07:48       0   50.00    0.00   31.63    3.06    0.00    1.02    0.00    0.00    0.00   14.29
15:07:48       1   49.49    0.00   33.33    4.04    0.00    0.00    0.00    0.00    0.00   13.13
15:07:48       2   47.42    0.00   35.05    5.15    0.00    0.00    0.00    0.00    0.00   12.37
15:07:48       3   51.02    0.00   31.63    3.06    0.00    1.02    0.00    0.00    0.00   13.27
15:07:48       4   49.49    0.00   31.31    4.04    0.00    1.01    0.00    0.00    0.00   14.14
15:07:48       5   47.96    0.00   35.71    4.08    0.00    0.00    0.00    0.00    0.00   12.24
15:07:48       6   47.47    0.00   35.35    4.04    0.00    0.00    0.00    0.00    0.00   13.13
15:07:48       7   50.52    0.00   32.99    4.12    0.00    0.00    0.00    0.00    0.00   12.37

15:07:48     CPU    %usr   %nice    %sys %iowait    %irq   %soft  %steal  %guest  %gnice   %idle
15:07:49     all   48.86    0.00   33.67    4.43    0.00    0.51    0.00    0.00    0.00   12.53
15:07:49       0   48.48    0.00   34.34    5.05    0.00    0.00    0.00    0.00    0.00   12.12
15:07:49       1   50.51    0.00   32.32    4.04    0.00    1.01    0.00    0.00    0.00   12.12
15:07:49       2   48.48    0.00   34.34    4.04    0.00    1.01    0.00    0.00    0.00   12.12
15:07:49       3   48.48    0.00   33.33    6.06    0.00    0.00    0.00    0.00    0.00   12.12
15:07:49       4   50.00    0.00   33.67    4.08    0.00    0.00    0.00    0.00    0.00   12.24
15:07:49       5   48.98    0.00   33.67    5.10    0.00    0.00    0.00    0.00    0.00   12.24
15:07:49       6   49.49    0.00   32.32    3.03    0.00    1.01    0.00    0.00    0.00   14.14
15:07:49       7   46.46    0.00   35.35    4.04    0.00    1.01    0.00    0.00    0.00   13.13

15:07:49     CPU    %usr   %nice    %sys %iowait    %irq   %soft  %steal  %guest  %gnice   %idle
15:07:50     all   47.67    0.00   35.31    4.54    0.00    0.76    0.00    0.00    0.00   11.73
15:07:50       0   48.48    0.00   34.34    5.05    0.00    1.01    0.00    0.00    0.00   11.11
15:07:50       1   47.47    0.00   36.36    4.04    0.00    0.00    0.00    0.00    0.00   12.12
15:07:50       2   46.46    0.00   36.36    4.04    0.00    1.01    0.00    0.00    0.00   12.12
15:07:50       3   48.98    0.00   35.71    4.08    0.00    0.00    0.00    0.00    0.00   11.22
15:07:50       4   47.52    0.00   34.65    4.95    0.00    0.99    0.00    0.00    0.00   11.88
15:07:50       5   49.00    0.00   34.00    4.00    0.00    1.00    0.00    0.00    0.00   12.00
15:07:50       6   47.42    0.00   35.05    5.15    0.00    1.03    0.00    0.00    0.00   11.34
15:07:50       7   46.00    0.00   36.00    5.00    0.00    1.00    0.00    0.00    0.00   12.00

15:07:50     CPU    %usr   %nice    %sys %iowait    %irq   %soft  %steal  %guest  %gnice   %idle
15:07:51     all   49.49    0.00   33.84    4.55    0.00    0.38    0.00    0.00    0.00   11.74
15:07:51       0   49.49    0.00   34.34    4.04    0.00    0.00    0.00    0.00    0.00   12.12
15:07:51       1   50.00    0.00   33.00    4.00    0.00    1.00    0.00    0.00    0.00   12.00
15:07:51       2   48.98    0.00   34.69    5.10    0.00    0.00    0.00    0.00    0.00   11.22
15:07:51       3   46.46    0.00   35.35    4.04    0.00    1.01    0.00    0.00    0.00   13.13
15:07:51       4   50.51    0.00   33.33    4.04    0.00    0.00    0.00    0.00    0.00   12.12
15:07:51       5   51.00    0.00   31.00    6.00    0.00    1.00    0.00    0.00    0.00   11.00
15:07:51       6   50.51    0.00   33.33    5.05    0.00    0.00    0.00    0.00    0.00   11.11
15:07:51       7   48.98    0.00   35.71    4.08    0.00    0.00    0.00    0.00    0.00   11.22

15:07:51     CPU    %usr   %nice    %sys %iowait    %irq   %soft  %steal  %guest  %gnice   %idle
15:07:52     all   48.92    0.00   35.16    4.33    0.00    0.89    0.00    0.00    0.00   10.70
15:07:52       0   48.00    0.00   35.00    5.00    0.00    2.00    0.00    0.00    0.00   10.00
15:07:52       1   48.45    0.00   36.08    4.12    0.00    0.00    0.00    0.00    0.00   11.34
15:07:52       2   49.49    0.00   33.33    4.04    0.00    2.02    0.00    0.00    0.00   11.11
15:07:52       3   50.51    0.00   35.35    3.03    0.00    0.00    0.00    0.00    0.00   11.11
15:07:52       4   48.45    0.00   36.08    5.15    0.00    1.03    0.00    0.00    0.00    9.28
15:07:52       5   48.45    0.00   36.08    4.12    0.00    1.03    0.00    0.00    0.00   10.31
15:07:52       6   49.49    0.00   33.33    4.04    0.00    1.01    0.00    0.00    0.00   12.12
15:07:52       7   48.45    0.00   36.08    5.15    0.00    0.00    0.00    0.00    0.00   10.31

15:07:52     CPU    %usr   %nice    %sys %iowait    %irq   %soft  %steal  %guest  %gnice   %idle
15:07:53     all   48.55    0.00   35.09    4.53    0.00    0.50    0.00    0.00    0.00   11.32
15:07:53       0   48.48    0.00   35.35    5.05    0.00    0.00    0.00    0.00    0.00   11.11
15:07:53       1   50.00    0.00   32.65    4.08    0.00    2.04    0.00    0.00    0.00   11.22
15:07:53       2   50.00    0.00   33.00    4.00    0.00    1.00    0.00    0.00    0.00   12.00
15:07:53       3   47.47    0.00   36.36    4.04    0.00    0.00    0.00    0.00    0.00   12.12
15:07:53       4   47.00    0.00   37.00    5.00    0.00    0.00    0.00    0.00    0.00   11.00
15:07:53       5   49.00    0.00   34.00    4.00    0.00    0.00    0.00    0.00    0.00   13.00
15:07:53       6   48.48    0.00   37.37    5.05    0.00    0.00    0.00    0.00    0.00    9.09
15:07:53       7   48.00    0.00   35.00    5.00    0.00    1.00    0.00    0.00    0.00   11.00

15:07:53     CPU    %usr   %nice    %sys %iowait    %irq   %soft  %steal  %guest  %gnice   %idle
15:07:54     all   48.55    0.00   34.13    4.80    0.00    0.76    0.00    0.00    0.00   11.76
15:07:54       0   51.52    0.00   31.31    5.05    0.00    1.01    0.00    0.00    0.00   11.11
15:07:54       1   48.48    0.00   35.35    6.06    0.00    0.00    0.00    0.00    0.00   10.10
15:07:54       2   47.47    0.00   34.34    5.05    0.00    1.01    0.00    0.00    0.00   12.12
15:07:54       3   50.00    0.00   33.00    4.00    0.00    1.00    0.00    0.00    0.00   12.00
15:07:54       4   49.49    0.00   32.32    5.05    0.00    1.01    0.00    0.00    0.00   12.12
15:07:54       5   45.45    0.00   36.36    5.05    0.00    0.00    0.00    0.00    0.00   13.13
15:07:54       6   46.94    0.00   35.71    4.08    0.00    1.02    0.00    0.00    0.00   12.24
15:07:54       7   48.98    0.00   34.69    4.08    0.00    1.02    0.00    0.00    0.00   11.22

15:07:54     CPU    %usr   %nice    %sys %iowait    %irq   %soft  %steal  %guest  %gnice   %idle
15:07:55     all   49.11    0.00   35.20    4.08    0.00    0.77    0.00    0.00    0.00   10.84
15:07:55       0   49.48    0.00   35.05    4.12    0.00    0.00    0.00    0.00    0.00   11.34
15:07:55       1   51.55    0.00   32.99    4.12    0.00    1.03    0.00    0.00    0.00   10.31
15:07:55       2   48.98    0.00   36.73    3.06    0.00    0.00    0.00    0.00    0.00   11.22
15:07:55       3   48.98    0.00   34.69    4.08    0.00    1.02    0.00    0.00    0.00   11.22
15:07:55       4   50.00    0.00   34.69    4.08    0.00    1.02    0.00    0.00    0.00   10.20
15:07:55       5   48.98    0.00   35.71    4.08    0.00    1.02    0.00    0.00    0.00   10.20
15:07:55       6   48.00    0.00   36.00    5.00    0.00    1.00    0.00    0.00    0.00   10.00
15:07:55       7   46.94    0.00   35.71    4.08    0.00    1.02    0.00    0.00    0.00   12.24

15:07:55     CPU    %usr   %nice    %sys %iowait    %irq   %soft  %steal  %guest  %gnice   %idle
15:07:56     all   49.00    0.00   35.21    4.64    0.00    0.75    0.00    0.00    0.00   10.40
15:07:56       0   47.96    0.00   35.71    5.10    0.00    1.02    0.00    0.00    0.00   10.20
15:07:56       1   49.00    0.00   35.00    5.00    0.00    1.00    0.00    0.00    0.00   10.00
15:07:56       2   51.02    0.00   33.67    4.08    0.00    1.02    0.00    0.00    0.00   10.20
15:07:56       3   48.51    0.00   36.63    4.95    0.00    0.00    0.00    0.00    0.00    9.90
15:07:56       4   48.48    0.00   34.34    4.04    0.00    1.01    0.00    0.00    0.00   12.12
15:07:56       5   47.52    0.00   37.62    4.95    0.00    0.99    0.00    0.00    0.00    8.91
15:07:56       6   50.00    0.00   34.31    3.92    0.00    0.98    0.00    0.00    0.00   10.78
15:07:56       7   49.49    0.00   34.34    5.05    0.00    0.00    0.00    0.00    0.00   11.11

15:07:56     CPU    %usr   %nice    %sys %iowait    %irq   %soft  %steal  %guest  %gnice   %idle
15:07:57     all   49.81    0.00   34.25    4.39    0.00    0.63    0.00    0.00    0.00   10.92
15:07:57       0   48.00    0.00   35.00    5.00    0.00    1.00    0.00    0.00    0.00   11.00
15:07:57       1   51.00    0.00   34.00    4.00    0.00    0.00    0.00    0.00    0.00   11.00
15:07:57       2   49.00    0.00   35.00    5.00    0.00    0.00    0.00    0.00    0.00   11.00
15:07:57       3   50.00    0.00   34.00    4.00    0.00    1.00    0.00    0.00    0.00   11.00
15:07:57       4   51.52    0.00   33.33    4.04    0.00    0.00    0.00    0.00    0.00   11.11
15:07:57       5   52.53    0.00   32.32    5.05    0.00    0.00    0.00    0.00    0.00   10.10
15:07:57       6   49.00    0.00   34.00    4.00    0.00    2.00    0.00    0.00    0.00   11.00
15:07:57       7   47.47    0.00   36.36    4.04    0.00    1.01    0.00    0.00    0.00   11.11

15:07:57     CPU    %usr   %nice    %sys %iowait    %irq   %soft  %steal  %guest  %gnice   %idle
15:07:58     all   49.05    0.00   35.02    5.06    0.00    0.63    0.00    0.00    0.00   10.24
15:07:58       0   48.98    0.00   35.71    4.08    0.00    1.02    0.00    0.00    0.00   10.20
15:07:58       1   49.50    0.00   34.65    4.95    0.00    0.99    0.00    0.00    0.00    9.90
15:07:58       2   53.00    0.00   31.00    5.00    0.00    1.00    0.00    0.00    0.00   10.00
15:07:58       3   49.49    0.00   34.34    5.05    0.00    0.00    0.00    0.00    0.00   11.11
15:07:58       4   48.98    0.00   35.71    6.12    0.00    0.00    0.00    0.00    0.00    9.18
15:07:58       5   49.49    0.00   33.33    5.05    0.00    1.01    0.00    0.00    0.00   11.11
15:07:58       6   46.39    0.00   37.11    5.15    0.00    0.00    0.00    0.00    0.00   11.34
15:07:58       7   46.46    0.00   38.38    5.05    0.00    1.01    0.00    0.00    0.00    9.09

15:07:58     CPU    %usr   %nice    %sys %iowait    %irq   %soft  %steal  %guest  %gnice   %idle
15:07:59     all   50.13    0.00   35.55    4.60    0.00    0.64    0.00    0.00    0.00    9.08
15:07:59       0   50.52    0.00   36.08    5.15    0.00    0.00    0.00    0.00    0.00    8.25
15:07:59       1   51.04    0.00   35.42    3.12    0.00    1.04    0.00    0.00    0.00    9.38
15:07:59       2   53.06    0.00   32.65    4.08    0.00    1.02    0.00    0.00    0.00    9.18
15:07:59       3   50.00    0.00   36.73    4.08    0.00    1.02    0.00    0.00    0.00    8.16
15:07:59       4   49.49    0.00   36.36    5.05    0.00    1.01    0.00    0.00    0.00    8.08
15:07:59       5   47.42    0.00   38.14    5.15    0.00    0.00    0.00    0.00    0.00    9.28
15:07:59       6   50.51    0.00   33.33    5.05    0.00    1.01    0.00    0.00    0.00   10.10
15:07:59       7   48.98    0.00   35.71    5.10    0.00    0.00    0.00    0.00    0.00   10.20

15:07:59     CPU    %usr   %nice    %sys %iowait    %irq   %soft  %steal  %guest  %gnice   %idle
15:08:00     all   50.19    0.00   34.01    4.71    0.00    0.76    0.00    0.00    0.00   10.32
15:08:00       0   51.02    0.00   32.65    4.08    0.00    1.02    0.00    0.00    0.00   11.22
15:08:00       1   50.51    0.00   33.33    5.05    0.00    1.01    0.00    0.00    0.00   10.10
15:08:00       2   49.49    0.00   34.34    5.05    0.00    1.01    0.00    0.00    0.00   10.10
15:08:00       3   52.58    0.00   31.96    6.19    0.00    0.00    0.00    0.00    0.00    9.28
15:08:00       4   52.04    0.00   32.65    4.08    0.00    1.02    0.00    0.00    0.00   10.20
15:08:00       5   47.96    0.00   35.71    4.08    0.00    1.02    0.00    0.00    0.00   11.22
15:08:00       6   48.45    0.00   36.08    5.15    0.00    0.00    0.00    0.00    0.00   10.31
15:08:00       7   49.49    0.00   35.35    4.04    0.00    1.01    0.00    0.00    0.00   10.10

15:08:00     CPU    %usr   %nice    %sys %iowait    %irq   %soft  %steal  %guest  %gnice   %idle
15:08:01     all   51.01    0.00   34.26    4.53    0.00    0.63    0.00    0.00    0.00    9.57
15:08:01       0   49.49    0.00   34.34    5.05    0.00    1.01    0.00    0.00    0.00   10.10
15:08:01       1   53.06    0.00   33.67    4.08    0.00    0.00    0.00    0.00    0.00    9.18
15:08:01       2   51.02    0.00   34.69    4.08    0.00    1.02    0.00    0.00    0.00    9.18
15:08:01       3   48.00    0.00   37.00    5.00    0.00    1.00    0.00    0.00    0.00    9.00
15:08:01       4   51.00    0.00   34.00    5.00    0.00    0.00    0.00    0.00    0.00   10.00
15:08:01       5   53.00    0.00   32.00    5.00    0.00    1.00    0.00    0.00    0.00    9.00
15:08:01       6   52.00    0.00   33.00    4.00    0.00    1.00    0.00    0.00    0.00   10.00
15:08:01       7   50.51    0.00   35.35    4.04    0.00    0.00    0.00    0.00    0.00   10.10

15:08:01     CPU    %usr   %nice    %sys %iowait    %irq   %soft  %steal  %guest  %gnice   %idle
15:08:02     all   50.32    0.00   35.36    4.44    0.00    0.63    0.00    0.00    0.00    9.25
15:08:02       0   46.46    0.00   39.39    4.04    0.00    0.00    0.00    0.00    0.00   10.10
15:08:02       1   50.51    0.00   36.36    4.04    0.00    0.00    0.00    0.00    0.00    9.09
15:08:02       2   48.98    0.00   36.73    4.08    0.00    1.02    0.00    0.00    0.00    9.18
15:08:02       3   52.53    0.00   34.34    4.04    0.00    0.00    0.00    0.00    0.00    9.09
15:08:02       4   51.02    0.00   33.67    5.10    0.00    1.02    0.00    0.00    0.00    9.18
15:08:02       5   50.51    0.00   34.34    4.04    0.00    1.01    0.00    0.00    0.00   10.10
15:08:02       6   50.00    0.00   35.71    5.10    0.00    1.02    0.00    0.00    0.00    8.16
15:08:02       7   52.53    0.00   32.32    5.05    0.00    1.01    0.00    0.00    0.00    9.09

15:08:02     CPU    %usr   %nice    %sys %iowait    %irq   %soft  %steal  %guest  %gnice   %idle
15:08:03     all   50.51    0.00   38.20    5.08    0.00    1.14    0.00    0.00    0.00    5.08
15:08:03       0   52.04    0.00   41.84    3.06    0.00    0.00    0.00    0.00    0.00    3.06
15:08:03       1   52.48    0.00   38.61    2.97    0.00    1.98    0.00    0.00    0.00    3.96
15:08:03       2   53.00    0.00   38.00    4.00    0.00    1.00    0.00    0.00    0.00    4.00
15:08:03       3   53.54    0.00   39.39    3.03    0.00    1.01    0.00    0.00    0.00    3.03
15:08:03       4   50.00    0.00   34.69    7.14    0.00    2.04    0.00    0.00    0.00    6.12
15:08:03       5   48.45    0.00   39.18    6.19    0.00    1.03    0.00    0.00    0.00    5.15
15:08:03       6   47.42    0.00   36.08    7.22    0.00    1.03    0.00    0.00    0.00    8.25
15:08:03       7   46.94    0.00   37.76    7.14    0.00    1.02    0.00    0.00    0.00    7.14

15:08:03     CPU    %usr   %nice    %sys %iowait    %irq   %soft  %steal  %guest  %gnice   %idle
15:08:04     all   53.03    0.00   36.11    6.19    0.00    1.14    0.00    0.00    0.00    3.54
15:08:04       0   50.00    0.00   33.67    9.18    0.00    1.02    0.00    0.00    0.00    6.12
15:08:04       1   54.55    0.00   33.33    7.07    0.00    1.01    0.00    0.00    0.00    4.04
15:08:04       2   50.00    0.00   35.71    9.18    0.00    1.02    0.00    0.00    0.00    4.08
15:08:04       3   48.98    0.00   35.71    8.16    0.00    3.06    0.00    0.00    0.00    4.08
15:08:04       4   62.63    0.00   32.32    4.04    0.00    0.00    0.00    0.00    0.00    1.01
15:08:04       5   54.00    0.00   37.00    4.00    0.00    1.00    0.00    0.00    0.00    4.00
15:08:04       6   52.48    0.00   38.61    4.95    0.00    0.99    0.00    0.00    0.00    2.97
15:08:04       7   51.52    0.00   42.42    3.03    0.00    1.01    0.00    0.00    0.00    2.02

15:08:04     CPU    %usr   %nice    %sys %iowait    %irq   %soft  %steal  %guest  %gnice   %idle
15:08:05     all   44.07    0.00   34.68   18.25    0.00    0.65    0.00    0.00    0.00    2.35
15:08:05       0   48.45    0.00   36.08   13.40    0.00    0.00    0.00    0.00    0.00    2.06
15:08:05       1   44.33    0.00   35.05   17.53    0.00    1.03    0.00    0.00    0.00    2.06
15:08:05       2   41.49    0.00   34.04   20.21    0.00    1.06    0.00    0.00    0.00    3.19
15:08:05       3   42.71    0.00   35.42   19.79    0.00    0.00    0.00    0.00    0.00    2.08
15:08:05       4   45.26    0.00   33.68   17.89    0.00    1.05    0.00    0.00    0.00    2.11
15:08:05       5   45.74    0.00   32.98   19.15    0.00    0.00    0.00    0.00    0.00    2.13
15:08:05       6   41.24    0.00   35.05   19.59    0.00    1.03    0.00    0.00    0.00    3.09
15:08:05       7   43.30    0.00   35.05   18.56    0.00    1.03    0.00    0.00    0.00    2.06

15:08:05     CPU    %usr   %nice    %sys %iowait    %irq   %soft  %steal  %guest  %gnice   %idle
15:08:06     all   34.67    0.00   27.30   33.51    0.00    0.91    0.00    0.00    0.00    3.62
15:08:06       0   35.79    0.00   29.47   31.58    0.00    1.05    0.00    0.00    0.00    2.11
15:08:06       1   37.11    0.00   27.84   31.96    0.00    0.00    0.00    0.00    0.00    3.09
15:08:06       2   36.73    0.00   27.55   30.61    0.00    2.04    0.00    0.00    0.00    3.06
15:08:06       3   35.05    0.00   29.90   32.99    0.00    1.03    0.00    0.00    0.00    1.03
15:08:06       4   35.05    0.00   23.71   35.05    0.00    1.03    0.00    0.00    0.00    5.15
15:08:06       5   31.25    0.00   27.08   35.42    0.00    1.04    0.00    0.00    0.00    5.21
15:08:06       6   32.63    0.00   26.32   35.79    0.00    0.00    0.00    0.00    0.00    5.26
15:08:06       7   33.67    0.00   26.53   34.69    0.00    1.02    0.00    0.00    0.00    4.08

15:08:06     CPU    %usr   %nice    %sys %iowait    %irq   %soft  %steal  %guest  %gnice   %idle
15:08:07     all   31.27    0.00   25.87   39.00    0.00    0.77    0.00    0.00    0.00    3.09
15:08:07       0   30.61    0.00   25.51   38.78    0.00    1.02    0.00    0.00    0.00    4.08
15:08:07       1   31.96    0.00   25.77   38.14    0.00    1.03    0.00    0.00    0.00    3.09
15:08:07       2   29.90    0.00   26.80   40.21    0.00    1.03    0.00    0.00    0.00    2.06
15:08:07       3   29.47    0.00   26.32   40.00    0.00    0.00    0.00    0.00    0.00    4.21
15:08:07       4   32.32    0.00   26.26   38.38    0.00    0.00    0.00    0.00    0.00    3.03
15:08:07       5   31.96    0.00   24.74   39.18    0.00    1.03    0.00    0.00    0.00    3.09
15:08:07       6   31.63    0.00   25.51   39.80    0.00    1.02    0.00    0.00    0.00    2.04
15:08:07       7   32.29    0.00   26.04   37.50    0.00    1.04    0.00    0.00    0.00    3.12

15:08:07     CPU    %usr   %nice    %sys %iowait    %irq   %soft  %steal  %guest  %gnice   %idle
15:08:08     all   30.73    0.00   24.48   40.89    0.00    0.39    0.00    0.00    0.00    3.52
15:08:08       0   31.18    0.00   23.66   40.86    0.00    0.00    0.00    0.00    0.00    4.30
15:08:08       1   28.87    0.00   24.74   42.27    0.00    1.03    0.00    0.00    0.00    3.09
15:08:08       2   30.21    0.00   23.96   40.62    0.00    0.00    0.00    0.00    0.00    5.21
15:08:08       3   30.61    0.00   24.49   41.84    0.00    1.02    0.00    0.00    0.00    2.04
15:08:08       4   32.29    0.00   23.96   40.62    0.00    1.04    0.00    0.00    0.00    2.08
15:08:08       5   30.21    0.00   25.00   42.71    0.00    0.00    0.00    0.00    0.00    2.08
15:08:08       6   31.96    0.00   23.71   38.14    0.00    0.00    0.00    0.00    0.00    6.19
15:08:08       7   30.53    0.00   26.32   40.00    0.00    0.00    0.00    0.00    0.00    3.16

15:08:08     CPU    %usr   %nice    %sys %iowait    %irq   %soft  %steal  %guest  %gnice   %idle
15:08:09     all   41.39    0.00   33.68   21.21    0.00    0.77    0.00    0.00    0.00    2.96
15:08:09       0   43.43    0.00   36.36   18.18    0.00    0.00    0.00    0.00    0.00    2.02
15:08:09       1   43.43    0.00   35.35   17.17    0.00    1.01    0.00    0.00    0.00    3.03
15:08:09       2   47.42    0.00   31.96   17.53    0.00    1.03    0.00    0.00    0.00    2.06
15:08:09       3   43.30    0.00   36.08   18.56    0.00    0.00    0.00    0.00    0.00    2.06
15:08:09       4   39.58    0.00   31.25   23.96    0.00    1.04    0.00    0.00    0.00    4.17
15:08:09       5   41.24    0.00   28.87   25.77    0.00    1.03    0.00    0.00    0.00    3.09
15:08:09       6   34.04    0.00   34.04   27.66    0.00    1.06    0.00    0.00    0.00    3.19
15:08:09       7   38.38    0.00   35.35   21.21    0.00    1.01    0.00    0.00    0.00    4.04

15:08:09     CPU    %usr   %nice    %sys %iowait    %irq   %soft  %steal  %guest  %gnice   %idle
15:08:10     all   43.70    0.00   33.55   20.05    0.00    0.51    0.00    0.00    0.00    2.19
15:08:10       0   40.21    0.00   32.99   22.68    0.00    1.03    0.00    0.00    0.00    3.09
15:08:10       1   42.71    0.00   31.25   22.92    0.00    0.00    0.00    0.00    0.00    3.12
15:08:10       2   41.24    0.00   34.02   21.65    0.00    1.03    0.00    0.00    0.00    2.06
15:08:10       3   39.58    0.00   35.42   20.83    0.00    1.04    0.00    0.00    0.00    3.12
15:08:10       4   49.48    0.00   34.02   15.46    0.00    0.00    0.00    0.00    0.00    1.03
15:08:10       5   46.00    0.00   34.00   18.00    0.00    0.00    0.00    0.00    0.00    2.00
15:08:10       6   43.88    0.00   32.65   20.41    0.00    1.02    0.00    0.00    0.00    2.04
15:08:10       7   46.39    0.00   34.02   18.56    0.00    0.00    0.00    0.00    0.00    1.03

15:08:10     CPU    %usr   %nice    %sys %iowait    %irq   %soft  %steal  %guest  %gnice   %idle
15:08:11     all   41.72    0.00   31.07   23.23    0.00    0.77    0.00    0.00    0.00    3.21
15:08:11       0   45.26    0.00   28.42   23.16    0.00    0.00    0.00    0.00    0.00    3.16
15:08:11       1   45.45    0.00   29.29   22.22    0.00    1.01    0.00    0.00    0.00    2.02
15:08:11       2   40.40    0.00   33.33   21.21    0.00    1.01    0.00    0.00    0.00    4.04
15:08:11       3   40.82    0.00   31.63   22.45    0.00    1.02    0.00    0.00    0.00    4.08
15:08:11       4   43.30    0.00   29.90   23.71    0.00    1.03    0.00    0.00    0.00    2.06
15:08:11       5   42.27    0.00   29.90   23.71    0.00    1.03    0.00    0.00    0.00    3.09
15:08:11       6   36.46    0.00   33.33   26.04    0.00    0.00    0.00    0.00    0.00    4.17
15:08:11       7   39.80    0.00   32.65   23.47    0.00    1.02    0.00    0.00    0.00    3.06

15:08:11     CPU    %usr   %nice    %sys %iowait    %irq   %soft  %steal  %guest  %gnice   %idle
15:08:12     all   42.97    0.00   32.81   21.22    0.00    0.52    0.00    0.00    0.00    2.47
15:08:12       0   42.11    0.00   32.63   21.05    0.00    1.05    0.00    0.00    0.00    3.16
15:08:12       1   42.55    0.00   30.85   23.40    0.00    0.00    0.00    0.00    0.00    3.19
15:08:12       2   42.11    0.00   32.63   22.11    0.00    0.00    0.00    0.00    0.00    3.16
15:08:12       3   43.30    0.00   30.93   21.65    0.00    1.03    0.00    0.00    0.00    3.09
15:08:12       4   44.33    0.00   32.99   20.62    0.00    0.00    0.00    0.00    0.00    2.06
15:08:12       5   42.42    0.00   34.34   20.20    0.00    1.01    0.00    0.00    0.00    2.02
15:08:12       6   42.27    0.00   35.05   20.62    0.00    1.03    0.00    0.00    0.00    1.03
15:08:12       7   44.68    0.00   32.98   20.21    0.00    0.00    0.00    0.00    0.00    2.13

15:08:12     CPU    %usr   %nice    %sys %iowait    %irq   %soft  %steal  %guest  %gnice   %idle
15:08:13     all   40.41    0.00   32.51   23.58    0.00    0.91    0.00    0.00    0.00    2.59
15:08:13       0   41.84    0.00   32.65   21.43    0.00    1.02    0.00    0.00    0.00    3.06
15:08:13       1   40.21    0.00   34.02   22.68    0.00    1.03    0.00    0.00    0.00    2.06
15:08:13       2   42.27    0.00   32.99   22.68    0.00    1.03    0.00    0.00    0.00    1.03
15:08:13       3   42.55    0.00   32.98   22.34    0.00    0.00    0.00    0.00    0.00    2.13
15:08:13       4   41.67    0.00   30.21   23.96    0.00    1.04    0.00    0.00    0.00    3.12
15:08:13       5   38.95    0.00   32.63   25.26    0.00    1.05    0.00    0.00    0.00    2.11
15:08:13       6   38.14    0.00   30.93   25.77    0.00    1.03    0.00    0.00    0.00    4.12
15:08:13       7   37.76    0.00   33.67   24.49    0.00    1.02    0.00    0.00    0.00    3.06

15:08:13     CPU    %usr   %nice    %sys %iowait    %irq   %soft  %steal  %guest  %gnice   %idle
15:08:14     all   39.10    0.00   31.61   25.81    0.00    0.52    0.00    0.00    0.00    2.97
15:08:14       0   36.73    0.00   32.65   27.55    0.00    0.00    0.00    0.00    0.00    3.06
15:08:14       1   38.95    0.00   29.47   28.42    0.00    0.00    0.00    0.00    0.00    3.16
15:08:14       2   37.37    0.00   30.30   27.27    0.00    1.01    0.00    0.00    0.00    4.04
15:08:14       3   37.50    0.00   32.29   26.04    0.00    0.00    0.00    0.00    0.00    4.17
15:08:14       4   40.00    0.00   32.63   25.26    0.00    0.00    0.00    0.00    0.00    2.11
15:08:14       5   42.27    0.00   29.90   23.71    0.00    1.03    0.00    0.00    0.00    3.09
15:08:14       6   39.80    0.00   32.65   24.49    0.00    1.02    0.00    0.00    0.00    2.04
15:08:14       7   40.21    0.00   32.99   23.71    0.00    1.03    0.00    0.00    0.00    2.06

15:08:14     CPU    %usr   %nice    %sys %iowait    %irq   %soft  %steal  %guest  %gnice   %idle
15:08:15     all   41.43    0.00   32.21   22.73    0.00    0.65    0.00    0.00    0.00    2.99
15:08:15       0   41.05    0.00   32.63   23.16    0.00    1.05    0.00    0.00    0.00    2.11
15:08:15       1   42.27    0.00   31.96   21.65    0.00    1.03    0.00    0.00    0.00    3.09
15:08:15       2   42.86    0.00   29.59   22.45    0.00    1.02    0.00    0.00    0.00    4.08
15:08:15       3   38.95    0.00   34.74   23.16    0.00    1.05    0.00    0.00    0.00    2.11
15:08:15       4   43.43    0.00   31.31   21.21    0.00    1.01    0.00    0.00    0.00    3.03
15:08:15       5   38.95    0.00   33.68   24.21    0.00    0.00    0.00    0.00    0.00    3.16
15:08:15       6   41.67    0.00   31.25   23.96    0.00    0.00    0.00    0.00    0.00    3.12
15:08:15       7   42.11    0.00   32.63   22.11    0.00    0.00    0.00    0.00    0.00    3.16

15:08:15     CPU    %usr   %nice    %sys %iowait    %irq   %soft  %steal  %guest  %gnice   %idle
15:08:16     all   34.64    0.00   27.97   26.54    0.00    0.52    0.00    0.00    0.00   10.33
15:08:16       0   32.99    0.00   29.90   30.93    0.00    1.03    0.00    0.00    0.00    5.15
15:08:16       1   33.33    0.00   29.17   35.42    0.00    0.00    0.00    0.00    0.00    2.08
15:08:16       2   37.11    0.00   25.77   22.68    0.00    0.00    0.00    0.00    0.00   14.43
15:08:16       3   34.04    0.00   27.66   25.53    0.00    0.00    0.00    0.00    0.00   12.77
15:08:16       4   32.98    0.00   29.79   25.53    0.00    0.00    0.00    0.00    0.00   11.70
15:08:16       5   35.48    0.00   26.88   22.58    0.00    1.08    0.00    0.00    0.00   13.98
15:08:16       6   35.05    0.00   26.80   24.74    0.00    1.03    0.00    0.00    0.00   12.37
15:08:16       7   36.08    0.00   27.84   24.74    0.00    1.03    0.00    0.00    0.00   10.31

15:08:16     CPU    %usr   %nice    %sys %iowait    %irq   %soft  %steal  %guest  %gnice   %idle
15:08:17     all    4.33    0.00    3.57   78.34    0.00    0.00    0.00    0.00    0.00   13.76
15:08:17       0    4.04    0.00    3.03   88.89    0.00    0.00    0.00    0.00    0.00    4.04
15:08:17       1    4.08    0.00    3.06   89.80    0.00    0.00    0.00    0.00    0.00    3.06
15:08:17       2    4.00    0.00    4.00   91.00    0.00    0.00    0.00    0.00    0.00    1.00
15:08:17       3    5.00    0.00    3.00   81.00    0.00    0.00    0.00    0.00    0.00   11.00
15:08:17       4    4.12    0.00    3.09   88.66    0.00    0.00    0.00    0.00    0.00    4.12
15:08:17       5    3.09    0.00    3.09    6.19    0.00    0.00    0.00    0.00    0.00   87.63
15:08:17       6    5.21    0.00    6.25   88.54    0.00    0.00    0.00    0.00    0.00    0.00
15:08:17       7    5.10    0.00    3.06   91.84    0.00    0.00    0.00    0.00    0.00    0.00

15:08:17     CPU    %usr   %nice    %sys %iowait    %irq   %soft  %steal  %guest  %gnice   %idle
15:08:18     all    2.64    0.00    2.27   76.70    0.00    0.13    0.00    0.00    0.00   18.26
15:08:18       0    1.00    0.00    3.00   96.00    0.00    0.00    0.00    0.00    0.00    0.00
15:08:18       1    1.00    0.00    1.00   98.00    0.00    0.00    0.00    0.00    0.00    0.00
15:08:18       2    1.01    0.00    0.00   97.98    0.00    1.01    0.00    0.00    0.00    0.00
15:08:18       3    1.01    0.00    2.02   26.26    0.00    0.00    0.00    0.00    0.00   70.71
15:08:18       4    0.00    0.00    2.00   98.00    0.00    0.00    0.00    0.00    0.00    0.00
15:08:18       5   14.29    0.00    4.08    6.12    0.00    0.00    0.00    0.00    0.00   75.51
15:08:18       6    1.00    0.00    2.00   97.00    0.00    0.00    0.00    0.00    0.00    0.00
15:08:18       7    2.04    0.00    4.08   92.86    0.00    0.00    0.00    0.00    0.00    1.02

15:08:18     CPU    %usr   %nice    %sys %iowait    %irq   %soft  %steal  %guest  %gnice   %idle
15:08:19     all   25.16    0.00   19.58   40.21    0.00    0.52    0.00    0.00    0.00   14.53
15:08:19       0   25.26    0.00   20.00   41.05    0.00    0.00    0.00    0.00    0.00   13.68
15:08:19       1   24.74    0.00   20.62   46.39    0.00    1.03    0.00    0.00    0.00    7.22
15:08:19       2   26.04    0.00   18.75   41.67    0.00    0.00    0.00    0.00    0.00   13.54
15:08:19       3   26.04    0.00   18.75   35.42    0.00    0.00    0.00    0.00    0.00   19.79
15:08:19       4   23.96    0.00   19.79   48.96    0.00    1.04    0.00    0.00    0.00    6.25
15:08:19       5   26.26    0.00   19.19   32.32    0.00    1.01    0.00    0.00    0.00   21.21
15:08:19       6   24.49    0.00   19.39   38.78    0.00    1.02    0.00    0.00    0.00   16.33
15:08:19       7   24.47    0.00   20.21   37.23    0.00    0.00    0.00    0.00    0.00   18.09

15:08:19     CPU    %usr   %nice    %sys %iowait    %irq   %soft  %steal  %guest  %gnice   %idle
15:08:20     all   30.00    0.00   24.42   41.17    0.00    0.52    0.00    0.00    0.00    3.90
15:08:20       0   29.90    0.00   23.71   40.21    0.00    1.03    0.00    0.00    0.00    5.15
15:08:20       1   29.59    0.00   26.53   38.78    0.00    0.00    0.00    0.00    0.00    5.10
15:08:20       2   29.47    0.00   24.21   43.16    0.00    1.05    0.00    0.00    0.00    2.11
15:08:20       3   32.63    0.00   22.11   41.05    0.00    0.00    0.00    0.00    0.00    4.21
15:08:20       4   28.42    0.00   25.26   41.05    0.00    1.05    0.00    0.00    0.00    4.21
15:08:20       5   29.90    0.00   25.77   41.24    0.00    0.00    0.00    0.00    0.00    3.09
15:08:20       6   29.47    0.00   23.16   42.11    0.00    1.05    0.00    0.00    0.00    4.21
15:08:20       7   30.61    0.00   24.49   41.84    0.00    0.00    0.00    0.00    0.00    3.06

15:08:20     CPU    %usr   %nice    %sys %iowait    %irq   %soft  %steal  %guest  %gnice   %idle
15:08:21     all   33.38    0.00   27.36   35.21    0.00    0.65    0.00    0.00    0.00    3.40
15:08:21       0   33.33    0.00   29.17   35.42    0.00    0.00    0.00    0.00    0.00    2.08
15:08:21       1   33.33    0.00   25.81   36.56    0.00    1.08    0.00    0.00    0.00    3.23
15:08:21       2   31.63    0.00   27.55   35.71    0.00    1.02    0.00    0.00    0.00    4.08
15:08:21       3   30.61    0.00   29.59   35.71    0.00    1.02    0.00    0.00    0.00    3.06
15:08:21       4   35.11    0.00   26.60   35.11    0.00    0.00    0.00    0.00    0.00    3.19
15:08:21       5   32.63    0.00   27.37   33.68    0.00    1.05    0.00    0.00    0.00    5.26
15:08:21       6   35.11    0.00   26.60   36.17    0.00    0.00    0.00    0.00    0.00    2.13
15:08:21       7   35.42    0.00   26.04   33.33    0.00    1.04    0.00    0.00    0.00    4.17

15:08:21     CPU    %usr   %nice    %sys %iowait    %irq   %soft  %steal  %guest  %gnice   %idle
15:08:22     all   35.64    0.00   27.02   33.55    0.00    0.52    0.00    0.00    0.00    3.26
15:08:22       0   33.67    0.00   29.59   31.63    0.00    1.02    0.00    0.00    0.00    4.08
15:08:22       1   35.79    0.00   27.37   33.68    0.00    1.05    0.00    0.00    0.00    2.11
15:08:22       2   35.11    0.00   27.66   35.11    0.00    0.00    0.00    0.00    0.00    2.13
15:08:22       3   35.42    0.00   28.12   32.29    0.00    0.00    0.00    0.00    0.00    4.17
15:08:22       4   36.08    0.00   26.80   34.02    0.00    1.03    0.00    0.00    0.00    2.06
15:08:22       5   37.89    0.00   24.21   32.63    0.00    0.00    0.00    0.00    0.00    5.26
15:08:22       6   35.42    0.00   25.00   35.42    0.00    1.04    0.00    0.00    0.00    3.12
15:08:22       7   35.79    0.00   27.37   33.68    0.00    0.00    0.00    0.00    0.00    3.16

15:08:22     CPU    %usr   %nice    %sys %iowait    %irq   %soft  %steal  %guest  %gnice   %idle
15:08:23     all   26.29    0.00   20.72   47.94    0.00    0.40    0.00    0.00    0.00    4.65
15:08:23       0   27.66    0.00   20.21   47.87    0.00    0.00    0.00    0.00    0.00    4.26
15:08:23       1   27.66    0.00   19.15   47.87    0.00    0.00    0.00    0.00    0.00    5.32
15:08:23       2   26.32    0.00   21.05   48.42    0.00    1.05    0.00    0.00    0.00    3.16
15:08:23       3   26.04    0.00   20.83   46.88    0.00    1.04    0.00    0.00    0.00    5.21
15:08:23       4   24.73    0.00   21.51   47.31    0.00    0.00    0.00    0.00    0.00    6.45
15:08:23       5   26.04    0.00   20.83   47.92    0.00    1.04    0.00    0.00    0.00    4.17
15:08:23       6   26.88    0.00   19.35   48.39    0.00    0.00    0.00    0.00    0.00    5.38
15:08:23       7   25.00    0.00   22.83   48.91    0.00    0.00    0.00    0.00    0.00    3.26

15:08:23     CPU    %usr   %nice    %sys %iowait    %irq   %soft  %steal  %guest  %gnice   %idle
15:08:24     all   39.37    0.00   30.78   26.16    0.00    0.66    0.00    0.00    0.00    3.04
15:08:24       0   37.89    0.00   31.58   26.32    0.00    1.05    0.00    0.00    0.00    3.16
15:08:24       1   38.30    0.00   30.85   26.60    0.00    0.00    0.00    0.00    0.00    4.26
15:08:24       2   38.95    0.00   29.47   27.37    0.00    1.05    0.00    0.00    0.00    3.16
15:08:24       3   38.95    0.00   31.58   26.32    0.00    0.00    0.00    0.00    0.00    3.16
15:08:24       4   42.55    0.00   29.79   25.53    0.00    0.00    0.00    0.00    0.00    2.13
15:08:24       5   39.58    0.00   31.25   25.00    0.00    1.04    0.00    0.00    0.00    3.12
15:08:24       6   37.89    0.00   31.58   26.32    0.00    1.05    0.00    0.00    0.00    3.16
15:08:24       7   40.86    0.00   30.11   25.81    0.00    1.08    0.00    0.00    0.00    2.15

15:08:24     CPU    %usr   %nice    %sys %iowait    %irq   %soft  %steal  %guest  %gnice   %idle
15:08:25     all   40.61    0.00   31.56   23.97    0.00    0.80    0.00    0.00    0.00    3.06
15:08:25       0   40.86    0.00   34.41   21.51    0.00    0.00    0.00    0.00    0.00    3.23
15:08:25       1   40.86    0.00   33.33   23.66    0.00    1.08    0.00    0.00    0.00    1.08
15:08:25       2   42.11    0.00   30.53   23.16    0.00    1.05    0.00    0.00    0.00    3.16
15:08:25       3   43.16    0.00   31.58   22.11    0.00    1.05    0.00    0.00    0.00    2.11
15:08:25       4   41.05    0.00   29.47   24.21    0.00    1.05    0.00    0.00    0.00    4.21
15:08:25       5   39.78    0.00   30.11   25.81    0.00    1.08    0.00    0.00    0.00    3.23
15:08:25       6   37.63    0.00   30.11   27.96    0.00    1.08    0.00    0.00    0.00    3.23
15:08:25       7   39.36    0.00   32.98   23.40    0.00    0.00    0.00    0.00    0.00    4.26

15:08:25     CPU    %usr   %nice    %sys %iowait    %irq   %soft  %steal  %guest  %gnice   %idle
15:08:26     all   31.86    0.00   27.18   30.79    0.00    0.27    0.00    0.00    0.00    9.91
15:08:26       0   32.98    0.00   26.60   38.30    0.00    0.00    0.00    0.00    0.00    2.13
15:08:26       1   33.68    0.00   26.32   28.42    0.00    0.00    0.00    0.00    0.00   11.58
15:08:26       2   31.18    0.00   27.96   29.03    0.00    1.08    0.00    0.00    0.00   10.75
15:08:26       3   35.87    0.00   26.09   26.09    0.00    0.00    0.00    0.00    0.00   11.96
15:08:26       4   31.91    0.00   27.66   27.66    0.00    0.00    0.00    0.00    0.00   12.77
15:08:26       5   30.43    0.00   27.17   30.43    0.00    0.00    0.00    0.00    0.00   11.96
15:08:26       6   30.11    0.00   26.88   38.71    0.00    0.00    0.00    0.00    0.00    4.30
15:08:26       7   28.72    0.00   28.72   27.66    0.00    1.06    0.00    0.00    0.00   13.83

15:08:26     CPU    %usr   %nice    %sys %iowait    %irq   %soft  %steal  %guest  %gnice   %idle
15:08:27     all   19.29    0.00   16.54   34.38    0.00    0.52    0.00    0.00    0.00   29.27
15:08:27       0   19.79    0.00   16.67   62.50    0.00    1.04    0.00    0.00    0.00    0.00
15:08:27       1   23.96    0.00   15.62   35.42    0.00    0.00    0.00    0.00    0.00   25.00
15:08:27       2   17.02    0.00   19.15   32.98    0.00    0.00    0.00    0.00    0.00   30.85
15:08:27       3   18.95    0.00   15.79   20.00    0.00    1.05    0.00    0.00    0.00   44.21
15:08:27       4   18.95    0.00   16.84   35.79    0.00    1.05    0.00    0.00    0.00   27.37
15:08:27       5   19.59    0.00   15.46   35.05    0.00    0.00    0.00    0.00    0.00   29.90
15:08:27       6   18.09    0.00   15.96   34.04    0.00    1.06    0.00    0.00    0.00   30.85
15:08:27       7   17.89    0.00   16.84   18.95    0.00    0.00    0.00    0.00    0.00   46.32

15:08:27     CPU    %usr   %nice    %sys %iowait    %irq   %soft  %steal  %guest  %gnice   %idle
15:08:28     all   18.95    0.00   16.05   36.58    0.00    0.66    0.00    0.00    0.00   27.76
15:08:28       0   18.95    0.00   17.89   28.42    0.00    0.00    0.00    0.00    0.00   34.74
15:08:28       1   16.67    0.00   17.71   46.88    0.00    1.04    0.00    0.00    0.00   17.71
15:08:28       2   20.00    0.00   13.68   37.89    0.00    1.05    0.00    0.00    0.00   27.37
15:08:28       3   20.62    0.00   15.46   35.05    0.00    1.03    0.00    0.00    0.00   27.84
15:08:28       4   18.28    0.00   16.13   27.96    0.00    0.00    0.00    0.00    0.00   37.63
15:08:28       5   18.48    0.00   15.22   26.09    0.00    1.09    0.00    0.00    0.00   39.13
15:08:28       6   20.41    0.00   16.33   58.16    0.00    0.00    0.00    0.00    0.00    5.10
15:08:28       7   18.09    0.00   15.96   30.85    0.00    1.06    0.00    0.00    0.00   34.04

15:08:28     CPU    %usr   %nice    %sys %iowait    %irq   %soft  %steal  %guest  %gnice   %idle
15:08:29     all   27.04    0.00   21.24   32.19    0.00    0.40    0.00    0.00    0.00   19.13
15:08:29       0   29.47    0.00   18.95   27.37    0.00    1.05    0.00    0.00    0.00   23.16
15:08:29       1   25.53    0.00   23.40   24.47    0.00    0.00    0.00    0.00    0.00   26.60
15:08:29       2   28.42    0.00   21.05   33.68    0.00    0.00    0.00    0.00    0.00   16.84
15:08:29       3   28.72    0.00   21.28   32.98    0.00    0.00    0.00    0.00    0.00   17.02
15:08:29       4   26.32    0.00   21.05   40.00    0.00    1.05    0.00    0.00    0.00   11.58
15:08:29       5   26.04    0.00   20.83   40.62    0.00    1.04    0.00    0.00    0.00   11.46
15:08:29       6   25.26    0.00   21.05   32.63    0.00    0.00    0.00    0.00    0.00   21.05
15:08:29       7   26.60    0.00   22.34   25.53    0.00    0.00    0.00    0.00    0.00   25.53

15:08:29     CPU    %usr   %nice    %sys %iowait    %irq   %soft  %steal  %guest  %gnice   %idle
15:08:30     all   34.18    0.00   26.84   31.38    0.00    0.93    0.00    0.00    0.00    6.68
15:08:30       0   35.11    0.00   26.60   28.72    0.00    1.06    0.00    0.00    0.00    8.51
15:08:30       1   33.68    0.00   28.42   32.63    0.00    1.05    0.00    0.00    0.00    4.21
15:08:30       2   36.17    0.00   26.60   28.72    0.00    1.06    0.00    0.00    0.00    7.45
15:08:30       3   32.26    0.00   29.03   30.11    0.00    1.08    0.00    0.00    0.00    7.53
15:08:30       4   33.70    0.00   26.09   30.43    0.00    1.09    0.00    0.00    0.00    8.70
15:08:30       5   35.11    0.00   26.60   35.11    0.00    0.00    0.00    0.00    0.00    3.19
15:08:30       6   34.41    0.00   24.73   34.41    0.00    1.08    0.00    0.00    0.00    5.38
15:08:30       7   32.98    0.00   26.60   30.85    0.00    1.06    0.00    0.00    0.00    8.51

15:08:30     CPU    %usr   %nice    %sys %iowait    %irq   %soft  %steal  %guest  %gnice   %idle
15:08:31     all   21.23    0.00   17.30   38.27    0.00    0.52    0.00    0.00    0.00   22.67
15:08:31       0   22.92    0.00   17.71   35.42    0.00    0.00    0.00    0.00    0.00   23.96
15:08:31       1   22.58    0.00   16.13   50.54    0.00    1.08    0.00    0.00    0.00    9.68
15:08:31       2   19.59    0.00   19.59   32.99    0.00    1.03    0.00    0.00    0.00   26.80
15:08:31       3   19.15    0.00   18.09   34.04    0.00    0.00    0.00    0.00    0.00   28.72
15:08:31       4   20.62    0.00   18.56   34.02    0.00    1.03    0.00    0.00    0.00   25.77
15:08:31       5   22.11    0.00   15.79   34.74    0.00    1.05    0.00    0.00    0.00   26.32
15:08:31       6   20.83    0.00   16.67   50.00    0.00    0.00    0.00    0.00    0.00   12.50
15:08:31       7   22.11    0.00   15.79   34.74    0.00    0.00    0.00    0.00    0.00   27.37

15:08:31     CPU    %usr   %nice    %sys %iowait    %irq   %soft  %steal  %guest  %gnice   %idle
15:08:32     all   29.11    0.00   22.72   43.21    0.00    0.26    0.00    0.00    0.00    4.70
15:08:32       0   29.59    0.00   22.45   41.84    0.00    0.00    0.00    0.00    0.00    6.12
15:08:32       1   31.96    0.00   21.65   41.24    0.00    0.00    0.00    0.00    0.00    5.15
15:08:32       2   28.12    0.00   22.92   44.79    0.00    0.00    0.00    0.00    0.00    4.17
15:08:32       3   29.90    0.00   20.62   44.33    0.00    1.03    0.00    0.00    0.00    4.12
15:08:32       4   30.21    0.00   25.00   39.58    0.00    0.00    0.00    0.00    0.00    5.21
15:08:32       5   26.88    0.00   23.66   45.16    0.00    0.00    0.00    0.00    0.00    4.30
15:08:32       6   27.66    0.00   22.34   44.68    0.00    0.00    0.00    0.00    0.00    5.32
15:08:32       7   28.42    0.00   23.16   44.21    0.00    1.05    0.00    0.00    0.00    3.16

15:08:32     CPU    %usr   %nice    %sys %iowait    %irq   %soft  %steal  %guest  %gnice   %idle
15:08:33     all   27.55    0.00   23.42   41.79    0.00    0.52    0.00    0.00    0.00    6.73
15:08:33       0   27.08    0.00   22.92   42.71    0.00    1.04    0.00    0.00    0.00    6.25
15:08:33       1   27.08    0.00   25.00   42.71    0.00    0.00    0.00    0.00    0.00    5.21
15:08:33       2   28.57    0.00   22.45   40.82    0.00    1.02    0.00    0.00    0.00    7.14
15:08:33       3   27.08    0.00   25.00   39.58    0.00    0.00    0.00    0.00    0.00    8.33
15:08:33       4   26.04    0.00   25.00   41.67    0.00    0.00    0.00    0.00    0.00    7.29
15:08:33       5   29.17    0.00   21.88   39.58    0.00    1.04    0.00    0.00    0.00    8.33
15:08:33       6   27.55    0.00   22.45   43.88    0.00    1.02    0.00    0.00    0.00    5.10
15:08:33       7   27.84    0.00   22.68   43.30    0.00    0.00    0.00    0.00    0.00    6.19

15:08:33     CPU    %usr   %nice    %sys %iowait    %irq   %soft  %steal  %guest  %gnice   %idle
15:08:34     all   22.08    0.00   18.74   45.70    0.00    0.64    0.00    0.00    0.00   12.84
15:08:34       0   20.62    0.00   20.62   41.24    0.00    0.00    0.00    0.00    0.00   17.53
15:08:34       1   23.23    0.00   18.18   42.42    0.00    1.01    0.00    0.00    0.00   15.15
15:08:34       2   22.68    0.00   18.56   44.33    0.00    1.03    0.00    0.00    0.00   13.40
15:08:34       3   20.21    0.00   19.15   43.62    0.00    0.00    0.00    0.00    0.00   17.02
15:08:34       4   21.65    0.00   18.56   53.61    0.00    1.03    0.00    0.00    0.00    5.15
15:08:34       5   23.00    0.00   18.00   49.00    0.00    1.00    0.00    0.00    0.00    9.00
15:08:34       6   22.45    0.00   17.35   45.92    0.00    1.02    0.00    0.00    0.00   13.27
15:08:34       7   22.68    0.00   19.59   45.36    0.00    0.00    0.00    0.00    0.00   12.37

15:08:34     CPU    %usr   %nice    %sys %iowait    %irq   %soft  %steal  %guest  %gnice   %idle
15:08:35     all   23.16    0.00   18.63   47.74    0.00    0.39    0.00    0.00    0.00   10.09
15:08:35       0   25.26    0.00   15.79   54.74    0.00    1.05    0.00    0.00    0.00    3.16
15:08:35       1   23.16    0.00   18.95   48.42    0.00    0.00    0.00    0.00    0.00    9.47
15:08:35       2   23.96    0.00   17.71   46.88    0.00    0.00    0.00    0.00    0.00   11.46
15:08:35       3   23.47    0.00   17.35   50.00    0.00    1.02    0.00    0.00    0.00    8.16
15:08:35       4   21.88    0.00   19.79   45.83    0.00    0.00    0.00    0.00    0.00   12.50
15:08:35       5   21.88    0.00   19.79   43.75    0.00    0.00    0.00    0.00    0.00   14.58
15:08:35       6   23.71    0.00   18.56   45.36    0.00    0.00    0.00    0.00    0.00   12.37
15:08:35       7   22.00    0.00   21.00   47.00    0.00    1.00    0.00    0.00    0.00    9.00

15:08:35     CPU    %usr   %nice    %sys %iowait    %irq   %soft  %steal  %guest  %gnice   %idle
15:08:36     all   28.28    0.00   23.26   43.06    0.00    0.26    0.00    0.00    0.00    5.14
15:08:36       0   26.04    0.00   23.96   43.75    0.00    0.00    0.00    0.00    0.00    6.25
15:08:36       1   28.12    0.00   22.92   42.71    0.00    0.00    0.00    0.00    0.00    6.25
15:08:36       2   27.55    0.00   23.47   41.84    0.00    1.02    0.00    0.00    0.00    6.12
15:08:36       3   28.87    0.00   22.68   44.33    0.00    0.00    0.00    0.00    0.00    4.12
15:08:36       4   28.57    0.00   22.45   43.88    0.00    1.02    0.00    0.00    0.00    4.08
15:08:36       5   27.84    0.00   23.71   45.36    0.00    0.00    0.00    0.00    0.00    3.09
15:08:36       6   28.57    0.00   23.47   41.84    0.00    0.00    0.00    0.00    0.00    6.12
15:08:36       7   30.61    0.00   23.47   40.82    0.00    0.00    0.00    0.00    0.00    5.10

15:08:36     CPU    %usr   %nice    %sys %iowait    %irq   %soft  %steal  %guest  %gnice   %idle
15:08:37     all   25.10    0.00   20.87   46.22    0.00    0.64    0.00    0.00    0.00    7.17
15:08:37       0   25.25    0.00   21.21   47.47    0.00    0.00    0.00    0.00    0.00    6.06
15:08:37       1   23.71    0.00   21.65   46.39    0.00    1.03    0.00    0.00    0.00    7.22
15:08:37       2   23.47    0.00   22.45   44.90    0.00    1.02    0.00    0.00    0.00    8.16
15:08:37       3   26.04    0.00   19.79   47.92    0.00    0.00    0.00    0.00    0.00    6.25
15:08:37       4   25.26    0.00   20.00   47.37    0.00    0.00    0.00    0.00    0.00    7.37
15:08:37       5   25.25    0.00   21.21   43.43    0.00    1.01    0.00    0.00    0.00    9.09
15:08:37       6   26.53    0.00   19.39   43.88    0.00    1.02    0.00    0.00    0.00    9.18
15:08:37       7   25.25    0.00   21.21   48.48    0.00    1.01    0.00    0.00    0.00    4.04

15:08:37     CPU    %usr   %nice    %sys %iowait    %irq   %soft  %steal  %guest  %gnice   %idle
15:08:38     all   26.16    0.00   21.26   43.43    0.00    0.26    0.00    0.00    0.00    8.89
15:08:38       0   25.51    0.00   20.41   42.86    0.00    1.02    0.00    0.00    0.00   10.20
15:08:38       1   26.80    0.00   20.62   39.18    0.00    1.03    0.00    0.00    0.00   12.37
15:08:38       2   27.27    0.00   22.22   40.40    0.00    0.00    0.00    0.00    0.00   10.10
15:08:38       3   26.80    0.00   20.62   42.27    0.00    0.00    0.00    0.00    0.00   10.31
15:08:38       4   22.92    0.00   23.96   46.88    0.00    0.00    0.00    0.00    0.00    6.25
15:08:38       5   27.37    0.00   20.00   47.37    0.00    0.00    0.00    0.00    0.00    5.26
15:08:38       6   26.26    0.00   22.22   44.44    0.00    0.00    0.00    0.00    0.00    7.07
15:08:38       7   26.32    0.00   20.00   44.21    0.00    0.00    0.00    0.00    0.00    9.47

15:08:38     CPU    %usr   %nice    %sys %iowait    %irq   %soft  %steal  %guest  %gnice   %idle
15:08:39     all   21.93    0.00   18.63   52.44    0.00    0.53    0.00    0.00    0.00    6.47
15:08:39       0   21.51    0.00   18.28   51.61    0.00    0.00    0.00    0.00    0.00    8.60
15:08:39       1   23.40    0.00   18.09   50.00    0.00    0.00    0.00    0.00    0.00    8.51
15:08:39       2   22.68    0.00   19.59   51.55    0.00    1.03    0.00    0.00    0.00    5.15
15:08:39       3   23.47    0.00   18.37   47.96    0.00    1.02    0.00    0.00    0.00    9.18
15:08:39       4   20.21    0.00   19.15   51.06    0.00    1.06    0.00    0.00    0.00    8.51
15:08:39       5   21.05    0.00   18.95   54.74    0.00    0.00    0.00    0.00    0.00    5.26
15:08:39       6   21.51    0.00   17.20   54.84    0.00    1.08    0.00    0.00    0.00    5.38
15:08:39       7   21.51    0.00   19.35   58.06    0.00    0.00    0.00    0.00    0.00    1.08

15:08:39     CPU    %usr   %nice    %sys %iowait    %irq   %soft  %steal  %guest  %gnice   %idle
15:08:40     all   28.63    0.00   24.31   42.35    0.00    0.39    0.00    0.00    0.00    4.31
15:08:40       0   26.80    0.00   24.74   43.30    0.00    1.03    0.00    0.00    0.00    4.12
15:08:40       1   29.17    0.00   23.96   43.75    0.00    0.00    0.00    0.00    0.00    3.12
15:08:40       2   27.66    0.00   24.47   42.55    0.00    1.06    0.00    0.00    0.00    4.26
15:08:40       3   28.72    0.00   25.53   41.49    0.00    0.00    0.00    0.00    0.00    4.26
15:08:40       4   28.87    0.00   24.74   41.24    0.00    0.00    0.00    0.00    0.00    5.15
15:08:40       5   29.47    0.00   23.16   42.11    0.00    1.05    0.00    0.00    0.00    4.21
15:08:40       6   27.55    0.00   25.51   40.82    0.00    0.00    0.00    0.00    0.00    6.12
15:08:40       7   30.85    0.00   22.34   43.62    0.00    0.00    0.00    0.00    0.00    3.19

15:08:40     CPU    %usr   %nice    %sys %iowait    %irq   %soft  %steal  %guest  %gnice   %idle
15:08:41     all   27.94    0.00   21.60   39.33    0.00    0.26    0.00    0.00    0.00   10.87
15:08:41       0   26.04    0.00   22.92   38.54    0.00    0.00    0.00    0.00    0.00   12.50
15:08:41       1   26.04    0.00   21.88   35.42    0.00    0.00    0.00    0.00    0.00   16.67
15:08:41       2   26.53    0.00   22.45   44.90    0.00    0.00    0.00    0.00    0.00    6.12
15:08:41       3   38.14    0.00   20.62   34.02    0.00    0.00    0.00    0.00    0.00    7.22
15:08:41       4   26.80    0.00   21.65   38.14    0.00    1.03    0.00    0.00    0.00   12.37
15:08:41       5   26.80    0.00   20.62   42.27    0.00    0.00    0.00    0.00    0.00   10.31
15:08:41       6   26.32    0.00   21.05   42.11    0.00    0.00    0.00    0.00    0.00   10.53
15:08:41       7   26.80    0.00   21.65   39.18    0.00    1.03    0.00    0.00    0.00   11.34

15:08:41     CPU    %usr   %nice    %sys %iowait    %irq   %soft  %steal  %guest  %gnice   %idle
15:08:42     all   27.31    0.00   25.86   34.43    0.00    0.66    0.00    0.00    0.00   11.74
15:08:42       0   25.00    0.00   30.21   33.33    0.00    1.04    0.00    0.00    0.00   10.42
15:08:42       1   27.37    0.00   26.32   30.53    0.00    1.05    0.00    0.00    0.00   14.74
15:08:42       2   28.72    0.00   25.53   38.30    0.00    0.00    0.00    0.00    0.00    7.45
15:08:42       3   24.47    0.00   30.85   35.11    0.00    1.06    0.00    0.00    0.00    8.51
15:08:42       4   31.91    0.00   24.47   37.23    0.00    0.00    0.00    0.00    0.00    6.38
15:08:42       5   27.66    0.00   22.34   31.91    0.00    1.06    0.00    0.00    0.00   17.02
15:08:42       6   25.53    0.00   22.34   32.98    0.00    1.06    0.00    0.00    0.00   18.09
15:08:42       7   27.84    0.00   24.74   36.08    0.00    0.00    0.00    0.00    0.00   11.34

15:08:42     CPU    %usr   %nice    %sys %iowait    %irq   %soft  %steal  %guest  %gnice   %idle
15:08:43     all    0.88    0.00   24.94   26.94    0.00    0.50    0.00    0.00    0.00   46.74
15:08:43       0    1.98    0.00   25.74    6.93    0.00    0.00    0.00    0.00    0.00   65.35
15:08:43       1    1.01    0.00   22.22    3.03    0.00    0.00    0.00    0.00    0.00   73.74
15:08:43       2    1.00    0.00   26.00   47.00    0.00    1.00    0.00    0.00    0.00   25.00
15:08:43       3    0.00    0.00   23.23    3.03    0.00    1.01    0.00    0.00    0.00   72.73
15:08:43       4    1.00    0.00   26.00   44.00    0.00    1.00    0.00    0.00    0.00   28.00
15:08:43       5    1.01    0.00   26.26   46.46    0.00    0.00    0.00    0.00    0.00   26.26
15:08:43       6    1.00    0.00   25.00   64.00    0.00    0.00    0.00    0.00    0.00   10.00
15:08:43       7    0.00    0.00   25.00    1.00    0.00    1.00    0.00    0.00    0.00   73.00

15:08:43     CPU    %usr   %nice    %sys %iowait    %irq   %soft  %steal  %guest  %gnice   %idle
15:08:44     all    0.00    0.00    1.13   16.52    0.00    0.00    0.00    0.00    0.00   82.35
15:08:44       0    0.00    0.00    0.00    0.00    0.00    0.00    0.00    0.00    0.00  100.00
15:08:44       1    0.00    0.00    0.99    3.96    0.00    0.00    0.00    0.00    0.00   95.05
15:08:44       2    0.00    0.00    0.99    0.00    0.00    0.00    0.00    0.00    0.00   99.01
15:08:44       3    0.00    0.00    1.00    0.00    0.00    0.00    0.00    0.00    0.00   99.00
15:08:44       4    0.00    0.00    3.09   79.38    0.00    0.00    0.00    0.00    0.00   17.53
15:08:44       5    0.00    0.00    2.04   50.00    0.00    0.00    0.00    0.00    0.00   47.96
15:08:44       6    0.00    0.00    1.01    1.01    0.00    0.00    0.00    0.00    0.00   97.98
15:08:44       7    0.00    0.00    0.00    0.00    0.00    0.00    0.00    0.00    0.00  100.00

```

---

## Command 11: pg_wait_events

### Command
```bash
watch -n 1 -t sudo -u postgres psql -t -c "SELECT coalesce(wait_event_type,'CPU'), coalesce(wait_event,'Running'), count(*) FROM pg_stat_activity WHERE state='active' AND pid<>pg_backend_pid() GROUP BY 1,2 ORDER BY 3 DESC LIMIT 10"
```

### Output
```
Error opening terminal: unknown.

```

---

## Command 12: pg_checkpoint_log

### Command
```bash
timeout 70s tail -f /var/log/postgresql/postgresql-16-main.log
```

### Output
```
2026-01-03 13:43:20.246 GMT [30841] LOG:  database system was shut down at 2026-01-03 13:43:20 GMT
2026-01-03 13:43:20.250 GMT [30838] LOG:  database system is ready to accept connections
2026-01-03 13:44:13.655 GMT [30838] LOG:  received smart shutdown request
2026-01-03 13:44:13.657 GMT [30838] LOG:  background worker "logical replication launcher" (PID 30844) exited with exit code 1
2026-01-03 13:44:13.658 GMT [30839] LOG:  shutting down
2026-01-03 13:44:13.659 GMT [30839] LOG:  checkpoint starting: shutdown immediate
2026-01-03 13:44:13.667 GMT [30839] LOG:  checkpoint complete: wrote 43 buffers (0.3%); 0 WAL file(s) added, 0 removed, 0 recycled; write=0.001 s, sync=0.003 s, total=0.010 s; sync files=12, longest=0.002 s, average=0.001 s; distance=238 kB, estimate=238 kB; lsn=0/4E5D85D8, redo lsn=0/4E5D85D8
2026-01-03 13:44:13.670 GMT [30838] LOG:  database system is shut down
2026-01-03 13:44:48.768 GMT [31202] LOG:  redirecting log output to logging collector process
2026-01-03 13:44:48.768 GMT [31202] HINT:  Future log output will appear in directory "log".

```

---

## Command 13: End:pg_stat_bgwriter

### Command
```bash
bash -c sudo -u postgres psql -c "SELECT buffers_checkpoint, buffers_clean, buffers_backend, buffers_alloc FROM pg_stat_bgwriter"
```

### Output
```
usage: sudo -h | -K | -k | -V
usage: sudo -v [-ABkNnS] [-g group] [-h host] [-p prompt] [-u user]
usage: sudo -l [-ABkNnS] [-g group] [-h host] [-p prompt] [-U user]
            [-u user] [command [arg ...]]
usage: sudo [-ABbEHkNnPS] [-r role] [-t type] [-C num] [-D directory]
            [-g group] [-h host] [-p prompt] [-R directory] [-T timeout]
            [-u user] [VAR=value] [-i | -s] [command [arg ...]]
usage: sudo -e [-ABkNnS] [-r role] [-t type] [-C num] [-D directory]
            [-g group] [-h host] [-p prompt] [-R directory] [-T timeout]
            [-u user] file ...

```

---
